---> pavelib.tests.test_system
---> pavelib.prereqs.install_prereqs
---> pavelib.prereqs.install_ruby_prereqs
Ruby prereqs unchanged, skipping...
---> pavelib.prereqs.install_node_prereqs
Node prereqs unchanged, skipping...
---> pavelib.prereqs.install_python_prereqs
Python prereqs unchanged, skipping...
---> pavelib.utils.test.utils.clean_reports_dir
find /edx/app/edxapp/edx-platform/reports -type f -delete

Setting up for python tests
---> pavelib.utils.test.utils.clean_test_files
git clean -fqdx test_root/logs test_root/data test_root/staticfiles test_root/uploads
find . -type f -name "*.pyc" -delete
rm -rf test_root/log/auto_screenshots/*
rm -rf /tmp/mako_[cl]ms

Setting up for cms
python -m coverage run  --rcfile=cms/.coveragerc ./manage.py cms test --verbosity=1 cms/djangoapps/* common/djangoapps/* openedx/core/djangoapps/* cms/lib/* cms/tests/*   --traceback --settings=test [32;01m
========================================
 Running tests for cms 
========================================
[39;49;00m.............................................----............................
.............................................................................
.............................................................................
.............................................................................
.............................................................................
.............................................................................
.............................................................................
......................................................-....-........-........
..........................................-..................................
........-----------.--------------------------...............................
...........-------------------------.........................................
.........----------------------------.................-...-------------------
---.....-----------------..............--------------------------------------
----------------------------------------.------------------------------------
-----------------------------------------------------------------------------
-------------------------------------------------------------------...----.--
--.-.--........................----------------------------------------------
---............-..................................------------...-....--...--
-................--.............------------------------................-----
--------.....................-----------------------.........................
................--------------------...------....................-.----------
---------...----..-.--------.---.--------------------------------------------
------------------------...................................................--
....................--.......................................................
.............................................................................
....--.............................--...................---------------------
-------------------------------..-.......................---.----------------
-------------------------------------------.---------------------------------
-...........-----------------------------------------------..................
..........--------------------.....-..--------------------------------------.
......-............................--..............--........................
....................--..............................................-........
....................................-.--.....................................
....................................................................---......
.........--............---------------
-----------------------------------------------------------------------------
2656 tests run in 632.2 seconds. 
961 skipped (1695 tests passed)
nosetests cms/djangoapps/__init__.py cms/djangoapps/contentstore cms/djangoapps/course_creators cms/djangoapps/models cms/djangoapps/sneakpeek cms/djangoapps/xblock_config common/djangoapps/cache_toolbox common/djangoapps/cme_registration common/djangoapps/config_models common/djangoapps/contentserver common/djangoapps/cors_csrf common/djangoapps/course_about common/djangoapps/course_action_state common/djangoapps/course_modes common/djangoapps/dark_lang common/djangoapps/datadog common/djangoapps/django_comment_common common/djangoapps/django_future common/djangoapps/edxmako common/djangoapps/embargo common/djangoapps/enrollment common/djangoapps/external_auth common/djangoapps/fix_bad_data common/djangoapps/geoinfo common/djangoapps/heartbeat common/djangoapps/lang_pref common/djangoapps/microsite_configuration common/djangoapps/monitoring common/djangoapps/monkey_patch common/djangoapps/oauth_exchange common/djangoapps/performance common/djangoapps/pipeline_js common/djangoapps/pipeline_mako common/djangoapps/request_cache common/djangoapps/reverification common/djangoapps/service_status common/djangoapps/session_inactivity_timeout common/djangoapps/static_replace common/djangoapps/status common/djangoapps/student common/djangoapps/terrain common/djangoapps/third_party_auth common/djangoapps/track common/djangoapps/util common/djangoapps/xblock_django common/djangoapps/xmodule_django common/djangoapps/xmodule_modifiers.py openedx/core/djangoapps/__init__.py openedx/core/djangoapps/content openedx/core/djangoapps/course_groups openedx/core/djangoapps/profile_images openedx/core/djangoapps/user_api cms/lib/__init__.py cms/lib/django_require cms/lib/xblock cms/tests/__init__.py cms/tests/test_startup.py --id-file /edx/app/edxapp/edx-platform/.testids/cms/noseids --xunit-file /edx/app/edxapp/edx-platform/reports/cms/nosetests.xml --verbosity=1
Creating test database for alias 'default'...
Destroying test database for alias 'default'...

Cleaning up after cms
---> pavelib.utils.test.utils.clean_mongo
mongo localhost:27017 /edx/app/edxapp/edx-platform/scripts/delete-mongo-test-dbs.js
MongoDB shell version: 2.6.5
connecting to: localhost:27017/test
Dropping test db test_mongo_bec83

Setting up for lms
python -m coverage run  --rcfile=lms/.coveragerc ./manage.py lms test --verbosity=1 lms/djangoapps/* common/djangoapps/* openedx/core/djangoapps/* lms/lib/* lms/tests.py   --traceback --settings=test [32;01m
========================================
 Running tests for lms 
========================================
[39;49;00m.............................................................................
.............................................................................
.............................................................................
.............................................................................
.............................................................................
.............................................................................
.............................................................................
.............................................................................
.....................................................XX......................
.............................................................................
.............................................................................
.............................................................................
.............................................................................
..................................XX.........................................
.............................................................................
.............................................................................
............................................................................F
FFF..........................................................................
.............................................................................
.............................................................................
.........................................XX..................................
.............................................................................
............X.F..............................................................
.............................................................................
.............................................................................
.............................................................................
.............................................................................
.............................................................................
..................................................................F..........
...........................FF................................................
.............................................................................
.............................................................................
...FFFFFFFF..F.FFFFFFFFFFFFF..FFFFF.FFFFF....................................
.............................................................................
................................................-............................
.............................................................................
.............................................................................
.............................................................................
................................................................-....-....-.-
.............................................................................
.............................................................................
............FF.....................................................F.........
.............................................................................
.............................................................................
.............................................................................
......................................................................--.....
.............................................................................
.............................................................................
.............................................................................
............................-................................................
.............................................................................
.............................................................................
................-......-......-.........-....................................
.-............................--..............--.............................
.........................................-......X............................
.............................................................................
.............................................................................
......................................---....................................
........
-----------------------------------------------------------------------------
1) ERROR: test_module_not_populated_with_user_email (lms.djangoapps.courseware.tests.test_module_render.ModuleRenderTestCase)

   Traceback (most recent call last):
    lms/djangoapps/courseware/tests/test_module_render.py line 182 in test_module_not_populated_with_user_email
      self.location,
   AttributeError: 'ModuleRenderTestCase' object has no attribute 'location'
   -------------------- >> begin captured logging << --------------------
   root: DEBUG: Using MongoDB for static content serving at host=localhost port=27017 db=xcontent
   tracking: INFO: {"username": "", "event_source": "server", "name": "edx.user.settings.changed", "accept_language": "", "time": "2015-05-05T19:34:47.025483+00:00", "agent": "", "page": null, "host": "", "session": "", "referer": "", "context": {}, "ip": "", "event": {"user_id": 1, "truncated": [], "old": false, "setting": "is_staff", "table": "auth_user", "new": true}, "event_type": "edx.user.settings.changed"}
   util.models: ERROR: String decompression failed. There may be corrupted data in the database: Incorrect padding
   xmodule.modulestore.django: INFO: Sent course_published signal to <function listen_for_course_publish at 0x6e5b668> with kwargs {'course_key': SlashSeparatedCourseKey('edX', 'toy', '2012_Fall', None, None)}. Response was: None
   xmodule.modulestore.django: INFO: Sent course_published signal to <function listen_for_course_publish at 0x6e5b668> with kwargs {'course_key': SlashSeparatedCourseKey('edX', 'toy', '2012_Fall', None, None)}. Response was: None
   xmodule.modulestore.django: INFO: Sent course_published signal to <function listen_for_course_publish at 0x6e5b668> with kwargs {'course_key': SlashSeparatedCourseKey('edX', 'toy', '2012_Fall', None, None)}. Response was: None
   xmodule.modulestore.django: INFO: Sent course_published signal to <function listen_for_course_publish at 0x6e5b668> with kwargs {'course_key': SlashSeparatedCourseKey('edX', 'toy', '2012_Fall', None, None)}. Response was: None
   xmodule.modulestore.django: INFO: Sent course_published signal to <function listen_for_course_publish at 0x6e5b668> with kwargs {'course_key': SlashSeparatedCourseKey('edX', 'toy', '2012_Fall', None, None)}. Response was: None
   xmodule.modulestore.django: INFO: Sent course_published signal to <function listen_for_course_publish at 0x6e5b668> with kwargs {'course_key': SlashSeparatedCourseKey('edX', 'toy', '2012_Fall', None, None)}. Response was: None
   xmodule.modulestore.django: INFO: Sent course_published signal to <function listen_for_course_publish at 0x6e5b668> with kwargs {'course_key': SlashSeparatedCourseKey('edX', 'toy', '2012_Fall', None, None)}. Response was: None
   xmodule.modulestore.django: INFO: Sent course_published signal to <function listen_for_course_publish at 0x6e5b668> with kwargs {'course_key': SlashSeparatedCourseKey('edX', 'toy', '2012_Fall', None, None)}. Response was: None
   xmodule.modulestore.django: INFO: Sent course_published signal to <function listen_for_course_publish at 0x6e5b668> with kwargs {'course_key': SlashSeparatedCourseKey('edX', 'toy', '2012_Fall', None, None)}. Response was: None
   xmodule.modulestore.django: INFO: Sent course_published signal to <function listen_for_course_publish at 0x6e5b668> with kwargs {'course_key': SlashSeparatedCourseKey('edX', 'toy', '2012_Fall', None, None)}. Response was: None
   xmodule.modulestore.django: INFO: Sent course_published signal to <function listen_for_course_publish at 0x6e5b668> with kwargs {'course_key': SlashSeparatedCourseKey('edX', 'toy', '2012_Fall', None, None)}. Response was: None
   xmodule.modulestore.django: INFO: Sent course_published signal to <function listen_for_course_publish at 0x6e5b668> with kwargs {'course_key': SlashSeparatedCourseKey('edX', 'toy', '2012_Fall', None, None)}. Response was: None
   xmodule.modulestore.django: INFO: Sent course_published signal to <function listen_for_course_publish at 0x6e5b668> with kwargs {'course_key': SlashSeparatedCourseKey('edX', 'toy', '2012_Fall', None, None)}. Response was: None
   xmodule.modulestore.django: INFO: Sent course_published signal to <function listen_for_course_publish at 0x6e5b668> with kwargs {'course_key': SlashSeparatedCourseKey('edX', 'toy', '2012_Fall', None, None)}. Response was: None
   tracking: INFO: {"username": "", "event_source": "server", "name": "edx.user.settings.changed", "accept_language": "", "time": "2015-05-05T19:34:47.981557+00:00", "agent": "", "page": null, "host": "", "session": "", "referer": "", "context": {}, "ip": "", "event": {"user_id": 2, "truncated": [], "old": null, "setting": "password", "table": "auth_user", "new": null}, "event_type": "edx.user.settings.changed"}
   --------------------- >> end captured logging << ---------------------

-----------------------------------------------------------------------------
2) ERROR: test_module_populated_with_user_email (lms.djangoapps.courseware.tests.test_module_render.ModuleRenderTestCase)

   Traceback (most recent call last):
    /edx/app/edxapp/venvs/edxapp/local/lib/python2.7/site-packages/django/test/utils.py line 215 in inner
      return test_func(*args, **kwargs)
    lms/djangoapps/courseware/tests/test_module_render.py line 160 in test_module_populated_with_user_email
      self.location,
   AttributeError: 'ModuleRenderTestCase' object has no attribute 'location'
   -------------------- >> begin captured logging << --------------------
   root: DEBUG: Using MongoDB for static content serving at host=localhost port=27017 db=xcontent
   tracking: INFO: {"username": "", "event_source": "server", "name": "edx.user.settings.changed", "accept_language": "", "time": "2015-05-05T19:34:48.076285+00:00", "agent": "", "page": null, "host": "", "session": "", "referer": "", "context": {}, "ip": "", "event": {"user_id": 1, "truncated": [], "old": false, "setting": "is_staff", "table": "auth_user", "new": true}, "event_type": "edx.user.settings.changed"}
   util.models: ERROR: String decompression failed. There may be corrupted data in the database: Incorrect padding
   xmodule.modulestore.django: INFO: Sent course_published signal to <function listen_for_course_publish at 0x6e5b668> with kwargs {'course_key': SlashSeparatedCourseKey('edX', 'toy', '2012_Fall', None, None)}. Response was: None
   xmodule.modulestore.django: INFO: Sent course_published signal to <function listen_for_course_publish at 0x6e5b668> with kwargs {'course_key': SlashSeparatedCourseKey('edX', 'toy', '2012_Fall', None, None)}. Response was: None
   xmodule.modulestore.django: INFO: Sent course_published signal to <function listen_for_course_publish at 0x6e5b668> with kwargs {'course_key': SlashSeparatedCourseKey('edX', 'toy', '2012_Fall', None, None)}. Response was: None
   xmodule.modulestore.django: INFO: Sent course_published signal to <function listen_for_course_publish at 0x6e5b668> with kwargs {'course_key': SlashSeparatedCourseKey('edX', 'toy', '2012_Fall', None, None)}. Response was: None
   xmodule.modulestore.django: INFO: Sent course_published signal to <function listen_for_course_publish at 0x6e5b668> with kwargs {'course_key': SlashSeparatedCourseKey('edX', 'toy', '2012_Fall', None, None)}. Response was: None
   xmodule.modulestore.django: INFO: Sent course_published signal to <function listen_for_course_publish at 0x6e5b668> with kwargs {'course_key': SlashSeparatedCourseKey('edX', 'toy', '2012_Fall', None, None)}. Response was: None
   xmodule.modulestore.django: INFO: Sent course_published signal to <function listen_for_course_publish at 0x6e5b668> with kwargs {'course_key': SlashSeparatedCourseKey('edX', 'toy', '2012_Fall', None, None)}. Response was: None
   xmodule.modulestore.django: INFO: Sent course_published signal to <function listen_for_course_publish at 0x6e5b668> with kwargs {'course_key': SlashSeparatedCourseKey('edX', 'toy', '2012_Fall', None, None)}. Response was: None
   xmodule.modulestore.django: INFO: Sent course_published signal to <function listen_for_course_publish at 0x6e5b668> with kwargs {'course_key': SlashSeparatedCourseKey('edX', 'toy', '2012_Fall', None, None)}. Response was: None
   xmodule.modulestore.django: INFO: Sent course_published signal to <function listen_for_course_publish at 0x6e5b668> with kwargs {'course_key': SlashSeparatedCourseKey('edX', 'toy', '2012_Fall', None, None)}. Response was: None
   xmodule.modulestore.django: INFO: Sent course_published signal to <function listen_for_course_publish at 0x6e5b668> with kwargs {'course_key': SlashSeparatedCourseKey('edX', 'toy', '2012_Fall', None, None)}. Response was: None
   xmodule.modulestore.django: INFO: Sent course_published signal to <function listen_for_course_publish at 0x6e5b668> with kwargs {'course_key': SlashSeparatedCourseKey('edX', 'toy', '2012_Fall', None, None)}. Response was: None
   xmodule.modulestore.django: INFO: Sent course_published signal to <function listen_for_course_publish at 0x6e5b668> with kwargs {'course_key': SlashSeparatedCourseKey('edX', 'toy', '2012_Fall', None, None)}. Response was: None
   xmodule.modulestore.django: INFO: Sent course_published signal to <function listen_for_course_publish at 0x6e5b668> with kwargs {'course_key': SlashSeparatedCourseKey('edX', 'toy', '2012_Fall', None, None)}. Response was: None
   tracking: INFO: {"username": "", "event_source": "server", "name": "edx.user.settings.changed", "accept_language": "", "time": "2015-05-05T19:34:49.050993+00:00", "agent": "", "page": null, "host": "", "session": "", "referer": "", "context": {}, "ip": "", "event": {"user_id": 2, "truncated": [], "old": null, "setting": "password", "table": "auth_user", "new": null}, "event_type": "edx.user.settings.changed"}
   --------------------- >> end captured logging << ---------------------

-----------------------------------------------------------------------------
3) ERROR: test_nonregistered_progress_404 (lms.djangoapps.courseware.tests.test_views.TestNonRegisteredUser)

   Traceback (most recent call last):
    lms/djangoapps/courseware/tests/test_views.py line 681 in setUp
      self.user = NonRegisteredUserFactory()
   NameError: global name 'NonRegisteredUserFactory' is not defined

-----------------------------------------------------------------------------
4) ERROR: test_nonregistered_user_factory (lms.djangoapps.courseware.tests.test_views.TestNonRegisteredUser)

   Traceback (most recent call last):
    lms/djangoapps/courseware/tests/test_views.py line 681 in setUp
      self.user = NonRegisteredUserFactory()
   NameError: global name 'NonRegisteredUserFactory' is not defined

-----------------------------------------------------------------------------
5) FAIL: test_number_of_mongo_queries_1___mongo___1__21__15__40__27_ (lms.djangoapps.django_comment_client.forum.tests.SingleThreadQueryCountTestCase)

   Traceback (most recent call last):
    /edx/app/edxapp/venvs/edxapp/local/lib/python2.7/site-packages/ddt.py line 114 in wrapper
      return func(self, *args, **kwargs)
    /edx/app/edxapp/venvs/edxapp/local/lib/python2.7/site-packages/mock.py line 1201 in patched
      return func(*args, **keywargs)
    lms/djangoapps/django_comment_client/forum/tests.py line 384 in test_number_of_mongo_queries
      call_single_thread()
    /edx/app/edxapp/venvs/edxapp/local/lib/python2.7/site-packages/django/test/testcases.py line 277 in __exit__
      executed, self.num
   AssertionError: 41 queries executed, 40 expected
   -------------------- >> begin captured logging << --------------------
   root: DEBUG: Using MongoDB for static content serving at host=localhost port=27017 db=xcontent
   tracking: INFO: {"username": "", "event_source": "server", "name": "edx.user.settings.changed", "accept_language": "", "time": "2015-05-05T19:41:02.230094+00:00", "agent": "", "page": null, "host": "", "session": "", "referer": "", "context": {}, "ip": "", "event": {"user_id": 1, "truncated": [], "old": false, "setting": "is_staff", "table": "auth_user", "new": true}, "event_type": "edx.user.settings.changed"}
   util.models: ERROR: String decompression failed. There may be corrupted data in the database: Incorrect padding
   xmodule.modulestore.django: INFO: Sent course_published signal to <function listen_for_course_publish at 0x6e5b668> with kwargs {'course_key': SlashSeparatedCourseKey('org.4509', 'course_4509', 'Run_4509', None, None)}. Response was: None
   tracking: INFO: {"username": "", "event_source": "server", "name": "edx.user.settings.changed", "accept_language": "", "time": "2015-05-05T19:41:02.280591+00:00", "agent": "", "page": null, "host": "", "session": "", "referer": "", "context": {}, "ip": "", "event": {"user_id": 2, "truncated": [], "old": null, "setting": "password", "table": "auth_user", "new": null}, "event_type": "edx.user.settings.changed"}
   django.db.backends: DEBUG: (0.000) SELECT "auth_userprofile"."id", "auth_userprofile"."user_id", "auth_userprofile"."name", "auth_userprofile"."meta", "auth_userprofile"."courseware", "auth_userprofile"."language", "auth_userprofile"."location", "auth_userprofile"."year_of_birth", "auth_userprofile"."gender", "auth_userprofile"."level_of_education", "auth_userprofile"."mailing_address", "auth_userprofile"."city", "auth_userprofile"."country", "auth_userprofile"."goals", "auth_userprofile"."allow_certificate", "auth_userprofile"."bio", "auth_userprofile"."profile_image_uploaded_at", "auth_userprofile"."nonregistered" FROM "auth_userprofile" WHERE "auth_userprofile"."user_id" = 2 ; args=(2,)
   django.db.backends: DEBUG: (0.000) SELECT "student_courseenrollment"."id", "student_courseenrollment"."user_id", "student_courseenrollment"."course_id", "student_courseenrollment"."created", "student_courseenrollment"."is_active", "student_courseenrollment"."mode" FROM "student_courseenrollment" WHERE ("student_courseenrollment"."course_id" = org.4509/course_4509/Run_4509  AND "student_courseenrollment"."user_id" = 2 ); args=(u'org.4509/course_4509/Run_4509', 2)
   django.db.backends: DEBUG: (0.000) SELECT "course_groups_coursecohortssettings"."id", "course_groups_coursecohortssettings"."is_cohorted", "course_groups_coursecohortssettings"."course_id", "course_groups_coursecohortssettings"."cohorted_discussions", "course_groups_coursecohortssettings"."always_cohort_inline_discussions" FROM "course_groups_coursecohortssettings" WHERE "course_groups_coursecohortssettings"."course_id" = org.4509/course_4509/Run_4509 ; args=(u'org.4509/course_4509/Run_4509',)
   django.db.backends: DEBUG: (0.000) SELECT "course_groups_coursecohortssettings"."id", "course_groups_coursecohortssettings"."is_cohorted", "course_groups_coursecohortssettings"."course_id", "course_groups_coursecohortssettings"."cohorted_discussions", "course_groups_coursecohortssettings"."always_cohort_inline_discussions" FROM "course_groups_coursecohortssettings" WHERE "course_groups_coursecohortssettings"."course_id" = org.4509/course_4509/Run_4509 ; args=(u'org.4509/course_4509/Run_4509',)
   django.db.backends: DEBUG: (0.000) INSERT INTO "course_groups_coursecohortssettings" ("is_cohorted", "course_id", "cohorted_discussions", "always_cohort_inline_discussions") VALUES (False, org.4509/course_4509/Run_4509, [], True); args=[False, u'org.4509/course_4509/Run_4509', '[]', True]
   django.db.backends: DEBUG: (0.000) SELECT "course_groups_courseusergroup"."id", "course_groups_courseusergroup"."name", "course_groups_courseusergroup"."course_id", "course_groups_courseusergroup"."group_type" FROM "course_groups_courseusergroup" WHERE ("course_groups_courseusergroup"."course_id" = org.4509/course_4509/Run_4509  AND "course_groups_courseusergroup"."group_type" = cohort ); args=(u'org.4509/course_4509/Run_4509', 'cohort')
   django.db.backends: DEBUG: (0.000) SELECT "course_groups_coursecohortssettings"."id", "course_groups_coursecohortssettings"."is_cohorted", "course_groups_coursecohortssettings"."course_id", "course_groups_coursecohortssettings"."cohorted_discussions", "course_groups_coursecohortssettings"."always_cohort_inline_discussions" FROM "course_groups_coursecohortssettings" WHERE "course_groups_coursecohortssettings"."course_id" = org.4509/course_4509/Run_4509 ; args=(u'org.4509/course_4509/Run_4509',)
   django.db.backends: DEBUG: (0.000) SELECT "course_groups_courseusergroup"."id", "course_groups_courseusergroup"."name", "course_groups_courseusergroup"."course_id", "course_groups_courseusergroup"."group_type" FROM "course_groups_courseusergroup" WHERE ("course_groups_courseusergroup"."course_id" = org.4509/course_4509/Run_4509  AND "course_groups_courseusergroup"."group_type" = cohort ); args=(u'org.4509/course_4509/Run_4509', 'cohort')
   django.db.backends: DEBUG: (0.000) SELECT "course_groups_coursecohortssettings"."id", "course_groups_coursecohortssettings"."is_cohorted", "course_groups_coursecohortssettings"."course_id", "course_groups_coursecohortssettings"."cohorted_discussions", "course_groups_coursecohortssettings"."always_cohort_inline_discussions" FROM "course_groups_coursecohortssettings" WHERE "course_groups_coursecohortssettings"."course_id" = org.4509/course_4509/Run_4509 ; args=(u'org.4509/course_4509/Run_4509',)
   lms.lib.comment_client.utils: INFO: comment_client_request_log: request_id=3fc7d70a-0c51-497b-bc89-52d02ea73452, method=get, url=http://localhost:4567/api/v1/users/2, duration=0.000306129455566
   django.db.backends: DEBUG: (0.000) SELECT "django_comment_client_role"."id", "django_comment_client_role"."name", "django_comment_client_role"."course_id" FROM "django_comment_client_role" INNER JOIN "django_comment_client_role_users" ON ("django_comment_client_role"."id" = "django_comment_client_role_users"."role_id") WHERE ("django_comment_client_role_users"."user_id" = 2  AND "django_comment_client_role"."course_id" = org.4509/course_4509/Run_4509 ); args=(2, u'org.4509/course_4509/Run_4509')
   django.db.backends: DEBUG: (0.000) SELECT (1) AS "a" FROM "django_comment_client_permission" INNER JOIN "django_comment_client_permission_roles" ON ("django_comment_client_permission"."name" = "django_comment_client_permission_roles"."permission_id") WHERE ("django_comment_client_permission_roles"."role_id" = 1  AND "django_comment_client_permission"."name" = see_all_cohorts ) LIMIT 1; args=(1, 'see_all_cohorts')
   lms.lib.comment_client.utils: INFO: comment_client_request_log: request_id=fddaed36-5476-46e3-9c0c-cacbe6a1db75, method=get, url=http://localhost:4567/api/v1/threads/test_thread_id, duration=0.000265121459961
   django.db.backends: DEBUG: (0.000) SELECT "course_groups_coursecohortssettings"."id", "course_groups_coursecohortssettings"."is_cohorted", "course_groups_coursecohortssettings"."course_id", "course_groups_coursecohortssettings"."cohorted_discussions", "course_groups_coursecohortssettings"."always_cohort_inline_discussions" FROM "course_groups_coursecohortssettings" WHERE "course_groups_coursecohortssettings"."course_id" = org.4509/course_4509/Run_4509 ; args=(u'org.4509/course_4509/Run_4509',)
   openedx.core.djangoapps.course_groups.cohorts: DEBUG: is_commentable_cohorted(org.4509/course_4509/Run_4509, dummy_discussion_id) = False
   django.db.backends: DEBUG: (0.000) SELECT "django_comment_client_role"."id", "django_comment_client_role"."name", "django_comment_client_role"."course_id" FROM "django_comment_client_role" INNER JOIN "django_comment_client_role_users" ON ("django_comment_client_role"."id" = "django_comment_client_role_users"."role_id") WHERE ("django_comment_client_role_users"."user_id" = 2  AND "django_comment_client_role"."course_id" = org.4509/course_4509/Run_4509 ); args=(2, u'org.4509/course_4509/Run_4509')
   django.db.backends: DEBUG: (0.000) SELECT (1) AS "a" FROM "django_comment_client_permission" INNER JOIN "django_comment_client_permission_roles" ON ("django_comment_client_permission"."name" = "django_comment_client_permission_roles"."permission_id") WHERE ("django_comment_client_permission_roles"."role_id" = 1  AND "django_comment_client_permission"."name" = openclose_thread ) LIMIT 1; args=(1, 'openclose_thread')
   django.db.backends: DEBUG: (0.000) SELECT "django_comment_client_role"."id", "django_comment_client_role"."name", "django_comment_client_role"."course_id" FROM "django_comment_client_role" INNER JOIN "django_comment_client_role_users" ON ("django_comment_client_role"."id" = "django_comment_client_role_users"."role_id") WHERE ("django_comment_client_role_users"."user_id" = 2  AND "django_comment_client_role"."course_id" = org.4509/course_4509/Run_4509 ); args=(2, u'org.4509/course_4509/Run_4509')
   django.db.backends: DEBUG: (0.000) SELECT (1) AS "a" FROM "django_comment_client_permission" INNER JOIN "django_comment_client_permission_roles" ON ("django_comment_client_permission"."name" = "django_comment_client_permission_roles"."permission_id") WHERE ("django_comment_client_permission_roles"."role_id" = 1  AND "django_comment_client_permission"."name" = edit_content ) LIMIT 1; args=(1, 'edit_content')
   django.db.backends: DEBUG: (0.000) SELECT "django_comment_client_role"."id", "django_comment_client_role"."name", "django_comment_client_role"."course_id" FROM "django_comment_client_role" INNER JOIN "django_comment_client_role_users" ON ("django_comment_client_role"."id" = "django_comment_client_role_users"."role_id") WHERE ("django_comment_client_role_users"."user_id" = 2  AND "django_comment_client_role"."course_id" = org.4509/course_4509/Run_4509 ); args=(2, u'org.4509/course_4509/Run_4509')
   django.db.backends: DEBUG: (0.000) SELECT (1) AS "a" FROM "django_comment_client_permission" INNER JOIN "django_comment_client_permission_roles" ON ("django_comment_client_permission"."name" = "django_comment_client_permission_roles"."permission_id") WHERE ("django_comment_client_permission_roles"."role_id" = 1  AND "django_comment_client_permission"."name" = update_thread ) LIMIT 1; args=(1, 'update_thread')
   django.db.backends: DEBUG: (0.000) SELECT "django_comment_client_role"."id", "django_comment_client_role"."name", "django_comment_client_role"."course_id" FROM "django_comment_client_role" INNER JOIN "django_comment_client_role_users" ON ("django_comment_client_role"."id" = "django_comment_client_role_users"."role_id") WHERE ("django_comment_client_role_users"."user_id" = 2  AND "django_comment_client_role"."course_id" = org.4509/course_4509/Run_4509 ); args=(2, u'org.4509/course_4509/Run_4509')
   django.db.backends: DEBUG: (0.000) SELECT (1) AS "a" FROM "django_comment_client_permission" INNER JOIN "django_comment_client_permission_roles" ON ("django_comment_client_permission"."name" = "django_comment_client_permission_roles"."permission_id") WHERE ("django_comment_client_permission_roles"."role_id" = 1  AND "django_comment_client_permission"."name" = create_comment ) LIMIT 1; args=(1, 'create_comment')
   django.db.backends: DEBUG: (0.000) SELECT "django_comment_client_role"."id", "django_comment_client_role"."name", "django_comment_client_role"."course_id" FROM "django_comment_client_role" INNER JOIN "django_comment_client_role_users" ON ("django_comment_client_role"."id" = "django_comment_client_role_users"."role_id") WHERE ("django_comment_client_role_users"."user_id" = 2  AND "django_comment_client_role"."course_id" = org.4509/course_4509/Run_4509 ); args=(2, u'org.4509/course_4509/Run_4509')
   django.db.backends: DEBUG: (0.001) SELECT (1) AS "a" FROM "django_comment_client_permission" INNER JOIN "django_comment_client_permission_roles" ON ("django_comment_client_permission"."name" = "django_comment_client_permission_roles"."permission_id") WHERE ("django_comment_client_permission_roles"."role_id" = 1  AND "django_comment_client_permission"."name" = delete_thread ) LIMIT 1; args=(1, 'delete_thread')
   django.db.backends: DEBUG: (0.000) SELECT "django_comment_client_role"."id", "django_comment_client_role"."name", "django_comment_client_role"."course_id" FROM "django_comment_client_role" INNER JOIN "django_comment_client_role_users" ON ("django_comment_client_role"."id" = "django_comment_client_role_users"."role_id") WHERE ("django_comment_client_role_users"."user_id" = 2  AND "django_comment_client_role"."course_id" = org.4509/course_4509/Run_4509 ); args=(2, u'org.4509/course_4509/Run_4509')
   django.db.backends: DEBUG: (0.000) SELECT (1) AS "a" FROM "django_comment_client_permission" INNER JOIN "django_comment_client_permission_roles" ON ("django_comment_client_permission"."name" = "django_comment_client_permission_roles"."permission_id") WHERE ("django_comment_client_permission_roles"."role_id" = 1  AND "django_comment_client_permission"."name" = update_thread ) LIMIT 1; args=(1, 'update_thread')
   django.db.backends: DEBUG: (0.000) SELECT "django_comment_client_role"."id", "django_comment_client_role"."name", "django_comment_client_role"."course_id" FROM "django_comment_client_role" INNER JOIN "django_comment_client_role_users" ON ("django_comment_client_role"."id" = "django_comment_client_role_users"."role_id") WHERE ("django_comment_client_role_users"."user_id" = 2  AND "django_comment_client_role"."course_id" = org.4509/course_4509/Run_4509 ); args=(2, u'org.4509/course_4509/Run_4509')
   django.db.backends: DEBUG: (0.000) SELECT (1) AS "a" FROM "django_comment_client_permission" INNER JOIN "django_comment_client_permission_roles" ON ("django_comment_client_permission"."name" = "django_comment_client_permission_roles"."permission_id") WHERE ("django_comment_client_permission_roles"."role_id" = 1  AND "django_comment_client_permission"."name" = openclose_thread ) LIMIT 1; args=(1, 'openclose_thread')
   django.db.backends: DEBUG: (0.000) SELECT "django_comment_client_role"."id", "django_comment_client_role"."name", "django_comment_client_role"."course_id" FROM "django_comment_client_role" INNER JOIN "django_comment_client_role_users" ON ("django_comment_client_role"."id" = "django_comment_client_role_users"."role_id") WHERE ("django_comment_client_role_users"."user_id" = 2  AND "django_comment_client_role"."course_id" = org.4509/course_4509/Run_4509 ); args=(2, u'org.4509/course_4509/Run_4509')
   django.db.backends: DEBUG: (0.000) SELECT (1) AS "a" FROM "django_comment_client_permission" INNER JOIN "django_comment_client_permission_roles" ON ("django_comment_client_permission"."name" = "django_comment_client_permission_roles"."permission_id") WHERE ("django_comment_client_permission_roles"."role_id" = 1  AND "django_comment_client_permission"."name" = vote ) LIMIT 1; args=(1, 'vote')
   django.db.backends: DEBUG: (0.000) SELECT "django_comment_client_role"."id", "django_comment_client_role"."name", "django_comment_client_role"."course_id" FROM "django_comment_client_role" INNER JOIN "django_comment_client_role_users" ON ("django_comment_client_role"."id" = "django_comment_client_role_users"."role_id") WHERE ("django_comment_client_role_users"."user_id" = 2  AND "django_comment_client_role"."course_id" = org.4509/course_4509/Run_4509 ); args=(2, u'org.4509/course_4509/Run_4509')
   django.db.backends: DEBUG: (0.000) SELECT (1) AS "a" FROM "django_comment_client_permission" INNER JOIN "django_comment_client_permission_roles" ON ("django_comment_client_permission"."name" = "django_comment_client_permission_roles"."permission_id") WHERE ("django_comment_client_permission_roles"."role_id" = 1  AND "django_comment_client_permission"."name" = edit_content ) LIMIT 1; args=(1, 'edit_content')
   django.db.backends: DEBUG: (0.000) SELECT "django_comment_client_role"."id", "django_comment_client_role"."name", "django_comment_client_role"."course_id" FROM "django_comment_client_role" INNER JOIN "django_comment_client_role_users" ON ("django_comment_client_role"."id" = "django_comment_client_role_users"."role_id") WHERE ("django_comment_client_role_users"."user_id" = 2  AND "django_comment_client_role"."course_id" = org.4509/course_4509/Run_4509 ); args=(2, u'org.4509/course_4509/Run_4509')
   django.db.backends: DEBUG: (0.000) SELECT (1) AS "a" FROM "django_comment_client_permission" INNER JOIN "django_comment_client_permission_roles" ON ("django_comment_client_permission"."name" = "django_comment_client_permission_roles"."permission_id") WHERE ("django_comment_client_permission_roles"."role_id" = 1  AND "django_comment_client_permission"."name" = update_comment ) LIMIT 1; args=(1, 'update_comment')
   django.db.backends: DEBUG: (0.000) SELECT "django_comment_client_role"."id", "django_comment_client_role"."name", "django_comment_client_role"."course_id" FROM "django_comment_client_role" INNER JOIN "django_comment_client_role_users" ON ("django_comment_client_role"."id" = "django_comment_client_role_users"."role_id") WHERE ("django_comment_client_role_users"."user_id" = 2  AND "django_comment_client_role"."course_id" = org.4509/course_4509/Run_4509 ); args=(2, u'org.4509/course_4509/Run_4509')
   django.db.backends: DEBUG: (0.000) SELECT (1) AS "a" FROM "django_comment_client_permission" INNER JOIN "django_comment_client_permission_roles" ON ("django_comment_client_permission"."name" = "django_comment_client_permission_roles"."permission_id") WHERE ("django_comment_client_permission_roles"."role_id" = 1  AND "django_comment_client_permission"."name" = create_sub_comment ) LIMIT 1; args=(1, 'create_sub_comment')
   django.db.backends: DEBUG: (0.000) SELECT "django_comment_client_role"."id", "django_comment_client_role"."name", "django_comment_client_role"."course_id" FROM "django_comment_client_role" INNER JOIN "django_comment_client_role_users" ON ("django_comment_client_role"."id" = "django_comment_client_role_users"."role_id") WHERE ("django_comment_client_role_users"."user_id" = 2  AND "django_comment_client_role"."course_id" = org.4509/course_4509/Run_4509 ); args=(2, u'org.4509/course_4509/Run_4509')
   django.db.backends: DEBUG: (0.000) SELECT (1) AS "a" FROM "django_comment_client_permission" INNER JOIN "django_comment_client_permission_roles" ON ("django_comment_client_permission"."name" = "django_comment_client_permission_roles"."permission_id") WHERE ("django_comment_client_permission_roles"."role_id" = 1  AND "django_comment_client_permission"."name" = delete_comment ) LIMIT 1; args=(1, 'delete_comment')
   django.db.backends: DEBUG: (0.000) SELECT "django_comment_client_role"."id", "django_comment_client_role"."name", "django_comment_client_role"."course_id" FROM "django_comment_client_role" INNER JOIN "django_comment_client_role_users" ON ("django_comment_client_role"."id" = "django_comment_client_role_users"."role_id") WHERE ("django_comment_client_role_users"."user_id" = 2  AND "django_comment_client_role"."course_id" = org.4509/course_4509/Run_4509 ); args=(2, u'org.4509/course_4509/Run_4509')
   django.db.backends: DEBUG: (0.000) SELECT (1) AS "a" FROM "django_comment_client_permission" INNER JOIN "django_comment_client_permission_roles" ON ("django_comment_client_permission"."name" = "django_comment_client_permission_roles"."permission_id") WHERE ("django_comment_client_permission_roles"."role_id" = 1  AND "django_comment_client_permission"."name" = update_comment ) LIMIT 1; args=(1, 'update_comment')
   django.db.backends: DEBUG: (0.000) SELECT "django_comment_client_role"."id", "django_comment_client_role"."name", "django_comment_client_role"."course_id" FROM "django_comment_client_role" INNER JOIN "django_comment_client_role_users" ON ("django_comment_client_role"."id" = "django_comment_client_role_users"."role_id") WHERE ("django_comment_client_role_users"."user_id" = 2  AND "django_comment_client_role"."course_id" = org.4509/course_4509/Run_4509 ); args=(2, u'org.4509/course_4509/Run_4509')
   django.db.backends: DEBUG: (0.000) SELECT (1) AS "a" FROM "django_comment_client_permission" INNER JOIN "django_comment_client_permission_roles" ON ("django_comment_client_permission"."name" = "django_comment_client_permission_roles"."permission_id") WHERE ("django_comment_client_permission_roles"."role_id" = 1  AND "django_comment_client_permission"."name" = vote ) LIMIT 1; args=(1, 'vote')
   django.db.backends: DEBUG: (0.000) SELECT "course_groups_coursecohortssettings"."id", "course_groups_coursecohortssettings"."is_cohorted", "course_groups_coursecohortssettings"."course_id", "course_groups_coursecohortssettings"."cohorted_discussions", "course_groups_coursecohortssettings"."always_cohort_inline_discussions" FROM "course_groups_coursecohortssettings" WHERE "course_groups_coursecohortssettings"."course_id" = org.4509/course_4509/Run_4509 ; args=(u'org.4509/course_4509/Run_4509',)
   --------------------- >> end captured logging << ---------------------

-----------------------------------------------------------------------------
6) FAIL: test_number_of_mongo_queries_2___mongo___50__315__15__628__27_ (lms.djangoapps.django_comment_client.forum.tests.SingleThreadQueryCountTestCase)

   Traceback (most recent call last):
    /edx/app/edxapp/venvs/edxapp/local/lib/python2.7/site-packages/ddt.py line 114 in wrapper
      return func(self, *args, **kwargs)
    /edx/app/edxapp/venvs/edxapp/local/lib/python2.7/site-packages/mock.py line 1201 in patched
      return func(*args, **keywargs)
    lms/djangoapps/django_comment_client/forum/tests.py line 384 in test_number_of_mongo_queries
      call_single_thread()
    /edx/app/edxapp/venvs/edxapp/local/lib/python2.7/site-packages/django/test/testcases.py line 277 in __exit__
      executed, self.num
   AssertionError: 629 queries executed, 628 expected
   -------------------- >> begin captured logging << --------------------
   root: DEBUG: Using MongoDB for static content serving at host=localhost port=27017 db=xcontent
   tracking: INFO: {"username": "", "event_source": "server", "name": "edx.user.settings.changed", "accept_language": "", "time": "2015-05-05T19:41:02.457221+00:00", "agent": "", "page": null, "host": "", "session": "", "referer": "", "context": {}, "ip": "", "event": {"user_id": 1, "truncated": [], "old": false, "setting": "is_staff", "table": "auth_user", "new": true}, "event_type": "edx.user.settings.changed"}
   util.models: ERROR: String decompression failed. There may be corrupted data in the database: Incorrect padding
   xmodule.modulestore.django: INFO: Sent course_published signal to <function listen_for_course_publish at 0x6e5b668> with kwargs {'course_key': SlashSeparatedCourseKey('org.4510', 'course_4510', 'Run_4510', None, None)}. Response was: None
   tracking: INFO: {"username": "", "event_source": "server", "name": "edx.user.settings.changed", "accept_language": "", "time": "2015-05-05T19:41:02.516841+00:00", "agent": "", "page": null, "host": "", "session": "", "referer": "", "context": {}, "ip": "", "event": {"user_id": 2, "truncated": [], "old": null, "setting": "password", "table": "auth_user", "new": null}, "event_type": "edx.user.settings.changed"}
   django.db.backends: DEBUG: (0.000) SELECT "auth_userprofile"."id", "auth_userprofile"."user_id", "auth_userprofile"."name", "auth_userprofile"."meta", "auth_userprofile"."courseware", "auth_userprofile"."language", "auth_userprofile"."location", "auth_userprofile"."year_of_birth", "auth_userprofile"."gender", "auth_userprofile"."level_of_education", "auth_userprofile"."mailing_address", "auth_userprofile"."city", "auth_userprofile"."country", "auth_userprofile"."goals", "auth_userprofile"."allow_certificate", "auth_userprofile"."bio", "auth_userprofile"."profile_image_uploaded_at", "auth_userprofile"."nonregistered" FROM "auth_userprofile" WHERE "auth_userprofile"."user_id" = 2 ; args=(2,)
   django.db.backends: DEBUG: (0.000) SELECT "student_courseenrollment"."id", "student_courseenrollment"."user_id", "student_courseenrollment"."course_id", "student_courseenrollment"."created", "student_courseenrollment"."is_active", "student_courseenrollment"."mode" FROM "student_courseenrollment" WHERE ("student_courseenrollment"."course_id" = org.4510/course_4510/Run_4510  AND "student_courseenrollment"."user_id" = 2 ); args=(u'org.4510/course_4510/Run_4510', 2)
   django.db.backends: DEBUG: (0.000) SELECT "course_groups_coursecohortssettings"."id", "course_groups_coursecohortssettings"."is_cohorted", "course_groups_coursecohortssettings"."course_id", "course_groups_coursecohortssettings"."cohorted_discussions", "course_groups_coursecohortssettings"."always_cohort_inline_discussions" FROM "course_groups_coursecohortssettings" WHERE "course_groups_coursecohortssettings"."course_id" = org.4510/course_4510/Run_4510 ; args=(u'org.4510/course_4510/Run_4510',)
   django.db.backends: DEBUG: (0.000) SELECT "course_groups_coursecohortssettings"."id", "course_groups_coursecohortssettings"."is_cohorted", "course_groups_coursecohortssettings"."course_id", "course_groups_coursecohortssettings"."cohorted_discussions", "course_groups_coursecohortssettings"."always_cohort_inline_discussions" FROM "course_groups_coursecohortssettings" WHERE "course_groups_coursecohortssettings"."course_id" = org.4510/course_4510/Run_4510 ; args=(u'org.4510/course_4510/Run_4510',)
   django.db.backends: DEBUG: (0.000) INSERT INTO "course_groups_coursecohortssettings" ("is_cohorted", "course_id", "cohorted_discussions", "always_cohort_inline_discussions") VALUES (False, org.4510/course_4510/Run_4510, [], True); args=[False, u'org.4510/course_4510/Run_4510', '[]', True]
   django.db.backends: DEBUG: (0.000) SELECT "course_groups_courseusergroup"."id", "course_groups_courseusergroup"."name", "course_groups_courseusergroup"."course_id", "course_groups_courseusergroup"."group_type" FROM "course_groups_courseusergroup" WHERE ("course_groups_courseusergroup"."course_id" = org.4510/course_4510/Run_4510  AND "course_groups_courseusergroup"."group_type" = cohort ); args=(u'org.4510/course_4510/Run_4510', 'cohort')
   django.db.backends: DEBUG: (0.000) SELECT "course_groups_coursecohortssettings"."id", "course_groups_coursecohortssettings"."is_cohorted", "course_groups_coursecohortssettings"."course_id", "course_groups_coursecohortssettings"."cohorted_discussions", "course_groups_coursecohortssettings"."always_cohort_inline_discussions" FROM "course_groups_coursecohortssettings" WHERE "course_groups_coursecohortssettings"."course_id" = org.4510/course_4510/Run_4510 ; args=(u'org.4510/course_4510/Run_4510',)
   django.db.backends: DEBUG: (0.000) SELECT "course_groups_courseusergroup"."id", "course_groups_courseusergroup"."name", "course_groups_courseusergroup"."course_id", "course_groups_courseusergroup"."group_type" FROM "course_groups_courseusergroup" WHERE ("course_groups_courseusergroup"."course_id" = org.4510/course_4510/Run_4510  AND "course_groups_courseusergroup"."group_type" = cohort ); args=(u'org.4510/course_4510/Run_4510', 'cohort')
   django.db.backends: DEBUG: (0.000) SELECT "course_groups_coursecohortssettings"."id", "course_groups_coursecohortssettings"."is_cohorted", "course_groups_coursecohortssettings"."course_id", "course_groups_coursecohortssettings"."cohorted_discussions", "course_groups_coursecohortssettings"."always_cohort_inline_discussions" FROM "course_groups_coursecohortssettings" WHERE "course_groups_coursecohortssettings"."course_id" = org.4510/course_4510/Run_4510 ; args=(u'org.4510/course_4510/Run_4510',)
   lms.lib.comment_client.utils: INFO: comment_client_request_log: request_id=e40c9357-8c60-47b8-9afc-434b00c42fa4, method=get, url=http://localhost:4567/api/v1/users/2, duration=0.000854015350342
   django.db.backends: DEBUG: (0.000) SELECT "django_comment_client_role"."id", "django_comment_client_role"."name", "django_comment_client_role"."course_id" FROM "django_comment_client_role" INNER JOIN "django_comment_client_role_users" ON ("django_comment_client_role"."id" = "django_comment_client_role_users"."role_id") WHERE ("django_comment_client_role_users"."user_id" = 2  AND "django_comment_client_role"."course_id" = org.4510/course_4510/Run_4510 ); args=(2, u'org.4510/course_4510/Run_4510')
   django.db.backends: DEBUG: (0.000) SELECT (1) AS "a" FROM "django_comment_client_permission" INNER JOIN "django_comment_client_permission_roles" ON ("django_comment_client_permission"."name" = "django_comment_client_permission_roles"."permission_id") WHERE ("django_comment_client_permission_roles"."role_id" = 1  AND "django_comment_client_permission"."name" = see_all_cohorts ) LIMIT 1; args=(1, 'see_all_cohorts')
   lms.lib.comment_client.utils: INFO: comment_client_request_log: request_id=6c7aa809-cd9e-44e5-8c1b-dcb7e943a5ee, method=get, url=http://localhost:4567/api/v1/threads/test_thread_id, duration=0.000394821166992
   django.db.backends: DEBUG: (0.000) SELECT "course_groups_coursecohortssettings"."id", "course_groups_coursecohortssettings"."is_cohorted", "course_groups_coursecohortssettings"."course_id", "course_groups_coursecohortssettings"."cohorted_discussions", "course_groups_coursecohortssettings"."always_cohort_inline_discussions" FROM "course_groups_coursecohortssettings" WHERE "course_groups_coursecohortssettings"."course_id" = org.4510/course_4510/Run_4510 ; args=(u'org.4510/course_4510/Run_4510',)
   openedx.core.djangoapps.course_groups.cohorts: DEBUG: is_commentable_cohorted(org.4510/course_4510/Run_4510, dummy_discussion_id) = False
   django.db.backends: DEBUG: (0.000) SELECT "django_comment_client_role"."id", "django_comment_client_role"."name", "django_comment_client_role"."course_id" FROM "django_comment_client_role" INNER JOIN "django_comment_client_role_users" ON ("django_comment_client_role"."id" = "django_comment_client_role_users"."role_id") WHERE ("django_comment_client_role_users"."user_id" = 2  AND "django_comment_client_role"."course_id" = org.4510/course_4510/Run_4510 ); args=(2, u'org.4510/course_4510/Run_4510')
   django.db.backends: DEBUG: (0.000) SELECT (1) AS "a" FROM "django_comment_client_permission" INNER JOIN "django_comment_client_permission_roles" ON ("django_comment_client_permission"."name" = "django_comment_client_permission_roles"."permission_id") WHERE ("django_comment_client_permission_roles"."role_id" = 1  AND "django_comment_client_permission"."name" = openclose_thread ) LIMIT 1; args=(1, 'openclose_thread')
   django.db.backends: DEBUG: (0.000) SELECT "django_comment_client_role"."id", "django_comment_client_role"."name", "django_comment_client_role"."course_id" FROM "django_comment_client_role" INNER JOIN "django_comment_client_role_users" ON ("django_comment_client_role"."id" = "django_comment_client_role_users"."role_id") WHERE ("django_comment_client_role_users"."user_id" = 2  AND "django_comment_client_role"."course_id" = org.4510/course_4510/Run_4510 ); args=(2, u'org.4510/course_4510/Run_4510')
   django.db.backends: DEBUG: (0.000) SELECT (1) AS "a" FROM "django_comment_client_permission" INNER JOIN "django_comment_client_permission_roles" ON ("django_comment_client_permission"."name" = "django_comment_client_permission_roles"."permission_id") WHERE ("django_comment_client_permission_roles"."role_id" = 1  AND "django_comment_client_permission"."name" = edit_content ) LIMIT 1; args=(1, 'edit_content')
   django.db.backends: DEBUG: (0.000) SELECT "django_comment_client_role"."id", "django_comment_client_role"."name", "django_comment_client_role"."course_id" FROM "django_comment_client_role" INNER JOIN "django_comment_client_role_users" ON ("django_comment_client_role"."id" = "django_comment_client_role_users"."role_id") WHERE ("django_comment_client_role_users"."user_id" = 2  AND "django_comment_client_role"."course_id" = org.4510/course_4510/Run_4510 ); args=(2, u'org.4510/course_4510/Run_4510')
   django.db.backends: DEBUG: (0.000) SELECT (1) AS "a" FROM "django_comment_client_permission" INNER JOIN "django_comment_client_permission_roles" ON ("django_comment_client_permission"."name" = "django_comment_client_permission_roles"."permission_id") WHERE ("django_comment_client_permission_roles"."role_id" = 1  AND "django_comment_client_permission"."name" = update_thread ) LIMIT 1; args=(1, 'update_thread')
   django.db.backends: DEBUG: (0.000) SELECT "django_comment_client_role"."id", "django_comment_client_role"."name", "django_comment_client_role"."course_id" FROM "django_comment_client_role" INNER JOIN "django_comment_client_role_users" ON ("django_comment_client_role"."id" = "django_comment_client_role_users"."role_id") WHERE ("django_comment_client_role_users"."user_id" = 2  AND "django_comment_client_role"."course_id" = org.4510/course_4510/Run_4510 ); args=(2, u'org.4510/course_4510/Run_4510')
   django.db.backends: DEBUG: (0.000) SELECT (1) AS "a" FROM "django_comment_client_permission" INNER JOIN "django_comment_client_permission_roles" ON ("django_comment_client_permission"."name" = "django_comment_client_permission_roles"."permission_id") WHERE ("django_comment_client_permission_roles"."role_id" = 1  AND "django_comment_client_permission"."name" = create_comment ) LIMIT 1; args=(1, 'create_comment')
   django.db.backends: DEBUG: (0.000) SELECT "django_comment_client_role"."id", "django_comment_client_role"."name", "django_comment_client_role"."course_id" FROM "django_comment_client_role" INNER JOIN "django_comment_client_role_users" ON ("django_comment_client_role"."id" = "django_comment_client_role_users"."role_id") WHERE ("django_comment_client_role_users"."user_id" = 2  AND "django_comment_client_role"."course_id" = org.4510/course_4510/Run_4510 ); args=(2, u'org.4510/course_4510/Run_4510')
   django.db.backends: DEBUG: (0.000) SELECT (1) AS "a" FROM "django_comment_client_permission" INNER JOIN "django_comment_client_permission_roles" ON ("django_comment_client_permission"."name" = "django_comment_client_permission_roles"."permission_id") WHERE ("django_comment_client_permission_roles"."role_id" = 1  AND "django_comment_client_permission"."name" = delete_thread ) LIMIT 1; args=(1, 'delete_thread')
   django.db.backends: DEBUG: (0.000) SELECT "django_comment_client_role"."id", "django_comment_client_role"."name", "django_comment_client_role"."course_id" FROM "django_comment_client_role" INNER JOIN "django_comment_client_role_users" ON ("django_comment_client_role"."id" = "django_comment_client_role_users"."role_id") WHERE ("django_comment_client_role_users"."user_id" = 2  AND "django_comment_client_role"."course_id" = org.4510/course_4510/Run_4510 ); args=(2, u'org.4510/course_4510/Run_4510')
   django.db.backends: DEBUG: (0.000) SELECT (1) AS "a" FROM "django_comment_client_permission" INNER JOIN "django_comment_client_permission_roles" ON ("django_comment_client_permission"."name" = "django_comment_client_permission_roles"."permission_id") WHERE ("django_comment_client_permission_roles"."role_id" = 1  AND "django_comment_client_permission"."name" = update_thread ) LIMIT 1; args=(1, 'update_thread')
   django.db.backends: DEBUG: (0.000) SELECT "django_comment_client_role"."id", "django_comment_client_role"."name", "django_comment_client_role"."course_id" FROM "django_comment_client_role" INNER JOIN "django_comment_client_role_users" ON ("django_comment_client_role"."id" = "django_comment_client_role_users"."role_id") WHERE ("django_comment_client_role_users"."user_id" = 2  AND "django_comment_client_role"."course_id" = org.4510/course_4510/Run_4510 ); args=(2, u'org.4510/course_4510/Run_4510')
   django.db.backends: DEBUG: (0.000) SELECT (1) AS "a" FROM "django_comment_client_permission" INNER JOIN "django_comment_client_permission_roles" ON ("django_comment_client_permission"."name" = "django_comment_client_permission_roles"."permission_id") WHERE ("django_comment_client_permission_roles"."role_id" = 1  AND "django_comment_client_permission"."name" = openclose_thread ) LIMIT 1; args=(1, 'openclose_thread')
   django.db.backends: DEBUG: (0.000) SELECT "django_comment_client_role"."id", "django_comment_client_role"."name", "django_comment_client_role"."course_id" FROM "django_comment_client_role" INNER JOIN "django_comment_client_role_users" ON ("django_comment_client_role"."id" = "django_comment_client_role_users"."role_id") WHERE ("django_comment_client_role_users"."user_id" = 2  AND "django_comment_client_role"."course_id" = org.4510/course_4510/Run_4510 ); args=(2, u'org.4510/course_4510/Run_4510')
   django.db.backends: DEBUG: (0.000) SELECT (1) AS "a" FROM "django_comment_client_permission" INNER JOIN "django_comment_client_permission_roles" ON ("django_comment_client_permission"."name" = "django_comment_client_permission_roles"."permission_id") WHERE ("django_comment_client_permission_roles"."role_id" = 1  AND "django_comment_client_permission"."name" = vote ) LIMIT 1; args=(1, 'vote')
   django.db.backends: DEBUG: (0.000) SELECT "django_comment_client_role"."id", "django_comment_client_role"."name", "django_comment_client_role"."course_id" FROM "django_comment_client_role" INNER JOIN "django_comment_client_role_users" ON ("django_comment_client_role"."id" = "django_comment_client_role_users"."role_id") WHERE ("django_comment_client_role_users"."user_id" = 2  AND "django_comment_client_role"."course_id" = org.4510/course_4510/Run_4510 ); args=(2, u'org.4510/course_4510/Run_4510')
   django.db.backends: DEBUG: (0.000) SELECT (1) AS "a" FROM "django_comment_client_permission" INNER JOIN "django_comment_client_permission_roles" ON ("django_comment_client_permission"."name" = "django_comment_client_permission_roles"."permission_id") WHERE ("django_comment_client_permission_roles"."role_id" = 1  AND "django_comment_client_permission"."name" = edit_content ) LIMIT 1; args=(1, 'edit_content')
   django.db.backends: DEBUG: (0.000) SELECT "django_comment_client_role"."id", "django_comment_client_role"."name", "django_comment_client_role"."course_id" FROM "django_comment_client_role" INNER JOIN "django_comment_client_role_users" ON ("django_comment_client_role"."id" = "django_comment_client_role_users"."role_id") WHERE ("django_comment_client_role_users"."user_id" = 2  AND "django_comment_client_role"."course_id" = org.4510/course_4510/Run_4510 ); args=(2, u'org.4510/course_4510/Run_4510')
   django.db.backends: DEBUG: (0.000) SELECT (1) AS "a" FROM "django_comment_client_permission" INNER JOIN "django_comment_client_permission_roles" ON ("django_comment_client_permission"."name" = "django_comment_client_permission_roles"."permission_id") WHERE ("django_comment_client_permission_roles"."role_id" = 1  AND "django_comment_client_permission"."name" = update_comment ) LIMIT 1; args=(1, 'update_comment')
   django.db.backends: DEBUG: (0.000) SELECT "django_comment_client_role"."id", "django_comment_client_role"."name", "django_comment_client_role"."course_id" FROM "django_comment_client_role" INNER JOIN "django_comment_client_role_users" ON ("django_comment_client_role"."id" = "django_comment_client_role_users"."role_id") WHERE ("django_comment_client_role_users"."user_id" = 2  AND "django_comment_client_role"."course_id" = org.4510/course_4510/Run_4510 ); args=(2, u'org.4510/course_4510/Run_4510')
   django.db.backends: DEBUG: (0.000) SELECT (1) AS "a" FROM "django_comment_client_permission" INNER JOIN "django_comment_client_permission_roles" ON ("django_comment_client_permission"."name" = "django_comment_client_permission_roles"."permission_id") WHERE ("django_comment_client_permission_roles"."role_id" = 1  AND "django_comment_client_permission"."name" = create_sub_comment ) LIMIT 1; args=(1, 'create_sub_comment')
   django.db.backends: DEBUG: (0.000) SELECT "django_comment_client_role"."id", "django_comment_client_role"."name", "django_comment_client_role"."course_id" FROM "django_comment_client_role" INNER JOIN "django_comment_client_role_users" ON ("django_comment_client_role"."id" = "django_comment_client_role_users"."role_id") WHERE ("django_comment_client_role_users"."user_id" = 2  AND "django_comment_client_role"."course_id" = org.4510/course_4510/Run_4510 ); args=(2, u'org.4510/course_4510/Run_4510')
   django.db.backends: DEBUG: (0.000) SELECT (1) AS "a" FROM "django_comment_client_permission" INNER JOIN "django_comment_client_permission_roles" ON ("django_comment_client_permission"."name" = "django_comment_client_permission_roles"."permission_id") WHERE ("django_comment_client_permission_roles"."role_id" = 1  AND "django_comment_client_permission"."name" = delete_comment ) LIMIT 1; args=(1, 'delete_comment')
   django.db.backends: DEBUG: (0.000) SELECT "django_comment_client_role"."id", "django_comment_client_role"."name", "django_comment_client_role"."course_id" FROM "django_comment_client_role" INNER JOIN "django_comment_client_role_users" ON ("django_comment_client_role"."id" = "django_comment_client_role_users"."role_id") WHERE ("django_comment_client_role_users"."user_id" = 2  AND "django_comment_client_role"."course_id" = org.4510/course_4510/Run_4510 ); args=(2, u'org.4510/course_4510/Run_4510')
   django.db.backends: DEBUG: (0.000) SELECT (1) AS "a" FROM "django_comment_client_permission" INNER JOIN "django_comment_client_permission_roles" ON ("django_comment_client_permission"."name" = "django_comment_client_permission_roles"."permission_id") WHERE ("django_comment_client_permission_roles"."role_id" = 1  AND "django_comment_client_permission"."name" = update_comment ) LIMIT 1; args=(1, 'update_comment')
   django.db.backends: DEBUG: (0.000) SELECT "django_comment_client_role"."id", "django_comment_client_role"."name", "django_comment_client_role"."course_id" FROM "django_comment_client_role" INNER JOIN "django_comment_client_role_users" ON ("django_comment_client_role"."id" = "django_comment_client_role_users"."role_id") WHERE ("django_comment_client_role_users"."user_id" = 2  AND "django_comment_client_role"."course_id" = org.4510/course_4510/Run_4510 ); args=(2, u'org.4510/course_4510/Run_4510')
   django.db.backends: DEBUG: (0.000) SELECT (1) AS "a" FROM "django_comment_client_permission" INNER JOIN "django_comment_client_permission_roles" ON ("django_comment_client_permission"."name" = "django_comment_client_permission_roles"."permission_id") WHERE ("django_comment_client_permission_roles"."role_id" = 1  AND "django_comment_client_permission"."name" = vote ) LIMIT 1; args=(1, 'vote')
   django.db.backends: DEBUG: (0.000) SELECT "django_comment_client_role"."id", "django_comment_client_role"."name", "django_comment_client_role"."course_id" FROM "django_comment_client_role" INNER JOIN "django_comment_client_role_users" ON ("django_comment_client_role"."id" = "django_comment_client_role_users"."role_id") WHERE ("django_comment_client_role_users"."user_id" = 2  AND "django_comment_client_role"."course_id" = org.4510/course_4510/Run_4510 ); args=(2, u'org.4510/course_4510/Run_4510')
   django.db.backends: DEBUG: (0.000) SELECT (1) AS "a" FROM "django_comment_client_permission" INNER JOIN "django_comment_client_permission_roles" ON ("django_comment_client_permission"."name" = "django_comment_client_permission_roles"."permission_id") WHERE ("django_comment_client_permission_roles"."role_id" = 1  AND "django_comment_client_permission"."name" = edit_content ) LIMIT 1; args=(1, 'edit_content')
   django.db.backends: DEBUG: (0.000) SELECT "django_comment_client_role"."id", "django_comment_client_role"."name", "django_comment_client_role"."course_id" FROM "django_comment_client_role" INNER JOIN "django_comment_client_role_users" ON ("django_comment_client_role"."id" = "django_comment_client_role_users"."role_id") WHERE ("django_comment_client_role_users"."user_id" = 2  AND "django_comment_client_role"."course_id" = org.4510/course_4510/Run_4510 ); args=(2, u'org.4510/course_4510/Run_4510')
   django.db.backends: DEBUG: (0.000) SELECT (1) AS "a" FROM "django_comment_client_permission" INNER JOIN "django_comment_client_permission_roles" ON ("django_comment_client_permission"."name" = "django_comment_client_permission_roles"."permission_id") WHERE ("django_comment_client_permission_roles"."role_id" = 1  AND "django_comment_client_permission"."name" = update_comment ) LIMIT 1; args=(1, 'update_comment')
   django.db.backends: DEBUG: (0.000) SELECT "django_comment_client_role"."id", "django_comment_client_role"."name", "django_comment_client_role"."course_id" FROM "django_comment_client_role" INNER JOIN "django_comment_client_role_users" ON ("django_comment_client_role"."id" = "django_comment_client_role_users"."role_id") WHERE ("django_comment_client_role_users"."user_id" = 2  AND "django_comment_client_role"."course_id" = org.4510/course_4510/Run_4510 ); args=(2, u'org.4510/course_4510/Run_4510')
   django.db.backends: DEBUG: (0.000) SELECT (1) AS "a" FROM "django_comment_client_permission" INNER JOIN "django_comment_client_permission_roles" ON ("django_comment_client_permission"."name" = "django_comment_client_permission_roles"."permission_id") WHERE ("django_comment_client_permission_roles"."role_id" = 1  AND "django_comment_client_permission"."name" = create_sub_comment ) LIMIT 1; args=(1, 'create_sub_comment')
   django.db.backends: DEBUG: (0.000) SELECT "django_comment_client_role"."id", "django_comment_client_role"."name", "django_comment_client_role"."course_id" FROM "django_comment_client_role" INNER JOIN "django_comment_client_role_users" ON ("django_comment_client_role"."id" = "django_comment_client_role_users"."role_id") WHERE ("django_comment_client_role_users"."user_id" = 2  AND "django_comment_client_role"."course_id" = org.4510/course_4510/Run_4510 ); args=(2, u'org.4510/course_4510/Run_4510')
   django.db.backends: DEBUG: (0.000) SELECT (1) AS "a" FROM "django_comment_client_permission" INNER JOIN "django_comment_client_permission_roles" ON ("django_comment_client_permission"."name" = "django_comment_client_permission_roles"."permission_id") WHERE ("django_comment_client_permission_roles"."role_id" = 1  AND "django_comment_client_permission"."name" = delete_comment ) LIMIT 1; args=(1, 'delete_comment')
   django.db.backends: DEBUG: (0.000) SELECT "django_comment_client_role"."id", "django_comment_client_role"."name", "django_comment_client_role"."course_id" FROM "django_comment_client_role" INNER JOIN "django_comment_client_role_users" ON ("django_comment_client_role"."id" = "django_comment_client_role_users"."role_id") WHERE ("django_comment_client_role_users"."user_id" = 2  AND "django_comment_client_role"."course_id" = org.4510/course_4510/Run_4510 ); args=(2, u'org.4510/course_4510/Run_4510')
   django.db.backends: DEBUG: (0.000) SELECT (1) AS "a" FROM "django_comment_client_permission" INNER JOIN "django_comment_client_permission_roles" ON ("django_comment_client_permission"."name" = "django_comment_client_permission_roles"."permission_id") WHERE ("django_comment_client_permission_roles"."role_id" = 1  AND "django_comment_client_permission"."name" = update_comment ) LIMIT 1; args=(1, 'update_comment')
   django.db.backends: DEBUG: (0.000) SELECT "django_comment_client_role"."id", "django_comment_client_role"."name", "django_comment_client_role"."course_id" FROM "django_comment_client_role" INNER JOIN "django_comment_client_role_users" ON ("django_comment_client_role"."id" = "django_comment_client_role_users"."role_id") WHERE ("django_comment_client_role_users"."user_id" = 2  AND "django_comment_client_role"."course_id" = org.4510/course_4510/Run_4510 ); args=(2, u'org.4510/course_4510/Run_4510')
   django.db.backends: DEBUG: (0.000) SELECT (1) AS "a" FROM "django_comment_client_permission" INNER JOIN "django_comment_client_permission_roles" ON ("django_comment_client_permission"."name" = "django_comment_client_permission_roles"."permission_id") WHERE ("django_comment_client_permission_roles"."role_id" = 1  AND "django_comment_client_permission"."name" = vote ) LIMIT 1; args=(1, 'vote')
   django.db.backends: DEBUG: (0.000) SELECT "django_comment_client_role"."id", "django_comment_client_role"."name", "django_comment_client_role"."course_id" FROM "django_comment_client_role" INNER JOIN "django_comment_client_role_users" ON ("django_comment_client_role"."id" = "django_comment_client_role_users"."role_id") WHERE ("django_comment_client_role_users"."user_id" = 2  AND "django_comment_client_role"."course_id" = org.4510/course_4510/Run_4510 ); args=(2, u'org.4510/course_4510/Run_4510')
   django.db.backends: DEBUG: (0.000) SELECT (1) AS "a" FROM "django_comment_client_permission" INNER JOIN "django_comment_client_permission_roles" ON ("django_comment_client_permission"."name" = "django_comment_client_permission_roles"."permission_id") WHERE ("django_comment_client_permission_roles"."role_id" = 1  AND "django_comment_client_permission"."name" = edit_content ) LIMIT 1; args=(1, 'edit_content')
   django.db.backends: DEBUG: (0.000) SELECT "django_comment_client_role"."id", "django_comment_client_role"."name", "django_comment_client_role"."course_id" FROM "django_comment_client_role" INNER JOIN "django_comment_client_role_users" ON ("django_comment_client_role"."id" = "django_comment_client_role_users"."role_id") WHERE ("django_comment_client_role_users"."user_id" = 2  AND "django_comment_client_role"."course_id" = org.4510/course_4510/Run_4510 ); args=(2, u'org.4510/course_4510/Run_4510')
   django.db.backends: DEBUG: (0.000) SELECT (1) AS "a" FROM "django_comment_client_permission" INNER JOIN "django_comment_client_permission_roles" ON ("django_comment_client_permission"."name" = "django_comment_client_permission_roles"."permission_id") WHERE ("django_comment_client_permission_roles"."role_id" = 1  AND "django_comment_client_permission"."name" = update_comment ) LIMIT 1; args=(1, 'update_comment')
   django.db.backends: DEBUG: (0.000) SELECT "django_comment_client_role"."id", "django_comment_client_role"."name", "django_comment_client_role"."course_id" FROM "django_comment_client_role" INNER JOIN "django_comment_client_role_users" ON ("django_comment_client_role"."id" = "django_comment_client_role_users"."role_id") WHERE ("django_comment_client_role_users"."user_id" = 2  AND "django_comment_client_role"."course_id" = org.4510/course_4510/Run_4510 ); args=(2, u'org.4510/course_4510/Run_4510')
   django.db.backends: DEBUG: (0.000) SELECT (1) AS "a" FROM "django_comment_client_permission" INNER JOIN "django_comment_client_permission_roles" ON ("django_comment_client_permission"."name" = "django_comment_client_permission_roles"."permission_id") WHERE ("django_comment_client_permission_roles"."role_id" = 1  AND "django_comment_client_permission"."name" = create_sub_comment ) LIMIT 1; args=(1, 'create_sub_comment')
   django.db.backends: DEBUG: (0.000) SELECT "django_comment_client_role"."id", "django_comment_client_role"."name", "django_comment_client_role"."course_id" FROM "django_comment_client_role" INNER JOIN "django_comment_client_role_users" ON ("django_comment_client_role"."id" = "django_comment_client_role_users"."role_id") WHERE ("django_comment_client_role_users"."user_id" = 2  AND "django_comment_client_role"."course_id" = org.4510/course_4510/Run_4510 ); args=(2, u'org.4510/course_4510/Run_4510')
   django.db.backends: DEBUG: (0.000) SELECT (1) AS "a" FROM "django_comment_client_permission" INNER JOIN "django_comment_client_permission_roles" ON ("django_comment_client_permission"."name" = "django_comment_client_permission_roles"."permission_id") WHERE ("django_comment_client_permission_roles"."role_id" = 1  AND "django_comment_client_permission"."name" = delete_comment ) LIMIT 1; args=(1, 'delete_comment')
   django.db.backends: DEBUG: (0.000) SELECT "django_comment_client_role"."id", "django_comment_client_role"."name", "django_comment_client_role"."course_id" FROM "django_comment_client_role" INNER JOIN "django_comment_client_role_users" ON ("django_comment_client_role"."id" = "django_comment_client_role_users"."role_id") WHERE ("django_comment_client_role_users"."user_id" = 2  AND "django_comment_client_role"."course_id" = org.4510/course_4510/Run_4510 ); args=(2, u'org.4510/course_4510/Run_4510')
   django.db.backends: DEBUG: (0.000) SELECT (1) AS "a" FROM "django_comment_client_permission" INNER JOIN "django_comment_client_permission_roles" ON ("django_comment_client_permission"."name" = "django_comment_client_permission_roles"."permission_id") WHERE ("django_comment_client_permission_roles"."role_id" = 1  AND "django_comment_client_permission"."name" = update_comment ) LIMIT 1; args=(1, 'update_comment')
   django.db.backends: DEBUG: (0.000) SELECT "django_comment_client_role"."id", "django_comment_client_role"."name", "django_comment_client_role"."course_id" FROM "django_comment_client_role" INNER JOIN "django_comment_client_role_users" ON ("django_comment_client_role"."id" = "django_comment_client_role_users"."role_id") WHERE ("django_comment_client_role_users"."user_id" = 2  AND "django_comment_client_role"."course_id" = org.4510/course_4510/Run_4510 ); args=(2, u'org.4510/course_4510/Run_4510')
   django.db.backends: DEBUG: (0.000) SELECT (1) AS "a" FROM "django_comment_client_permission" INNER JOIN "django_comment_client_permission_roles" ON ("django_comment_client_permission"."name" = "django_comment_client_permission_roles"."permission_id") WHERE ("django_comment_client_permission_roles"."role_id" = 1  AND "django_comment_client_permission"."name" = vote ) LIMIT 1; args=(1, 'vote')
   django.db.backends: DEBUG: (0.000) SELECT "django_comment_client_role"."id", "django_comment_client_role"."name", "django_comment_client_role"."course_id" FROM "django_comment_client_role" INNER JOIN "django_comment_client_role_users" ON ("django_comment_client_role"."id" = "django_comment_client_role_users"."role_id") WHERE ("django_comment_client_role_users"."user_id" = 2  AND "django_comment_client_role"."course_id" = org.4510/course_4510/Run_4510 ); args=(2, u'org.4510/course_4510/Run_4510')
   django.db.backends: DEBUG: (0.000) SELECT (1) AS "a" FROM "django_comment_client_permission" INNER JOIN "django_comment_client_permission_roles" ON ("django_comment_client_permission"."name" = "django_comment_client_permission_roles"."permission_id") WHERE ("django_comment_client_permission_roles"."role_id" = 1  AND "django_comment_client_permission"."name" = edit_content ) LIMIT 1; args=(1, 'edit_content')
   django.db.backends: DEBUG: (0.000) SELECT "django_comment_client_role"."id", "django_comment_client_role"."name", "django_comment_client_role"."course_id" FROM "django_comment_client_role" INNER JOIN "django_comment_client_role_users" ON ("django_comment_client_role"."id" = "django_comment_client_role_users"."role_id") WHERE ("django_comment_client_role_users"."user_id" = 2  AND "django_comment_client_role"."course_id" = org.4510/course_4510/Run_4510 ); args=(2, u'org.4510/course_4510/Run_4510')
   django.db.backends: DEBUG: (0.000) SELECT (1) AS "a" FROM "django_comment_client_permission" INNER JOIN "django_comment_client_permission_roles" ON ("django_comment_client_permission"."name" = "django_comment_client_permission_roles"."permission_id") WHERE ("django_comment_client_permission_roles"."role_id" = 1  AND "django_comment_client_permission"."name" = update_comment ) LIMIT 1; args=(1, 'update_comment')
   django.db.backends: DEBUG: (0.000) SELECT "django_comment_client_role"."id", "django_comment_client_role"."name", "django_comment_client_role"."course_id" FROM "django_comment_client_role" INNER JOIN "django_comment_client_role_users" ON ("django_comment_client_role"."id" = "django_comment_client_role_users"."role_id") WHERE ("django_comment_client_role_users"."user_id" = 2  AND "django_comment_client_role"."course_id" = org.4510/course_4510/Run_4510 ); args=(2, u'org.4510/course_4510/Run_4510')
   django.db.backends: DEBUG: (0.000) SELECT (1) AS "a" FROM "django_comment_client_permission" INNER JOIN "django_comment_client_permission_roles" ON ("django_comment_client_permission"."name" = "django_comment_client_permission_roles"."permission_id") WHERE ("django_comment_client_permission_roles"."role_id" = 1  AND "django_comment_client_permission"."name" = create_sub_comment ) LIMIT 1; args=(1, 'create_sub_comment')
   django.db.backends: DEBUG: (0.000) SELECT "django_comment_client_role"."id", "django_comment_client_role"."name", "django_comment_client_role"."course_id" FROM "django_comment_client_role" INNER JOIN "django_comment_client_role_users" ON ("django_comment_client_role"."id" = "django_comment_client_role_users"."role_id") WHERE ("django_comment_client_role_users"."user_id" = 2  AND "django_comment_client_role"."course_id" = org.4510/course_4510/Run_4510 ); args=(2, u'org.4510/course_4510/Run_4510')
   django.db.backends: DEBUG: (0.000) SELECT (1) AS "a" FROM "django_comment_client_permission" INNER JOIN "django_comment_client_permission_roles" ON ("django_comment_client_permission"."name" = "django_comment_client_permission_roles"."permission_id") WHERE ("django_comment_client_permission_roles"."role_id" = 1  AND "django_comment_client_permission"."name" = delete_comment ) LIMIT 1; args=(1, 'delete_comment')
   django.db.backends: DEBUG: (0.000) SELECT "django_comment_client_role"."id", "django_comment_client_role"."name", "django_comment_client_role"."course_id" FROM "django_comment_client_role" INNER JOIN "django_comment_client_role_users" ON ("django_comment_client_role"."id" = "django_comment_client_role_users"."role_id") WHERE ("django_comment_client_role_users"."user_id" = 2  AND "django_comment_client_role"."course_id" = org.4510/course_4510/Run_4510 ); args=(2, u'org.4510/course_4510/Run_4510')
   django.db.backends: DEBUG: (0.000) SELECT (1) AS "a" FROM "django_comment_client_permission" INNER JOIN "django_comment_client_permission_roles" ON ("django_comment_client_permission"."name" = "django_comment_client_permission_roles"."permission_id") WHERE ("django_comment_client_permission_roles"."role_id" = 1  AND "django_comment_client_permission"."name" = update_comment ) LIMIT 1; args=(1, 'update_comment')
   django.db.backends: DEBUG: (0.000) SELECT "django_comment_client_role"."id", "django_comment_client_role"."name", "django_comment_client_role"."course_id" FROM "django_comment_client_role" INNER JOIN "django_comment_client_role_users" ON ("django_comment_client_role"."id" = "django_comment_client_role_users"."role_id") WHERE ("django_comment_client_role_users"."user_id" = 2  AND "django_comment_client_role"."course_id" = org.4510/course_4510/Run_4510 ); args=(2, u'org.4510/course_4510/Run_4510')
   django.db.backends: DEBUG: (0.000) SELECT (1) AS "a" FROM "django_comment_client_permission" INNER JOIN "django_comment_client_permission_roles" ON ("django_comment_client_permission"."name" = "django_comment_client_permission_roles"."permission_id") WHERE ("django_comment_client_permission_roles"."role_id" = 1  AND "django_comment_client_permission"."name" = vote ) LIMIT 1; args=(1, 'vote')
   django.db.backends: DEBUG: (0.000) SELECT "django_comment_client_role"."id", "django_comment_client_role"."name", "django_comment_client_role"."course_id" FROM "django_comment_client_role" INNER JOIN "django_comment_client_role_users" ON ("django_comment_client_role"."id" = "django_comment_client_role_users"."role_id") WHERE ("django_comment_client_role_users"."user_id" = 2  AND "django_comment_client_role"."course_id" = org.4510/course_4510/Run_4510 ); args=(2, u'org.4510/course_4510/Run_4510')
   django.db.backends: DEBUG: (0.000) SELECT (1) AS "a" FROM "django_comment_client_permission" INNER JOIN "django_comment_client_permission_roles" ON ("django_comment_client_permission"."name" = "django_comment_client_permission_roles"."permission_id") WHERE ("django_comment_client_permission_roles"."role_id" = 1  AND "django_comment_client_permission"."name" = edit_content ) LIMIT 1; args=(1, 'edit_content')
   django.db.backends: DEBUG: (0.000) SELECT "django_comment_client_role"."id", "django_comment_client_role"."name", "django_comment_client_role"."course_id" FROM "django_comment_client_role" INNER JOIN "django_comment_client_role_users" ON ("django_comment_client_role"."id" = "django_comment_client_role_users"."role_id") WHERE ("django_comment_client_role_users"."user_id" = 2  AND "django_comment_client_role"."course_id" = org.4510/course_4510/Run_4510 ); args=(2, u'org.4510/course_4510/Run_4510')
   django.db.backends: DEBUG: (0.000) SELECT (1) AS "a" FROM "django_comment_client_permission" INNER JOIN "django_comment_client_permission_roles" ON ("django_comment_client_permission"."name" = "django_comment_client_permission_roles"."permission_id") WHERE ("django_comment_client_permission_roles"."role_id" = 1  AND "django_comment_client_permission"."name" = update_comment ) LIMIT 1; args=(1, 'update_comment')
   django.db.backends: DEBUG: (0.000) SELECT "django_comment_client_role"."id", "django_comment_client_role"."name", "django_comment_client_role"."course_id" FROM "django_comment_client_role" INNER JOIN "django_comment_client_role_users" ON ("django_comment_client_role"."id" = "django_comment_client_role_users"."role_id") WHERE ("django_comment_client_role_users"."user_id" = 2  AND "django_comment_client_role"."course_id" = org.4510/course_4510/Run_4510 ); args=(2, u'org.4510/course_4510/Run_4510')
   django.db.backends: DEBUG: (0.000) SELECT (1) AS "a" FROM "django_comment_client_permission" INNER JOIN "django_comment_client_permission_roles" ON ("django_comment_client_permission"."name" = "django_comment_client_permission_roles"."permission_id") WHERE ("django_comment_client_permission_roles"."role_id" = 1  AND "django_comment_client_permission"."name" = create_sub_comment ) LIMIT 1; args=(1, 'create_sub_comment')
   django.db.backends: DEBUG: (0.000) SELECT "django_comment_client_role"."id", "django_comment_client_role"."name", "django_comment_client_role"."course_id" FROM "django_comment_client_role" INNER JOIN "django_comment_client_role_users" ON ("django_comment_client_role"."id" = "django_comment_client_role_users"."role_id") WHERE ("django_comment_client_role_users"."user_id" = 2  AND "django_comment_client_role"."course_id" = org.4510/course_4510/Run_4510 ); args=(2, u'org.4510/course_4510/Run_4510')
   django.db.backends: DEBUG: (0.000) SELECT (1) AS "a" FROM "django_comment_client_permission" INNER JOIN "django_comment_client_permission_roles" ON ("django_comment_client_permission"."name" = "django_comment_client_permission_roles"."permission_id") WHERE ("django_comment_client_permission_roles"."role_id" = 1  AND "django_comment_client_permission"."name" = delete_comment ) LIMIT 1; args=(1, 'delete_comment')
   django.db.backends: DEBUG: (0.000) SELECT "django_comment_client_role"."id", "django_comment_client_role"."name", "django_comment_client_role"."course_id" FROM "django_comment_client_role" INNER JOIN "django_comment_client_role_users" ON ("django_comment_client_role"."id" = "django_comment_client_role_users"."role_id") WHERE ("django_comment_client_role_users"."user_id" = 2  AND "django_comment_client_role"."course_id" = org.4510/course_4510/Run_4510 ); args=(2, u'org.4510/course_4510/Run_4510')
   django.db.backends: DEBUG: (0.000) SELECT (1) AS "a" FROM "django_comment_client_permission" INNER JOIN "django_comment_client_permission_roles" ON ("django_comment_client_permission"."name" = "django_comment_client_permission_roles"."permission_id") WHERE ("django_comment_client_permission_roles"."role_id" = 1  AND "django_comment_client_permission"."name" = update_comment ) LIMIT 1; args=(1, 'update_comment')
   django.db.backends: DEBUG: (0.000) SELECT "django_comment_client_role"."id", "django_comment_client_role"."name", "django_comment_client_role"."course_id" FROM "django_comment_client_role" INNER JOIN "django_comment_client_role_users" ON ("django_comment_client_role"."id" = "django_comment_client_role_users"."role_id") WHERE ("django_comment_client_role_users"."user_id" = 2  AND "django_comment_client_role"."course_id" = org.4510/course_4510/Run_4510 ); args=(2, u'org.4510/course_4510/Run_4510')
   django.db.backends: DEBUG: (0.000) SELECT (1) AS "a" FROM "django_comment_client_permission" INNER JOIN "django_comment_client_permission_roles" ON ("django_comment_client_permission"."name" = "django_comment_client_permission_roles"."permission_id") WHERE ("django_comment_client_permission_roles"."role_id" = 1  AND "django_comment_client_permission"."name" = vote ) LIMIT 1; args=(1, 'vote')
   django.db.backends: DEBUG: (0.000) SELECT "django_comment_client_role"."id", "django_comment_client_role"."name", "django_comment_client_role"."course_id" FROM "django_comment_client_role" INNER JOIN "django_comment_client_role_users" ON ("django_comment_client_role"."id" = "django_comment_client_role_users"."role_id") WHERE ("django_comment_client_role_users"."user_id" = 2  AND "django_comment_client_role"."course_id" = org.4510/course_4510/Run_4510 ); args=(2, u'org.4510/course_4510/Run_4510')
   django.db.backends: DEBUG: (0.000) SELECT (1) AS "a" FROM "django_comment_client_permission" INNER JOIN "django_comment_client_permission_roles" ON ("django_comment_client_permission"."name" = "django_comment_client_permission_roles"."permission_id") WHERE ("django_comment_client_permission_roles"."role_id" = 1  AND "django_comment_client_permission"."name" = edit_content ) LIMIT 1; args=(1, 'edit_content')
   django.db.backends: DEBUG: (0.000) SELECT "django_comment_client_role"."id", "django_comment_client_role"."name", "django_comment_client_role"."course_id" FROM "django_comment_client_role" INNER JOIN "django_comment_client_role_users" ON ("django_comment_client_role"."id" = "django_comment_client_role_users"."role_id") WHERE ("django_comment_client_role_users"."user_id" = 2  AND "django_comment_client_role"."course_id" = org.4510/course_4510/Run_4510 ); args=(2, u'org.4510/course_4510/Run_4510')
   django.db.backends: DEBUG: (0.000) SELECT (1) AS "a" FROM "django_comment_client_permission" INNER JOIN "django_comment_client_permission_roles" ON ("django_comment_client_permission"."name" = "django_comment_client_permission_roles"."permission_id") WHERE ("django_comment_client_permission_roles"."role_id" = 1  AND "django_comment_client_permission"."name" = update_comment ) LIMIT 1; args=(1, 'update_comment')
   django.db.backends: DEBUG: (0.000) SELECT "django_comment_client_role"."id", "django_comment_client_role"."name", "django_comment_client_role"."course_id" FROM "django_comment_client_role" INNER JOIN "django_comment_client_role_users" ON ("django_comment_client_role"."id" = "django_comment_client_role_users"."role_id") WHERE ("django_comment_client_role_users"."user_id" = 2  AND "django_comment_client_role"."course_id" = org.4510/course_4510/Run_4510 ); args=(2, u'org.4510/course_4510/Run_4510')
   django.db.backends: DEBUG: (0.000) SELECT (1) AS "a" FROM "django_comment_client_permission" INNER JOIN "django_comment_client_permission_roles" ON ("django_comment_client_permission"."name" = "django_comment_client_permission_roles"."permission_id") WHERE ("django_comment_client_permission_roles"."role_id" = 1  AND "django_comment_client_permission"."name" = create_sub_comment ) LIMIT 1; args=(1, 'create_sub_comment')
   django.db.backends: DEBUG: (0.000) SELECT "django_comment_client_role"."id", "django_comment_client_role"."name", "django_comment_client_role"."course_id" FROM "django_comment_client_role" INNER JOIN "django_comment_client_role_users" ON ("django_comment_client_role"."id" = "django_comment_client_role_users"."role_id") WHERE ("django_comment_client_role_users"."user_id" = 2  AND "django_comment_client_role"."course_id" = org.4510/course_4510/Run_4510 ); args=(2, u'org.4510/course_4510/Run_4510')
   django.db.backends: DEBUG: (0.000) SELECT (1) AS "a" FROM "django_comment_client_permission" INNER JOIN "django_comment_client_permission_roles" ON ("django_comment_client_permission"."name" = "django_comment_client_permission_roles"."permission_id") WHERE ("django_comment_client_permission_roles"."role_id" = 1  AND "django_comment_client_permission"."name" = delete_comment ) LIMIT 1; args=(1, 'delete_comment')
   django.db.backends: DEBUG: (0.000) SELECT "django_comment_client_role"."id", "django_comment_client_role"."name", "django_comment_client_role"."course_id" FROM "django_comment_client_role" INNER JOIN "django_comment_client_role_users" ON ("django_comment_client_role"."id" = "django_comment_client_role_users"."role_id") WHERE ("django_comment_client_role_users"."user_id" = 2  AND "django_comment_client_role"."course_id" = org.4510/course_4510/Run_4510 ); args=(2, u'org.4510/course_4510/Run_4510')
   django.db.backends: DEBUG: (0.000) SELECT (1) AS "a" FROM "django_comment_client_permission" INNER JOIN "django_comment_client_permission_roles" ON ("django_comment_client_permission"."name" = "django_comment_client_permission_roles"."permission_id") WHERE ("django_comment_client_permission_roles"."role_id" = 1  AND "django_comment_client_permission"."name" = update_comment ) LIMIT 1; args=(1, 'update_comment')
   django.db.backends: DEBUG: (0.000) SELECT "django_comment_client_role"."id", "django_comment_client_role"."name", "django_comment_client_role"."course_id" FROM "django_comment_client_role" INNER JOIN "django_comment_client_role_users" ON ("django_comment_client_role"."id" = "django_comment_client_role_users"."role_id") WHERE ("django_comment_client_role_users"."user_id" = 2  AND "django_comment_client_role"."course_id" = org.4510/course_4510/Run_4510 ); args=(2, u'org.4510/course_4510/Run_4510')
   django.db.backends: DEBUG: (0.000) SELECT (1) AS "a" FROM "django_comment_client_permission" INNER JOIN "django_comment_client_permission_roles" ON ("django_comment_client_permission"."name" = "django_comment_client_permission_roles"."permission_id") WHERE ("django_comment_client_permission_roles"."role_id" = 1  AND "django_comment_client_permission"."name" = vote ) LIMIT 1; args=(1, 'vote')
   django.db.backends: DEBUG: (0.000) SELECT "django_comment_client_role"."id", "django_comment_client_role"."name", "django_comment_client_role"."course_id" FROM "django_comment_client_role" INNER JOIN "django_comment_client_role_users" ON ("django_comment_client_role"."id" = "django_comment_client_role_users"."role_id") WHERE ("django_comment_client_role_users"."user_id" = 2  AND "django_comment_client_role"."course_id" = org.4510/course_4510/Run_4510 ); args=(2, u'org.4510/course_4510/Run_4510')
   django.db.backends: DEBUG: (0.000) SELECT (1) AS "a" FROM "django_comment_client_permission" INNER JOIN "django_comment_client_permission_roles" ON ("django_comment_client_permission"."name" = "django_comment_client_permission_roles"."permission_id") WHERE ("django_comment_client_permission_roles"."role_id" = 1  AND "django_comment_client_permission"."name" = edit_content ) LIMIT 1; args=(1, 'edit_content')
   django.db.backends: DEBUG: (0.000) SELECT "django_comment_client_role"."id", "django_comment_client_role"."name", "django_comment_client_role"."course_id" FROM "django_comment_client_role" INNER JOIN "django_comment_client_role_users" ON ("django_comment_client_role"."id" = "django_comment_client_role_users"."role_id") WHERE ("django_comment_client_role_users"."user_id" = 2  AND "django_comment_client_role"."course_id" = org.4510/course_4510/Run_4510 ); args=(2, u'org.4510/course_4510/Run_4510')
   django.db.backends: DEBUG: (0.000) SELECT (1) AS "a" FROM "django_comment_client_permission" INNER JOIN "django_comment_client_permission_roles" ON ("django_comment_client_permission"."name" = "django_comment_client_permission_roles"."permission_id") WHERE ("django_comment_client_permission_roles"."role_id" = 1  AND "django_comment_client_permission"."name" = update_comment ) LIMIT 1; args=(1, 'update_comment')
   django.db.backends: DEBUG: (0.000) SELECT "django_comment_client_role"."id", "django_comment_client_role"."name", "django_comment_client_role"."course_id" FROM "django_comment_client_role" INNER JOIN "django_comment_client_role_users" ON ("django_comment_client_role"."id" = "django_comment_client_role_users"."role_id") WHERE ("django_comment_client_role_users"."user_id" = 2  AND "django_comment_client_role"."course_id" = org.4510/course_4510/Run_4510 ); args=(2, u'org.4510/course_4510/Run_4510')
   django.db.backends: DEBUG: (0.000) SELECT (1) AS "a" FROM "django_comment_client_permission" INNER JOIN "django_comment_client_permission_roles" ON ("django_comment_client_permission"."name" = "django_comment_client_permission_roles"."permission_id") WHERE ("django_comment_client_permission_roles"."role_id" = 1  AND "django_comment_client_permission"."name" = create_sub_comment ) LIMIT 1; args=(1, 'create_sub_comment')
   django.db.backends: DEBUG: (0.000) SELECT "django_comment_client_role"."id", "django_comment_client_role"."name", "django_comment_client_role"."course_id" FROM "django_comment_client_role" INNER JOIN "django_comment_client_role_users" ON ("django_comment_client_role"."id" = "django_comment_client_role_users"."role_id") WHERE ("django_comment_client_role_users"."user_id" = 2  AND "django_comment_client_role"."course_id" = org.4510/course_4510/Run_4510 ); args=(2, u'org.4510/course_4510/Run_4510')
   django.db.backends: DEBUG: (0.000) SELECT (1) AS "a" FROM "django_comment_client_permission" INNER JOIN "django_comment_client_permission_roles" ON ("django_comment_client_permission"."name" = "django_comment_client_permission_roles"."permission_id") WHERE ("django_comment_client_permission_roles"."role_id" = 1  AND "django_comment_client_permission"."name" = delete_comment ) LIMIT 1; args=(1, 'delete_comment')
   django.db.backends: DEBUG: (0.000) SELECT "django_comment_client_role"."id", "django_comment_client_role"."name", "django_comment_client_role"."course_id" FROM "django_comment_client_role" INNER JOIN "django_comment_client_role_users" ON ("django_comment_client_role"."id" = "django_comment_client_role_users"."role_id") WHERE ("django_comment_client_role_users"."user_id" = 2  AND "django_comment_client_role"."course_id" = org.4510/course_4510/Run_4510 ); args=(2, u'org.4510/course_4510/Run_4510')
   django.db.backends: DEBUG: (0.000) SELECT (1) AS "a" FROM "django_comment_client_permission" INNER JOIN "django_comment_client_permission_roles" ON ("django_comment_client_permission"."name" = "django_comment_client_permission_roles"."permission_id") WHERE ("django_comment_client_permission_roles"."role_id" = 1  AND "django_comment_client_permission"."name" = update_comment ) LIMIT 1; args=(1, 'update_comment')
   django.db.backends: DEBUG: (0.000) SELECT "django_comment_client_role"."id", "django_comment_client_role"."name", "django_comment_client_role"."course_id" FROM "django_comment_client_role" INNER JOIN "django_comment_client_role_users" ON ("django_comment_client_role"."id" = "django_comment_client_role_users"."role_id") WHERE ("django_comment_client_role_users"."user_id" = 2  AND "django_comment_client_role"."course_id" = org.4510/course_4510/Run_4510 ); args=(2, u'org.4510/course_4510/Run_4510')
   django.db.backends: DEBUG: (0.000) SELECT (1) AS "a" FROM "django_comment_client_permission" INNER JOIN "django_comment_client_permission_roles" ON ("django_comment_client_permission"."name" = "django_comment_client_permission_roles"."permission_id") WHERE ("django_comment_client_permission_roles"."role_id" = 1  AND "django_comment_client_permission"."name" = vote ) LIMIT 1; args=(1, 'vote')
   django.db.backends: DEBUG: (0.000) SELECT "django_comment_client_role"."id", "django_comment_client_role"."name", "django_comment_client_role"."course_id" FROM "django_comment_client_role" INNER JOIN "django_comment_client_role_users" ON ("django_comment_client_role"."id" = "django_comment_client_role_users"."role_id") WHERE ("django_comment_client_role_users"."user_id" = 2  AND "django_comment_client_role"."course_id" = org.4510/course_4510/Run_4510 ); args=(2, u'org.4510/course_4510/Run_4510')
   django.db.backends: DEBUG: (0.000) SELECT (1) AS "a" FROM "django_comment_client_permission" INNER JOIN "django_comment_client_permission_roles" ON ("django_comment_client_permission"."name" = "django_comment_client_permission_roles"."permission_id") WHERE ("django_comment_client_permission_roles"."role_id" = 1  AND "django_comment_client_permission"."name" = edit_content ) LIMIT 1; args=(1, 'edit_content')
   django.db.backends: DEBUG: (0.000) SELECT "django_comment_client_role"."id", "django_comment_client_role"."name", "django_comment_client_role"."course_id" FROM "django_comment_client_role" INNER JOIN "django_comment_client_role_users" ON ("django_comment_client_role"."id" = "django_comment_client_role_users"."role_id") WHERE ("django_comment_client_role_users"."user_id" = 2  AND "django_comment_client_role"."course_id" = org.4510/course_4510/Run_4510 ); args=(2, u'org.4510/course_4510/Run_4510')
   django.db.backends: DEBUG: (0.000) SELECT (1) AS "a" FROM "django_comment_client_permission" INNER JOIN "django_comment_client_permission_roles" ON ("django_comment_client_permission"."name" = "django_comment_client_permission_roles"."permission_id") WHERE ("django_comment_client_permission_roles"."role_id" = 1  AND "django_comment_client_permission"."name" = update_comment ) LIMIT 1; args=(1, 'update_comment')
   django.db.backends: DEBUG: (0.000) SELECT "django_comment_client_role"."id", "django_comment_client_role"."name", "django_comment_client_role"."course_id" FROM "django_comment_client_role" INNER JOIN "django_comment_client_role_users" ON ("django_comment_client_role"."id" = "django_comment_client_role_users"."role_id") WHERE ("django_comment_client_role_users"."user_id" = 2  AND "django_comment_client_role"."course_id" = org.4510/course_4510/Run_4510 ); args=(2, u'org.4510/course_4510/Run_4510')
   django.db.backends: DEBUG: (0.000) SELECT (1) AS "a" FROM "django_comment_client_permission" INNER JOIN "django_comment_client_permission_roles" ON ("django_comment_client_permission"."name" = "django_comment_client_permission_roles"."permission_id") WHERE ("django_comment_client_permission_roles"."role_id" = 1  AND "django_comment_client_permission"."name" = create_sub_comment ) LIMIT 1; args=(1, 'create_sub_comment')
   django.db.backends: DEBUG: (0.000) SELECT "django_comment_client_role"."id", "django_comment_client_role"."name", "django_comment_client_role"."course_id" FROM "django_comment_client_role" INNER JOIN "django_comment_client_role_users" ON ("django_comment_client_role"."id" = "django_comment_client_role_users"."role_id") WHERE ("django_comment_client_role_users"."user_id" = 2  AND "django_comment_client_role"."course_id" = org.4510/course_4510/Run_4510 ); args=(2, u'org.4510/course_4510/Run_4510')
   django.db.backends: DEBUG: (0.000) SELECT (1) AS "a" FROM "django_comment_client_permission" INNER JOIN "django_comment_client_permission_roles" ON ("django_comment_client_permission"."name" = "django_comment_client_permission_roles"."permission_id") WHERE ("django_comment_client_permission_roles"."role_id" = 1  AND "django_comment_client_permission"."name" = delete_comment ) LIMIT 1; args=(1, 'delete_comment')
   django.db.backends: DEBUG: (0.000) SELECT "django_comment_client_role"."id", "django_comment_client_role"."name", "django_comment_client_role"."course_id" FROM "django_comment_client_role" INNER JOIN "django_comment_client_role_users" ON ("django_comment_client_role"."id" = "django_comment_client_role_users"."role_id") WHERE ("django_comment_client_role_users"."user_id" = 2  AND "django_comment_client_role"."course_id" = org.4510/course_4510/Run_4510 ); args=(2, u'org.4510/course_4510/Run_4510')
   django.db.backends: DEBUG: (0.000) SELECT (1) AS "a" FROM "django_comment_client_permission" INNER JOIN "django_comment_client_permission_roles" ON ("django_comment_client_permission"."name" = "django_comment_client_permission_roles"."permission_id") WHERE ("django_comment_client_permission_roles"."role_id" = 1  AND "django_comment_client_permission"."name" = update_comment ) LIMIT 1; args=(1, 'update_comment')
   django.db.backends: DEBUG: (0.000) SELECT "django_comment_client_role"."id", "django_comment_client_role"."name", "django_comment_client_role"."course_id" FROM "django_comment_client_role" INNER JOIN "django_comment_client_role_users" ON ("django_comment_client_role"."id" = "django_comment_client_role_users"."role_id") WHERE ("django_comment_client_role_users"."user_id" = 2  AND "django_comment_client_role"."course_id" = org.4510/course_4510/Run_4510 ); args=(2, u'org.4510/course_4510/Run_4510')
   django.db.backends: DEBUG: (0.000) SELECT (1) AS "a" FROM "django_comment_client_permission" INNER JOIN "django_comment_client_permission_roles" ON ("django_comment_client_permission"."name" = "django_comment_client_permission_roles"."permission_id") WHERE ("django_comment_client_permission_roles"."role_id" = 1  AND "django_comment_client_permission"."name" = vote ) LIMIT 1; args=(1, 'vote')
   django.db.backends: DEBUG: (0.000) SELECT "django_comment_client_role"."id", "django_comment_client_role"."name", "django_comment_client_role"."course_id" FROM "django_comment_client_role" INNER JOIN "django_comment_client_role_users" ON ("django_comment_client_role"."id" = "django_comment_client_role_users"."role_id") WHERE ("django_comment_client_role_users"."user_id" = 2  AND "django_comment_client_role"."course_id" = org.4510/course_4510/Run_4510 ); args=(2, u'org.4510/course_4510/Run_4510')
   django.db.backends: DEBUG: (0.000) SELECT (1) AS "a" FROM "django_comment_client_permission" INNER JOIN "django_comment_client_permission_roles" ON ("django_comment_client_permission"."name" = "django_comment_client_permission_roles"."permission_id") WHERE ("django_comment_client_permission_roles"."role_id" = 1  AND "django_comment_client_permission"."name" = edit_content ) LIMIT 1; args=(1, 'edit_content')
   django.db.backends: DEBUG: (0.000) SELECT "django_comment_client_role"."id", "django_comment_client_role"."name", "django_comment_client_role"."course_id" FROM "django_comment_client_role" INNER JOIN "django_comment_client_role_users" ON ("django_comment_client_role"."id" = "django_comment_client_role_users"."role_id") WHERE ("django_comment_client_role_users"."user_id" = 2  AND "django_comment_client_role"."course_id" = org.4510/course_4510/Run_4510 ); args=(2, u'org.4510/course_4510/Run_4510')
   django.db.backends: DEBUG: (0.000) SELECT (1) AS "a" FROM "django_comment_client_permission" INNER JOIN "django_comment_client_permission_roles" ON ("django_comment_client_permission"."name" = "django_comment_client_permission_roles"."permission_id") WHERE ("django_comment_client_permission_roles"."role_id" = 1  AND "django_comment_client_permission"."name" = update_comment ) LIMIT 1; args=(1, 'update_comment')
   django.db.backends: DEBUG: (0.000) SELECT "django_comment_client_role"."id", "django_comment_client_role"."name", "django_comment_client_role"."course_id" FROM "django_comment_client_role" INNER JOIN "django_comment_client_role_users" ON ("django_comment_client_role"."id" = "django_comment_client_role_users"."role_id") WHERE ("django_comment_client_role_users"."user_id" = 2  AND "django_comment_client_role"."course_id" = org.4510/course_4510/Run_4510 ); args=(2, u'org.4510/course_4510/Run_4510')
   django.db.backends: DEBUG: (0.000) SELECT (1) AS "a" FROM "django_comment_client_permission" INNER JOIN "django_comment_client_permission_roles" ON ("django_comment_client_permission"."name" = "django_comment_client_permission_roles"."permission_id") WHERE ("django_comment_client_permission_roles"."role_id" = 1  AND "django_comment_client_permission"."name" = create_sub_comment ) LIMIT 1; args=(1, 'create_sub_comment')
   django.db.backends: DEBUG: (0.000) SELECT "django_comment_client_role"."id", "django_comment_client_role"."name", "django_comment_client_role"."course_id" FROM "django_comment_client_role" INNER JOIN "django_comment_client_role_users" ON ("django_comment_client_role"."id" = "django_comment_client_role_users"."role_id") WHERE ("django_comment_client_role_users"."user_id" = 2  AND "django_comment_client_role"."course_id" = org.4510/course_4510/Run_4510 ); args=(2, u'org.4510/course_4510/Run_4510')
   django.db.backends: DEBUG: (0.000) SELECT (1) AS "a" FROM "django_comment_client_permission" INNER JOIN "django_comment_client_permission_roles" ON ("django_comment_client_permission"."name" = "django_comment_client_permission_roles"."permission_id") WHERE ("django_comment_client_permission_roles"."role_id" = 1  AND "django_comment_client_permission"."name" = delete_comment ) LIMIT 1; args=(1, 'delete_comment')
   django.db.backends: DEBUG: (0.000) SELECT "django_comment_client_role"."id", "django_comment_client_role"."name", "django_comment_client_role"."course_id" FROM "django_comment_client_role" INNER JOIN "django_comment_client_role_users" ON ("django_comment_client_role"."id" = "django_comment_client_role_users"."role_id") WHERE ("django_comment_client_role_users"."user_id" = 2  AND "django_comment_client_role"."course_id" = org.4510/course_4510/Run_4510 ); args=(2, u'org.4510/course_4510/Run_4510')
   django.db.backends: DEBUG: (0.000) SELECT (1) AS "a" FROM "django_comment_client_permission" INNER JOIN "django_comment_client_permission_roles" ON ("django_comment_client_permission"."name" = "django_comment_client_permission_roles"."permission_id") WHERE ("django_comment_client_permission_roles"."role_id" = 1  AND "django_comment_client_permission"."name" = update_comment ) LIMIT 1; args=(1, 'update_comment')
   django.db.backends: DEBUG: (0.000) SELECT "django_comment_client_role"."id", "django_comment_client_role"."name", "django_comment_client_role"."course_id" FROM "django_comment_client_role" INNER JOIN "django_comment_client_role_users" ON ("django_comment_client_role"."id" = "django_comment_client_role_users"."role_id") WHERE ("django_comment_client_role_users"."user_id" = 2  AND "django_comment_client_role"."course_id" = org.4510/course_4510/Run_4510 ); args=(2, u'org.4510/course_4510/Run_4510')
   django.db.backends: DEBUG: (0.000) SELECT (1) AS "a" FROM "django_comment_client_permission" INNER JOIN "django_comment_client_permission_roles" ON ("django_comment_client_permission"."name" = "django_comment_client_permission_roles"."permission_id") WHERE ("django_comment_client_permission_roles"."role_id" = 1  AND "django_comment_client_permission"."name" = vote ) LIMIT 1; args=(1, 'vote')
   django.db.backends: DEBUG: (0.000) SELECT "django_comment_client_role"."id", "django_comment_client_role"."name", "django_comment_client_role"."course_id" FROM "django_comment_client_role" INNER JOIN "django_comment_client_role_users" ON ("django_comment_client_role"."id" = "django_comment_client_role_users"."role_id") WHERE ("django_comment_client_role_users"."user_id" = 2  AND "django_comment_client_role"."course_id" = org.4510/course_4510/Run_4510 ); args=(2, u'org.4510/course_4510/Run_4510')
   django.db.backends: DEBUG: (0.000) SELECT (1) AS "a" FROM "django_comment_client_permission" INNER JOIN "django_comment_client_permission_roles" ON ("django_comment_client_permission"."name" = "django_comment_client_permission_roles"."permission_id") WHERE ("django_comment_client_permission_roles"."role_id" = 1  AND "django_comment_client_permission"."name" = edit_content ) LIMIT 1; args=(1, 'edit_content')
   django.db.backends: DEBUG: (0.000) SELECT "django_comment_client_role"."id", "django_comment_client_role"."name", "django_comment_client_role"."course_id" FROM "django_comment_client_role" INNER JOIN "django_comment_client_role_users" ON ("django_comment_client_role"."id" = "django_comment_client_role_users"."role_id") WHERE ("django_comment_client_role_users"."user_id" = 2  AND "django_comment_client_role"."course_id" = org.4510/course_4510/Run_4510 ); args=(2, u'org.4510/course_4510/Run_4510')
   django.db.backends: DEBUG: (0.000) SELECT (1) AS "a" FROM "django_comment_client_permission" INNER JOIN "django_comment_client_permission_roles" ON ("django_comment_client_permission"."name" = "django_comment_client_permission_roles"."permission_id") WHERE ("django_comment_client_permission_roles"."role_id" = 1  AND "django_comment_client_permission"."name" = update_comment ) LIMIT 1; args=(1, 'update_comment')
   django.db.backends: DEBUG: (0.000) SELECT "django_comment_client_role"."id", "django_comment_client_role"."name", "django_comment_client_role"."course_id" FROM "django_comment_client_role" INNER JOIN "django_comment_client_role_users" ON ("django_comment_client_role"."id" = "django_comment_client_role_users"."role_id") WHERE ("django_comment_client_role_users"."user_id" = 2  AND "django_comment_client_role"."course_id" = org.4510/course_4510/Run_4510 ); args=(2, u'org.4510/course_4510/Run_4510')
   django.db.backends: DEBUG: (0.000) SELECT (1) AS "a" FROM "django_comment_client_permission" INNER JOIN "django_comment_client_permission_roles" ON ("django_comment_client_permission"."name" = "django_comment_client_permission_roles"."permission_id") WHERE ("django_comment_client_permission_roles"."role_id" = 1  AND "django_comment_client_permission"."name" = create_sub_comment ) LIMIT 1; args=(1, 'create_sub_comment')
   django.db.backends: DEBUG: (0.000) SELECT "django_comment_client_role"."id", "django_comment_client_role"."name", "django_comment_client_role"."course_id" FROM "django_comment_client_role" INNER JOIN "django_comment_client_role_users" ON ("django_comment_client_role"."id" = "django_comment_client_role_users"."role_id") WHERE ("django_comment_client_role_users"."user_id" = 2  AND "django_comment_client_role"."course_id" = org.4510/course_4510/Run_4510 ); args=(2, u'org.4510/course_4510/Run_4510')
   django.db.backends: DEBUG: (0.000) SELECT (1) AS "a" FROM "django_comment_client_permission" INNER JOIN "django_comment_client_permission_roles" ON ("django_comment_client_permission"."name" = "django_comment_client_permission_roles"."permission_id") WHERE ("django_comment_client_permission_roles"."role_id" = 1  AND "django_comment_client_permission"."name" = delete_comment ) LIMIT 1; args=(1, 'delete_comment')
   django.db.backends: DEBUG: (0.000) SELECT "django_comment_client_role"."id", "django_comment_client_role"."name", "django_comment_client_role"."course_id" FROM "django_comment_client_role" INNER JOIN "django_comment_client_role_users" ON ("django_comment_client_role"."id" = "django_comment_client_role_users"."role_id") WHERE ("django_comment_client_role_users"."user_id" = 2  AND "django_comment_client_role"."course_id" = org.4510/course_4510/Run_4510 ); args=(2, u'org.4510/course_4510/Run_4510')
   django.db.backends: DEBUG: (0.000) SELECT (1) AS "a" FROM "django_comment_client_permission" INNER JOIN "django_comment_client_permission_roles" ON ("django_comment_client_permission"."name" = "django_comment_client_permission_roles"."permission_id") WHERE ("django_comment_client_permission_roles"."role_id" = 1  AND "django_comment_client_permission"."name" = update_comment ) LIMIT 1; args=(1, 'update_comment')
   django.db.backends: DEBUG: (0.000) SELECT "django_comment_client_role"."id", "django_comment_client_role"."name", "django_comment_client_role"."course_id" FROM "django_comment_client_role" INNER JOIN "django_comment_client_role_users" ON ("django_comment_client_role"."id" = "django_comment_client_role_users"."role_id") WHERE ("django_comment_client_role_users"."user_id" = 2  AND "django_comment_client_role"."course_id" = org.4510/course_4510/Run_4510 ); args=(2, u'org.4510/course_4510/Run_4510')
   django.db.backends: DEBUG: (0.000) SELECT (1) AS "a" FROM "django_comment_client_permission" INNER JOIN "django_comment_client_permission_roles" ON ("django_comment_client_permission"."name" = "django_comment_client_permission_roles"."permission_id") WHERE ("django_comment_client_permission_roles"."role_id" = 1  AND "django_comment_client_permission"."name" = vote ) LIMIT 1; args=(1, 'vote')
   django.db.backends: DEBUG: (0.000) SELECT "django_comment_client_role"."id", "django_comment_client_role"."name", "django_comment_client_role"."course_id" FROM "django_comment_client_role" INNER JOIN "django_comment_client_role_users" ON ("django_comment_client_role"."id" = "django_comment_client_role_users"."role_id") WHERE ("django_comment_client_role_users"."user_id" = 2  AND "django_comment_client_role"."course_id" = org.4510/course_4510/Run_4510 ); args=(2, u'org.4510/course_4510/Run_4510')
   django.db.backends: DEBUG: (0.000) SELECT (1) AS "a" FROM "django_comment_client_permission" INNER JOIN "django_comment_client_permission_roles" ON ("django_comment_client_permission"."name" = "django_comment_client_permission_roles"."permission_id") WHERE ("django_comment_client_permission_roles"."role_id" = 1  AND "django_comment_client_permission"."name" = edit_content ) LIMIT 1; args=(1, 'edit_content')
   django.db.backends: DEBUG: (0.000) SELECT "django_comment_client_role"."id", "django_comment_client_role"."name", "django_comment_client_role"."course_id" FROM "django_comment_client_role" INNER JOIN "django_comment_client_role_users" ON ("django_comment_client_role"."id" = "django_comment_client_role_users"."role_id") WHERE ("django_comment_client_role_users"."user_id" = 2  AND "django_comment_client_role"."course_id" = org.4510/course_4510/Run_4510 ); args=(2, u'org.4510/course_4510/Run_4510')
   django.db.backends: DEBUG: (0.000) SELECT (1) AS "a" FROM "django_comment_client_permission" INNER JOIN "django_comment_client_permission_roles" ON ("django_comment_client_permission"."name" = "django_comment_client_permission_roles"."permission_id") WHERE ("django_comment_client_permission_roles"."role_id" = 1  AND "django_comment_client_permission"."name" = update_comment ) LIMIT 1; args=(1, 'update_comment')
   django.db.backends: DEBUG: (0.000) SELECT "django_comment_client_role"."id", "django_comment_client_role"."name", "django_comment_client_role"."course_id" FROM "django_comment_client_role" INNER JOIN "django_comment_client_role_users" ON ("django_comment_client_role"."id" = "django_comment_client_role_users"."role_id") WHERE ("django_comment_client_role_users"."user_id" = 2  AND "django_comment_client_role"."course_id" = org.4510/course_4510/Run_4510 ); args=(2, u'org.4510/course_4510/Run_4510')
   django.db.backends: DEBUG: (0.000) SELECT (1) AS "a" FROM "django_comment_client_permission" INNER JOIN "django_comment_client_permission_roles" ON ("django_comment_client_permission"."name" = "django_comment_client_permission_roles"."permission_id") WHERE ("django_comment_client_permission_roles"."role_id" = 1  AND "django_comment_client_permission"."name" = create_sub_comment ) LIMIT 1; args=(1, 'create_sub_comment')
   django.db.backends: DEBUG: (0.000) SELECT "django_comment_client_role"."id", "django_comment_client_role"."name", "django_comment_client_role"."course_id" FROM "django_comment_client_role" INNER JOIN "django_comment_client_role_users" ON ("django_comment_client_role"."id" = "django_comment_client_role_users"."role_id") WHERE ("django_comment_client_role_users"."user_id" = 2  AND "django_comment_client_role"."course_id" = org.4510/course_4510/Run_4510 ); args=(2, u'org.4510/course_4510/Run_4510')
   django.db.backends: DEBUG: (0.000) SELECT (1) AS "a" FROM "django_comment_client_permission" INNER JOIN "django_comment_client_permission_roles" ON ("django_comment_client_permission"."name" = "django_comment_client_permission_roles"."permission_id") WHERE ("django_comment_client_permission_roles"."role_id" = 1  AND "django_comment_client_permission"."name" = delete_comment ) LIMIT 1; args=(1, 'delete_comment')
   django.db.backends: DEBUG: (0.000) SELECT "django_comment_client_role"."id", "django_comment_client_role"."name", "django_comment_client_role"."course_id" FROM "django_comment_client_role" INNER JOIN "django_comment_client_role_users" ON ("django_comment_client_role"."id" = "django_comment_client_role_users"."role_id") WHERE ("django_comment_client_role_users"."user_id" = 2  AND "django_comment_client_role"."course_id" = org.4510/course_4510/Run_4510 ); args=(2, u'org.4510/course_4510/Run_4510')
   django.db.backends: DEBUG: (0.000) SELECT (1) AS "a" FROM "django_comment_client_permission" INNER JOIN "django_comment_client_permission_roles" ON ("django_comment_client_permission"."name" = "django_comment_client_permission_roles"."permission_id") WHERE ("django_comment_client_permission_roles"."role_id" = 1  AND "django_comment_client_permission"."name" = update_comment ) LIMIT 1; args=(1, 'update_comment')
   django.db.backends: DEBUG: (0.000) SELECT "django_comment_client_role"."id", "django_comment_client_role"."name", "django_comment_client_role"."course_id" FROM "django_comment_client_role" INNER JOIN "django_comment_client_role_users" ON ("django_comment_client_role"."id" = "django_comment_client_role_users"."role_id") WHERE ("django_comment_client_role_users"."user_id" = 2  AND "django_comment_client_role"."course_id" = org.4510/course_4510/Run_4510 ); args=(2, u'org.4510/course_4510/Run_4510')
   django.db.backends: DEBUG: (0.000) SELECT (1) AS "a" FROM "django_comment_client_permission" INNER JOIN "django_comment_client_permission_roles" ON ("django_comment_client_permission"."name" = "django_comment_client_permission_roles"."permission_id") WHERE ("django_comment_client_permission_roles"."role_id" = 1  AND "django_comment_client_permission"."name" = vote ) LIMIT 1; args=(1, 'vote')
   django.db.backends: DEBUG: (0.000) SELECT "django_comment_client_role"."id", "django_comment_client_role"."name", "django_comment_client_role"."course_id" FROM "django_comment_client_role" INNER JOIN "django_comment_client_role_users" ON ("django_comment_client_role"."id" = "django_comment_client_role_users"."role_id") WHERE ("django_comment_client_role_users"."user_id" = 2  AND "django_comment_client_role"."course_id" = org.4510/course_4510/Run_4510 ); args=(2, u'org.4510/course_4510/Run_4510')
   django.db.backends: DEBUG: (0.000) SELECT (1) AS "a" FROM "django_comment_client_permission" INNER JOIN "django_comment_client_permission_roles" ON ("django_comment_client_permission"."name" = "django_comment_client_permission_roles"."permission_id") WHERE ("django_comment_client_permission_roles"."role_id" = 1  AND "django_comment_client_permission"."name" = edit_content ) LIMIT 1; args=(1, 'edit_content')
   django.db.backends: DEBUG: (0.000) SELECT "django_comment_client_role"."id", "django_comment_client_role"."name", "django_comment_client_role"."course_id" FROM "django_comment_client_role" INNER JOIN "django_comment_client_role_users" ON ("django_comment_client_role"."id" = "django_comment_client_role_users"."role_id") WHERE ("django_comment_client_role_users"."user_id" = 2  AND "django_comment_client_role"."course_id" = org.4510/course_4510/Run_4510 ); args=(2, u'org.4510/course_4510/Run_4510')
   django.db.backends: DEBUG: (0.000) SELECT (1) AS "a" FROM "django_comment_client_permission" INNER JOIN "django_comment_client_permission_roles" ON ("django_comment_client_permission"."name" = "django_comment_client_permission_roles"."permission_id") WHERE ("django_comment_client_permission_roles"."role_id" = 1  AND "django_comment_client_permission"."name" = update_comment ) LIMIT 1; args=(1, 'update_comment')
   django.db.backends: DEBUG: (0.000) SELECT "django_comment_client_role"."id", "django_comment_client_role"."name", "django_comment_client_role"."course_id" FROM "django_comment_client_role" INNER JOIN "django_comment_client_role_users" ON ("django_comment_client_role"."id" = "django_comment_client_role_users"."role_id") WHERE ("django_comment_client_role_users"."user_id" = 2  AND "django_comment_client_role"."course_id" = org.4510/course_4510/Run_4510 ); args=(2, u'org.4510/course_4510/Run_4510')
   django.db.backends: DEBUG: (0.000) SELECT (1) AS "a" FROM "django_comment_client_permission" INNER JOIN "django_comment_client_permission_roles" ON ("django_comment_client_permission"."name" = "django_comment_client_permission_roles"."permission_id") WHERE ("django_comment_client_permission_roles"."role_id" = 1  AND "django_comment_client_permission"."name" = create_sub_comment ) LIMIT 1; args=(1, 'create_sub_comment')
   django.db.backends: DEBUG: (0.001) SELECT "django_comment_client_role"."id", "django_comment_client_role"."name", "django_comment_client_role"."course_id" FROM "django_comment_client_role" INNER JOIN "django_comment_client_role_users" ON ("django_comment_client_role"."id" = "django_comment_client_role_users"."role_id") WHERE ("django_comment_client_role_users"."user_id" = 2  AND "django_comment_client_role"."course_id" = org.4510/course_4510/Run_4510 ); args=(2, u'org.4510/course_4510/Run_4510')
   django.db.backends: DEBUG: (0.000) SELECT (1) AS "a" FROM "django_comment_client_permission" INNER JOIN "django_comment_client_permission_roles" ON ("django_comment_client_permission"."name" = "django_comment_client_permission_roles"."permission_id") WHERE ("django_comment_client_permission_roles"."role_id" = 1  AND "django_comment_client_permission"."name" = delete_comment ) LIMIT 1; args=(1, 'delete_comment')
   django.db.backends: DEBUG: (0.000) SELECT "django_comment_client_role"."id", "django_comment_client_role"."name", "django_comment_client_role"."course_id" FROM "django_comment_client_role" INNER JOIN "django_comment_client_role_users" ON ("django_comment_client_role"."id" = "django_comment_client_role_users"."role_id") WHERE ("django_comment_client_role_users"."user_id" = 2  AND "django_comment_client_role"."course_id" = org.4510/course_4510/Run_4510 ); args=(2, u'org.4510/course_4510/Run_4510')
   django.db.backends: DEBUG: (0.000) SELECT (1) AS "a" FROM "django_comment_client_permission" INNER JOIN "django_comment_client_permission_roles" ON ("django_comment_client_permission"."name" = "django_comment_client_permission_roles"."permission_id") WHERE ("django_comment_client_permission_roles"."role_id" = 1  AND "django_comment_client_permission"."name" = update_comment ) LIMIT 1; args=(1, 'update_comment')
   django.db.backends: DEBUG: (0.000) SELECT "django_comment_client_role"."id", "django_comment_client_role"."name", "django_comment_client_role"."course_id" FROM "django_comment_client_role" INNER JOIN "django_comment_client_role_users" ON ("django_comment_client_role"."id" = "django_comment_client_role_users"."role_id") WHERE ("django_comment_client_role_users"."user_id" = 2  AND "django_comment_client_role"."course_id" = org.4510/course_4510/Run_4510 ); args=(2, u'org.4510/course_4510/Run_4510')
   django.db.backends: DEBUG: (0.000) SELECT (1) AS "a" FROM "django_comment_client_permission" INNER JOIN "django_comment_client_permission_roles" ON ("django_comment_client_permission"."name" = "django_comment_client_permission_roles"."permission_id") WHERE ("django_comment_client_permission_roles"."role_id" = 1  AND "django_comment_client_permission"."name" = vote ) LIMIT 1; args=(1, 'vote')
   django.db.backends: DEBUG: (0.000) SELECT "django_comment_client_role"."id", "django_comment_client_role"."name", "django_comment_client_role"."course_id" FROM "django_comment_client_role" INNER JOIN "django_comment_client_role_users" ON ("django_comment_client_role"."id" = "django_comment_client_role_users"."role_id") WHERE ("django_comment_client_role_users"."user_id" = 2  AND "django_comment_client_role"."course_id" = org.4510/course_4510/Run_4510 ); args=(2, u'org.4510/course_4510/Run_4510')
   django.db.backends: DEBUG: (0.000) SELECT (1) AS "a" FROM "django_comment_client_permission" INNER JOIN "django_comment_client_permission_roles" ON ("django_comment_client_permission"."name" = "django_comment_client_permission_roles"."permission_id") WHERE ("django_comment_client_permission_roles"."role_id" = 1  AND "django_comment_client_permission"."name" = edit_content ) LIMIT 1; args=(1, 'edit_content')
   django.db.backends: DEBUG: (0.000) SELECT "django_comment_client_role"."id", "django_comment_client_role"."name", "django_comment_client_role"."course_id" FROM "django_comment_client_role" INNER JOIN "django_comment_client_role_users" ON ("django_comment_client_role"."id" = "django_comment_client_role_users"."role_id") WHERE ("django_comment_client_role_users"."user_id" = 2  AND "django_comment_client_role"."course_id" = org.4510/course_4510/Run_4510 ); args=(2, u'org.4510/course_4510/Run_4510')
   django.db.backends: DEBUG: (0.000) SELECT (1) AS "a" FROM "django_comment_client_permission" INNER JOIN "django_comment_client_permission_roles" ON ("django_comment_client_permission"."name" = "django_comment_client_permission_roles"."permission_id") WHERE ("django_comment_client_permission_roles"."role_id" = 1  AND "django_comment_client_permission"."name" = update_comment ) LIMIT 1; args=(1, 'update_comment')
   django.db.backends: DEBUG: (0.000) SELECT "django_comment_client_role"."id", "django_comment_client_role"."name", "django_comment_client_role"."course_id" FROM "django_comment_client_role" INNER JOIN "django_comment_client_role_users" ON ("django_comment_client_role"."id" = "django_comment_client_role_users"."role_id") WHERE ("django_comment_client_role_users"."user_id" = 2  AND "django_comment_client_role"."course_id" = org.4510/course_4510/Run_4510 ); args=(2, u'org.4510/course_4510/Run_4510')
   django.db.backends: DEBUG: (0.000) SELECT (1) AS "a" FROM "django_comment_client_permission" INNER JOIN "django_comment_client_permission_roles" ON ("django_comment_client_permission"."name" = "django_comment_client_permission_roles"."permission_id") WHERE ("django_comment_client_permission_roles"."role_id" = 1  AND "django_comment_client_permission"."name" = create_sub_comment ) LIMIT 1; args=(1, 'create_sub_comment')
   django.db.backends: DEBUG: (0.000) SELECT "django_comment_client_role"."id", "django_comment_client_role"."name", "django_comment_client_role"."course_id" FROM "django_comment_client_role" INNER JOIN "django_comment_client_role_users" ON ("django_comment_client_role"."id" = "django_comment_client_role_users"."role_id") WHERE ("django_comment_client_role_users"."user_id" = 2  AND "django_comment_client_role"."course_id" = org.4510/course_4510/Run_4510 ); args=(2, u'org.4510/course_4510/Run_4510')
   django.db.backends: DEBUG: (0.000) SELECT (1) AS "a" FROM "django_comment_client_permission" INNER JOIN "django_comment_client_permission_roles" ON ("django_comment_client_permission"."name" = "django_comment_client_permission_roles"."permission_id") WHERE ("django_comment_client_permission_roles"."role_id" = 1  AND "django_comment_client_permission"."name" = delete_comment ) LIMIT 1; args=(1, 'delete_comment')
   django.db.backends: DEBUG: (0.000) SELECT "django_comment_client_role"."id", "django_comment_client_role"."name", "django_comment_client_role"."course_id" FROM "django_comment_client_role" INNER JOIN "django_comment_client_role_users" ON ("django_comment_client_role"."id" = "django_comment_client_role_users"."role_id") WHERE ("django_comment_client_role_users"."user_id" = 2  AND "django_comment_client_role"."course_id" = org.4510/course_4510/Run_4510 ); args=(2, u'org.4510/course_4510/Run_4510')
   django.db.backends: DEBUG: (0.000) SELECT (1) AS "a" FROM "django_comment_client_permission" INNER JOIN "django_comment_client_permission_roles" ON ("django_comment_client_permission"."name" = "django_comment_client_permission_roles"."permission_id") WHERE ("django_comment_client_permission_roles"."role_id" = 1  AND "django_comment_client_permission"."name" = update_comment ) LIMIT 1; args=(1, 'update_comment')
   django.db.backends: DEBUG: (0.000) SELECT "django_comment_client_role"."id", "django_comment_client_role"."name", "django_comment_client_role"."course_id" FROM "django_comment_client_role" INNER JOIN "django_comment_client_role_users" ON ("django_comment_client_role"."id" = "django_comment_client_role_users"."role_id") WHERE ("django_comment_client_role_users"."user_id" = 2  AND "django_comment_client_role"."course_id" = org.4510/course_4510/Run_4510 ); args=(2, u'org.4510/course_4510/Run_4510')
   django.db.backends: DEBUG: (0.000) SELECT (1) AS "a" FROM "django_comment_client_permission" INNER JOIN "django_comment_client_permission_roles" ON ("django_comment_client_permission"."name" = "django_comment_client_permission_roles"."permission_id") WHERE ("django_comment_client_permission_roles"."role_id" = 1  AND "django_comment_client_permission"."name" = vote ) LIMIT 1; args=(1, 'vote')
   django.db.backends: DEBUG: (0.000) SELECT "django_comment_client_role"."id", "django_comment_client_role"."name", "django_comment_client_role"."course_id" FROM "django_comment_client_role" INNER JOIN "django_comment_client_role_users" ON ("django_comment_client_role"."id" = "django_comment_client_role_users"."role_id") WHERE ("django_comment_client_role_users"."user_id" = 2  AND "django_comment_client_role"."course_id" = org.4510/course_4510/Run_4510 ); args=(2, u'org.4510/course_4510/Run_4510')
   django.db.backends: DEBUG: (0.000) SELECT (1) AS "a" FROM "django_comment_client_permission" INNER JOIN "django_comment_client_permission_roles" ON ("django_comment_client_permission"."name" = "django_comment_client_permission_roles"."permission_id") WHERE ("django_comment_client_permission_roles"."role_id" = 1  AND "django_comment_client_permission"."name" = edit_content ) LIMIT 1; args=(1, 'edit_content')
   django.db.backends: DEBUG: (0.000) SELECT "django_comment_client_role"."id", "django_comment_client_role"."name", "django_comment_client_role"."course_id" FROM "django_comment_client_role" INNER JOIN "django_comment_client_role_users" ON ("django_comment_client_role"."id" = "django_comment_client_role_users"."role_id") WHERE ("django_comment_client_role_users"."user_id" = 2  AND "django_comment_client_role"."course_id" = org.4510/course_4510/Run_4510 ); args=(2, u'org.4510/course_4510/Run_4510')
   django.db.backends: DEBUG: (0.000) SELECT (1) AS "a" FROM "django_comment_client_permission" INNER JOIN "django_comment_client_permission_roles" ON ("django_comment_client_permission"."name" = "django_comment_client_permission_roles"."permission_id") WHERE ("django_comment_client_permission_roles"."role_id" = 1  AND "django_comment_client_permission"."name" = update_comment ) LIMIT 1; args=(1, 'update_comment')
   django.db.backends: DEBUG: (0.000) SELECT "django_comment_client_role"."id", "django_comment_client_role"."name", "django_comment_client_role"."course_id" FROM "django_comment_client_role" INNER JOIN "django_comment_client_role_users" ON ("django_comment_client_role"."id" = "django_comment_client_role_users"."role_id") WHERE ("django_comment_client_role_users"."user_id" = 2  AND "django_comment_client_role"."course_id" = org.4510/course_4510/Run_4510 ); args=(2, u'org.4510/course_4510/Run_4510')
   django.db.backends: DEBUG: (0.000) SELECT (1) AS "a" FROM "django_comment_client_permission" INNER JOIN "django_comment_client_permission_roles" ON ("django_comment_client_permission"."name" = "django_comment_client_permission_roles"."permission_id") WHERE ("django_comment_client_permission_roles"."role_id" = 1  AND "django_comment_client_permission"."name" = create_sub_comment ) LIMIT 1; args=(1, 'create_sub_comment')
   django.db.backends: DEBUG: (0.000) SELECT "django_comment_client_role"."id", "django_comment_client_role"."name", "django_comment_client_role"."course_id" FROM "django_comment_client_role" INNER JOIN "django_comment_client_role_users" ON ("django_comment_client_role"."id" = "django_comment_client_role_users"."role_id") WHERE ("django_comment_client_role_users"."user_id" = 2  AND "django_comment_client_role"."course_id" = org.4510/course_4510/Run_4510 ); args=(2, u'org.4510/course_4510/Run_4510')
   django.db.backends: DEBUG: (0.000) SELECT (1) AS "a" FROM "django_comment_client_permission" INNER JOIN "django_comment_client_permission_roles" ON ("django_comment_client_permission"."name" = "django_comment_client_permission_roles"."permission_id") WHERE ("django_comment_client_permission_roles"."role_id" = 1  AND "django_comment_client_permission"."name" = delete_comment ) LIMIT 1; args=(1, 'delete_comment')
   django.db.backends: DEBUG: (0.000) SELECT "django_comment_client_role"."id", "django_comment_client_role"."name", "django_comment_client_role"."course_id" FROM "django_comment_client_role" INNER JOIN "django_comment_client_role_users" ON ("django_comment_client_role"."id" = "django_comment_client_role_users"."role_id") WHERE ("django_comment_client_role_users"."user_id" = 2  AND "django_comment_client_role"."course_id" = org.4510/course_4510/Run_4510 ); args=(2, u'org.4510/course_4510/Run_4510')
   django.db.backends: DEBUG: (0.000) SELECT (1) AS "a" FROM "django_comment_client_permission" INNER JOIN "django_comment_client_permission_roles" ON ("django_comment_client_permission"."name" = "django_comment_client_permission_roles"."permission_id") WHERE ("django_comment_client_permission_roles"."role_id" = 1  AND "django_comment_client_permission"."name" = update_comment ) LIMIT 1; args=(1, 'update_comment')
   django.db.backends: DEBUG: (0.000) SELECT "django_comment_client_role"."id", "django_comment_client_role"."name", "django_comment_client_role"."course_id" FROM "django_comment_client_role" INNER JOIN "django_comment_client_role_users" ON ("django_comment_client_role"."id" = "django_comment_client_role_users"."role_id") WHERE ("django_comment_client_role_users"."user_id" = 2  AND "django_comment_client_role"."course_id" = org.4510/course_4510/Run_4510 ); args=(2, u'org.4510/course_4510/Run_4510')
   django.db.backends: DEBUG: (0.001) SELECT (1) AS "a" FROM "django_comment_client_permission" INNER JOIN "django_comment_client_permission_roles" ON ("django_comment_client_permission"."name" = "django_comment_client_permission_roles"."permission_id") WHERE ("django_comment_client_permission_roles"."role_id" = 1  AND "django_comment_client_permission"."name" = vote ) LIMIT 1; args=(1, 'vote')
   django.db.backends: DEBUG: (0.000) SELECT "django_comment_client_role"."id", "django_comment_client_role"."name", "django_comment_client_role"."course_id" FROM "django_comment_client_role" INNER JOIN "django_comment_client_role_users" ON ("django_comment_client_role"."id" = "django_comment_client_role_users"."role_id") WHERE ("django_comment_client_role_users"."user_id" = 2  AND "django_comment_client_role"."course_id" = org.4510/course_4510/Run_4510 ); args=(2, u'org.4510/course_4510/Run_4510')
   django.db.backends: DEBUG: (0.000) SELECT (1) AS "a" FROM "django_comment_client_permission" INNER JOIN "django_comment_client_permission_roles" ON ("django_comment_client_permission"."name" = "django_comment_client_permission_roles"."permission_id") WHERE ("django_comment_client_permission_roles"."role_id" = 1  AND "django_comment_client_permission"."name" = edit_content ) LIMIT 1; args=(1, 'edit_content')
   django.db.backends: DEBUG: (0.000) SELECT "django_comment_client_role"."id", "django_comment_client_role"."name", "django_comment_client_role"."course_id" FROM "django_comment_client_role" INNER JOIN "django_comment_client_role_users" ON ("django_comment_client_role"."id" = "django_comment_client_role_users"."role_id") WHERE ("django_comment_client_role_users"."user_id" = 2  AND "django_comment_client_role"."course_id" = org.4510/course_4510/Run_4510 ); args=(2, u'org.4510/course_4510/Run_4510')
   django.db.backends: DEBUG: (0.000) SELECT (1) AS "a" FROM "django_comment_client_permission" INNER JOIN "django_comment_client_permission_roles" ON ("django_comment_client_permission"."name" = "django_comment_client_permission_roles"."permission_id") WHERE ("django_comment_client_permission_roles"."role_id" = 1  AND "django_comment_client_permission"."name" = update_comment ) LIMIT 1; args=(1, 'update_comment')
   django.db.backends: DEBUG: (0.000) SELECT "django_comment_client_role"."id", "django_comment_client_role"."name", "django_comment_client_role"."course_id" FROM "django_comment_client_role" INNER JOIN "django_comment_client_role_users" ON ("django_comment_client_role"."id" = "django_comment_client_role_users"."role_id") WHERE ("django_comment_client_role_users"."user_id" = 2  AND "django_comment_client_role"."course_id" = org.4510/course_4510/Run_4510 ); args=(2, u'org.4510/course_4510/Run_4510')
   django.db.backends: DEBUG: (0.000) SELECT (1) AS "a" FROM "django_comment_client_permission" INNER JOIN "django_comment_client_permission_roles" ON ("django_comment_client_permission"."name" = "django_comment_client_permission_roles"."permission_id") WHERE ("django_comment_client_permission_roles"."role_id" = 1  AND "django_comment_client_permission"."name" = create_sub_comment ) LIMIT 1; args=(1, 'create_sub_comment')
   django.db.backends: DEBUG: (0.000) SELECT "django_comment_client_role"."id", "django_comment_client_role"."name", "django_comment_client_role"."course_id" FROM "django_comment_client_role" INNER JOIN "django_comment_client_role_users" ON ("django_comment_client_role"."id" = "django_comment_client_role_users"."role_id") WHERE ("django_comment_client_role_users"."user_id" = 2  AND "django_comment_client_role"."course_id" = org.4510/course_4510/Run_4510 ); args=(2, u'org.4510/course_4510/Run_4510')
   django.db.backends: DEBUG: (0.000) SELECT (1) AS "a" FROM "django_comment_client_permission" INNER JOIN "django_comment_client_permission_roles" ON ("django_comment_client_permission"."name" = "django_comment_client_permission_roles"."permission_id") WHERE ("django_comment_client_permission_roles"."role_id" = 1  AND "django_comment_client_permission"."name" = delete_comment ) LIMIT 1; args=(1, 'delete_comment')
   django.db.backends: DEBUG: (0.000) SELECT "django_comment_client_role"."id", "django_comment_client_role"."name", "django_comment_client_role"."course_id" FROM "django_comment_client_role" INNER JOIN "django_comment_client_role_users" ON ("django_comment_client_role"."id" = "django_comment_client_role_users"."role_id") WHERE ("django_comment_client_role_users"."user_id" = 2  AND "django_comment_client_role"."course_id" = org.4510/course_4510/Run_4510 ); args=(2, u'org.4510/course_4510/Run_4510')
   django.db.backends: DEBUG: (0.000) SELECT (1) AS "a" FROM "django_comment_client_permission" INNER JOIN "django_comment_client_permission_roles" ON ("django_comment_client_permission"."name" = "django_comment_client_permission_roles"."permission_id") WHERE ("django_comment_client_permission_roles"."role_id" = 1  AND "django_comment_client_permission"."name" = update_comment ) LIMIT 1; args=(1, 'update_comment')
   django.db.backends: DEBUG: (0.000) SELECT "django_comment_client_role"."id", "django_comment_client_role"."name", "django_comment_client_role"."course_id" FROM "django_comment_client_role" INNER JOIN "django_comment_client_role_users" ON ("django_comment_client_role"."id" = "django_comment_client_role_users"."role_id") WHERE ("django_comment_client_role_users"."user_id" = 2  AND "django_comment_client_role"."course_id" = org.4510/course_4510/Run_4510 ); args=(2, u'org.4510/course_4510/Run_4510')
   django.db.backends: DEBUG: (0.000) SELECT (1) AS "a" FROM "django_comment_client_permission" INNER JOIN "django_comment_client_permission_roles" ON ("django_comment_client_permission"."name" = "django_comment_client_permission_roles"."permission_id") WHERE ("django_comment_client_permission_roles"."role_id" = 1  AND "django_comment_client_permission"."name" = vote ) LIMIT 1; args=(1, 'vote')
   django.db.backends: DEBUG: (0.000) SELECT "django_comment_client_role"."id", "django_comment_client_role"."name", "django_comment_client_role"."course_id" FROM "django_comment_client_role" INNER JOIN "django_comment_client_role_users" ON ("django_comment_client_role"."id" = "django_comment_client_role_users"."role_id") WHERE ("django_comment_client_role_users"."user_id" = 2  AND "django_comment_client_role"."course_id" = org.4510/course_4510/Run_4510 ); args=(2, u'org.4510/course_4510/Run_4510')
   django.db.backends: DEBUG: (0.000) SELECT (1) AS "a" FROM "django_comment_client_permission" INNER JOIN "django_comment_client_permission_roles" ON ("django_comment_client_permission"."name" = "django_comment_client_permission_roles"."permission_id") WHERE ("django_comment_client_permission_roles"."role_id" = 1  AND "django_comment_client_permission"."name" = edit_content ) LIMIT 1; args=(1, 'edit_content')
   django.db.backends: DEBUG: (0.000) SELECT "django_comment_client_role"."id", "django_comment_client_role"."name", "django_comment_client_role"."course_id" FROM "django_comment_client_role" INNER JOIN "django_comment_client_role_users" ON ("django_comment_client_role"."id" = "django_comment_client_role_users"."role_id") WHERE ("django_comment_client_role_users"."user_id" = 2  AND "django_comment_client_role"."course_id" = org.4510/course_4510/Run_4510 ); args=(2, u'org.4510/course_4510/Run_4510')
   django.db.backends: DEBUG: (0.000) SELECT (1) AS "a" FROM "django_comment_client_permission" INNER JOIN "django_comment_client_permission_roles" ON ("django_comment_client_permission"."name" = "django_comment_client_permission_roles"."permission_id") WHERE ("django_comment_client_permission_roles"."role_id" = 1  AND "django_comment_client_permission"."name" = update_comment ) LIMIT 1; args=(1, 'update_comment')
   django.db.backends: DEBUG: (0.000) SELECT "django_comment_client_role"."id", "django_comment_client_role"."name", "django_comment_client_role"."course_id" FROM "django_comment_client_role" INNER JOIN "django_comment_client_role_users" ON ("django_comment_client_role"."id" = "django_comment_client_role_users"."role_id") WHERE ("django_comment_client_role_users"."user_id" = 2  AND "django_comment_client_role"."course_id" = org.4510/course_4510/Run_4510 ); args=(2, u'org.4510/course_4510/Run_4510')
   django.db.backends: DEBUG: (0.000) SELECT (1) AS "a" FROM "django_comment_client_permission" INNER JOIN "django_comment_client_permission_roles" ON ("django_comment_client_permission"."name" = "django_comment_client_permission_roles"."permission_id") WHERE ("django_comment_client_permission_roles"."role_id" = 1  AND "django_comment_client_permission"."name" = create_sub_comment ) LIMIT 1; args=(1, 'create_sub_comment')
   django.db.backends: DEBUG: (0.000) SELECT "django_comment_client_role"."id", "django_comment_client_role"."name", "django_comment_client_role"."course_id" FROM "django_comment_client_role" INNER JOIN "django_comment_client_role_users" ON ("django_comment_client_role"."id" = "django_comment_client_role_users"."role_id") WHERE ("django_comment_client_role_users"."user_id" = 2  AND "django_comment_client_role"."course_id" = org.4510/course_4510/Run_4510 ); args=(2, u'org.4510/course_4510/Run_4510')
   django.db.backends: DEBUG: (0.000) SELECT (1) AS "a" FROM "django_comment_client_permission" INNER JOIN "django_comment_client_permission_roles" ON ("django_comment_client_permission"."name" = "django_comment_client_permission_roles"."permission_id") WHERE ("django_comment_client_permission_roles"."role_id" = 1  AND "django_comment_client_permission"."name" = delete_comment ) LIMIT 1; args=(1, 'delete_comment')
   django.db.backends: DEBUG: (0.000) SELECT "django_comment_client_role"."id", "django_comment_client_role"."name", "django_comment_client_role"."course_id" FROM "django_comment_client_role" INNER JOIN "django_comment_client_role_users" ON ("django_comment_client_role"."id" = "django_comment_client_role_users"."role_id") WHERE ("django_comment_client_role_users"."user_id" = 2  AND "django_comment_client_role"."course_id" = org.4510/course_4510/Run_4510 ); args=(2, u'org.4510/course_4510/Run_4510')
   django.db.backends: DEBUG: (0.000) SELECT (1) AS "a" FROM "django_comment_client_permission" INNER JOIN "django_comment_client_permission_roles" ON ("django_comment_client_permission"."name" = "django_comment_client_permission_roles"."permission_id") WHERE ("django_comment_client_permission_roles"."role_id" = 1  AND "django_comment_client_permission"."name" = update_comment ) LIMIT 1; args=(1, 'update_comment')
   django.db.backends: DEBUG: (0.000) SELECT "django_comment_client_role"."id", "django_comment_client_role"."name", "django_comment_client_role"."course_id" FROM "django_comment_client_role" INNER JOIN "django_comment_client_role_users" ON ("django_comment_client_role"."id" = "django_comment_client_role_users"."role_id") WHERE ("django_comment_client_role_users"."user_id" = 2  AND "django_comment_client_role"."course_id" = org.4510/course_4510/Run_4510 ); args=(2, u'org.4510/course_4510/Run_4510')
   django.db.backends: DEBUG: (0.000) SELECT (1) AS "a" FROM "django_comment_client_permission" INNER JOIN "django_comment_client_permission_roles" ON ("django_comment_client_permission"."name" = "django_comment_client_permission_roles"."permission_id") WHERE ("django_comment_client_permission_roles"."role_id" = 1  AND "django_comment_client_permission"."name" = vote ) LIMIT 1; args=(1, 'vote')
   django.db.backends: DEBUG: (0.000) SELECT "django_comment_client_role"."id", "django_comment_client_role"."name", "django_comment_client_role"."course_id" FROM "django_comment_client_role" INNER JOIN "django_comment_client_role_users" ON ("django_comment_client_role"."id" = "django_comment_client_role_users"."role_id") WHERE ("django_comment_client_role_users"."user_id" = 2  AND "django_comment_client_role"."course_id" = org.4510/course_4510/Run_4510 ); args=(2, u'org.4510/course_4510/Run_4510')
   django.db.backends: DEBUG: (0.000) SELECT (1) AS "a" FROM "django_comment_client_permission" INNER JOIN "django_comment_client_permission_roles" ON ("django_comment_client_permission"."name" = "django_comment_client_permission_roles"."permission_id") WHERE ("django_comment_client_permission_roles"."role_id" = 1  AND "django_comment_client_permission"."name" = edit_content ) LIMIT 1; args=(1, 'edit_content')
   django.db.backends: DEBUG: (0.000) SELECT "django_comment_client_role"."id", "django_comment_client_role"."name", "django_comment_client_role"."course_id" FROM "django_comment_client_role" INNER JOIN "django_comment_client_role_users" ON ("django_comment_client_role"."id" = "django_comment_client_role_users"."role_id") WHERE ("django_comment_client_role_users"."user_id" = 2  AND "django_comment_client_role"."course_id" = org.4510/course_4510/Run_4510 ); args=(2, u'org.4510/course_4510/Run_4510')
   django.db.backends: DEBUG: (0.000) SELECT (1) AS "a" FROM "django_comment_client_permission" INNER JOIN "django_comment_client_permission_roles" ON ("django_comment_client_permission"."name" = "django_comment_client_permission_roles"."permission_id") WHERE ("django_comment_client_permission_roles"."role_id" = 1  AND "django_comment_client_permission"."name" = update_comment ) LIMIT 1; args=(1, 'update_comment')
   django.db.backends: DEBUG: (0.001) SELECT "django_comment_client_role"."id", "django_comment_client_role"."name", "django_comment_client_role"."course_id" FROM "django_comment_client_role" INNER JOIN "django_comment_client_role_users" ON ("django_comment_client_role"."id" = "django_comment_client_role_users"."role_id") WHERE ("django_comment_client_role_users"."user_id" = 2  AND "django_comment_client_role"."course_id" = org.4510/course_4510/Run_4510 ); args=(2, u'org.4510/course_4510/Run_4510')
   django.db.backends: DEBUG: (0.000) SELECT (1) AS "a" FROM "django_comment_client_permission" INNER JOIN "django_comment_client_permission_roles" ON ("django_comment_client_permission"."name" = "django_comment_client_permission_roles"."permission_id") WHERE ("django_comment_client_permission_roles"."role_id" = 1  AND "django_comment_client_permission"."name" = create_sub_comment ) LIMIT 1; args=(1, 'create_sub_comment')
   django.db.backends: DEBUG: (0.000) SELECT "django_comment_client_role"."id", "django_comment_client_role"."name", "django_comment_client_role"."course_id" FROM "django_comment_client_role" INNER JOIN "django_comment_client_role_users" ON ("django_comment_client_role"."id" = "django_comment_client_role_users"."role_id") WHERE ("django_comment_client_role_users"."user_id" = 2  AND "django_comment_client_role"."course_id" = org.4510/course_4510/Run_4510 ); args=(2, u'org.4510/course_4510/Run_4510')
   django.db.backends: DEBUG: (0.000) SELECT (1) AS "a" FROM "django_comment_client_permission" INNER JOIN "django_comment_client_permission_roles" ON ("django_comment_client_permission"."name" = "django_comment_client_permission_roles"."permission_id") WHERE ("django_comment_client_permission_roles"."role_id" = 1  AND "django_comment_client_permission"."name" = delete_comment ) LIMIT 1; args=(1, 'delete_comment')
   django.db.backends: DEBUG: (0.000) SELECT "django_comment_client_role"."id", "django_comment_client_role"."name", "django_comment_client_role"."course_id" FROM "django_comment_client_role" INNER JOIN "django_comment_client_role_users" ON ("django_comment_client_role"."id" = "django_comment_client_role_users"."role_id") WHERE ("django_comment_client_role_users"."user_id" = 2  AND "django_comment_client_role"."course_id" = org.4510/course_4510/Run_4510 ); args=(2, u'org.4510/course_4510/Run_4510')
   django.db.backends: DEBUG: (0.000) SELECT (1) AS "a" FROM "django_comment_client_permission" INNER JOIN "django_comment_client_permission_roles" ON ("django_comment_client_permission"."name" = "django_comment_client_permission_roles"."permission_id") WHERE ("django_comment_client_permission_roles"."role_id" = 1  AND "django_comment_client_permission"."name" = update_comment ) LIMIT 1; args=(1, 'update_comment')
   django.db.backends: DEBUG: (0.000) SELECT "django_comment_client_role"."id", "django_comment_client_role"."name", "django_comment_client_role"."course_id" FROM "django_comment_client_role" INNER JOIN "django_comment_client_role_users" ON ("django_comment_client_role"."id" = "django_comment_client_role_users"."role_id") WHERE ("django_comment_client_role_users"."user_id" = 2  AND "django_comment_client_role"."course_id" = org.4510/course_4510/Run_4510 ); args=(2, u'org.4510/course_4510/Run_4510')
   django.db.backends: DEBUG: (0.000) SELECT (1) AS "a" FROM "django_comment_client_permission" INNER JOIN "django_comment_client_permission_roles" ON ("django_comment_client_permission"."name" = "django_comment_client_permission_roles"."permission_id") WHERE ("django_comment_client_permission_roles"."role_id" = 1  AND "django_comment_client_permission"."name" = vote ) LIMIT 1; args=(1, 'vote')
   django.db.backends: DEBUG: (0.000) SELECT "django_comment_client_role"."id", "django_comment_client_role"."name", "django_comment_client_role"."course_id" FROM "django_comment_client_role" INNER JOIN "django_comment_client_role_users" ON ("django_comment_client_role"."id" = "django_comment_client_role_users"."role_id") WHERE ("django_comment_client_role_users"."user_id" = 2  AND "django_comment_client_role"."course_id" = org.4510/course_4510/Run_4510 ); args=(2, u'org.4510/course_4510/Run_4510')
   django.db.backends: DEBUG: (0.000) SELECT (1) AS "a" FROM "django_comment_client_permission" INNER JOIN "django_comment_client_permission_roles" ON ("django_comment_client_permission"."name" = "django_comment_client_permission_roles"."permission_id") WHERE ("django_comment_client_permission_roles"."role_id" = 1  AND "django_comment_client_permission"."name" = edit_content ) LIMIT 1; args=(1, 'edit_content')
   django.db.backends: DEBUG: (0.000) SELECT "django_comment_client_role"."id", "django_comment_client_role"."name", "django_comment_client_role"."course_id" FROM "django_comment_client_role" INNER JOIN "django_comment_client_role_users" ON ("django_comment_client_role"."id" = "django_comment_client_role_users"."role_id") WHERE ("django_comment_client_role_users"."user_id" = 2  AND "django_comment_client_role"."course_id" = org.4510/course_4510/Run_4510 ); args=(2, u'org.4510/course_4510/Run_4510')
   django.db.backends: DEBUG: (0.000) SELECT (1) AS "a" FROM "django_comment_client_permission" INNER JOIN "django_comment_client_permission_roles" ON ("django_comment_client_permission"."name" = "django_comment_client_permission_roles"."permission_id") WHERE ("django_comment_client_permission_roles"."role_id" = 1  AND "django_comment_client_permission"."name" = update_comment ) LIMIT 1; args=(1, 'update_comment')
   django.db.backends: DEBUG: (0.000) SELECT "django_comment_client_role"."id", "django_comment_client_role"."name", "django_comment_client_role"."course_id" FROM "django_comment_client_role" INNER JOIN "django_comment_client_role_users" ON ("django_comment_client_role"."id" = "django_comment_client_role_users"."role_id") WHERE ("django_comment_client_role_users"."user_id" = 2  AND "django_comment_client_role"."course_id" = org.4510/course_4510/Run_4510 ); args=(2, u'org.4510/course_4510/Run_4510')
   django.db.backends: DEBUG: (0.000) SELECT (1) AS "a" FROM "django_comment_client_permission" INNER JOIN "django_comment_client_permission_roles" ON ("django_comment_client_permission"."name" = "django_comment_client_permission_roles"."permission_id") WHERE ("django_comment_client_permission_roles"."role_id" = 1  AND "django_comment_client_permission"."name" = create_sub_comment ) LIMIT 1; args=(1, 'create_sub_comment')
   django.db.backends: DEBUG: (0.000) SELECT "django_comment_client_role"."id", "django_comment_client_role"."name", "django_comment_client_role"."course_id" FROM "django_comment_client_role" INNER JOIN "django_comment_client_role_users" ON ("django_comment_client_role"."id" = "django_comment_client_role_users"."role_id") WHERE ("django_comment_client_role_users"."user_id" = 2  AND "django_comment_client_role"."course_id" = org.4510/course_4510/Run_4510 ); args=(2, u'org.4510/course_4510/Run_4510')
   django.db.backends: DEBUG: (0.000) SELECT (1) AS "a" FROM "django_comment_client_permission" INNER JOIN "django_comment_client_permission_roles" ON ("django_comment_client_permission"."name" = "django_comment_client_permission_roles"."permission_id") WHERE ("django_comment_client_permission_roles"."role_id" = 1  AND "django_comment_client_permission"."name" = delete_comment ) LIMIT 1; args=(1, 'delete_comment')
   django.db.backends: DEBUG: (0.000) SELECT "django_comment_client_role"."id", "django_comment_client_role"."name", "django_comment_client_role"."course_id" FROM "django_comment_client_role" INNER JOIN "django_comment_client_role_users" ON ("django_comment_client_role"."id" = "django_comment_client_role_users"."role_id") WHERE ("django_comment_client_role_users"."user_id" = 2  AND "django_comment_client_role"."course_id" = org.4510/course_4510/Run_4510 ); args=(2, u'org.4510/course_4510/Run_4510')
   django.db.backends: DEBUG: (0.000) SELECT (1) AS "a" FROM "django_comment_client_permission" INNER JOIN "django_comment_client_permission_roles" ON ("django_comment_client_permission"."name" = "django_comment_client_permission_roles"."permission_id") WHERE ("django_comment_client_permission_roles"."role_id" = 1  AND "django_comment_client_permission"."name" = update_comment ) LIMIT 1; args=(1, 'update_comment')
   django.db.backends: DEBUG: (0.000) SELECT "django_comment_client_role"."id", "django_comment_client_role"."name", "django_comment_client_role"."course_id" FROM "django_comment_client_role" INNER JOIN "django_comment_client_role_users" ON ("django_comment_client_role"."id" = "django_comment_client_role_users"."role_id") WHERE ("django_comment_client_role_users"."user_id" = 2  AND "django_comment_client_role"."course_id" = org.4510/course_4510/Run_4510 ); args=(2, u'org.4510/course_4510/Run_4510')
   django.db.backends: DEBUG: (0.000) SELECT (1) AS "a" FROM "django_comment_client_permission" INNER JOIN "django_comment_client_permission_roles" ON ("django_comment_client_permission"."name" = "django_comment_client_permission_roles"."permission_id") WHERE ("django_comment_client_permission_roles"."role_id" = 1  AND "django_comment_client_permission"."name" = vote ) LIMIT 1; args=(1, 'vote')
   django.db.backends: DEBUG: (0.000) SELECT "django_comment_client_role"."id", "django_comment_client_role"."name", "django_comment_client_role"."course_id" FROM "django_comment_client_role" INNER JOIN "django_comment_client_role_users" ON ("django_comment_client_role"."id" = "django_comment_client_role_users"."role_id") WHERE ("django_comment_client_role_users"."user_id" = 2  AND "django_comment_client_role"."course_id" = org.4510/course_4510/Run_4510 ); args=(2, u'org.4510/course_4510/Run_4510')
   django.db.backends: DEBUG: (0.000) SELECT (1) AS "a" FROM "django_comment_client_permission" INNER JOIN "django_comment_client_permission_roles" ON ("django_comment_client_permission"."name" = "django_comment_client_permission_roles"."permission_id") WHERE ("django_comment_client_permission_roles"."role_id" = 1  AND "django_comment_client_permission"."name" = edit_content ) LIMIT 1; args=(1, 'edit_content')
   django.db.backends: DEBUG: (0.000) SELECT "django_comment_client_role"."id", "django_comment_client_role"."name", "django_comment_client_role"."course_id" FROM "django_comment_client_role" INNER JOIN "django_comment_client_role_users" ON ("django_comment_client_role"."id" = "django_comment_client_role_users"."role_id") WHERE ("django_comment_client_role_users"."user_id" = 2  AND "django_comment_client_role"."course_id" = org.4510/course_4510/Run_4510 ); args=(2, u'org.4510/course_4510/Run_4510')
   django.db.backends: DEBUG: (0.000) SELECT (1) AS "a" FROM "django_comment_client_permission" INNER JOIN "django_comment_client_permission_roles" ON ("django_comment_client_permission"."name" = "django_comment_client_permission_roles"."permission_id") WHERE ("django_comment_client_permission_roles"."role_id" = 1  AND "django_comment_client_permission"."name" = update_comment ) LIMIT 1; args=(1, 'update_comment')
   django.db.backends: DEBUG: (0.000) SELECT "django_comment_client_role"."id", "django_comment_client_role"."name", "django_comment_client_role"."course_id" FROM "django_comment_client_role" INNER JOIN "django_comment_client_role_users" ON ("django_comment_client_role"."id" = "django_comment_client_role_users"."role_id") WHERE ("django_comment_client_role_users"."user_id" = 2  AND "django_comment_client_role"."course_id" = org.4510/course_4510/Run_4510 ); args=(2, u'org.4510/course_4510/Run_4510')
   django.db.backends: DEBUG: (0.000) SELECT (1) AS "a" FROM "django_comment_client_permission" INNER JOIN "django_comment_client_permission_roles" ON ("django_comment_client_permission"."name" = "django_comment_client_permission_roles"."permission_id") WHERE ("django_comment_client_permission_roles"."role_id" = 1  AND "django_comment_client_permission"."name" = create_sub_comment ) LIMIT 1; args=(1, 'create_sub_comment')
   django.db.backends: DEBUG: (0.000) SELECT "django_comment_client_role"."id", "django_comment_client_role"."name", "django_comment_client_role"."course_id" FROM "django_comment_client_role" INNER JOIN "django_comment_client_role_users" ON ("django_comment_client_role"."id" = "django_comment_client_role_users"."role_id") WHERE ("django_comment_client_role_users"."user_id" = 2  AND "django_comment_client_role"."course_id" = org.4510/course_4510/Run_4510 ); args=(2, u'org.4510/course_4510/Run_4510')
   django.db.backends: DEBUG: (0.000) SELECT (1) AS "a" FROM "django_comment_client_permission" INNER JOIN "django_comment_client_permission_roles" ON ("django_comment_client_permission"."name" = "django_comment_client_permission_roles"."permission_id") WHERE ("django_comment_client_permission_roles"."role_id" = 1  AND "django_comment_client_permission"."name" = delete_comment ) LIMIT 1; args=(1, 'delete_comment')
   django.db.backends: DEBUG: (0.000) SELECT "django_comment_client_role"."id", "django_comment_client_role"."name", "django_comment_client_role"."course_id" FROM "django_comment_client_role" INNER JOIN "django_comment_client_role_users" ON ("django_comment_client_role"."id" = "django_comment_client_role_users"."role_id") WHERE ("django_comment_client_role_users"."user_id" = 2  AND "django_comment_client_role"."course_id" = org.4510/course_4510/Run_4510 ); args=(2, u'org.4510/course_4510/Run_4510')
   django.db.backends: DEBUG: (0.000) SELECT (1) AS "a" FROM "django_comment_client_permission" INNER JOIN "django_comment_client_permission_roles" ON ("django_comment_client_permission"."name" = "django_comment_client_permission_roles"."permission_id") WHERE ("django_comment_client_permission_roles"."role_id" = 1  AND "django_comment_client_permission"."name" = update_comment ) LIMIT 1; args=(1, 'update_comment')
   django.db.backends: DEBUG: (0.000) SELECT "django_comment_client_role"."id", "django_comment_client_role"."name", "django_comment_client_role"."course_id" FROM "django_comment_client_role" INNER JOIN "django_comment_client_role_users" ON ("django_comment_client_role"."id" = "django_comment_client_role_users"."role_id") WHERE ("django_comment_client_role_users"."user_id" = 2  AND "django_comment_client_role"."course_id" = org.4510/course_4510/Run_4510 ); args=(2, u'org.4510/course_4510/Run_4510')
   django.db.backends: DEBUG: (0.000) SELECT (1) AS "a" FROM "django_comment_client_permission" INNER JOIN "django_comment_client_permission_roles" ON ("django_comment_client_permission"."name" = "django_comment_client_permission_roles"."permission_id") WHERE ("django_comment_client_permission_roles"."role_id" = 1  AND "django_comment_client_permission"."name" = vote ) LIMIT 1; args=(1, 'vote')
   django.db.backends: DEBUG: (0.000) SELECT "django_comment_client_role"."id", "django_comment_client_role"."name", "django_comment_client_role"."course_id" FROM "django_comment_client_role" INNER JOIN "django_comment_client_role_users" ON ("django_comment_client_role"."id" = "django_comment_client_role_users"."role_id") WHERE ("django_comment_client_role_users"."user_id" = 2  AND "django_comment_client_role"."course_id" = org.4510/course_4510/Run_4510 ); args=(2, u'org.4510/course_4510/Run_4510')
   django.db.backends: DEBUG: (0.000) SELECT (1) AS "a" FROM "django_comment_client_permission" INNER JOIN "django_comment_client_permission_roles" ON ("django_comment_client_permission"."name" = "django_comment_client_permission_roles"."permission_id") WHERE ("django_comment_client_permission_roles"."role_id" = 1  AND "django_comment_client_permission"."name" = edit_content ) LIMIT 1; args=(1, 'edit_content')
   django.db.backends: DEBUG: (0.000) SELECT "django_comment_client_role"."id", "django_comment_client_role"."name", "django_comment_client_role"."course_id" FROM "django_comment_client_role" INNER JOIN "django_comment_client_role_users" ON ("django_comment_client_role"."id" = "django_comment_client_role_users"."role_id") WHERE ("django_comment_client_role_users"."user_id" = 2  AND "django_comment_client_role"."course_id" = org.4510/course_4510/Run_4510 ); args=(2, u'org.4510/course_4510/Run_4510')
   django.db.backends: DEBUG: (0.000) SELECT (1) AS "a" FROM "django_comment_client_permission" INNER JOIN "django_comment_client_permission_roles" ON ("django_comment_client_permission"."name" = "django_comment_client_permission_roles"."permission_id") WHERE ("django_comment_client_permission_roles"."role_id" = 1  AND "django_comment_client_permission"."name" = update_comment ) LIMIT 1; args=(1, 'update_comment')
   django.db.backends: DEBUG: (0.000) SELECT "django_comment_client_role"."id", "django_comment_client_role"."name", "django_comment_client_role"."course_id" FROM "django_comment_client_role" INNER JOIN "django_comment_client_role_users" ON ("django_comment_client_role"."id" = "django_comment_client_role_users"."role_id") WHERE ("django_comment_client_role_users"."user_id" = 2  AND "django_comment_client_role"."course_id" = org.4510/course_4510/Run_4510 ); args=(2, u'org.4510/course_4510/Run_4510')
   django.db.backends: DEBUG: (0.000) SELECT (1) AS "a" FROM "django_comment_client_permission" INNER JOIN "django_comment_client_permission_roles" ON ("django_comment_client_permission"."name" = "django_comment_client_permission_roles"."permission_id") WHERE ("django_comment_client_permission_roles"."role_id" = 1  AND "django_comment_client_permission"."name" = create_sub_comment ) LIMIT 1; args=(1, 'create_sub_comment')
   django.db.backends: DEBUG: (0.000) SELECT "django_comment_client_role"."id", "django_comment_client_role"."name", "django_comment_client_role"."course_id" FROM "django_comment_client_role" INNER JOIN "django_comment_client_role_users" ON ("django_comment_client_role"."id" = "django_comment_client_role_users"."role_id") WHERE ("django_comment_client_role_users"."user_id" = 2  AND "django_comment_client_role"."course_id" = org.4510/course_4510/Run_4510 ); args=(2, u'org.4510/course_4510/Run_4510')
   django.db.backends: DEBUG: (0.000) SELECT (1) AS "a" FROM "django_comment_client_permission" INNER JOIN "django_comment_client_permission_roles" ON ("django_comment_client_permission"."name" = "django_comment_client_permission_roles"."permission_id") WHERE ("django_comment_client_permission_roles"."role_id" = 1  AND "django_comment_client_permission"."name" = delete_comment ) LIMIT 1; args=(1, 'delete_comment')
   django.db.backends: DEBUG: (0.000) SELECT "django_comment_client_role"."id", "django_comment_client_role"."name", "django_comment_client_role"."course_id" FROM "django_comment_client_role" INNER JOIN "django_comment_client_role_users" ON ("django_comment_client_role"."id" = "django_comment_client_role_users"."role_id") WHERE ("django_comment_client_role_users"."user_id" = 2  AND "django_comment_client_role"."course_id" = org.4510/course_4510/Run_4510 ); args=(2, u'org.4510/course_4510/Run_4510')
   django.db.backends: DEBUG: (0.000) SELECT (1) AS "a" FROM "django_comment_client_permission" INNER JOIN "django_comment_client_permission_roles" ON ("django_comment_client_permission"."name" = "django_comment_client_permission_roles"."permission_id") WHERE ("django_comment_client_permission_roles"."role_id" = 1  AND "django_comment_client_permission"."name" = update_comment ) LIMIT 1; args=(1, 'update_comment')
   django.db.backends: DEBUG: (0.000) SELECT "django_comment_client_role"."id", "django_comment_client_role"."name", "django_comment_client_role"."course_id" FROM "django_comment_client_role" INNER JOIN "django_comment_client_role_users" ON ("django_comment_client_role"."id" = "django_comment_client_role_users"."role_id") WHERE ("django_comment_client_role_users"."user_id" = 2  AND "django_comment_client_role"."course_id" = org.4510/course_4510/Run_4510 ); args=(2, u'org.4510/course_4510/Run_4510')
   django.db.backends: DEBUG: (0.000) SELECT (1) AS "a" FROM "django_comment_client_permission" INNER JOIN "django_comment_client_permission_roles" ON ("django_comment_client_permission"."name" = "django_comment_client_permission_roles"."permission_id") WHERE ("django_comment_client_permission_roles"."role_id" = 1  AND "django_comment_client_permission"."name" = vote ) LIMIT 1; args=(1, 'vote')
   django.db.backends: DEBUG: (0.000) SELECT "django_comment_client_role"."id", "django_comment_client_role"."name", "django_comment_client_role"."course_id" FROM "django_comment_client_role" INNER JOIN "django_comment_client_role_users" ON ("django_comment_client_role"."id" = "django_comment_client_role_users"."role_id") WHERE ("django_comment_client_role_users"."user_id" = 2  AND "django_comment_client_role"."course_id" = org.4510/course_4510/Run_4510 ); args=(2, u'org.4510/course_4510/Run_4510')
   django.db.backends: DEBUG: (0.000) SELECT (1) AS "a" FROM "django_comment_client_permission" INNER JOIN "django_comment_client_permission_roles" ON ("django_comment_client_permission"."name" = "django_comment_client_permission_roles"."permission_id") WHERE ("django_comment_client_permission_roles"."role_id" = 1  AND "django_comment_client_permission"."name" = edit_content ) LIMIT 1; args=(1, 'edit_content')
   django.db.backends: DEBUG: (0.000) SELECT "django_comment_client_role"."id", "django_comment_client_role"."name", "django_comment_client_role"."course_id" FROM "django_comment_client_role" INNER JOIN "django_comment_client_role_users" ON ("django_comment_client_role"."id" = "django_comment_client_role_users"."role_id") WHERE ("django_comment_client_role_users"."user_id" = 2  AND "django_comment_client_role"."course_id" = org.4510/course_4510/Run_4510 ); args=(2, u'org.4510/course_4510/Run_4510')
   django.db.backends: DEBUG: (0.000) SELECT (1) AS "a" FROM "django_comment_client_permission" INNER JOIN "django_comment_client_permission_roles" ON ("django_comment_client_permission"."name" = "django_comment_client_permission_roles"."permission_id") WHERE ("django_comment_client_permission_roles"."role_id" = 1  AND "django_comment_client_permission"."name" = update_comment ) LIMIT 1; args=(1, 'update_comment')
   django.db.backends: DEBUG: (0.000) SELECT "django_comment_client_role"."id", "django_comment_client_role"."name", "django_comment_client_role"."course_id" FROM "django_comment_client_role" INNER JOIN "django_comment_client_role_users" ON ("django_comment_client_role"."id" = "django_comment_client_role_users"."role_id") WHERE ("django_comment_client_role_users"."user_id" = 2  AND "django_comment_client_role"."course_id" = org.4510/course_4510/Run_4510 ); args=(2, u'org.4510/course_4510/Run_4510')
   django.db.backends: DEBUG: (0.000) SELECT (1) AS "a" FROM "django_comment_client_permission" INNER JOIN "django_comment_client_permission_roles" ON ("django_comment_client_permission"."name" = "django_comment_client_permission_roles"."permission_id") WHERE ("django_comment_client_permission_roles"."role_id" = 1  AND "django_comment_client_permission"."name" = create_sub_comment ) LIMIT 1; args=(1, 'create_sub_comment')
   django.db.backends: DEBUG: (0.000) SELECT "django_comment_client_role"."id", "django_comment_client_role"."name", "django_comment_client_role"."course_id" FROM "django_comment_client_role" INNER JOIN "django_comment_client_role_users" ON ("django_comment_client_role"."id" = "django_comment_client_role_users"."role_id") WHERE ("django_comment_client_role_users"."user_id" = 2  AND "django_comment_client_role"."course_id" = org.4510/course_4510/Run_4510 ); args=(2, u'org.4510/course_4510/Run_4510')
   django.db.backends: DEBUG: (0.000) SELECT (1) AS "a" FROM "django_comment_client_permission" INNER JOIN "django_comment_client_permission_roles" ON ("django_comment_client_permission"."name" = "django_comment_client_permission_roles"."permission_id") WHERE ("django_comment_client_permission_roles"."role_id" = 1  AND "django_comment_client_permission"."name" = delete_comment ) LIMIT 1; args=(1, 'delete_comment')
   django.db.backends: DEBUG: (0.000) SELECT "django_comment_client_role"."id", "django_comment_client_role"."name", "django_comment_client_role"."course_id" FROM "django_comment_client_role" INNER JOIN "django_comment_client_role_users" ON ("django_comment_client_role"."id" = "django_comment_client_role_users"."role_id") WHERE ("django_comment_client_role_users"."user_id" = 2  AND "django_comment_client_role"."course_id" = org.4510/course_4510/Run_4510 ); args=(2, u'org.4510/course_4510/Run_4510')
   django.db.backends: DEBUG: (0.000) SELECT (1) AS "a" FROM "django_comment_client_permission" INNER JOIN "django_comment_client_permission_roles" ON ("django_comment_client_permission"."name" = "django_comment_client_permission_roles"."permission_id") WHERE ("django_comment_client_permission_roles"."role_id" = 1  AND "django_comment_client_permission"."name" = update_comment ) LIMIT 1; args=(1, 'update_comment')
   django.db.backends: DEBUG: (0.000) SELECT "django_comment_client_role"."id", "django_comment_client_role"."name", "django_comment_client_role"."course_id" FROM "django_comment_client_role" INNER JOIN "django_comment_client_role_users" ON ("django_comment_client_role"."id" = "django_comment_client_role_users"."role_id") WHERE ("django_comment_client_role_users"."user_id" = 2  AND "django_comment_client_role"."course_id" = org.4510/course_4510/Run_4510 ); args=(2, u'org.4510/course_4510/Run_4510')
   django.db.backends: DEBUG: (0.000) SELECT (1) AS "a" FROM "django_comment_client_permission" INNER JOIN "django_comment_client_permission_roles" ON ("django_comment_client_permission"."name" = "django_comment_client_permission_roles"."permission_id") WHERE ("django_comment_client_permission_roles"."role_id" = 1  AND "django_comment_client_permission"."name" = vote ) LIMIT 1; args=(1, 'vote')
   django.db.backends: DEBUG: (0.000) SELECT "django_comment_client_role"."id", "django_comment_client_role"."name", "django_comment_client_role"."course_id" FROM "django_comment_client_role" INNER JOIN "django_comment_client_role_users" ON ("django_comment_client_role"."id" = "django_comment_client_role_users"."role_id") WHERE ("django_comment_client_role_users"."user_id" = 2  AND "django_comment_client_role"."course_id" = org.4510/course_4510/Run_4510 ); args=(2, u'org.4510/course_4510/Run_4510')
   django.db.backends: DEBUG: (0.000) SELECT (1) AS "a" FROM "django_comment_client_permission" INNER JOIN "django_comment_client_permission_roles" ON ("django_comment_client_permission"."name" = "django_comment_client_permission_roles"."permission_id") WHERE ("django_comment_client_permission_roles"."role_id" = 1  AND "django_comment_client_permission"."name" = edit_content ) LIMIT 1; args=(1, 'edit_content')
   django.db.backends: DEBUG: (0.000) SELECT "django_comment_client_role"."id", "django_comment_client_role"."name", "django_comment_client_role"."course_id" FROM "django_comment_client_role" INNER JOIN "django_comment_client_role_users" ON ("django_comment_client_role"."id" = "django_comment_client_role_users"."role_id") WHERE ("django_comment_client_role_users"."user_id" = 2  AND "django_comment_client_role"."course_id" = org.4510/course_4510/Run_4510 ); args=(2, u'org.4510/course_4510/Run_4510')
   django.db.backends: DEBUG: (0.000) SELECT (1) AS "a" FROM "django_comment_client_permission" INNER JOIN "django_comment_client_permission_roles" ON ("django_comment_client_permission"."name" = "django_comment_client_permission_roles"."permission_id") WHERE ("django_comment_client_permission_roles"."role_id" = 1  AND "django_comment_client_permission"."name" = update_comment ) LIMIT 1; args=(1, 'update_comment')
   django.db.backends: DEBUG: (0.000) SELECT "django_comment_client_role"."id", "django_comment_client_role"."name", "django_comment_client_role"."course_id" FROM "django_comment_client_role" INNER JOIN "django_comment_client_role_users" ON ("django_comment_client_role"."id" = "django_comment_client_role_users"."role_id") WHERE ("django_comment_client_role_users"."user_id" = 2  AND "django_comment_client_role"."course_id" = org.4510/course_4510/Run_4510 ); args=(2, u'org.4510/course_4510/Run_4510')
   django.db.backends: DEBUG: (0.000) SELECT (1) AS "a" FROM "django_comment_client_permission" INNER JOIN "django_comment_client_permission_roles" ON ("django_comment_client_permission"."name" = "django_comment_client_permission_roles"."permission_id") WHERE ("django_comment_client_permission_roles"."role_id" = 1  AND "django_comment_client_permission"."name" = create_sub_comment ) LIMIT 1; args=(1, 'create_sub_comment')
   django.db.backends: DEBUG: (0.000) SELECT "django_comment_client_role"."id", "django_comment_client_role"."name", "django_comment_client_role"."course_id" FROM "django_comment_client_role" INNER JOIN "django_comment_client_role_users" ON ("django_comment_client_role"."id" = "django_comment_client_role_users"."role_id") WHERE ("django_comment_client_role_users"."user_id" = 2  AND "django_comment_client_role"."course_id" = org.4510/course_4510/Run_4510 ); args=(2, u'org.4510/course_4510/Run_4510')
   django.db.backends: DEBUG: (0.000) SELECT (1) AS "a" FROM "django_comment_client_permission" INNER JOIN "django_comment_client_permission_roles" ON ("django_comment_client_permission"."name" = "django_comment_client_permission_roles"."permission_id") WHERE ("django_comment_client_permission_roles"."role_id" = 1  AND "django_comment_client_permission"."name" = delete_comment ) LIMIT 1; args=(1, 'delete_comment')
   django.db.backends: DEBUG: (0.000) SELECT "django_comment_client_role"."id", "django_comment_client_role"."name", "django_comment_client_role"."course_id" FROM "django_comment_client_role" INNER JOIN "django_comment_client_role_users" ON ("django_comment_client_role"."id" = "django_comment_client_role_users"."role_id") WHERE ("django_comment_client_role_users"."user_id" = 2  AND "django_comment_client_role"."course_id" = org.4510/course_4510/Run_4510 ); args=(2, u'org.4510/course_4510/Run_4510')
   django.db.backends: DEBUG: (0.000) SELECT (1) AS "a" FROM "django_comment_client_permission" INNER JOIN "django_comment_client_permission_roles" ON ("django_comment_client_permission"."name" = "django_comment_client_permission_roles"."permission_id") WHERE ("django_comment_client_permission_roles"."role_id" = 1  AND "django_comment_client_permission"."name" = update_comment ) LIMIT 1; args=(1, 'update_comment')
   django.db.backends: DEBUG: (0.000) SELECT "django_comment_client_role"."id", "django_comment_client_role"."name", "django_comment_client_role"."course_id" FROM "django_comment_client_role" INNER JOIN "django_comment_client_role_users" ON ("django_comment_client_role"."id" = "django_comment_client_role_users"."role_id") WHERE ("django_comment_client_role_users"."user_id" = 2  AND "django_comment_client_role"."course_id" = org.4510/course_4510/Run_4510 ); args=(2, u'org.4510/course_4510/Run_4510')
   django.db.backends: DEBUG: (0.000) SELECT (1) AS "a" FROM "django_comment_client_permission" INNER JOIN "django_comment_client_permission_roles" ON ("django_comment_client_permission"."name" = "django_comment_client_permission_roles"."permission_id") WHERE ("django_comment_client_permission_roles"."role_id" = 1  AND "django_comment_client_permission"."name" = vote ) LIMIT 1; args=(1, 'vote')
   django.db.backends: DEBUG: (0.000) SELECT "django_comment_client_role"."id", "django_comment_client_role"."name", "django_comment_client_role"."course_id" FROM "django_comment_client_role" INNER JOIN "django_comment_client_role_users" ON ("django_comment_client_role"."id" = "django_comment_client_role_users"."role_id") WHERE ("django_comment_client_role_users"."user_id" = 2  AND "django_comment_client_role"."course_id" = org.4510/course_4510/Run_4510 ); args=(2, u'org.4510/course_4510/Run_4510')
   django.db.backends: DEBUG: (0.000) SELECT (1) AS "a" FROM "django_comment_client_permission" INNER JOIN "django_comment_client_permission_roles" ON ("django_comment_client_permission"."name" = "django_comment_client_permission_roles"."permission_id") WHERE ("django_comment_client_permission_roles"."role_id" = 1  AND "django_comment_client_permission"."name" = edit_content ) LIMIT 1; args=(1, 'edit_content')
   django.db.backends: DEBUG: (0.000) SELECT "django_comment_client_role"."id", "django_comment_client_role"."name", "django_comment_client_role"."course_id" FROM "django_comment_client_role" INNER JOIN "django_comment_client_role_users" ON ("django_comment_client_role"."id" = "django_comment_client_role_users"."role_id") WHERE ("django_comment_client_role_users"."user_id" = 2  AND "django_comment_client_role"."course_id" = org.4510/course_4510/Run_4510 ); args=(2, u'org.4510/course_4510/Run_4510')
   django.db.backends: DEBUG: (0.000) SELECT (1) AS "a" FROM "django_comment_client_permission" INNER JOIN "django_comment_client_permission_roles" ON ("django_comment_client_permission"."name" = "django_comment_client_permission_roles"."permission_id") WHERE ("django_comment_client_permission_roles"."role_id" = 1  AND "django_comment_client_permission"."name" = update_comment ) LIMIT 1; args=(1, 'update_comment')
   django.db.backends: DEBUG: (0.000) SELECT "django_comment_client_role"."id", "django_comment_client_role"."name", "django_comment_client_role"."course_id" FROM "django_comment_client_role" INNER JOIN "django_comment_client_role_users" ON ("django_comment_client_role"."id" = "django_comment_client_role_users"."role_id") WHERE ("django_comment_client_role_users"."user_id" = 2  AND "django_comment_client_role"."course_id" = org.4510/course_4510/Run_4510 ); args=(2, u'org.4510/course_4510/Run_4510')
   django.db.backends: DEBUG: (0.000) SELECT (1) AS "a" FROM "django_comment_client_permission" INNER JOIN "django_comment_client_permission_roles" ON ("django_comment_client_permission"."name" = "django_comment_client_permission_roles"."permission_id") WHERE ("django_comment_client_permission_roles"."role_id" = 1  AND "django_comment_client_permission"."name" = create_sub_comment ) LIMIT 1; args=(1, 'create_sub_comment')
   django.db.backends: DEBUG: (0.000) SELECT "django_comment_client_role"."id", "django_comment_client_role"."name", "django_comment_client_role"."course_id" FROM "django_comment_client_role" INNER JOIN "django_comment_client_role_users" ON ("django_comment_client_role"."id" = "django_comment_client_role_users"."role_id") WHERE ("django_comment_client_role_users"."user_id" = 2  AND "django_comment_client_role"."course_id" = org.4510/course_4510/Run_4510 ); args=(2, u'org.4510/course_4510/Run_4510')
   django.db.backends: DEBUG: (0.000) SELECT (1) AS "a" FROM "django_comment_client_permission" INNER JOIN "django_comment_client_permission_roles" ON ("django_comment_client_permission"."name" = "django_comment_client_permission_roles"."permission_id") WHERE ("django_comment_client_permission_roles"."role_id" = 1  AND "django_comment_client_permission"."name" = delete_comment ) LIMIT 1; args=(1, 'delete_comment')
   django.db.backends: DEBUG: (0.000) SELECT "django_comment_client_role"."id", "django_comment_client_role"."name", "django_comment_client_role"."course_id" FROM "django_comment_client_role" INNER JOIN "django_comment_client_role_users" ON ("django_comment_client_role"."id" = "django_comment_client_role_users"."role_id") WHERE ("django_comment_client_role_users"."user_id" = 2  AND "django_comment_client_role"."course_id" = org.4510/course_4510/Run_4510 ); args=(2, u'org.4510/course_4510/Run_4510')
   django.db.backends: DEBUG: (0.000) SELECT (1) AS "a" FROM "django_comment_client_permission" INNER JOIN "django_comment_client_permission_roles" ON ("django_comment_client_permission"."name" = "django_comment_client_permission_roles"."permission_id") WHERE ("django_comment_client_permission_roles"."role_id" = 1  AND "django_comment_client_permission"."name" = update_comment ) LIMIT 1; args=(1, 'update_comment')
   django.db.backends: DEBUG: (0.000) SELECT "django_comment_client_role"."id", "django_comment_client_role"."name", "django_comment_client_role"."course_id" FROM "django_comment_client_role" INNER JOIN "django_comment_client_role_users" ON ("django_comment_client_role"."id" = "django_comment_client_role_users"."role_id") WHERE ("django_comment_client_role_users"."user_id" = 2  AND "django_comment_client_role"."course_id" = org.4510/course_4510/Run_4510 ); args=(2, u'org.4510/course_4510/Run_4510')
   django.db.backends: DEBUG: (0.000) SELECT (1) AS "a" FROM "django_comment_client_permission" INNER JOIN "django_comment_client_permission_roles" ON ("django_comment_client_permission"."name" = "django_comment_client_permission_roles"."permission_id") WHERE ("django_comment_client_permission_roles"."role_id" = 1  AND "django_comment_client_permission"."name" = vote ) LIMIT 1; args=(1, 'vote')
   django.db.backends: DEBUG: (0.000) SELECT "django_comment_client_role"."id", "django_comment_client_role"."name", "django_comment_client_role"."course_id" FROM "django_comment_client_role" INNER JOIN "django_comment_client_role_users" ON ("django_comment_client_role"."id" = "django_comment_client_role_users"."role_id") WHERE ("django_comment_client_role_users"."user_id" = 2  AND "django_comment_client_role"."course_id" = org.4510/course_4510/Run_4510 ); args=(2, u'org.4510/course_4510/Run_4510')
   django.db.backends: DEBUG: (0.000) SELECT (1) AS "a" FROM "django_comment_client_permission" INNER JOIN "django_comment_client_permission_roles" ON ("django_comment_client_permission"."name" = "django_comment_client_permission_roles"."permission_id") WHERE ("django_comment_client_permission_roles"."role_id" = 1  AND "django_comment_client_permission"."name" = edit_content ) LIMIT 1; args=(1, 'edit_content')
   django.db.backends: DEBUG: (0.000) SELECT "django_comment_client_role"."id", "django_comment_client_role"."name", "django_comment_client_role"."course_id" FROM "django_comment_client_role" INNER JOIN "django_comment_client_role_users" ON ("django_comment_client_role"."id" = "django_comment_client_role_users"."role_id") WHERE ("django_comment_client_role_users"."user_id" = 2  AND "django_comment_client_role"."course_id" = org.4510/course_4510/Run_4510 ); args=(2, u'org.4510/course_4510/Run_4510')
   django.db.backends: DEBUG: (0.000) SELECT (1) AS "a" FROM "django_comment_client_permission" INNER JOIN "django_comment_client_permission_roles" ON ("django_comment_client_permission"."name" = "django_comment_client_permission_roles"."permission_id") WHERE ("django_comment_client_permission_roles"."role_id" = 1  AND "django_comment_client_permission"."name" = update_comment ) LIMIT 1; args=(1, 'update_comment')
   django.db.backends: DEBUG: (0.000) SELECT "django_comment_client_role"."id", "django_comment_client_role"."name", "django_comment_client_role"."course_id" FROM "django_comment_client_role" INNER JOIN "django_comment_client_role_users" ON ("django_comment_client_role"."id" = "django_comment_client_role_users"."role_id") WHERE ("django_comment_client_role_users"."user_id" = 2  AND "django_comment_client_role"."course_id" = org.4510/course_4510/Run_4510 ); args=(2, u'org.4510/course_4510/Run_4510')
   django.db.backends: DEBUG: (0.000) SELECT (1) AS "a" FROM "django_comment_client_permission" INNER JOIN "django_comment_client_permission_roles" ON ("django_comment_client_permission"."name" = "django_comment_client_permission_roles"."permission_id") WHERE ("django_comment_client_permission_roles"."role_id" = 1  AND "django_comment_client_permission"."name" = create_sub_comment ) LIMIT 1; args=(1, 'create_sub_comment')
   django.db.backends: DEBUG: (0.000) SELECT "django_comment_client_role"."id", "django_comment_client_role"."name", "django_comment_client_role"."course_id" FROM "django_comment_client_role" INNER JOIN "django_comment_client_role_users" ON ("django_comment_client_role"."id" = "django_comment_client_role_users"."role_id") WHERE ("django_comment_client_role_users"."user_id" = 2  AND "django_comment_client_role"."course_id" = org.4510/course_4510/Run_4510 ); args=(2, u'org.4510/course_4510/Run_4510')
   django.db.backends: DEBUG: (0.000) SELECT (1) AS "a" FROM "django_comment_client_permission" INNER JOIN "django_comment_client_permission_roles" ON ("django_comment_client_permission"."name" = "django_comment_client_permission_roles"."permission_id") WHERE ("django_comment_client_permission_roles"."role_id" = 1  AND "django_comment_client_permission"."name" = delete_comment ) LIMIT 1; args=(1, 'delete_comment')
   django.db.backends: DEBUG: (0.000) SELECT "django_comment_client_role"."id", "django_comment_client_role"."name", "django_comment_client_role"."course_id" FROM "django_comment_client_role" INNER JOIN "django_comment_client_role_users" ON ("django_comment_client_role"."id" = "django_comment_client_role_users"."role_id") WHERE ("django_comment_client_role_users"."user_id" = 2  AND "django_comment_client_role"."course_id" = org.4510/course_4510/Run_4510 ); args=(2, u'org.4510/course_4510/Run_4510')
   django.db.backends: DEBUG: (0.000) SELECT (1) AS "a" FROM "django_comment_client_permission" INNER JOIN "django_comment_client_permission_roles" ON ("django_comment_client_permission"."name" = "django_comment_client_permission_roles"."permission_id") WHERE ("django_comment_client_permission_roles"."role_id" = 1  AND "django_comment_client_permission"."name" = update_comment ) LIMIT 1; args=(1, 'update_comment')
   django.db.backends: DEBUG: (0.000) SELECT "django_comment_client_role"."id", "django_comment_client_role"."name", "django_comment_client_role"."course_id" FROM "django_comment_client_role" INNER JOIN "django_comment_client_role_users" ON ("django_comment_client_role"."id" = "django_comment_client_role_users"."role_id") WHERE ("django_comment_client_role_users"."user_id" = 2  AND "django_comment_client_role"."course_id" = org.4510/course_4510/Run_4510 ); args=(2, u'org.4510/course_4510/Run_4510')
   django.db.backends: DEBUG: (0.000) SELECT (1) AS "a" FROM "django_comment_client_permission" INNER JOIN "django_comment_client_permission_roles" ON ("django_comment_client_permission"."name" = "django_comment_client_permission_roles"."permission_id") WHERE ("django_comment_client_permission_roles"."role_id" = 1  AND "django_comment_client_permission"."name" = vote ) LIMIT 1; args=(1, 'vote')
   django.db.backends: DEBUG: (0.000) SELECT "django_comment_client_role"."id", "django_comment_client_role"."name", "django_comment_client_role"."course_id" FROM "django_comment_client_role" INNER JOIN "django_comment_client_role_users" ON ("django_comment_client_role"."id" = "django_comment_client_role_users"."role_id") WHERE ("django_comment_client_role_users"."user_id" = 2  AND "django_comment_client_role"."course_id" = org.4510/course_4510/Run_4510 ); args=(2, u'org.4510/course_4510/Run_4510')
   django.db.backends: DEBUG: (0.000) SELECT (1) AS "a" FROM "django_comment_client_permission" INNER JOIN "django_comment_client_permission_roles" ON ("django_comment_client_permission"."name" = "django_comment_client_permission_roles"."permission_id") WHERE ("django_comment_client_permission_roles"."role_id" = 1  AND "django_comment_client_permission"."name" = edit_content ) LIMIT 1; args=(1, 'edit_content')
   django.db.backends: DEBUG: (0.000) SELECT "django_comment_client_role"."id", "django_comment_client_role"."name", "django_comment_client_role"."course_id" FROM "django_comment_client_role" INNER JOIN "django_comment_client_role_users" ON ("django_comment_client_role"."id" = "django_comment_client_role_users"."role_id") WHERE ("django_comment_client_role_users"."user_id" = 2  AND "django_comment_client_role"."course_id" = org.4510/course_4510/Run_4510 ); args=(2, u'org.4510/course_4510/Run_4510')
   django.db.backends: DEBUG: (0.000) SELECT (1) AS "a" FROM "django_comment_client_permission" INNER JOIN "django_comment_client_permission_roles" ON ("django_comment_client_permission"."name" = "django_comment_client_permission_roles"."permission_id") WHERE ("django_comment_client_permission_roles"."role_id" = 1  AND "django_comment_client_permission"."name" = update_comment ) LIMIT 1; args=(1, 'update_comment')
   django.db.backends: DEBUG: (0.000) SELECT "django_comment_client_role"."id", "django_comment_client_role"."name", "django_comment_client_role"."course_id" FROM "django_comment_client_role" INNER JOIN "django_comment_client_role_users" ON ("django_comment_client_role"."id" = "django_comment_client_role_users"."role_id") WHERE ("django_comment_client_role_users"."user_id" = 2  AND "django_comment_client_role"."course_id" = org.4510/course_4510/Run_4510 ); args=(2, u'org.4510/course_4510/Run_4510')
   django.db.backends: DEBUG: (0.000) SELECT (1) AS "a" FROM "django_comment_client_permission" INNER JOIN "django_comment_client_permission_roles" ON ("django_comment_client_permission"."name" = "django_comment_client_permission_roles"."permission_id") WHERE ("django_comment_client_permission_roles"."role_id" = 1  AND "django_comment_client_permission"."name" = create_sub_comment ) LIMIT 1; args=(1, 'create_sub_comment')
   django.db.backends: DEBUG: (0.000) SELECT "django_comment_client_role"."id", "django_comment_client_role"."name", "django_comment_client_role"."course_id" FROM "django_comment_client_role" INNER JOIN "django_comment_client_role_users" ON ("django_comment_client_role"."id" = "django_comment_client_role_users"."role_id") WHERE ("django_comment_client_role_users"."user_id" = 2  AND "django_comment_client_role"."course_id" = org.4510/course_4510/Run_4510 ); args=(2, u'org.4510/course_4510/Run_4510')
   django.db.backends: DEBUG: (0.000) SELECT (1) AS "a" FROM "django_comment_client_permission" INNER JOIN "django_comment_client_permission_roles" ON ("django_comment_client_permission"."name" = "django_comment_client_permission_roles"."permission_id") WHERE ("django_comment_client_permission_roles"."role_id" = 1  AND "django_comment_client_permission"."name" = delete_comment ) LIMIT 1; args=(1, 'delete_comment')
   django.db.backends: DEBUG: (0.000) SELECT "django_comment_client_role"."id", "django_comment_client_role"."name", "django_comment_client_role"."course_id" FROM "django_comment_client_role" INNER JOIN "django_comment_client_role_users" ON ("django_comment_client_role"."id" = "django_comment_client_role_users"."role_id") WHERE ("django_comment_client_role_users"."user_id" = 2  AND "django_comment_client_role"."course_id" = org.4510/course_4510/Run_4510 ); args=(2, u'org.4510/course_4510/Run_4510')
   django.db.backends: DEBUG: (0.000) SELECT (1) AS "a" FROM "django_comment_client_permission" INNER JOIN "django_comment_client_permission_roles" ON ("django_comment_client_permission"."name" = "django_comment_client_permission_roles"."permission_id") WHERE ("django_comment_client_permission_roles"."role_id" = 1  AND "django_comment_client_permission"."name" = update_comment ) LIMIT 1; args=(1, 'update_comment')
   django.db.backends: DEBUG: (0.000) SELECT "django_comment_client_role"."id", "django_comment_client_role"."name", "django_comment_client_role"."course_id" FROM "django_comment_client_role" INNER JOIN "django_comment_client_role_users" ON ("django_comment_client_role"."id" = "django_comment_client_role_users"."role_id") WHERE ("django_comment_client_role_users"."user_id" = 2  AND "django_comment_client_role"."course_id" = org.4510/course_4510/Run_4510 ); args=(2, u'org.4510/course_4510/Run_4510')
   django.db.backends: DEBUG: (0.000) SELECT (1) AS "a" FROM "django_comment_client_permission" INNER JOIN "django_comment_client_permission_roles" ON ("django_comment_client_permission"."name" = "django_comment_client_permission_roles"."permission_id") WHERE ("django_comment_client_permission_roles"."role_id" = 1  AND "django_comment_client_permission"."name" = vote ) LIMIT 1; args=(1, 'vote')
   django.db.backends: DEBUG: (0.000) SELECT "django_comment_client_role"."id", "django_comment_client_role"."name", "django_comment_client_role"."course_id" FROM "django_comment_client_role" INNER JOIN "django_comment_client_role_users" ON ("django_comment_client_role"."id" = "django_comment_client_role_users"."role_id") WHERE ("django_comment_client_role_users"."user_id" = 2  AND "django_comment_client_role"."course_id" = org.4510/course_4510/Run_4510 ); args=(2, u'org.4510/course_4510/Run_4510')
   django.db.backends: DEBUG: (0.000) SELECT (1) AS "a" FROM "django_comment_client_permission" INNER JOIN "django_comment_client_permission_roles" ON ("django_comment_client_permission"."name" = "django_comment_client_permission_roles"."permission_id") WHERE ("django_comment_client_permission_roles"."role_id" = 1  AND "django_comment_client_permission"."name" = edit_content ) LIMIT 1; args=(1, 'edit_content')
   django.db.backends: DEBUG: (0.000) SELECT "django_comment_client_role"."id", "django_comment_client_role"."name", "django_comment_client_role"."course_id" FROM "django_comment_client_role" INNER JOIN "django_comment_client_role_users" ON ("django_comment_client_role"."id" = "django_comment_client_role_users"."role_id") WHERE ("django_comment_client_role_users"."user_id" = 2  AND "django_comment_client_role"."course_id" = org.4510/course_4510/Run_4510 ); args=(2, u'org.4510/course_4510/Run_4510')
   django.db.backends: DEBUG: (0.000) SELECT (1) AS "a" FROM "django_comment_client_permission" INNER JOIN "django_comment_client_permission_roles" ON ("django_comment_client_permission"."name" = "django_comment_client_permission_roles"."permission_id") WHERE ("django_comment_client_permission_roles"."role_id" = 1  AND "django_comment_client_permission"."name" = update_comment ) LIMIT 1; args=(1, 'update_comment')
   django.db.backends: DEBUG: (0.000) SELECT "django_comment_client_role"."id", "django_comment_client_role"."name", "django_comment_client_role"."course_id" FROM "django_comment_client_role" INNER JOIN "django_comment_client_role_users" ON ("django_comment_client_role"."id" = "django_comment_client_role_users"."role_id") WHERE ("django_comment_client_role_users"."user_id" = 2  AND "django_comment_client_role"."course_id" = org.4510/course_4510/Run_4510 ); args=(2, u'org.4510/course_4510/Run_4510')
   django.db.backends: DEBUG: (0.000) SELECT (1) AS "a" FROM "django_comment_client_permission" INNER JOIN "django_comment_client_permission_roles" ON ("django_comment_client_permission"."name" = "django_comment_client_permission_roles"."permission_id") WHERE ("django_comment_client_permission_roles"."role_id" = 1  AND "django_comment_client_permission"."name" = create_sub_comment ) LIMIT 1; args=(1, 'create_sub_comment')
   django.db.backends: DEBUG: (0.000) SELECT "django_comment_client_role"."id", "django_comment_client_role"."name", "django_comment_client_role"."course_id" FROM "django_comment_client_role" INNER JOIN "django_comment_client_role_users" ON ("django_comment_client_role"."id" = "django_comment_client_role_users"."role_id") WHERE ("django_comment_client_role_users"."user_id" = 2  AND "django_comment_client_role"."course_id" = org.4510/course_4510/Run_4510 ); args=(2, u'org.4510/course_4510/Run_4510')
   django.db.backends: DEBUG: (0.000) SELECT (1) AS "a" FROM "django_comment_client_permission" INNER JOIN "django_comment_client_permission_roles" ON ("django_comment_client_permission"."name" = "django_comment_client_permission_roles"."permission_id") WHERE ("django_comment_client_permission_roles"."role_id" = 1  AND "django_comment_client_permission"."name" = delete_comment ) LIMIT 1; args=(1, 'delete_comment')
   django.db.backends: DEBUG: (0.000) SELECT "django_comment_client_role"."id", "django_comment_client_role"."name", "django_comment_client_role"."course_id" FROM "django_comment_client_role" INNER JOIN "django_comment_client_role_users" ON ("django_comment_client_role"."id" = "django_comment_client_role_users"."role_id") WHERE ("django_comment_client_role_users"."user_id" = 2  AND "django_comment_client_role"."course_id" = org.4510/course_4510/Run_4510 ); args=(2, u'org.4510/course_4510/Run_4510')
   django.db.backends: DEBUG: (0.000) SELECT (1) AS "a" FROM "django_comment_client_permission" INNER JOIN "django_comment_client_permission_roles" ON ("django_comment_client_permission"."name" = "django_comment_client_permission_roles"."permission_id") WHERE ("django_comment_client_permission_roles"."role_id" = 1  AND "django_comment_client_permission"."name" = update_comment ) LIMIT 1; args=(1, 'update_comment')
   django.db.backends: DEBUG: (0.000) SELECT "django_comment_client_role"."id", "django_comment_client_role"."name", "django_comment_client_role"."course_id" FROM "django_comment_client_role" INNER JOIN "django_comment_client_role_users" ON ("django_comment_client_role"."id" = "django_comment_client_role_users"."role_id") WHERE ("django_comment_client_role_users"."user_id" = 2  AND "django_comment_client_role"."course_id" = org.4510/course_4510/Run_4510 ); args=(2, u'org.4510/course_4510/Run_4510')
   django.db.backends: DEBUG: (0.000) SELECT (1) AS "a" FROM "django_comment_client_permission" INNER JOIN "django_comment_client_permission_roles" ON ("django_comment_client_permission"."name" = "django_comment_client_permission_roles"."permission_id") WHERE ("django_comment_client_permission_roles"."role_id" = 1  AND "django_comment_client_permission"."name" = vote ) LIMIT 1; args=(1, 'vote')
   django.db.backends: DEBUG: (0.000) SELECT "django_comment_client_role"."id", "django_comment_client_role"."name", "django_comment_client_role"."course_id" FROM "django_comment_client_role" INNER JOIN "django_comment_client_role_users" ON ("django_comment_client_role"."id" = "django_comment_client_role_users"."role_id") WHERE ("django_comment_client_role_users"."user_id" = 2  AND "django_comment_client_role"."course_id" = org.4510/course_4510/Run_4510 ); args=(2, u'org.4510/course_4510/Run_4510')
   django.db.backends: DEBUG: (0.000) SELECT (1) AS "a" FROM "django_comment_client_permission" INNER JOIN "django_comment_client_permission_roles" ON ("django_comment_client_permission"."name" = "django_comment_client_permission_roles"."permission_id") WHERE ("django_comment_client_permission_roles"."role_id" = 1  AND "django_comment_client_permission"."name" = edit_content ) LIMIT 1; args=(1, 'edit_content')
   django.db.backends: DEBUG: (0.000) SELECT "django_comment_client_role"."id", "django_comment_client_role"."name", "django_comment_client_role"."course_id" FROM "django_comment_client_role" INNER JOIN "django_comment_client_role_users" ON ("django_comment_client_role"."id" = "django_comment_client_role_users"."role_id") WHERE ("django_comment_client_role_users"."user_id" = 2  AND "django_comment_client_role"."course_id" = org.4510/course_4510/Run_4510 ); args=(2, u'org.4510/course_4510/Run_4510')
   django.db.backends: DEBUG: (0.000) SELECT (1) AS "a" FROM "django_comment_client_permission" INNER JOIN "django_comment_client_permission_roles" ON ("django_comment_client_permission"."name" = "django_comment_client_permission_roles"."permission_id") WHERE ("django_comment_client_permission_roles"."role_id" = 1  AND "django_comment_client_permission"."name" = update_comment ) LIMIT 1; args=(1, 'update_comment')
   django.db.backends: DEBUG: (0.000) SELECT "django_comment_client_role"."id", "django_comment_client_role"."name", "django_comment_client_role"."course_id" FROM "django_comment_client_role" INNER JOIN "django_comment_client_role_users" ON ("django_comment_client_role"."id" = "django_comment_client_role_users"."role_id") WHERE ("django_comment_client_role_users"."user_id" = 2  AND "django_comment_client_role"."course_id" = org.4510/course_4510/Run_4510 ); args=(2, u'org.4510/course_4510/Run_4510')
   django.db.backends: DEBUG: (0.000) SELECT (1) AS "a" FROM "django_comment_client_permission" INNER JOIN "django_comment_client_permission_roles" ON ("django_comment_client_permission"."name" = "django_comment_client_permission_roles"."permission_id") WHERE ("django_comment_client_permission_roles"."role_id" = 1  AND "django_comment_client_permission"."name" = create_sub_comment ) LIMIT 1; args=(1, 'create_sub_comment')
   django.db.backends: DEBUG: (0.000) SELECT "django_comment_client_role"."id", "django_comment_client_role"."name", "django_comment_client_role"."course_id" FROM "django_comment_client_role" INNER JOIN "django_comment_client_role_users" ON ("django_comment_client_role"."id" = "django_comment_client_role_users"."role_id") WHERE ("django_comment_client_role_users"."user_id" = 2  AND "django_comment_client_role"."course_id" = org.4510/course_4510/Run_4510 ); args=(2, u'org.4510/course_4510/Run_4510')
   django.db.backends: DEBUG: (0.000) SELECT (1) AS "a" FROM "django_comment_client_permission" INNER JOIN "django_comment_client_permission_roles" ON ("django_comment_client_permission"."name" = "django_comment_client_permission_roles"."permission_id") WHERE ("django_comment_client_permission_roles"."role_id" = 1  AND "django_comment_client_permission"."name" = delete_comment ) LIMIT 1; args=(1, 'delete_comment')
   django.db.backends: DEBUG: (0.000) SELECT "django_comment_client_role"."id", "django_comment_client_role"."name", "django_comment_client_role"."course_id" FROM "django_comment_client_role" INNER JOIN "django_comment_client_role_users" ON ("django_comment_client_role"."id" = "django_comment_client_role_users"."role_id") WHERE ("django_comment_client_role_users"."user_id" = 2  AND "django_comment_client_role"."course_id" = org.4510/course_4510/Run_4510 ); args=(2, u'org.4510/course_4510/Run_4510')
   django.db.backends: DEBUG: (0.000) SELECT (1) AS "a" FROM "django_comment_client_permission" INNER JOIN "django_comment_client_permission_roles" ON ("django_comment_client_permission"."name" = "django_comment_client_permission_roles"."permission_id") WHERE ("django_comment_client_permission_roles"."role_id" = 1  AND "django_comment_client_permission"."name" = update_comment ) LIMIT 1; args=(1, 'update_comment')
   django.db.backends: DEBUG: (0.000) SELECT "django_comment_client_role"."id", "django_comment_client_role"."name", "django_comment_client_role"."course_id" FROM "django_comment_client_role" INNER JOIN "django_comment_client_role_users" ON ("django_comment_client_role"."id" = "django_comment_client_role_users"."role_id") WHERE ("django_comment_client_role_users"."user_id" = 2  AND "django_comment_client_role"."course_id" = org.4510/course_4510/Run_4510 ); args=(2, u'org.4510/course_4510/Run_4510')
   django.db.backends: DEBUG: (0.000) SELECT (1) AS "a" FROM "django_comment_client_permission" INNER JOIN "django_comment_client_permission_roles" ON ("django_comment_client_permission"."name" = "django_comment_client_permission_roles"."permission_id") WHERE ("django_comment_client_permission_roles"."role_id" = 1  AND "django_comment_client_permission"."name" = vote ) LIMIT 1; args=(1, 'vote')
   django.db.backends: DEBUG: (0.000) SELECT "django_comment_client_role"."id", "django_comment_client_role"."name", "django_comment_client_role"."course_id" FROM "django_comment_client_role" INNER JOIN "django_comment_client_role_users" ON ("django_comment_client_role"."id" = "django_comment_client_role_users"."role_id") WHERE ("django_comment_client_role_users"."user_id" = 2  AND "django_comment_client_role"."course_id" = org.4510/course_4510/Run_4510 ); args=(2, u'org.4510/course_4510/Run_4510')
   django.db.backends: DEBUG: (0.000) SELECT (1) AS "a" FROM "django_comment_client_permission" INNER JOIN "django_comment_client_permission_roles" ON ("django_comment_client_permission"."name" = "django_comment_client_permission_roles"."permission_id") WHERE ("django_comment_client_permission_roles"."role_id" = 1  AND "django_comment_client_permission"."name" = edit_content ) LIMIT 1; args=(1, 'edit_content')
   django.db.backends: DEBUG: (0.000) SELECT "django_comment_client_role"."id", "django_comment_client_role"."name", "django_comment_client_role"."course_id" FROM "django_comment_client_role" INNER JOIN "django_comment_client_role_users" ON ("django_comment_client_role"."id" = "django_comment_client_role_users"."role_id") WHERE ("django_comment_client_role_users"."user_id" = 2  AND "django_comment_client_role"."course_id" = org.4510/course_4510/Run_4510 ); args=(2, u'org.4510/course_4510/Run_4510')
   django.db.backends: DEBUG: (0.000) SELECT (1) AS "a" FROM "django_comment_client_permission" INNER JOIN "django_comment_client_permission_roles" ON ("django_comment_client_permission"."name" = "django_comment_client_permission_roles"."permission_id") WHERE ("django_comment_client_permission_roles"."role_id" = 1  AND "django_comment_client_permission"."name" = update_comment ) LIMIT 1; args=(1, 'update_comment')
   django.db.backends: DEBUG: (0.000) SELECT "django_comment_client_role"."id", "django_comment_client_role"."name", "django_comment_client_role"."course_id" FROM "django_comment_client_role" INNER JOIN "django_comment_client_role_users" ON ("django_comment_client_role"."id" = "django_comment_client_role_users"."role_id") WHERE ("django_comment_client_role_users"."user_id" = 2  AND "django_comment_client_role"."course_id" = org.4510/course_4510/Run_4510 ); args=(2, u'org.4510/course_4510/Run_4510')
   django.db.backends: DEBUG: (0.000) SELECT (1) AS "a" FROM "django_comment_client_permission" INNER JOIN "django_comment_client_permission_roles" ON ("django_comment_client_permission"."name" = "django_comment_client_permission_roles"."permission_id") WHERE ("django_comment_client_permission_roles"."role_id" = 1  AND "django_comment_client_permission"."name" = create_sub_comment ) LIMIT 1; args=(1, 'create_sub_comment')
   django.db.backends: DEBUG: (0.000) SELECT "django_comment_client_role"."id", "django_comment_client_role"."name", "django_comment_client_role"."course_id" FROM "django_comment_client_role" INNER JOIN "django_comment_client_role_users" ON ("django_comment_client_role"."id" = "django_comment_client_role_users"."role_id") WHERE ("django_comment_client_role_users"."user_id" = 2  AND "django_comment_client_role"."course_id" = org.4510/course_4510/Run_4510 ); args=(2, u'org.4510/course_4510/Run_4510')
   django.db.backends: DEBUG: (0.000) SELECT (1) AS "a" FROM "django_comment_client_permission" INNER JOIN "django_comment_client_permission_roles" ON ("django_comment_client_permission"."name" = "django_comment_client_permission_roles"."permission_id") WHERE ("django_comment_client_permission_roles"."role_id" = 1  AND "django_comment_client_permission"."name" = delete_comment ) LIMIT 1; args=(1, 'delete_comment')
   django.db.backends: DEBUG: (0.000) SELECT "django_comment_client_role"."id", "django_comment_client_role"."name", "django_comment_client_role"."course_id" FROM "django_comment_client_role" INNER JOIN "django_comment_client_role_users" ON ("django_comment_client_role"."id" = "django_comment_client_role_users"."role_id") WHERE ("django_comment_client_role_users"."user_id" = 2  AND "django_comment_client_role"."course_id" = org.4510/course_4510/Run_4510 ); args=(2, u'org.4510/course_4510/Run_4510')
   django.db.backends: DEBUG: (0.000) SELECT (1) AS "a" FROM "django_comment_client_permission" INNER JOIN "django_comment_client_permission_roles" ON ("django_comment_client_permission"."name" = "django_comment_client_permission_roles"."permission_id") WHERE ("django_comment_client_permission_roles"."role_id" = 1  AND "django_comment_client_permission"."name" = update_comment ) LIMIT 1; args=(1, 'update_comment')
   django.db.backends: DEBUG: (0.000) SELECT "django_comment_client_role"."id", "django_comment_client_role"."name", "django_comment_client_role"."course_id" FROM "django_comment_client_role" INNER JOIN "django_comment_client_role_users" ON ("django_comment_client_role"."id" = "django_comment_client_role_users"."role_id") WHERE ("django_comment_client_role_users"."user_id" = 2  AND "django_comment_client_role"."course_id" = org.4510/course_4510/Run_4510 ); args=(2, u'org.4510/course_4510/Run_4510')
   django.db.backends: DEBUG: (0.000) SELECT (1) AS "a" FROM "django_comment_client_permission" INNER JOIN "django_comment_client_permission_roles" ON ("django_comment_client_permission"."name" = "django_comment_client_permission_roles"."permission_id") WHERE ("django_comment_client_permission_roles"."role_id" = 1  AND "django_comment_client_permission"."name" = vote ) LIMIT 1; args=(1, 'vote')
   django.db.backends: DEBUG: (0.000) SELECT "django_comment_client_role"."id", "django_comment_client_role"."name", "django_comment_client_role"."course_id" FROM "django_comment_client_role" INNER JOIN "django_comment_client_role_users" ON ("django_comment_client_role"."id" = "django_comment_client_role_users"."role_id") WHERE ("django_comment_client_role_users"."user_id" = 2  AND "django_comment_client_role"."course_id" = org.4510/course_4510/Run_4510 ); args=(2, u'org.4510/course_4510/Run_4510')
   django.db.backends: DEBUG: (0.000) SELECT (1) AS "a" FROM "django_comment_client_permission" INNER JOIN "django_comment_client_permission_roles" ON ("django_comment_client_permission"."name" = "django_comment_client_permission_roles"."permission_id") WHERE ("django_comment_client_permission_roles"."role_id" = 1  AND "django_comment_client_permission"."name" = edit_content ) LIMIT 1; args=(1, 'edit_content')
   django.db.backends: DEBUG: (0.000) SELECT "django_comment_client_role"."id", "django_comment_client_role"."name", "django_comment_client_role"."course_id" FROM "django_comment_client_role" INNER JOIN "django_comment_client_role_users" ON ("django_comment_client_role"."id" = "django_comment_client_role_users"."role_id") WHERE ("django_comment_client_role_users"."user_id" = 2  AND "django_comment_client_role"."course_id" = org.4510/course_4510/Run_4510 ); args=(2, u'org.4510/course_4510/Run_4510')
   django.db.backends: DEBUG: (0.000) SELECT (1) AS "a" FROM "django_comment_client_permission" INNER JOIN "django_comment_client_permission_roles" ON ("django_comment_client_permission"."name" = "django_comment_client_permission_roles"."permission_id") WHERE ("django_comment_client_permission_roles"."role_id" = 1  AND "django_comment_client_permission"."name" = update_comment ) LIMIT 1; args=(1, 'update_comment')
   django.db.backends: DEBUG: (0.000) SELECT "django_comment_client_role"."id", "django_comment_client_role"."name", "django_comment_client_role"."course_id" FROM "django_comment_client_role" INNER JOIN "django_comment_client_role_users" ON ("django_comment_client_role"."id" = "django_comment_client_role_users"."role_id") WHERE ("django_comment_client_role_users"."user_id" = 2  AND "django_comment_client_role"."course_id" = org.4510/course_4510/Run_4510 ); args=(2, u'org.4510/course_4510/Run_4510')
   django.db.backends: DEBUG: (0.000) SELECT (1) AS "a" FROM "django_comment_client_permission" INNER JOIN "django_comment_client_permission_roles" ON ("django_comment_client_permission"."name" = "django_comment_client_permission_roles"."permission_id") WHERE ("django_comment_client_permission_roles"."role_id" = 1  AND "django_comment_client_permission"."name" = create_sub_comment ) LIMIT 1; args=(1, 'create_sub_comment')
   django.db.backends: DEBUG: (0.000) SELECT "django_comment_client_role"."id", "django_comment_client_role"."name", "django_comment_client_role"."course_id" FROM "django_comment_client_role" INNER JOIN "django_comment_client_role_users" ON ("django_comment_client_role"."id" = "django_comment_client_role_users"."role_id") WHERE ("django_comment_client_role_users"."user_id" = 2  AND "django_comment_client_role"."course_id" = org.4510/course_4510/Run_4510 ); args=(2, u'org.4510/course_4510/Run_4510')
   django.db.backends: DEBUG: (0.000) SELECT (1) AS "a" FROM "django_comment_client_permission" INNER JOIN "django_comment_client_permission_roles" ON ("django_comment_client_permission"."name" = "django_comment_client_permission_roles"."permission_id") WHERE ("django_comment_client_permission_roles"."role_id" = 1  AND "django_comment_client_permission"."name" = delete_comment ) LIMIT 1; args=(1, 'delete_comment')
   django.db.backends: DEBUG: (0.000) SELECT "django_comment_client_role"."id", "django_comment_client_role"."name", "django_comment_client_role"."course_id" FROM "django_comment_client_role" INNER JOIN "django_comment_client_role_users" ON ("django_comment_client_role"."id" = "django_comment_client_role_users"."role_id") WHERE ("django_comment_client_role_users"."user_id" = 2  AND "django_comment_client_role"."course_id" = org.4510/course_4510/Run_4510 ); args=(2, u'org.4510/course_4510/Run_4510')
   django.db.backends: DEBUG: (0.000) SELECT (1) AS "a" FROM "django_comment_client_permission" INNER JOIN "django_comment_client_permission_roles" ON ("django_comment_client_permission"."name" = "django_comment_client_permission_roles"."permission_id") WHERE ("django_comment_client_permission_roles"."role_id" = 1  AND "django_comment_client_permission"."name" = update_comment ) LIMIT 1; args=(1, 'update_comment')
   django.db.backends: DEBUG: (0.000) SELECT "django_comment_client_role"."id", "django_comment_client_role"."name", "django_comment_client_role"."course_id" FROM "django_comment_client_role" INNER JOIN "django_comment_client_role_users" ON ("django_comment_client_role"."id" = "django_comment_client_role_users"."role_id") WHERE ("django_comment_client_role_users"."user_id" = 2  AND "django_comment_client_role"."course_id" = org.4510/course_4510/Run_4510 ); args=(2, u'org.4510/course_4510/Run_4510')
   django.db.backends: DEBUG: (0.000) SELECT (1) AS "a" FROM "django_comment_client_permission" INNER JOIN "django_comment_client_permission_roles" ON ("django_comment_client_permission"."name" = "django_comment_client_permission_roles"."permission_id") WHERE ("django_comment_client_permission_roles"."role_id" = 1  AND "django_comment_client_permission"."name" = vote ) LIMIT 1; args=(1, 'vote')
   django.db.backends: DEBUG: (0.000) SELECT "django_comment_client_role"."id", "django_comment_client_role"."name", "django_comment_client_role"."course_id" FROM "django_comment_client_role" INNER JOIN "django_comment_client_role_users" ON ("django_comment_client_role"."id" = "django_comment_client_role_users"."role_id") WHERE ("django_comment_client_role_users"."user_id" = 2  AND "django_comment_client_role"."course_id" = org.4510/course_4510/Run_4510 ); args=(2, u'org.4510/course_4510/Run_4510')
   django.db.backends: DEBUG: (0.000) SELECT (1) AS "a" FROM "django_comment_client_permission" INNER JOIN "django_comment_client_permission_roles" ON ("django_comment_client_permission"."name" = "django_comment_client_permission_roles"."permission_id") WHERE ("django_comment_client_permission_roles"."role_id" = 1  AND "django_comment_client_permission"."name" = edit_content ) LIMIT 1; args=(1, 'edit_content')
   django.db.backends: DEBUG: (0.000) SELECT "django_comment_client_role"."id", "django_comment_client_role"."name", "django_comment_client_role"."course_id" FROM "django_comment_client_role" INNER JOIN "django_comment_client_role_users" ON ("django_comment_client_role"."id" = "django_comment_client_role_users"."role_id") WHERE ("django_comment_client_role_users"."user_id" = 2  AND "django_comment_client_role"."course_id" = org.4510/course_4510/Run_4510 ); args=(2, u'org.4510/course_4510/Run_4510')
   django.db.backends: DEBUG: (0.000) SELECT (1) AS "a" FROM "django_comment_client_permission" INNER JOIN "django_comment_client_permission_roles" ON ("django_comment_client_permission"."name" = "django_comment_client_permission_roles"."permission_id") WHERE ("django_comment_client_permission_roles"."role_id" = 1  AND "django_comment_client_permission"."name" = update_comment ) LIMIT 1; args=(1, 'update_comment')
   django.db.backends: DEBUG: (0.000) SELECT "django_comment_client_role"."id", "django_comment_client_role"."name", "django_comment_client_role"."course_id" FROM "django_comment_client_role" INNER JOIN "django_comment_client_role_users" ON ("django_comment_client_role"."id" = "django_comment_client_role_users"."role_id") WHERE ("django_comment_client_role_users"."user_id" = 2  AND "django_comment_client_role"."course_id" = org.4510/course_4510/Run_4510 ); args=(2, u'org.4510/course_4510/Run_4510')
   django.db.backends: DEBUG: (0.000) SELECT (1) AS "a" FROM "django_comment_client_permission" INNER JOIN "django_comment_client_permission_roles" ON ("django_comment_client_permission"."name" = "django_comment_client_permission_roles"."permission_id") WHERE ("django_comment_client_permission_roles"."role_id" = 1  AND "django_comment_client_permission"."name" = create_sub_comment ) LIMIT 1; args=(1, 'create_sub_comment')
   django.db.backends: DEBUG: (0.000) SELECT "django_comment_client_role"."id", "django_comment_client_role"."name", "django_comment_client_role"."course_id" FROM "django_comment_client_role" INNER JOIN "django_comment_client_role_users" ON ("django_comment_client_role"."id" = "django_comment_client_role_users"."role_id") WHERE ("django_comment_client_role_users"."user_id" = 2  AND "django_comment_client_role"."course_id" = org.4510/course_4510/Run_4510 ); args=(2, u'org.4510/course_4510/Run_4510')
   django.db.backends: DEBUG: (0.000) SELECT (1) AS "a" FROM "django_comment_client_permission" INNER JOIN "django_comment_client_permission_roles" ON ("django_comment_client_permission"."name" = "django_comment_client_permission_roles"."permission_id") WHERE ("django_comment_client_permission_roles"."role_id" = 1  AND "django_comment_client_permission"."name" = delete_comment ) LIMIT 1; args=(1, 'delete_comment')
   django.db.backends: DEBUG: (0.000) SELECT "django_comment_client_role"."id", "django_comment_client_role"."name", "django_comment_client_role"."course_id" FROM "django_comment_client_role" INNER JOIN "django_comment_client_role_users" ON ("django_comment_client_role"."id" = "django_comment_client_role_users"."role_id") WHERE ("django_comment_client_role_users"."user_id" = 2  AND "django_comment_client_role"."course_id" = org.4510/course_4510/Run_4510 ); args=(2, u'org.4510/course_4510/Run_4510')
   django.db.backends: DEBUG: (0.000) SELECT (1) AS "a" FROM "django_comment_client_permission" INNER JOIN "django_comment_client_permission_roles" ON ("django_comment_client_permission"."name" = "django_comment_client_permission_roles"."permission_id") WHERE ("django_comment_client_permission_roles"."role_id" = 1  AND "django_comment_client_permission"."name" = update_comment ) LIMIT 1; args=(1, 'update_comment')
   django.db.backends: DEBUG: (0.000) SELECT "django_comment_client_role"."id", "django_comment_client_role"."name", "django_comment_client_role"."course_id" FROM "django_comment_client_role" INNER JOIN "django_comment_client_role_users" ON ("django_comment_client_role"."id" = "django_comment_client_role_users"."role_id") WHERE ("django_comment_client_role_users"."user_id" = 2  AND "django_comment_client_role"."course_id" = org.4510/course_4510/Run_4510 ); args=(2, u'org.4510/course_4510/Run_4510')
   django.db.backends: DEBUG: (0.000) SELECT (1) AS "a" FROM "django_comment_client_permission" INNER JOIN "django_comment_client_permission_roles" ON ("django_comment_client_permission"."name" = "django_comment_client_permission_roles"."permission_id") WHERE ("django_comment_client_permission_roles"."role_id" = 1  AND "django_comment_client_permission"."name" = vote ) LIMIT 1; args=(1, 'vote')
   django.db.backends: DEBUG: (0.000) SELECT "django_comment_client_role"."id", "django_comment_client_role"."name", "django_comment_client_role"."course_id" FROM "django_comment_client_role" INNER JOIN "django_comment_client_role_users" ON ("django_comment_client_role"."id" = "django_comment_client_role_users"."role_id") WHERE ("django_comment_client_role_users"."user_id" = 2  AND "django_comment_client_role"."course_id" = org.4510/course_4510/Run_4510 ); args=(2, u'org.4510/course_4510/Run_4510')
   django.db.backends: DEBUG: (0.000) SELECT (1) AS "a" FROM "django_comment_client_permission" INNER JOIN "django_comment_client_permission_roles" ON ("django_comment_client_permission"."name" = "django_comment_client_permission_roles"."permission_id") WHERE ("django_comment_client_permission_roles"."role_id" = 1  AND "django_comment_client_permission"."name" = edit_content ) LIMIT 1; args=(1, 'edit_content')
   django.db.backends: DEBUG: (0.000) SELECT "django_comment_client_role"."id", "django_comment_client_role"."name", "django_comment_client_role"."course_id" FROM "django_comment_client_role" INNER JOIN "django_comment_client_role_users" ON ("django_comment_client_role"."id" = "django_comment_client_role_users"."role_id") WHERE ("django_comment_client_role_users"."user_id" = 2  AND "django_comment_client_role"."course_id" = org.4510/course_4510/Run_4510 ); args=(2, u'org.4510/course_4510/Run_4510')
   django.db.backends: DEBUG: (0.000) SELECT (1) AS "a" FROM "django_comment_client_permission" INNER JOIN "django_comment_client_permission_roles" ON ("django_comment_client_permission"."name" = "django_comment_client_permission_roles"."permission_id") WHERE ("django_comment_client_permission_roles"."role_id" = 1  AND "django_comment_client_permission"."name" = update_comment ) LIMIT 1; args=(1, 'update_comment')
   django.db.backends: DEBUG: (0.000) SELECT "django_comment_client_role"."id", "django_comment_client_role"."name", "django_comment_client_role"."course_id" FROM "django_comment_client_role" INNER JOIN "django_comment_client_role_users" ON ("django_comment_client_role"."id" = "django_comment_client_role_users"."role_id") WHERE ("django_comment_client_role_users"."user_id" = 2  AND "django_comment_client_role"."course_id" = org.4510/course_4510/Run_4510 ); args=(2, u'org.4510/course_4510/Run_4510')
   django.db.backends: DEBUG: (0.000) SELECT (1) AS "a" FROM "django_comment_client_permission" INNER JOIN "django_comment_client_permission_roles" ON ("django_comment_client_permission"."name" = "django_comment_client_permission_roles"."permission_id") WHERE ("django_comment_client_permission_roles"."role_id" = 1  AND "django_comment_client_permission"."name" = create_sub_comment ) LIMIT 1; args=(1, 'create_sub_comment')
   django.db.backends: DEBUG: (0.000) SELECT "django_comment_client_role"."id", "django_comment_client_role"."name", "django_comment_client_role"."course_id" FROM "django_comment_client_role" INNER JOIN "django_comment_client_role_users" ON ("django_comment_client_role"."id" = "django_comment_client_role_users"."role_id") WHERE ("django_comment_client_role_users"."user_id" = 2  AND "django_comment_client_role"."course_id" = org.4510/course_4510/Run_4510 ); args=(2, u'org.4510/course_4510/Run_4510')
   django.db.backends: DEBUG: (0.000) SELECT (1) AS "a" FROM "django_comment_client_permission" INNER JOIN "django_comment_client_permission_roles" ON ("django_comment_client_permission"."name" = "django_comment_client_permission_roles"."permission_id") WHERE ("django_comment_client_permission_roles"."role_id" = 1  AND "django_comment_client_permission"."name" = delete_comment ) LIMIT 1; args=(1, 'delete_comment')
   django.db.backends: DEBUG: (0.000) SELECT "django_comment_client_role"."id", "django_comment_client_role"."name", "django_comment_client_role"."course_id" FROM "django_comment_client_role" INNER JOIN "django_comment_client_role_users" ON ("django_comment_client_role"."id" = "django_comment_client_role_users"."role_id") WHERE ("django_comment_client_role_users"."user_id" = 2  AND "django_comment_client_role"."course_id" = org.4510/course_4510/Run_4510 ); args=(2, u'org.4510/course_4510/Run_4510')
   django.db.backends: DEBUG: (0.000) SELECT (1) AS "a" FROM "django_comment_client_permission" INNER JOIN "django_comment_client_permission_roles" ON ("django_comment_client_permission"."name" = "django_comment_client_permission_roles"."permission_id") WHERE ("django_comment_client_permission_roles"."role_id" = 1  AND "django_comment_client_permission"."name" = update_comment ) LIMIT 1; args=(1, 'update_comment')
   django.db.backends: DEBUG: (0.000) SELECT "django_comment_client_role"."id", "django_comment_client_role"."name", "django_comment_client_role"."course_id" FROM "django_comment_client_role" INNER JOIN "django_comment_client_role_users" ON ("django_comment_client_role"."id" = "django_comment_client_role_users"."role_id") WHERE ("django_comment_client_role_users"."user_id" = 2  AND "django_comment_client_role"."course_id" = org.4510/course_4510/Run_4510 ); args=(2, u'org.4510/course_4510/Run_4510')
   django.db.backends: DEBUG: (0.000) SELECT (1) AS "a" FROM "django_comment_client_permission" INNER JOIN "django_comment_client_permission_roles" ON ("django_comment_client_permission"."name" = "django_comment_client_permission_roles"."permission_id") WHERE ("django_comment_client_permission_roles"."role_id" = 1  AND "django_comment_client_permission"."name" = vote ) LIMIT 1; args=(1, 'vote')
   django.db.backends: DEBUG: (0.000) SELECT "django_comment_client_role"."id", "django_comment_client_role"."name", "django_comment_client_role"."course_id" FROM "django_comment_client_role" INNER JOIN "django_comment_client_role_users" ON ("django_comment_client_role"."id" = "django_comment_client_role_users"."role_id") WHERE ("django_comment_client_role_users"."user_id" = 2  AND "django_comment_client_role"."course_id" = org.4510/course_4510/Run_4510 ); args=(2, u'org.4510/course_4510/Run_4510')
   django.db.backends: DEBUG: (0.000) SELECT (1) AS "a" FROM "django_comment_client_permission" INNER JOIN "django_comment_client_permission_roles" ON ("django_comment_client_permission"."name" = "django_comment_client_permission_roles"."permission_id") WHERE ("django_comment_client_permission_roles"."role_id" = 1  AND "django_comment_client_permission"."name" = edit_content ) LIMIT 1; args=(1, 'edit_content')
   django.db.backends: DEBUG: (0.000) SELECT "django_comment_client_role"."id", "django_comment_client_role"."name", "django_comment_client_role"."course_id" FROM "django_comment_client_role" INNER JOIN "django_comment_client_role_users" ON ("django_comment_client_role"."id" = "django_comment_client_role_users"."role_id") WHERE ("django_comment_client_role_users"."user_id" = 2  AND "django_comment_client_role"."course_id" = org.4510/course_4510/Run_4510 ); args=(2, u'org.4510/course_4510/Run_4510')
   django.db.backends: DEBUG: (0.000) SELECT (1) AS "a" FROM "django_comment_client_permission" INNER JOIN "django_comment_client_permission_roles" ON ("django_comment_client_permission"."name" = "django_comment_client_permission_roles"."permission_id") WHERE ("django_comment_client_permission_roles"."role_id" = 1  AND "django_comment_client_permission"."name" = update_comment ) LIMIT 1; args=(1, 'update_comment')
   django.db.backends: DEBUG: (0.000) SELECT "django_comment_client_role"."id", "django_comment_client_role"."name", "django_comment_client_role"."course_id" FROM "django_comment_client_role" INNER JOIN "django_comment_client_role_users" ON ("django_comment_client_role"."id" = "django_comment_client_role_users"."role_id") WHERE ("django_comment_client_role_users"."user_id" = 2  AND "django_comment_client_role"."course_id" = org.4510/course_4510/Run_4510 ); args=(2, u'org.4510/course_4510/Run_4510')
   django.db.backends: DEBUG: (0.000) SELECT (1) AS "a" FROM "django_comment_client_permission" INNER JOIN "django_comment_client_permission_roles" ON ("django_comment_client_permission"."name" = "django_comment_client_permission_roles"."permission_id") WHERE ("django_comment_client_permission_roles"."role_id" = 1  AND "django_comment_client_permission"."name" = create_sub_comment ) LIMIT 1; args=(1, 'create_sub_comment')
   django.db.backends: DEBUG: (0.000) SELECT "django_comment_client_role"."id", "django_comment_client_role"."name", "django_comment_client_role"."course_id" FROM "django_comment_client_role" INNER JOIN "django_comment_client_role_users" ON ("django_comment_client_role"."id" = "django_comment_client_role_users"."role_id") WHERE ("django_comment_client_role_users"."user_id" = 2  AND "django_comment_client_role"."course_id" = org.4510/course_4510/Run_4510 ); args=(2, u'org.4510/course_4510/Run_4510')
   django.db.backends: DEBUG: (0.000) SELECT (1) AS "a" FROM "django_comment_client_permission" INNER JOIN "django_comment_client_permission_roles" ON ("django_comment_client_permission"."name" = "django_comment_client_permission_roles"."permission_id") WHERE ("django_comment_client_permission_roles"."role_id" = 1  AND "django_comment_client_permission"."name" = delete_comment ) LIMIT 1; args=(1, 'delete_comment')
   django.db.backends: DEBUG: (0.000) SELECT "django_comment_client_role"."id", "django_comment_client_role"."name", "django_comment_client_role"."course_id" FROM "django_comment_client_role" INNER JOIN "django_comment_client_role_users" ON ("django_comment_client_role"."id" = "django_comment_client_role_users"."role_id") WHERE ("django_comment_client_role_users"."user_id" = 2  AND "django_comment_client_role"."course_id" = org.4510/course_4510/Run_4510 ); args=(2, u'org.4510/course_4510/Run_4510')
   django.db.backends: DEBUG: (0.000) SELECT (1) AS "a" FROM "django_comment_client_permission" INNER JOIN "django_comment_client_permission_roles" ON ("django_comment_client_permission"."name" = "django_comment_client_permission_roles"."permission_id") WHERE ("django_comment_client_permission_roles"."role_id" = 1  AND "django_comment_client_permission"."name" = update_comment ) LIMIT 1; args=(1, 'update_comment')
   django.db.backends: DEBUG: (0.000) SELECT "django_comment_client_role"."id", "django_comment_client_role"."name", "django_comment_client_role"."course_id" FROM "django_comment_client_role" INNER JOIN "django_comment_client_role_users" ON ("django_comment_client_role"."id" = "django_comment_client_role_users"."role_id") WHERE ("django_comment_client_role_users"."user_id" = 2  AND "django_comment_client_role"."course_id" = org.4510/course_4510/Run_4510 ); args=(2, u'org.4510/course_4510/Run_4510')
   django.db.backends: DEBUG: (0.000) SELECT (1) AS "a" FROM "django_comment_client_permission" INNER JOIN "django_comment_client_permission_roles" ON ("django_comment_client_permission"."name" = "django_comment_client_permission_roles"."permission_id") WHERE ("django_comment_client_permission_roles"."role_id" = 1  AND "django_comment_client_permission"."name" = vote ) LIMIT 1; args=(1, 'vote')
   django.db.backends: DEBUG: (0.000) SELECT "django_comment_client_role"."id", "django_comment_client_role"."name", "django_comment_client_role"."course_id" FROM "django_comment_client_role" INNER JOIN "django_comment_client_role_users" ON ("django_comment_client_role"."id" = "django_comment_client_role_users"."role_id") WHERE ("django_comment_client_role_users"."user_id" = 2  AND "django_comment_client_role"."course_id" = org.4510/course_4510/Run_4510 ); args=(2, u'org.4510/course_4510/Run_4510')
   django.db.backends: DEBUG: (0.000) SELECT (1) AS "a" FROM "django_comment_client_permission" INNER JOIN "django_comment_client_permission_roles" ON ("django_comment_client_permission"."name" = "django_comment_client_permission_roles"."permission_id") WHERE ("django_comment_client_permission_roles"."role_id" = 1  AND "django_comment_client_permission"."name" = edit_content ) LIMIT 1; args=(1, 'edit_content')
   django.db.backends: DEBUG: (0.000) SELECT "django_comment_client_role"."id", "django_comment_client_role"."name", "django_comment_client_role"."course_id" FROM "django_comment_client_role" INNER JOIN "django_comment_client_role_users" ON ("django_comment_client_role"."id" = "django_comment_client_role_users"."role_id") WHERE ("django_comment_client_role_users"."user_id" = 2  AND "django_comment_client_role"."course_id" = org.4510/course_4510/Run_4510 ); args=(2, u'org.4510/course_4510/Run_4510')
   django.db.backends: DEBUG: (0.000) SELECT (1) AS "a" FROM "django_comment_client_permission" INNER JOIN "django_comment_client_permission_roles" ON ("django_comment_client_permission"."name" = "django_comment_client_permission_roles"."permission_id") WHERE ("django_comment_client_permission_roles"."role_id" = 1  AND "django_comment_client_permission"."name" = update_comment ) LIMIT 1; args=(1, 'update_comment')
   django.db.backends: DEBUG: (0.000) SELECT "django_comment_client_role"."id", "django_comment_client_role"."name", "django_comment_client_role"."course_id" FROM "django_comment_client_role" INNER JOIN "django_comment_client_role_users" ON ("django_comment_client_role"."id" = "django_comment_client_role_users"."role_id") WHERE ("django_comment_client_role_users"."user_id" = 2  AND "django_comment_client_role"."course_id" = org.4510/course_4510/Run_4510 ); args=(2, u'org.4510/course_4510/Run_4510')
   django.db.backends: DEBUG: (0.000) SELECT (1) AS "a" FROM "django_comment_client_permission" INNER JOIN "django_comment_client_permission_roles" ON ("django_comment_client_permission"."name" = "django_comment_client_permission_roles"."permission_id") WHERE ("django_comment_client_permission_roles"."role_id" = 1  AND "django_comment_client_permission"."name" = create_sub_comment ) LIMIT 1; args=(1, 'create_sub_comment')
   django.db.backends: DEBUG: (0.000) SELECT "django_comment_client_role"."id", "django_comment_client_role"."name", "django_comment_client_role"."course_id" FROM "django_comment_client_role" INNER JOIN "django_comment_client_role_users" ON ("django_comment_client_role"."id" = "django_comment_client_role_users"."role_id") WHERE ("django_comment_client_role_users"."user_id" = 2  AND "django_comment_client_role"."course_id" = org.4510/course_4510/Run_4510 ); args=(2, u'org.4510/course_4510/Run_4510')
   django.db.backends: DEBUG: (0.000) SELECT (1) AS "a" FROM "django_comment_client_permission" INNER JOIN "django_comment_client_permission_roles" ON ("django_comment_client_permission"."name" = "django_comment_client_permission_roles"."permission_id") WHERE ("django_comment_client_permission_roles"."role_id" = 1  AND "django_comment_client_permission"."name" = delete_comment ) LIMIT 1; args=(1, 'delete_comment')
   django.db.backends: DEBUG: (0.000) SELECT "django_comment_client_role"."id", "django_comment_client_role"."name", "django_comment_client_role"."course_id" FROM "django_comment_client_role" INNER JOIN "django_comment_client_role_users" ON ("django_comment_client_role"."id" = "django_comment_client_role_users"."role_id") WHERE ("django_comment_client_role_users"."user_id" = 2  AND "django_comment_client_role"."course_id" = org.4510/course_4510/Run_4510 ); args=(2, u'org.4510/course_4510/Run_4510')
   django.db.backends: DEBUG: (0.000) SELECT (1) AS "a" FROM "django_comment_client_permission" INNER JOIN "django_comment_client_permission_roles" ON ("django_comment_client_permission"."name" = "django_comment_client_permission_roles"."permission_id") WHERE ("django_comment_client_permission_roles"."role_id" = 1  AND "django_comment_client_permission"."name" = update_comment ) LIMIT 1; args=(1, 'update_comment')
   django.db.backends: DEBUG: (0.000) SELECT "django_comment_client_role"."id", "django_comment_client_role"."name", "django_comment_client_role"."course_id" FROM "django_comment_client_role" INNER JOIN "django_comment_client_role_users" ON ("django_comment_client_role"."id" = "django_comment_client_role_users"."role_id") WHERE ("django_comment_client_role_users"."user_id" = 2  AND "django_comment_client_role"."course_id" = org.4510/course_4510/Run_4510 ); args=(2, u'org.4510/course_4510/Run_4510')
   django.db.backends: DEBUG: (0.000) SELECT (1) AS "a" FROM "django_comment_client_permission" INNER JOIN "django_comment_client_permission_roles" ON ("django_comment_client_permission"."name" = "django_comment_client_permission_roles"."permission_id") WHERE ("django_comment_client_permission_roles"."role_id" = 1  AND "django_comment_client_permission"."name" = vote ) LIMIT 1; args=(1, 'vote')
   django.db.backends: DEBUG: (0.000) SELECT "django_comment_client_role"."id", "django_comment_client_role"."name", "django_comment_client_role"."course_id" FROM "django_comment_client_role" INNER JOIN "django_comment_client_role_users" ON ("django_comment_client_role"."id" = "django_comment_client_role_users"."role_id") WHERE ("django_comment_client_role_users"."user_id" = 2  AND "django_comment_client_role"."course_id" = org.4510/course_4510/Run_4510 ); args=(2, u'org.4510/course_4510/Run_4510')
   django.db.backends: DEBUG: (0.000) SELECT (1) AS "a" FROM "django_comment_client_permission" INNER JOIN "django_comment_client_permission_roles" ON ("django_comment_client_permission"."name" = "django_comment_client_permission_roles"."permission_id") WHERE ("django_comment_client_permission_roles"."role_id" = 1  AND "django_comment_client_permission"."name" = edit_content ) LIMIT 1; args=(1, 'edit_content')
   django.db.backends: DEBUG: (0.000) SELECT "django_comment_client_role"."id", "django_comment_client_role"."name", "django_comment_client_role"."course_id" FROM "django_comment_client_role" INNER JOIN "django_comment_client_role_users" ON ("django_comment_client_role"."id" = "django_comment_client_role_users"."role_id") WHERE ("django_comment_client_role_users"."user_id" = 2  AND "django_comment_client_role"."course_id" = org.4510/course_4510/Run_4510 ); args=(2, u'org.4510/course_4510/Run_4510')
   django.db.backends: DEBUG: (0.000) SELECT (1) AS "a" FROM "django_comment_client_permission" INNER JOIN "django_comment_client_permission_roles" ON ("django_comment_client_permission"."name" = "django_comment_client_permission_roles"."permission_id") WHERE ("django_comment_client_permission_roles"."role_id" = 1  AND "django_comment_client_permission"."name" = update_comment ) LIMIT 1; args=(1, 'update_comment')
   django.db.backends: DEBUG: (0.000) SELECT "django_comment_client_role"."id", "django_comment_client_role"."name", "django_comment_client_role"."course_id" FROM "django_comment_client_role" INNER JOIN "django_comment_client_role_users" ON ("django_comment_client_role"."id" = "django_comment_client_role_users"."role_id") WHERE ("django_comment_client_role_users"."user_id" = 2  AND "django_comment_client_role"."course_id" = org.4510/course_4510/Run_4510 ); args=(2, u'org.4510/course_4510/Run_4510')
   django.db.backends: DEBUG: (0.000) SELECT (1) AS "a" FROM "django_comment_client_permission" INNER JOIN "django_comment_client_permission_roles" ON ("django_comment_client_permission"."name" = "django_comment_client_permission_roles"."permission_id") WHERE ("django_comment_client_permission_roles"."role_id" = 1  AND "django_comment_client_permission"."name" = create_sub_comment ) LIMIT 1; args=(1, 'create_sub_comment')
   django.db.backends: DEBUG: (0.000) SELECT "django_comment_client_role"."id", "django_comment_client_role"."name", "django_comment_client_role"."course_id" FROM "django_comment_client_role" INNER JOIN "django_comment_client_role_users" ON ("django_comment_client_role"."id" = "django_comment_client_role_users"."role_id") WHERE ("django_comment_client_role_users"."user_id" = 2  AND "django_comment_client_role"."course_id" = org.4510/course_4510/Run_4510 ); args=(2, u'org.4510/course_4510/Run_4510')
   django.db.backends: DEBUG: (0.000) SELECT (1) AS "a" FROM "django_comment_client_permission" INNER JOIN "django_comment_client_permission_roles" ON ("django_comment_client_permission"."name" = "django_comment_client_permission_roles"."permission_id") WHERE ("django_comment_client_permission_roles"."role_id" = 1  AND "django_comment_client_permission"."name" = delete_comment ) LIMIT 1; args=(1, 'delete_comment')
   django.db.backends: DEBUG: (0.000) SELECT "django_comment_client_role"."id", "django_comment_client_role"."name", "django_comment_client_role"."course_id" FROM "django_comment_client_role" INNER JOIN "django_comment_client_role_users" ON ("django_comment_client_role"."id" = "django_comment_client_role_users"."role_id") WHERE ("django_comment_client_role_users"."user_id" = 2  AND "django_comment_client_role"."course_id" = org.4510/course_4510/Run_4510 ); args=(2, u'org.4510/course_4510/Run_4510')
   django.db.backends: DEBUG: (0.000) SELECT (1) AS "a" FROM "django_comment_client_permission" INNER JOIN "django_comment_client_permission_roles" ON ("django_comment_client_permission"."name" = "django_comment_client_permission_roles"."permission_id") WHERE ("django_comment_client_permission_roles"."role_id" = 1  AND "django_comment_client_permission"."name" = update_comment ) LIMIT 1; args=(1, 'update_comment')
   django.db.backends: DEBUG: (0.000) SELECT "django_comment_client_role"."id", "django_comment_client_role"."name", "django_comment_client_role"."course_id" FROM "django_comment_client_role" INNER JOIN "django_comment_client_role_users" ON ("django_comment_client_role"."id" = "django_comment_client_role_users"."role_id") WHERE ("django_comment_client_role_users"."user_id" = 2  AND "django_comment_client_role"."course_id" = org.4510/course_4510/Run_4510 ); args=(2, u'org.4510/course_4510/Run_4510')
   django.db.backends: DEBUG: (0.000) SELECT (1) AS "a" FROM "django_comment_client_permission" INNER JOIN "django_comment_client_permission_roles" ON ("django_comment_client_permission"."name" = "django_comment_client_permission_roles"."permission_id") WHERE ("django_comment_client_permission_roles"."role_id" = 1  AND "django_comment_client_permission"."name" = vote ) LIMIT 1; args=(1, 'vote')
   django.db.backends: DEBUG: (0.000) SELECT "django_comment_client_role"."id", "django_comment_client_role"."name", "django_comment_client_role"."course_id" FROM "django_comment_client_role" INNER JOIN "django_comment_client_role_users" ON ("django_comment_client_role"."id" = "django_comment_client_role_users"."role_id") WHERE ("django_comment_client_role_users"."user_id" = 2  AND "django_comment_client_role"."course_id" = org.4510/course_4510/Run_4510 ); args=(2, u'org.4510/course_4510/Run_4510')
   django.db.backends: DEBUG: (0.000) SELECT (1) AS "a" FROM "django_comment_client_permission" INNER JOIN "django_comment_client_permission_roles" ON ("django_comment_client_permission"."name" = "django_comment_client_permission_roles"."permission_id") WHERE ("django_comment_client_permission_roles"."role_id" = 1  AND "django_comment_client_permission"."name" = edit_content ) LIMIT 1; args=(1, 'edit_content')
   django.db.backends: DEBUG: (0.000) SELECT "django_comment_client_role"."id", "django_comment_client_role"."name", "django_comment_client_role"."course_id" FROM "django_comment_client_role" INNER JOIN "django_comment_client_role_users" ON ("django_comment_client_role"."id" = "django_comment_client_role_users"."role_id") WHERE ("django_comment_client_role_users"."user_id" = 2  AND "django_comment_client_role"."course_id" = org.4510/course_4510/Run_4510 ); args=(2, u'org.4510/course_4510/Run_4510')
   django.db.backends: DEBUG: (0.000) SELECT (1) AS "a" FROM "django_comment_client_permission" INNER JOIN "django_comment_client_permission_roles" ON ("django_comment_client_permission"."name" = "django_comment_client_permission_roles"."permission_id") WHERE ("django_comment_client_permission_roles"."role_id" = 1  AND "django_comment_client_permission"."name" = update_comment ) LIMIT 1; args=(1, 'update_comment')
   django.db.backends: DEBUG: (0.000) SELECT "django_comment_client_role"."id", "django_comment_client_role"."name", "django_comment_client_role"."course_id" FROM "django_comment_client_role" INNER JOIN "django_comment_client_role_users" ON ("django_comment_client_role"."id" = "django_comment_client_role_users"."role_id") WHERE ("django_comment_client_role_users"."user_id" = 2  AND "django_comment_client_role"."course_id" = org.4510/course_4510/Run_4510 ); args=(2, u'org.4510/course_4510/Run_4510')
   django.db.backends: DEBUG: (0.000) SELECT (1) AS "a" FROM "django_comment_client_permission" INNER JOIN "django_comment_client_permission_roles" ON ("django_comment_client_permission"."name" = "django_comment_client_permission_roles"."permission_id") WHERE ("django_comment_client_permission_roles"."role_id" = 1  AND "django_comment_client_permission"."name" = create_sub_comment ) LIMIT 1; args=(1, 'create_sub_comment')
   django.db.backends: DEBUG: (0.000) SELECT "django_comment_client_role"."id", "django_comment_client_role"."name", "django_comment_client_role"."course_id" FROM "django_comment_client_role" INNER JOIN "django_comment_client_role_users" ON ("django_comment_client_role"."id" = "django_comment_client_role_users"."role_id") WHERE ("django_comment_client_role_users"."user_id" = 2  AND "django_comment_client_role"."course_id" = org.4510/course_4510/Run_4510 ); args=(2, u'org.4510/course_4510/Run_4510')
   django.db.backends: DEBUG: (0.000) SELECT (1) AS "a" FROM "django_comment_client_permission" INNER JOIN "django_comment_client_permission_roles" ON ("django_comment_client_permission"."name" = "django_comment_client_permission_roles"."permission_id") WHERE ("django_comment_client_permission_roles"."role_id" = 1  AND "django_comment_client_permission"."name" = delete_comment ) LIMIT 1; args=(1, 'delete_comment')
   django.db.backends: DEBUG: (0.000) SELECT "django_comment_client_role"."id", "django_comment_client_role"."name", "django_comment_client_role"."course_id" FROM "django_comment_client_role" INNER JOIN "django_comment_client_role_users" ON ("django_comment_client_role"."id" = "django_comment_client_role_users"."role_id") WHERE ("django_comment_client_role_users"."user_id" = 2  AND "django_comment_client_role"."course_id" = org.4510/course_4510/Run_4510 ); args=(2, u'org.4510/course_4510/Run_4510')
   django.db.backends: DEBUG: (0.000) SELECT (1) AS "a" FROM "django_comment_client_permission" INNER JOIN "django_comment_client_permission_roles" ON ("django_comment_client_permission"."name" = "django_comment_client_permission_roles"."permission_id") WHERE ("django_comment_client_permission_roles"."role_id" = 1  AND "django_comment_client_permission"."name" = update_comment ) LIMIT 1; args=(1, 'update_comment')
   django.db.backends: DEBUG: (0.000) SELECT "django_comment_client_role"."id", "django_comment_client_role"."name", "django_comment_client_role"."course_id" FROM "django_comment_client_role" INNER JOIN "django_comment_client_role_users" ON ("django_comment_client_role"."id" = "django_comment_client_role_users"."role_id") WHERE ("django_comment_client_role_users"."user_id" = 2  AND "django_comment_client_role"."course_id" = org.4510/course_4510/Run_4510 ); args=(2, u'org.4510/course_4510/Run_4510')
   django.db.backends: DEBUG: (0.000) SELECT (1) AS "a" FROM "django_comment_client_permission" INNER JOIN "django_comment_client_permission_roles" ON ("django_comment_client_permission"."name" = "django_comment_client_permission_roles"."permission_id") WHERE ("django_comment_client_permission_roles"."role_id" = 1  AND "django_comment_client_permission"."name" = vote ) LIMIT 1; args=(1, 'vote')
   django.db.backends: DEBUG: (0.000) SELECT "django_comment_client_role"."id", "django_comment_client_role"."name", "django_comment_client_role"."course_id" FROM "django_comment_client_role" INNER JOIN "django_comment_client_role_users" ON ("django_comment_client_role"."id" = "django_comment_client_role_users"."role_id") WHERE ("django_comment_client_role_users"."user_id" = 2  AND "django_comment_client_role"."course_id" = org.4510/course_4510/Run_4510 ); args=(2, u'org.4510/course_4510/Run_4510')
   django.db.backends: DEBUG: (0.000) SELECT (1) AS "a" FROM "django_comment_client_permission" INNER JOIN "django_comment_client_permission_roles" ON ("django_comment_client_permission"."name" = "django_comment_client_permission_roles"."permission_id") WHERE ("django_comment_client_permission_roles"."role_id" = 1  AND "django_comment_client_permission"."name" = edit_content ) LIMIT 1; args=(1, 'edit_content')
   django.db.backends: DEBUG: (0.000) SELECT "django_comment_client_role"."id", "django_comment_client_role"."name", "django_comment_client_role"."course_id" FROM "django_comment_client_role" INNER JOIN "django_comment_client_role_users" ON ("django_comment_client_role"."id" = "django_comment_client_role_users"."role_id") WHERE ("django_comment_client_role_users"."user_id" = 2  AND "django_comment_client_role"."course_id" = org.4510/course_4510/Run_4510 ); args=(2, u'org.4510/course_4510/Run_4510')
   django.db.backends: DEBUG: (0.000) SELECT (1) AS "a" FROM "django_comment_client_permission" INNER JOIN "django_comment_client_permission_roles" ON ("django_comment_client_permission"."name" = "django_comment_client_permission_roles"."permission_id") WHERE ("django_comment_client_permission_roles"."role_id" = 1  AND "django_comment_client_permission"."name" = update_comment ) LIMIT 1; args=(1, 'update_comment')
   django.db.backends: DEBUG: (0.000) SELECT "django_comment_client_role"."id", "django_comment_client_role"."name", "django_comment_client_role"."course_id" FROM "django_comment_client_role" INNER JOIN "django_comment_client_role_users" ON ("django_comment_client_role"."id" = "django_comment_client_role_users"."role_id") WHERE ("django_comment_client_role_users"."user_id" = 2  AND "django_comment_client_role"."course_id" = org.4510/course_4510/Run_4510 ); args=(2, u'org.4510/course_4510/Run_4510')
   django.db.backends: DEBUG: (0.000) SELECT (1) AS "a" FROM "django_comment_client_permission" INNER JOIN "django_comment_client_permission_roles" ON ("django_comment_client_permission"."name" = "django_comment_client_permission_roles"."permission_id") WHERE ("django_comment_client_permission_roles"."role_id" = 1  AND "django_comment_client_permission"."name" = create_sub_comment ) LIMIT 1; args=(1, 'create_sub_comment')
   django.db.backends: DEBUG: (0.000) SELECT "django_comment_client_role"."id", "django_comment_client_role"."name", "django_comment_client_role"."course_id" FROM "django_comment_client_role" INNER JOIN "django_comment_client_role_users" ON ("django_comment_client_role"."id" = "django_comment_client_role_users"."role_id") WHERE ("django_comment_client_role_users"."user_id" = 2  AND "django_comment_client_role"."course_id" = org.4510/course_4510/Run_4510 ); args=(2, u'org.4510/course_4510/Run_4510')
   django.db.backends: DEBUG: (0.000) SELECT (1) AS "a" FROM "django_comment_client_permission" INNER JOIN "django_comment_client_permission_roles" ON ("django_comment_client_permission"."name" = "django_comment_client_permission_roles"."permission_id") WHERE ("django_comment_client_permission_roles"."role_id" = 1  AND "django_comment_client_permission"."name" = delete_comment ) LIMIT 1; args=(1, 'delete_comment')
   django.db.backends: DEBUG: (0.000) SELECT "django_comment_client_role"."id", "django_comment_client_role"."name", "django_comment_client_role"."course_id" FROM "django_comment_client_role" INNER JOIN "django_comment_client_role_users" ON ("django_comment_client_role"."id" = "django_comment_client_role_users"."role_id") WHERE ("django_comment_client_role_users"."user_id" = 2  AND "django_comment_client_role"."course_id" = org.4510/course_4510/Run_4510 ); args=(2, u'org.4510/course_4510/Run_4510')
   django.db.backends: DEBUG: (0.000) SELECT (1) AS "a" FROM "django_comment_client_permission" INNER JOIN "django_comment_client_permission_roles" ON ("django_comment_client_permission"."name" = "django_comment_client_permission_roles"."permission_id") WHERE ("django_comment_client_permission_roles"."role_id" = 1  AND "django_comment_client_permission"."name" = update_comment ) LIMIT 1; args=(1, 'update_comment')
   django.db.backends: DEBUG: (0.000) SELECT "django_comment_client_role"."id", "django_comment_client_role"."name", "django_comment_client_role"."course_id" FROM "django_comment_client_role" INNER JOIN "django_comment_client_role_users" ON ("django_comment_client_role"."id" = "django_comment_client_role_users"."role_id") WHERE ("django_comment_client_role_users"."user_id" = 2  AND "django_comment_client_role"."course_id" = org.4510/course_4510/Run_4510 ); args=(2, u'org.4510/course_4510/Run_4510')
   django.db.backends: DEBUG: (0.000) SELECT (1) AS "a" FROM "django_comment_client_permission" INNER JOIN "django_comment_client_permission_roles" ON ("django_comment_client_permission"."name" = "django_comment_client_permission_roles"."permission_id") WHERE ("django_comment_client_permission_roles"."role_id" = 1  AND "django_comment_client_permission"."name" = vote ) LIMIT 1; args=(1, 'vote')
   django.db.backends: DEBUG: (0.000) SELECT "django_comment_client_role"."id", "django_comment_client_role"."name", "django_comment_client_role"."course_id" FROM "django_comment_client_role" INNER JOIN "django_comment_client_role_users" ON ("django_comment_client_role"."id" = "django_comment_client_role_users"."role_id") WHERE ("django_comment_client_role_users"."user_id" = 2  AND "django_comment_client_role"."course_id" = org.4510/course_4510/Run_4510 ); args=(2, u'org.4510/course_4510/Run_4510')
   django.db.backends: DEBUG: (0.000) SELECT (1) AS "a" FROM "django_comment_client_permission" INNER JOIN "django_comment_client_permission_roles" ON ("django_comment_client_permission"."name" = "django_comment_client_permission_roles"."permission_id") WHERE ("django_comment_client_permission_roles"."role_id" = 1  AND "django_comment_client_permission"."name" = edit_content ) LIMIT 1; args=(1, 'edit_content')
   django.db.backends: DEBUG: (0.000) SELECT "django_comment_client_role"."id", "django_comment_client_role"."name", "django_comment_client_role"."course_id" FROM "django_comment_client_role" INNER JOIN "django_comment_client_role_users" ON ("django_comment_client_role"."id" = "django_comment_client_role_users"."role_id") WHERE ("django_comment_client_role_users"."user_id" = 2  AND "django_comment_client_role"."course_id" = org.4510/course_4510/Run_4510 ); args=(2, u'org.4510/course_4510/Run_4510')
   django.db.backends: DEBUG: (0.000) SELECT (1) AS "a" FROM "django_comment_client_permission" INNER JOIN "django_comment_client_permission_roles" ON ("django_comment_client_permission"."name" = "django_comment_client_permission_roles"."permission_id") WHERE ("django_comment_client_permission_roles"."role_id" = 1  AND "django_comment_client_permission"."name" = update_comment ) LIMIT 1; args=(1, 'update_comment')
   django.db.backends: DEBUG: (0.000) SELECT "django_comment_client_role"."id", "django_comment_client_role"."name", "django_comment_client_role"."course_id" FROM "django_comment_client_role" INNER JOIN "django_comment_client_role_users" ON ("django_comment_client_role"."id" = "django_comment_client_role_users"."role_id") WHERE ("django_comment_client_role_users"."user_id" = 2  AND "django_comment_client_role"."course_id" = org.4510/course_4510/Run_4510 ); args=(2, u'org.4510/course_4510/Run_4510')
   django.db.backends: DEBUG: (0.000) SELECT (1) AS "a" FROM "django_comment_client_permission" INNER JOIN "django_comment_client_permission_roles" ON ("django_comment_client_permission"."name" = "django_comment_client_permission_roles"."permission_id") WHERE ("django_comment_client_permission_roles"."role_id" = 1  AND "django_comment_client_permission"."name" = create_sub_comment ) LIMIT 1; args=(1, 'create_sub_comment')
   django.db.backends: DEBUG: (0.000) SELECT "django_comment_client_role"."id", "django_comment_client_role"."name", "django_comment_client_role"."course_id" FROM "django_comment_client_role" INNER JOIN "django_comment_client_role_users" ON ("django_comment_client_role"."id" = "django_comment_client_role_users"."role_id") WHERE ("django_comment_client_role_users"."user_id" = 2  AND "django_comment_client_role"."course_id" = org.4510/course_4510/Run_4510 ); args=(2, u'org.4510/course_4510/Run_4510')
   django.db.backends: DEBUG: (0.000) SELECT (1) AS "a" FROM "django_comment_client_permission" INNER JOIN "django_comment_client_permission_roles" ON ("django_comment_client_permission"."name" = "django_comment_client_permission_roles"."permission_id") WHERE ("django_comment_client_permission_roles"."role_id" = 1  AND "django_comment_client_permission"."name" = delete_comment ) LIMIT 1; args=(1, 'delete_comment')
   django.db.backends: DEBUG: (0.000) SELECT "django_comment_client_role"."id", "django_comment_client_role"."name", "django_comment_client_role"."course_id" FROM "django_comment_client_role" INNER JOIN "django_comment_client_role_users" ON ("django_comment_client_role"."id" = "django_comment_client_role_users"."role_id") WHERE ("django_comment_client_role_users"."user_id" = 2  AND "django_comment_client_role"."course_id" = org.4510/course_4510/Run_4510 ); args=(2, u'org.4510/course_4510/Run_4510')
   django.db.backends: DEBUG: (0.000) SELECT (1) AS "a" FROM "django_comment_client_permission" INNER JOIN "django_comment_client_permission_roles" ON ("django_comment_client_permission"."name" = "django_comment_client_permission_roles"."permission_id") WHERE ("django_comment_client_permission_roles"."role_id" = 1  AND "django_comment_client_permission"."name" = update_comment ) LIMIT 1; args=(1, 'update_comment')
   django.db.backends: DEBUG: (0.000) SELECT "django_comment_client_role"."id", "django_comment_client_role"."name", "django_comment_client_role"."course_id" FROM "django_comment_client_role" INNER JOIN "django_comment_client_role_users" ON ("django_comment_client_role"."id" = "django_comment_client_role_users"."role_id") WHERE ("django_comment_client_role_users"."user_id" = 2  AND "django_comment_client_role"."course_id" = org.4510/course_4510/Run_4510 ); args=(2, u'org.4510/course_4510/Run_4510')
   django.db.backends: DEBUG: (0.000) SELECT (1) AS "a" FROM "django_comment_client_permission" INNER JOIN "django_comment_client_permission_roles" ON ("django_comment_client_permission"."name" = "django_comment_client_permission_roles"."permission_id") WHERE ("django_comment_client_permission_roles"."role_id" = 1  AND "django_comment_client_permission"."name" = vote ) LIMIT 1; args=(1, 'vote')
   django.db.backends: DEBUG: (0.000) SELECT "django_comment_client_role"."id", "django_comment_client_role"."name", "django_comment_client_role"."course_id" FROM "django_comment_client_role" INNER JOIN "django_comment_client_role_users" ON ("django_comment_client_role"."id" = "django_comment_client_role_users"."role_id") WHERE ("django_comment_client_role_users"."user_id" = 2  AND "django_comment_client_role"."course_id" = org.4510/course_4510/Run_4510 ); args=(2, u'org.4510/course_4510/Run_4510')
   django.db.backends: DEBUG: (0.000) SELECT (1) AS "a" FROM "django_comment_client_permission" INNER JOIN "django_comment_client_permission_roles" ON ("django_comment_client_permission"."name" = "django_comment_client_permission_roles"."permission_id") WHERE ("django_comment_client_permission_roles"."role_id" = 1  AND "django_comment_client_permission"."name" = edit_content ) LIMIT 1; args=(1, 'edit_content')
   django.db.backends: DEBUG: (0.000) SELECT "django_comment_client_role"."id", "django_comment_client_role"."name", "django_comment_client_role"."course_id" FROM "django_comment_client_role" INNER JOIN "django_comment_client_role_users" ON ("django_comment_client_role"."id" = "django_comment_client_role_users"."role_id") WHERE ("django_comment_client_role_users"."user_id" = 2  AND "django_comment_client_role"."course_id" = org.4510/course_4510/Run_4510 ); args=(2, u'org.4510/course_4510/Run_4510')
   django.db.backends: DEBUG: (0.001) SELECT (1) AS "a" FROM "django_comment_client_permission" INNER JOIN "django_comment_client_permission_roles" ON ("django_comment_client_permission"."name" = "django_comment_client_permission_roles"."permission_id") WHERE ("django_comment_client_permission_roles"."role_id" = 1  AND "django_comment_client_permission"."name" = update_comment ) LIMIT 1; args=(1, 'update_comment')
   django.db.backends: DEBUG: (0.000) SELECT "django_comment_client_role"."id", "django_comment_client_role"."name", "django_comment_client_role"."course_id" FROM "django_comment_client_role" INNER JOIN "django_comment_client_role_users" ON ("django_comment_client_role"."id" = "django_comment_client_role_users"."role_id") WHERE ("django_comment_client_role_users"."user_id" = 2  AND "django_comment_client_role"."course_id" = org.4510/course_4510/Run_4510 ); args=(2, u'org.4510/course_4510/Run_4510')
   django.db.backends: DEBUG: (0.000) SELECT (1) AS "a" FROM "django_comment_client_permission" INNER JOIN "django_comment_client_permission_roles" ON ("django_comment_client_permission"."name" = "django_comment_client_permission_roles"."permission_id") WHERE ("django_comment_client_permission_roles"."role_id" = 1  AND "django_comment_client_permission"."name" = create_sub_comment ) LIMIT 1; args=(1, 'create_sub_comment')
   django.db.backends: DEBUG: (0.000) SELECT "django_comment_client_role"."id", "django_comment_client_role"."name", "django_comment_client_role"."course_id" FROM "django_comment_client_role" INNER JOIN "django_comment_client_role_users" ON ("django_comment_client_role"."id" = "django_comment_client_role_users"."role_id") WHERE ("django_comment_client_role_users"."user_id" = 2  AND "django_comment_client_role"."course_id" = org.4510/course_4510/Run_4510 ); args=(2, u'org.4510/course_4510/Run_4510')
   django.db.backends: DEBUG: (0.000) SELECT (1) AS "a" FROM "django_comment_client_permission" INNER JOIN "django_comment_client_permission_roles" ON ("django_comment_client_permission"."name" = "django_comment_client_permission_roles"."permission_id") WHERE ("django_comment_client_permission_roles"."role_id" = 1  AND "django_comment_client_permission"."name" = delete_comment ) LIMIT 1; args=(1, 'delete_comment')
   django.db.backends: DEBUG: (0.000) SELECT "django_comment_client_role"."id", "django_comment_client_role"."name", "django_comment_client_role"."course_id" FROM "django_comment_client_role" INNER JOIN "django_comment_client_role_users" ON ("django_comment_client_role"."id" = "django_comment_client_role_users"."role_id") WHERE ("django_comment_client_role_users"."user_id" = 2  AND "django_comment_client_role"."course_id" = org.4510/course_4510/Run_4510 ); args=(2, u'org.4510/course_4510/Run_4510')
   django.db.backends: DEBUG: (0.000) SELECT (1) AS "a" FROM "django_comment_client_permission" INNER JOIN "django_comment_client_permission_roles" ON ("django_comment_client_permission"."name" = "django_comment_client_permission_roles"."permission_id") WHERE ("django_comment_client_permission_roles"."role_id" = 1  AND "django_comment_client_permission"."name" = update_comment ) LIMIT 1; args=(1, 'update_comment')
   django.db.backends: DEBUG: (0.000) SELECT "django_comment_client_role"."id", "django_comment_client_role"."name", "django_comment_client_role"."course_id" FROM "django_comment_client_role" INNER JOIN "django_comment_client_role_users" ON ("django_comment_client_role"."id" = "django_comment_client_role_users"."role_id") WHERE ("django_comment_client_role_users"."user_id" = 2  AND "django_comment_client_role"."course_id" = org.4510/course_4510/Run_4510 ); args=(2, u'org.4510/course_4510/Run_4510')
   django.db.backends: DEBUG: (0.000) SELECT (1) AS "a" FROM "django_comment_client_permission" INNER JOIN "django_comment_client_permission_roles" ON ("django_comment_client_permission"."name" = "django_comment_client_permission_roles"."permission_id") WHERE ("django_comment_client_permission_roles"."role_id" = 1  AND "django_comment_client_permission"."name" = vote ) LIMIT 1; args=(1, 'vote')
   django.db.backends: DEBUG: (0.000) SELECT "django_comment_client_role"."id", "django_comment_client_role"."name", "django_comment_client_role"."course_id" FROM "django_comment_client_role" INNER JOIN "django_comment_client_role_users" ON ("django_comment_client_role"."id" = "django_comment_client_role_users"."role_id") WHERE ("django_comment_client_role_users"."user_id" = 2  AND "django_comment_client_role"."course_id" = org.4510/course_4510/Run_4510 ); args=(2, u'org.4510/course_4510/Run_4510')
   django.db.backends: DEBUG: (0.000) SELECT (1) AS "a" FROM "django_comment_client_permission" INNER JOIN "django_comment_client_permission_roles" ON ("django_comment_client_permission"."name" = "django_comment_client_permission_roles"."permission_id") WHERE ("django_comment_client_permission_roles"."role_id" = 1  AND "django_comment_client_permission"."name" = edit_content ) LIMIT 1; args=(1, 'edit_content')
   django.db.backends: DEBUG: (0.000) SELECT "django_comment_client_role"."id", "django_comment_client_role"."name", "django_comment_client_role"."course_id" FROM "django_comment_client_role" INNER JOIN "django_comment_client_role_users" ON ("django_comment_client_role"."id" = "django_comment_client_role_users"."role_id") WHERE ("django_comment_client_role_users"."user_id" = 2  AND "django_comment_client_role"."course_id" = org.4510/course_4510/Run_4510 ); args=(2, u'org.4510/course_4510/Run_4510')
   django.db.backends: DEBUG: (0.000) SELECT (1) AS "a" FROM "django_comment_client_permission" INNER JOIN "django_comment_client_permission_roles" ON ("django_comment_client_permission"."name" = "django_comment_client_permission_roles"."permission_id") WHERE ("django_comment_client_permission_roles"."role_id" = 1  AND "django_comment_client_permission"."name" = update_comment ) LIMIT 1; args=(1, 'update_comment')
   django.db.backends: DEBUG: (0.000) SELECT "django_comment_client_role"."id", "django_comment_client_role"."name", "django_comment_client_role"."course_id" FROM "django_comment_client_role" INNER JOIN "django_comment_client_role_users" ON ("django_comment_client_role"."id" = "django_comment_client_role_users"."role_id") WHERE ("django_comment_client_role_users"."user_id" = 2  AND "django_comment_client_role"."course_id" = org.4510/course_4510/Run_4510 ); args=(2, u'org.4510/course_4510/Run_4510')
   django.db.backends: DEBUG: (0.000) SELECT (1) AS "a" FROM "django_comment_client_permission" INNER JOIN "django_comment_client_permission_roles" ON ("django_comment_client_permission"."name" = "django_comment_client_permission_roles"."permission_id") WHERE ("django_comment_client_permission_roles"."role_id" = 1  AND "django_comment_client_permission"."name" = create_sub_comment ) LIMIT 1; args=(1, 'create_sub_comment')
   django.db.backends: DEBUG: (0.000) SELECT "django_comment_client_role"."id", "django_comment_client_role"."name", "django_comment_client_role"."course_id" FROM "django_comment_client_role" INNER JOIN "django_comment_client_role_users" ON ("django_comment_client_role"."id" = "django_comment_client_role_users"."role_id") WHERE ("django_comment_client_role_users"."user_id" = 2  AND "django_comment_client_role"."course_id" = org.4510/course_4510/Run_4510 ); args=(2, u'org.4510/course_4510/Run_4510')
   django.db.backends: DEBUG: (0.000) SELECT (1) AS "a" FROM "django_comment_client_permission" INNER JOIN "django_comment_client_permission_roles" ON ("django_comment_client_permission"."name" = "django_comment_client_permission_roles"."permission_id") WHERE ("django_comment_client_permission_roles"."role_id" = 1  AND "django_comment_client_permission"."name" = delete_comment ) LIMIT 1; args=(1, 'delete_comment')
   django.db.backends: DEBUG: (0.000) SELECT "django_comment_client_role"."id", "django_comment_client_role"."name", "django_comment_client_role"."course_id" FROM "django_comment_client_role" INNER JOIN "django_comment_client_role_users" ON ("django_comment_client_role"."id" = "django_comment_client_role_users"."role_id") WHERE ("django_comment_client_role_users"."user_id" = 2  AND "django_comment_client_role"."course_id" = org.4510/course_4510/Run_4510 ); args=(2, u'org.4510/course_4510/Run_4510')
   django.db.backends: DEBUG: (0.000) SELECT (1) AS "a" FROM "django_comment_client_permission" INNER JOIN "django_comment_client_permission_roles" ON ("django_comment_client_permission"."name" = "django_comment_client_permission_roles"."permission_id") WHERE ("django_comment_client_permission_roles"."role_id" = 1  AND "django_comment_client_permission"."name" = update_comment ) LIMIT 1; args=(1, 'update_comment')
   django.db.backends: DEBUG: (0.000) SELECT "django_comment_client_role"."id", "django_comment_client_role"."name", "django_comment_client_role"."course_id" FROM "django_comment_client_role" INNER JOIN "django_comment_client_role_users" ON ("django_comment_client_role"."id" = "django_comment_client_role_users"."role_id") WHERE ("django_comment_client_role_users"."user_id" = 2  AND "django_comment_client_role"."course_id" = org.4510/course_4510/Run_4510 ); args=(2, u'org.4510/course_4510/Run_4510')
   django.db.backends: DEBUG: (0.000) SELECT (1) AS "a" FROM "django_comment_client_permission" INNER JOIN "django_comment_client_permission_roles" ON ("django_comment_client_permission"."name" = "django_comment_client_permission_roles"."permission_id") WHERE ("django_comment_client_permission_roles"."role_id" = 1  AND "django_comment_client_permission"."name" = vote ) LIMIT 1; args=(1, 'vote')
   django.db.backends: DEBUG: (0.000) SELECT "django_comment_client_role"."id", "django_comment_client_role"."name", "django_comment_client_role"."course_id" FROM "django_comment_client_role" INNER JOIN "django_comment_client_role_users" ON ("django_comment_client_role"."id" = "django_comment_client_role_users"."role_id") WHERE ("django_comment_client_role_users"."user_id" = 2  AND "django_comment_client_role"."course_id" = org.4510/course_4510/Run_4510 ); args=(2, u'org.4510/course_4510/Run_4510')
   django.db.backends: DEBUG: (0.000) SELECT (1) AS "a" FROM "django_comment_client_permission" INNER JOIN "django_comment_client_permission_roles" ON ("django_comment_client_permission"."name" = "django_comment_client_permission_roles"."permission_id") WHERE ("django_comment_client_permission_roles"."role_id" = 1  AND "django_comment_client_permission"."name" = edit_content ) LIMIT 1; args=(1, 'edit_content')
   django.db.backends: DEBUG: (0.000) SELECT "django_comment_client_role"."id", "django_comment_client_role"."name", "django_comment_client_role"."course_id" FROM "django_comment_client_role" INNER JOIN "django_comment_client_role_users" ON ("django_comment_client_role"."id" = "django_comment_client_role_users"."role_id") WHERE ("django_comment_client_role_users"."user_id" = 2  AND "django_comment_client_role"."course_id" = org.4510/course_4510/Run_4510 ); args=(2, u'org.4510/course_4510/Run_4510')
   django.db.backends: DEBUG: (0.000) SELECT (1) AS "a" FROM "django_comment_client_permission" INNER JOIN "django_comment_client_permission_roles" ON ("django_comment_client_permission"."name" = "django_comment_client_permission_roles"."permission_id") WHERE ("django_comment_client_permission_roles"."role_id" = 1  AND "django_comment_client_permission"."name" = update_comment ) LIMIT 1; args=(1, 'update_comment')
   django.db.backends: DEBUG: (0.000) SELECT "django_comment_client_role"."id", "django_comment_client_role"."name", "django_comment_client_role"."course_id" FROM "django_comment_client_role" INNER JOIN "django_comment_client_role_users" ON ("django_comment_client_role"."id" = "django_comment_client_role_users"."role_id") WHERE ("django_comment_client_role_users"."user_id" = 2  AND "django_comment_client_role"."course_id" = org.4510/course_4510/Run_4510 ); args=(2, u'org.4510/course_4510/Run_4510')
   django.db.backends: DEBUG: (0.000) SELECT (1) AS "a" FROM "django_comment_client_permission" INNER JOIN "django_comment_client_permission_roles" ON ("django_comment_client_permission"."name" = "django_comment_client_permission_roles"."permission_id") WHERE ("django_comment_client_permission_roles"."role_id" = 1  AND "django_comment_client_permission"."name" = create_sub_comment ) LIMIT 1; args=(1, 'create_sub_comment')
   django.db.backends: DEBUG: (0.000) SELECT "django_comment_client_role"."id", "django_comment_client_role"."name", "django_comment_client_role"."course_id" FROM "django_comment_client_role" INNER JOIN "django_comment_client_role_users" ON ("django_comment_client_role"."id" = "django_comment_client_role_users"."role_id") WHERE ("django_comment_client_role_users"."user_id" = 2  AND "django_comment_client_role"."course_id" = org.4510/course_4510/Run_4510 ); args=(2, u'org.4510/course_4510/Run_4510')
   django.db.backends: DEBUG: (0.000) SELECT (1) AS "a" FROM "django_comment_client_permission" INNER JOIN "django_comment_client_permission_roles" ON ("django_comment_client_permission"."name" = "django_comment_client_permission_roles"."permission_id") WHERE ("django_comment_client_permission_roles"."role_id" = 1  AND "django_comment_client_permission"."name" = delete_comment ) LIMIT 1; args=(1, 'delete_comment')
   django.db.backends: DEBUG: (0.000) SELECT "django_comment_client_role"."id", "django_comment_client_role"."name", "django_comment_client_role"."course_id" FROM "django_comment_client_role" INNER JOIN "django_comment_client_role_users" ON ("django_comment_client_role"."id" = "django_comment_client_role_users"."role_id") WHERE ("django_comment_client_role_users"."user_id" = 2  AND "django_comment_client_role"."course_id" = org.4510/course_4510/Run_4510 ); args=(2, u'org.4510/course_4510/Run_4510')
   django.db.backends: DEBUG: (0.000) SELECT (1) AS "a" FROM "django_comment_client_permission" INNER JOIN "django_comment_client_permission_roles" ON ("django_comment_client_permission"."name" = "django_comment_client_permission_roles"."permission_id") WHERE ("django_comment_client_permission_roles"."role_id" = 1  AND "django_comment_client_permission"."name" = update_comment ) LIMIT 1; args=(1, 'update_comment')
   django.db.backends: DEBUG: (0.000) SELECT "django_comment_client_role"."id", "django_comment_client_role"."name", "django_comment_client_role"."course_id" FROM "django_comment_client_role" INNER JOIN "django_comment_client_role_users" ON ("django_comment_client_role"."id" = "django_comment_client_role_users"."role_id") WHERE ("django_comment_client_role_users"."user_id" = 2  AND "django_comment_client_role"."course_id" = org.4510/course_4510/Run_4510 ); args=(2, u'org.4510/course_4510/Run_4510')
   django.db.backends: DEBUG: (0.000) SELECT (1) AS "a" FROM "django_comment_client_permission" INNER JOIN "django_comment_client_permission_roles" ON ("django_comment_client_permission"."name" = "django_comment_client_permission_roles"."permission_id") WHERE ("django_comment_client_permission_roles"."role_id" = 1  AND "django_comment_client_permission"."name" = vote ) LIMIT 1; args=(1, 'vote')
   django.db.backends: DEBUG: (0.000) SELECT "django_comment_client_role"."id", "django_comment_client_role"."name", "django_comment_client_role"."course_id" FROM "django_comment_client_role" INNER JOIN "django_comment_client_role_users" ON ("django_comment_client_role"."id" = "django_comment_client_role_users"."role_id") WHERE ("django_comment_client_role_users"."user_id" = 2  AND "django_comment_client_role"."course_id" = org.4510/course_4510/Run_4510 ); args=(2, u'org.4510/course_4510/Run_4510')
   django.db.backends: DEBUG: (0.000) SELECT (1) AS "a" FROM "django_comment_client_permission" INNER JOIN "django_comment_client_permission_roles" ON ("django_comment_client_permission"."name" = "django_comment_client_permission_roles"."permission_id") WHERE ("django_comment_client_permission_roles"."role_id" = 1  AND "django_comment_client_permission"."name" = edit_content ) LIMIT 1; args=(1, 'edit_content')
   django.db.backends: DEBUG: (0.000) SELECT "django_comment_client_role"."id", "django_comment_client_role"."name", "django_comment_client_role"."course_id" FROM "django_comment_client_role" INNER JOIN "django_comment_client_role_users" ON ("django_comment_client_role"."id" = "django_comment_client_role_users"."role_id") WHERE ("django_comment_client_role_users"."user_id" = 2  AND "django_comment_client_role"."course_id" = org.4510/course_4510/Run_4510 ); args=(2, u'org.4510/course_4510/Run_4510')
   django.db.backends: DEBUG: (0.000) SELECT (1) AS "a" FROM "django_comment_client_permission" INNER JOIN "django_comment_client_permission_roles" ON ("django_comment_client_permission"."name" = "django_comment_client_permission_roles"."permission_id") WHERE ("django_comment_client_permission_roles"."role_id" = 1  AND "django_comment_client_permission"."name" = update_comment ) LIMIT 1; args=(1, 'update_comment')
   django.db.backends: DEBUG: (0.000) SELECT "django_comment_client_role"."id", "django_comment_client_role"."name", "django_comment_client_role"."course_id" FROM "django_comment_client_role" INNER JOIN "django_comment_client_role_users" ON ("django_comment_client_role"."id" = "django_comment_client_role_users"."role_id") WHERE ("django_comment_client_role_users"."user_id" = 2  AND "django_comment_client_role"."course_id" = org.4510/course_4510/Run_4510 ); args=(2, u'org.4510/course_4510/Run_4510')
   django.db.backends: DEBUG: (0.000) SELECT (1) AS "a" FROM "django_comment_client_permission" INNER JOIN "django_comment_client_permission_roles" ON ("django_comment_client_permission"."name" = "django_comment_client_permission_roles"."permission_id") WHERE ("django_comment_client_permission_roles"."role_id" = 1  AND "django_comment_client_permission"."name" = create_sub_comment ) LIMIT 1; args=(1, 'create_sub_comment')
   django.db.backends: DEBUG: (0.000) SELECT "django_comment_client_role"."id", "django_comment_client_role"."name", "django_comment_client_role"."course_id" FROM "django_comment_client_role" INNER JOIN "django_comment_client_role_users" ON ("django_comment_client_role"."id" = "django_comment_client_role_users"."role_id") WHERE ("django_comment_client_role_users"."user_id" = 2  AND "django_comment_client_role"."course_id" = org.4510/course_4510/Run_4510 ); args=(2, u'org.4510/course_4510/Run_4510')
   django.db.backends: DEBUG: (0.000) SELECT (1) AS "a" FROM "django_comment_client_permission" INNER JOIN "django_comment_client_permission_roles" ON ("django_comment_client_permission"."name" = "django_comment_client_permission_roles"."permission_id") WHERE ("django_comment_client_permission_roles"."role_id" = 1  AND "django_comment_client_permission"."name" = delete_comment ) LIMIT 1; args=(1, 'delete_comment')
   django.db.backends: DEBUG: (0.000) SELECT "django_comment_client_role"."id", "django_comment_client_role"."name", "django_comment_client_role"."course_id" FROM "django_comment_client_role" INNER JOIN "django_comment_client_role_users" ON ("django_comment_client_role"."id" = "django_comment_client_role_users"."role_id") WHERE ("django_comment_client_role_users"."user_id" = 2  AND "django_comment_client_role"."course_id" = org.4510/course_4510/Run_4510 ); args=(2, u'org.4510/course_4510/Run_4510')
   django.db.backends: DEBUG: (0.000) SELECT (1) AS "a" FROM "django_comment_client_permission" INNER JOIN "django_comment_client_permission_roles" ON ("django_comment_client_permission"."name" = "django_comment_client_permission_roles"."permission_id") WHERE ("django_comment_client_permission_roles"."role_id" = 1  AND "django_comment_client_permission"."name" = update_comment ) LIMIT 1; args=(1, 'update_comment')
   django.db.backends: DEBUG: (0.000) SELECT "django_comment_client_role"."id", "django_comment_client_role"."name", "django_comment_client_role"."course_id" FROM "django_comment_client_role" INNER JOIN "django_comment_client_role_users" ON ("django_comment_client_role"."id" = "django_comment_client_role_users"."role_id") WHERE ("django_comment_client_role_users"."user_id" = 2  AND "django_comment_client_role"."course_id" = org.4510/course_4510/Run_4510 ); args=(2, u'org.4510/course_4510/Run_4510')
   django.db.backends: DEBUG: (0.000) SELECT (1) AS "a" FROM "django_comment_client_permission" INNER JOIN "django_comment_client_permission_roles" ON ("django_comment_client_permission"."name" = "django_comment_client_permission_roles"."permission_id") WHERE ("django_comment_client_permission_roles"."role_id" = 1  AND "django_comment_client_permission"."name" = vote ) LIMIT 1; args=(1, 'vote')
   django.db.backends: DEBUG: (0.000) SELECT "django_comment_client_role"."id", "django_comment_client_role"."name", "django_comment_client_role"."course_id" FROM "django_comment_client_role" INNER JOIN "django_comment_client_role_users" ON ("django_comment_client_role"."id" = "django_comment_client_role_users"."role_id") WHERE ("django_comment_client_role_users"."user_id" = 2  AND "django_comment_client_role"."course_id" = org.4510/course_4510/Run_4510 ); args=(2, u'org.4510/course_4510/Run_4510')
   django.db.backends: DEBUG: (0.000) SELECT (1) AS "a" FROM "django_comment_client_permission" INNER JOIN "django_comment_client_permission_roles" ON ("django_comment_client_permission"."name" = "django_comment_client_permission_roles"."permission_id") WHERE ("django_comment_client_permission_roles"."role_id" = 1  AND "django_comment_client_permission"."name" = edit_content ) LIMIT 1; args=(1, 'edit_content')
   django.db.backends: DEBUG: (0.000) SELECT "django_comment_client_role"."id", "django_comment_client_role"."name", "django_comment_client_role"."course_id" FROM "django_comment_client_role" INNER JOIN "django_comment_client_role_users" ON ("django_comment_client_role"."id" = "django_comment_client_role_users"."role_id") WHERE ("django_comment_client_role_users"."user_id" = 2  AND "django_comment_client_role"."course_id" = org.4510/course_4510/Run_4510 ); args=(2, u'org.4510/course_4510/Run_4510')
   django.db.backends: DEBUG: (0.000) SELECT (1) AS "a" FROM "django_comment_client_permission" INNER JOIN "django_comment_client_permission_roles" ON ("django_comment_client_permission"."name" = "django_comment_client_permission_roles"."permission_id") WHERE ("django_comment_client_permission_roles"."role_id" = 1  AND "django_comment_client_permission"."name" = update_comment ) LIMIT 1; args=(1, 'update_comment')
   django.db.backends: DEBUG: (0.001) SELECT "django_comment_client_role"."id", "django_comment_client_role"."name", "django_comment_client_role"."course_id" FROM "django_comment_client_role" INNER JOIN "django_comment_client_role_users" ON ("django_comment_client_role"."id" = "django_comment_client_role_users"."role_id") WHERE ("django_comment_client_role_users"."user_id" = 2  AND "django_comment_client_role"."course_id" = org.4510/course_4510/Run_4510 ); args=(2, u'org.4510/course_4510/Run_4510')
   django.db.backends: DEBUG: (0.000) SELECT (1) AS "a" FROM "django_comment_client_permission" INNER JOIN "django_comment_client_permission_roles" ON ("django_comment_client_permission"."name" = "django_comment_client_permission_roles"."permission_id") WHERE ("django_comment_client_permission_roles"."role_id" = 1  AND "django_comment_client_permission"."name" = create_sub_comment ) LIMIT 1; args=(1, 'create_sub_comment')
   django.db.backends: DEBUG: (0.000) SELECT "django_comment_client_role"."id", "django_comment_client_role"."name", "django_comment_client_role"."course_id" FROM "django_comment_client_role" INNER JOIN "django_comment_client_role_users" ON ("django_comment_client_role"."id" = "django_comment_client_role_users"."role_id") WHERE ("django_comment_client_role_users"."user_id" = 2  AND "django_comment_client_role"."course_id" = org.4510/course_4510/Run_4510 ); args=(2, u'org.4510/course_4510/Run_4510')
   django.db.backends: DEBUG: (0.000) SELECT (1) AS "a" FROM "django_comment_client_permission" INNER JOIN "django_comment_client_permission_roles" ON ("django_comment_client_permission"."name" = "django_comment_client_permission_roles"."permission_id") WHERE ("django_comment_client_permission_roles"."role_id" = 1  AND "django_comment_client_permission"."name" = delete_comment ) LIMIT 1; args=(1, 'delete_comment')
   django.db.backends: DEBUG: (0.001) SELECT "django_comment_client_role"."id", "django_comment_client_role"."name", "django_comment_client_role"."course_id" FROM "django_comment_client_role" INNER JOIN "django_comment_client_role_users" ON ("django_comment_client_role"."id" = "django_comment_client_role_users"."role_id") WHERE ("django_comment_client_role_users"."user_id" = 2  AND "django_comment_client_role"."course_id" = org.4510/course_4510/Run_4510 ); args=(2, u'org.4510/course_4510/Run_4510')
   django.db.backends: DEBUG: (0.000) SELECT (1) AS "a" FROM "django_comment_client_permission" INNER JOIN "django_comment_client_permission_roles" ON ("django_comment_client_permission"."name" = "django_comment_client_permission_roles"."permission_id") WHERE ("django_comment_client_permission_roles"."role_id" = 1  AND "django_comment_client_permission"."name" = update_comment ) LIMIT 1; args=(1, 'update_comment')
   django.db.backends: DEBUG: (0.000) SELECT "django_comment_client_role"."id", "django_comment_client_role"."name", "django_comment_client_role"."course_id" FROM "django_comment_client_role" INNER JOIN "django_comment_client_role_users" ON ("django_comment_client_role"."id" = "django_comment_client_role_users"."role_id") WHERE ("django_comment_client_role_users"."user_id" = 2  AND "django_comment_client_role"."course_id" = org.4510/course_4510/Run_4510 ); args=(2, u'org.4510/course_4510/Run_4510')
   django.db.backends: DEBUG: (0.000) SELECT (1) AS "a" FROM "django_comment_client_permission" INNER JOIN "django_comment_client_permission_roles" ON ("django_comment_client_permission"."name" = "django_comment_client_permission_roles"."permission_id") WHERE ("django_comment_client_permission_roles"."role_id" = 1  AND "django_comment_client_permission"."name" = vote ) LIMIT 1; args=(1, 'vote')
   django.db.backends: DEBUG: (0.000) SELECT "django_comment_client_role"."id", "django_comment_client_role"."name", "django_comment_client_role"."course_id" FROM "django_comment_client_role" INNER JOIN "django_comment_client_role_users" ON ("django_comment_client_role"."id" = "django_comment_client_role_users"."role_id") WHERE ("django_comment_client_role_users"."user_id" = 2  AND "django_comment_client_role"."course_id" = org.4510/course_4510/Run_4510 ); args=(2, u'org.4510/course_4510/Run_4510')
   django.db.backends: DEBUG: (0.000) SELECT (1) AS "a" FROM "django_comment_client_permission" INNER JOIN "django_comment_client_permission_roles" ON ("django_comment_client_permission"."name" = "django_comment_client_permission_roles"."permission_id") WHERE ("django_comment_client_permission_roles"."role_id" = 1  AND "django_comment_client_permission"."name" = edit_content ) LIMIT 1; args=(1, 'edit_content')
   django.db.backends: DEBUG: (0.000) SELECT "django_comment_client_role"."id", "django_comment_client_role"."name", "django_comment_client_role"."course_id" FROM "django_comment_client_role" INNER JOIN "django_comment_client_role_users" ON ("django_comment_client_role"."id" = "django_comment_client_role_users"."role_id") WHERE ("django_comment_client_role_users"."user_id" = 2  AND "django_comment_client_role"."course_id" = org.4510/course_4510/Run_4510 ); args=(2, u'org.4510/course_4510/Run_4510')
   django.db.backends: DEBUG: (0.000) SELECT (1) AS "a" FROM "django_comment_client_permission" INNER JOIN "django_comment_client_permission_roles" ON ("django_comment_client_permission"."name" = "django_comment_client_permission_roles"."permission_id") WHERE ("django_comment_client_permission_roles"."role_id" = 1  AND "django_comment_client_permission"."name" = update_comment ) LIMIT 1; args=(1, 'update_comment')
   django.db.backends: DEBUG: (0.000) SELECT "django_comment_client_role"."id", "django_comment_client_role"."name", "django_comment_client_role"."course_id" FROM "django_comment_client_role" INNER JOIN "django_comment_client_role_users" ON ("django_comment_client_role"."id" = "django_comment_client_role_users"."role_id") WHERE ("django_comment_client_role_users"."user_id" = 2  AND "django_comment_client_role"."course_id" = org.4510/course_4510/Run_4510 ); args=(2, u'org.4510/course_4510/Run_4510')
   django.db.backends: DEBUG: (0.000) SELECT (1) AS "a" FROM "django_comment_client_permission" INNER JOIN "django_comment_client_permission_roles" ON ("django_comment_client_permission"."name" = "django_comment_client_permission_roles"."permission_id") WHERE ("django_comment_client_permission_roles"."role_id" = 1  AND "django_comment_client_permission"."name" = create_sub_comment ) LIMIT 1; args=(1, 'create_sub_comment')
   django.db.backends: DEBUG: (0.000) SELECT "django_comment_client_role"."id", "django_comment_client_role"."name", "django_comment_client_role"."course_id" FROM "django_comment_client_role" INNER JOIN "django_comment_client_role_users" ON ("django_comment_client_role"."id" = "django_comment_client_role_users"."role_id") WHERE ("django_comment_client_role_users"."user_id" = 2  AND "django_comment_client_role"."course_id" = org.4510/course_4510/Run_4510 ); args=(2, u'org.4510/course_4510/Run_4510')
   django.db.backends: DEBUG: (0.000) SELECT (1) AS "a" FROM "django_comment_client_permission" INNER JOIN "django_comment_client_permission_roles" ON ("django_comment_client_permission"."name" = "django_comment_client_permission_roles"."permission_id") WHERE ("django_comment_client_permission_roles"."role_id" = 1  AND "django_comment_client_permission"."name" = delete_comment ) LIMIT 1; args=(1, 'delete_comment')
   django.db.backends: DEBUG: (0.000) SELECT "django_comment_client_role"."id", "django_comment_client_role"."name", "django_comment_client_role"."course_id" FROM "django_comment_client_role" INNER JOIN "django_comment_client_role_users" ON ("django_comment_client_role"."id" = "django_comment_client_role_users"."role_id") WHERE ("django_comment_client_role_users"."user_id" = 2  AND "django_comment_client_role"."course_id" = org.4510/course_4510/Run_4510 ); args=(2, u'org.4510/course_4510/Run_4510')
   django.db.backends: DEBUG: (0.000) SELECT (1) AS "a" FROM "django_comment_client_permission" INNER JOIN "django_comment_client_permission_roles" ON ("django_comment_client_permission"."name" = "django_comment_client_permission_roles"."permission_id") WHERE ("django_comment_client_permission_roles"."role_id" = 1  AND "django_comment_client_permission"."name" = update_comment ) LIMIT 1; args=(1, 'update_comment')
   django.db.backends: DEBUG: (0.000) SELECT "django_comment_client_role"."id", "django_comment_client_role"."name", "django_comment_client_role"."course_id" FROM "django_comment_client_role" INNER JOIN "django_comment_client_role_users" ON ("django_comment_client_role"."id" = "django_comment_client_role_users"."role_id") WHERE ("django_comment_client_role_users"."user_id" = 2  AND "django_comment_client_role"."course_id" = org.4510/course_4510/Run_4510 ); args=(2, u'org.4510/course_4510/Run_4510')
   django.db.backends: DEBUG: (0.000) SELECT (1) AS "a" FROM "django_comment_client_permission" INNER JOIN "django_comment_client_permission_roles" ON ("django_comment_client_permission"."name" = "django_comment_client_permission_roles"."permission_id") WHERE ("django_comment_client_permission_roles"."role_id" = 1  AND "django_comment_client_permission"."name" = vote ) LIMIT 1; args=(1, 'vote')
   django.db.backends: DEBUG: (0.000) SELECT "django_comment_client_role"."id", "django_comment_client_role"."name", "django_comment_client_role"."course_id" FROM "django_comment_client_role" INNER JOIN "django_comment_client_role_users" ON ("django_comment_client_role"."id" = "django_comment_client_role_users"."role_id") WHERE ("django_comment_client_role_users"."user_id" = 2  AND "django_comment_client_role"."course_id" = org.4510/course_4510/Run_4510 ); args=(2, u'org.4510/course_4510/Run_4510')
   django.db.backends: DEBUG: (0.000) SELECT (1) AS "a" FROM "django_comment_client_permission" INNER JOIN "django_comment_client_permission_roles" ON ("django_comment_client_permission"."name" = "django_comment_client_permission_roles"."permission_id") WHERE ("django_comment_client_permission_roles"."role_id" = 1  AND "django_comment_client_permission"."name" = edit_content ) LIMIT 1; args=(1, 'edit_content')
   django.db.backends: DEBUG: (0.000) SELECT "django_comment_client_role"."id", "django_comment_client_role"."name", "django_comment_client_role"."course_id" FROM "django_comment_client_role" INNER JOIN "django_comment_client_role_users" ON ("django_comment_client_role"."id" = "django_comment_client_role_users"."role_id") WHERE ("django_comment_client_role_users"."user_id" = 2  AND "django_comment_client_role"."course_id" = org.4510/course_4510/Run_4510 ); args=(2, u'org.4510/course_4510/Run_4510')
   django.db.backends: DEBUG: (0.000) SELECT (1) AS "a" FROM "django_comment_client_permission" INNER JOIN "django_comment_client_permission_roles" ON ("django_comment_client_permission"."name" = "django_comment_client_permission_roles"."permission_id") WHERE ("django_comment_client_permission_roles"."role_id" = 1  AND "django_comment_client_permission"."name" = update_comment ) LIMIT 1; args=(1, 'update_comment')
   django.db.backends: DEBUG: (0.000) SELECT "django_comment_client_role"."id", "django_comment_client_role"."name", "django_comment_client_role"."course_id" FROM "django_comment_client_role" INNER JOIN "django_comment_client_role_users" ON ("django_comment_client_role"."id" = "django_comment_client_role_users"."role_id") WHERE ("django_comment_client_role_users"."user_id" = 2  AND "django_comment_client_role"."course_id" = org.4510/course_4510/Run_4510 ); args=(2, u'org.4510/course_4510/Run_4510')
   django.db.backends: DEBUG: (0.000) SELECT (1) AS "a" FROM "django_comment_client_permission" INNER JOIN "django_comment_client_permission_roles" ON ("django_comment_client_permission"."name" = "django_comment_client_permission_roles"."permission_id") WHERE ("django_comment_client_permission_roles"."role_id" = 1  AND "django_comment_client_permission"."name" = create_sub_comment ) LIMIT 1; args=(1, 'create_sub_comment')
   django.db.backends: DEBUG: (0.000) SELECT "django_comment_client_role"."id", "django_comment_client_role"."name", "django_comment_client_role"."course_id" FROM "django_comment_client_role" INNER JOIN "django_comment_client_role_users" ON ("django_comment_client_role"."id" = "django_comment_client_role_users"."role_id") WHERE ("django_comment_client_role_users"."user_id" = 2  AND "django_comment_client_role"."course_id" = org.4510/course_4510/Run_4510 ); args=(2, u'org.4510/course_4510/Run_4510')
   django.db.backends: DEBUG: (0.000) SELECT (1) AS "a" FROM "django_comment_client_permission" INNER JOIN "django_comment_client_permission_roles" ON ("django_comment_client_permission"."name" = "django_comment_client_permission_roles"."permission_id") WHERE ("django_comment_client_permission_roles"."role_id" = 1  AND "django_comment_client_permission"."name" = delete_comment ) LIMIT 1; args=(1, 'delete_comment')
   django.db.backends: DEBUG: (0.000) SELECT "django_comment_client_role"."id", "django_comment_client_role"."name", "django_comment_client_role"."course_id" FROM "django_comment_client_role" INNER JOIN "django_comment_client_role_users" ON ("django_comment_client_role"."id" = "django_comment_client_role_users"."role_id") WHERE ("django_comment_client_role_users"."user_id" = 2  AND "django_comment_client_role"."course_id" = org.4510/course_4510/Run_4510 ); args=(2, u'org.4510/course_4510/Run_4510')
   django.db.backends: DEBUG: (0.000) SELECT (1) AS "a" FROM "django_comment_client_permission" INNER JOIN "django_comment_client_permission_roles" ON ("django_comment_client_permission"."name" = "django_comment_client_permission_roles"."permission_id") WHERE ("django_comment_client_permission_roles"."role_id" = 1  AND "django_comment_client_permission"."name" = update_comment ) LIMIT 1; args=(1, 'update_comment')
   django.db.backends: DEBUG: (0.000) SELECT "django_comment_client_role"."id", "django_comment_client_role"."name", "django_comment_client_role"."course_id" FROM "django_comment_client_role" INNER JOIN "django_comment_client_role_users" ON ("django_comment_client_role"."id" = "django_comment_client_role_users"."role_id") WHERE ("django_comment_client_role_users"."user_id" = 2  AND "django_comment_client_role"."course_id" = org.4510/course_4510/Run_4510 ); args=(2, u'org.4510/course_4510/Run_4510')
   django.db.backends: DEBUG: (0.000) SELECT (1) AS "a" FROM "django_comment_client_permission" INNER JOIN "django_comment_client_permission_roles" ON ("django_comment_client_permission"."name" = "django_comment_client_permission_roles"."permission_id") WHERE ("django_comment_client_permission_roles"."role_id" = 1  AND "django_comment_client_permission"."name" = vote ) LIMIT 1; args=(1, 'vote')
   django.db.backends: DEBUG: (0.000) SELECT "django_comment_client_role"."id", "django_comment_client_role"."name", "django_comment_client_role"."course_id" FROM "django_comment_client_role" INNER JOIN "django_comment_client_role_users" ON ("django_comment_client_role"."id" = "django_comment_client_role_users"."role_id") WHERE ("django_comment_client_role_users"."user_id" = 2  AND "django_comment_client_role"."course_id" = org.4510/course_4510/Run_4510 ); args=(2, u'org.4510/course_4510/Run_4510')
   django.db.backends: DEBUG: (0.000) SELECT (1) AS "a" FROM "django_comment_client_permission" INNER JOIN "django_comment_client_permission_roles" ON ("django_comment_client_permission"."name" = "django_comment_client_permission_roles"."permission_id") WHERE ("django_comment_client_permission_roles"."role_id" = 1  AND "django_comment_client_permission"."name" = edit_content ) LIMIT 1; args=(1, 'edit_content')
   django.db.backends: DEBUG: (0.000) SELECT "django_comment_client_role"."id", "django_comment_client_role"."name", "django_comment_client_role"."course_id" FROM "django_comment_client_role" INNER JOIN "django_comment_client_role_users" ON ("django_comment_client_role"."id" = "django_comment_client_role_users"."role_id") WHERE ("django_comment_client_role_users"."user_id" = 2  AND "django_comment_client_role"."course_id" = org.4510/course_4510/Run_4510 ); args=(2, u'org.4510/course_4510/Run_4510')
   django.db.backends: DEBUG: (0.000) SELECT (1) AS "a" FROM "django_comment_client_permission" INNER JOIN "django_comment_client_permission_roles" ON ("django_comment_client_permission"."name" = "django_comment_client_permission_roles"."permission_id") WHERE ("django_comment_client_permission_roles"."role_id" = 1  AND "django_comment_client_permission"."name" = update_comment ) LIMIT 1; args=(1, 'update_comment')
   django.db.backends: DEBUG: (0.000) SELECT "django_comment_client_role"."id", "django_comment_client_role"."name", "django_comment_client_role"."course_id" FROM "django_comment_client_role" INNER JOIN "django_comment_client_role_users" ON ("django_comment_client_role"."id" = "django_comment_client_role_users"."role_id") WHERE ("django_comment_client_role_users"."user_id" = 2  AND "django_comment_client_role"."course_id" = org.4510/course_4510/Run_4510 ); args=(2, u'org.4510/course_4510/Run_4510')
   django.db.backends: DEBUG: (0.000) SELECT (1) AS "a" FROM "django_comment_client_permission" INNER JOIN "django_comment_client_permission_roles" ON ("django_comment_client_permission"."name" = "django_comment_client_permission_roles"."permission_id") WHERE ("django_comment_client_permission_roles"."role_id" = 1  AND "django_comment_client_permission"."name" = create_sub_comment ) LIMIT 1; args=(1, 'create_sub_comment')
   django.db.backends: DEBUG: (0.000) SELECT "django_comment_client_role"."id", "django_comment_client_role"."name", "django_comment_client_role"."course_id" FROM "django_comment_client_role" INNER JOIN "django_comment_client_role_users" ON ("django_comment_client_role"."id" = "django_comment_client_role_users"."role_id") WHERE ("django_comment_client_role_users"."user_id" = 2  AND "django_comment_client_role"."course_id" = org.4510/course_4510/Run_4510 ); args=(2, u'org.4510/course_4510/Run_4510')
   django.db.backends: DEBUG: (0.000) SELECT (1) AS "a" FROM "django_comment_client_permission" INNER JOIN "django_comment_client_permission_roles" ON ("django_comment_client_permission"."name" = "django_comment_client_permission_roles"."permission_id") WHERE ("django_comment_client_permission_roles"."role_id" = 1  AND "django_comment_client_permission"."name" = delete_comment ) LIMIT 1; args=(1, 'delete_comment')
   django.db.backends: DEBUG: (0.000) SELECT "django_comment_client_role"."id", "django_comment_client_role"."name", "django_comment_client_role"."course_id" FROM "django_comment_client_role" INNER JOIN "django_comment_client_role_users" ON ("django_comment_client_role"."id" = "django_comment_client_role_users"."role_id") WHERE ("django_comment_client_role_users"."user_id" = 2  AND "django_comment_client_role"."course_id" = org.4510/course_4510/Run_4510 ); args=(2, u'org.4510/course_4510/Run_4510')
   django.db.backends: DEBUG: (0.000) SELECT (1) AS "a" FROM "django_comment_client_permission" INNER JOIN "django_comment_client_permission_roles" ON ("django_comment_client_permission"."name" = "django_comment_client_permission_roles"."permission_id") WHERE ("django_comment_client_permission_roles"."role_id" = 1  AND "django_comment_client_permission"."name" = update_comment ) LIMIT 1; args=(1, 'update_comment')
   django.db.backends: DEBUG: (0.000) SELECT "django_comment_client_role"."id", "django_comment_client_role"."name", "django_comment_client_role"."course_id" FROM "django_comment_client_role" INNER JOIN "django_comment_client_role_users" ON ("django_comment_client_role"."id" = "django_comment_client_role_users"."role_id") WHERE ("django_comment_client_role_users"."user_id" = 2  AND "django_comment_client_role"."course_id" = org.4510/course_4510/Run_4510 ); args=(2, u'org.4510/course_4510/Run_4510')
   django.db.backends: DEBUG: (0.000) SELECT (1) AS "a" FROM "django_comment_client_permission" INNER JOIN "django_comment_client_permission_roles" ON ("django_comment_client_permission"."name" = "django_comment_client_permission_roles"."permission_id") WHERE ("django_comment_client_permission_roles"."role_id" = 1  AND "django_comment_client_permission"."name" = vote ) LIMIT 1; args=(1, 'vote')
   django.db.backends: DEBUG: (0.000) SELECT "django_comment_client_role"."id", "django_comment_client_role"."name", "django_comment_client_role"."course_id" FROM "django_comment_client_role" INNER JOIN "django_comment_client_role_users" ON ("django_comment_client_role"."id" = "django_comment_client_role_users"."role_id") WHERE ("django_comment_client_role_users"."user_id" = 2  AND "django_comment_client_role"."course_id" = org.4510/course_4510/Run_4510 ); args=(2, u'org.4510/course_4510/Run_4510')
   django.db.backends: DEBUG: (0.000) SELECT (1) AS "a" FROM "django_comment_client_permission" INNER JOIN "django_comment_client_permission_roles" ON ("django_comment_client_permission"."name" = "django_comment_client_permission_roles"."permission_id") WHERE ("django_comment_client_permission_roles"."role_id" = 1  AND "django_comment_client_permission"."name" = edit_content ) LIMIT 1; args=(1, 'edit_content')
   django.db.backends: DEBUG: (0.000) SELECT "django_comment_client_role"."id", "django_comment_client_role"."name", "django_comment_client_role"."course_id" FROM "django_comment_client_role" INNER JOIN "django_comment_client_role_users" ON ("django_comment_client_role"."id" = "django_comment_client_role_users"."role_id") WHERE ("django_comment_client_role_users"."user_id" = 2  AND "django_comment_client_role"."course_id" = org.4510/course_4510/Run_4510 ); args=(2, u'org.4510/course_4510/Run_4510')
   django.db.backends: DEBUG: (0.000) SELECT (1) AS "a" FROM "django_comment_client_permission" INNER JOIN "django_comment_client_permission_roles" ON ("django_comment_client_permission"."name" = "django_comment_client_permission_roles"."permission_id") WHERE ("django_comment_client_permission_roles"."role_id" = 1  AND "django_comment_client_permission"."name" = update_comment ) LIMIT 1; args=(1, 'update_comment')
   django.db.backends: DEBUG: (0.000) SELECT "django_comment_client_role"."id", "django_comment_client_role"."name", "django_comment_client_role"."course_id" FROM "django_comment_client_role" INNER JOIN "django_comment_client_role_users" ON ("django_comment_client_role"."id" = "django_comment_client_role_users"."role_id") WHERE ("django_comment_client_role_users"."user_id" = 2  AND "django_comment_client_role"."course_id" = org.4510/course_4510/Run_4510 ); args=(2, u'org.4510/course_4510/Run_4510')
   django.db.backends: DEBUG: (0.000) SELECT (1) AS "a" FROM "django_comment_client_permission" INNER JOIN "django_comment_client_permission_roles" ON ("django_comment_client_permission"."name" = "django_comment_client_permission_roles"."permission_id") WHERE ("django_comment_client_permission_roles"."role_id" = 1  AND "django_comment_client_permission"."name" = create_sub_comment ) LIMIT 1; args=(1, 'create_sub_comment')
   django.db.backends: DEBUG: (0.000) SELECT "django_comment_client_role"."id", "django_comment_client_role"."name", "django_comment_client_role"."course_id" FROM "django_comment_client_role" INNER JOIN "django_comment_client_role_users" ON ("django_comment_client_role"."id" = "django_comment_client_role_users"."role_id") WHERE ("django_comment_client_role_users"."user_id" = 2  AND "django_comment_client_role"."course_id" = org.4510/course_4510/Run_4510 ); args=(2, u'org.4510/course_4510/Run_4510')
   django.db.backends: DEBUG: (0.000) SELECT (1) AS "a" FROM "django_comment_client_permission" INNER JOIN "django_comment_client_permission_roles" ON ("django_comment_client_permission"."name" = "django_comment_client_permission_roles"."permission_id") WHERE ("django_comment_client_permission_roles"."role_id" = 1  AND "django_comment_client_permission"."name" = delete_comment ) LIMIT 1; args=(1, 'delete_comment')
   django.db.backends: DEBUG: (0.000) SELECT "django_comment_client_role"."id", "django_comment_client_role"."name", "django_comment_client_role"."course_id" FROM "django_comment_client_role" INNER JOIN "django_comment_client_role_users" ON ("django_comment_client_role"."id" = "django_comment_client_role_users"."role_id") WHERE ("django_comment_client_role_users"."user_id" = 2  AND "django_comment_client_role"."course_id" = org.4510/course_4510/Run_4510 ); args=(2, u'org.4510/course_4510/Run_4510')
   django.db.backends: DEBUG: (0.000) SELECT (1) AS "a" FROM "django_comment_client_permission" INNER JOIN "django_comment_client_permission_roles" ON ("django_comment_client_permission"."name" = "django_comment_client_permission_roles"."permission_id") WHERE ("django_comment_client_permission_roles"."role_id" = 1  AND "django_comment_client_permission"."name" = update_comment ) LIMIT 1; args=(1, 'update_comment')
   django.db.backends: DEBUG: (0.000) SELECT "django_comment_client_role"."id", "django_comment_client_role"."name", "django_comment_client_role"."course_id" FROM "django_comment_client_role" INNER JOIN "django_comment_client_role_users" ON ("django_comment_client_role"."id" = "django_comment_client_role_users"."role_id") WHERE ("django_comment_client_role_users"."user_id" = 2  AND "django_comment_client_role"."course_id" = org.4510/course_4510/Run_4510 ); args=(2, u'org.4510/course_4510/Run_4510')
   django.db.backends: DEBUG: (0.000) SELECT (1) AS "a" FROM "django_comment_client_permission" INNER JOIN "django_comment_client_permission_roles" ON ("django_comment_client_permission"."name" = "django_comment_client_permission_roles"."permission_id") WHERE ("django_comment_client_permission_roles"."role_id" = 1  AND "django_comment_client_permission"."name" = vote ) LIMIT 1; args=(1, 'vote')
   django.db.backends: DEBUG: (0.000) SELECT "django_comment_client_role"."id", "django_comment_client_role"."name", "django_comment_client_role"."course_id" FROM "django_comment_client_role" INNER JOIN "django_comment_client_role_users" ON ("django_comment_client_role"."id" = "django_comment_client_role_users"."role_id") WHERE ("django_comment_client_role_users"."user_id" = 2  AND "django_comment_client_role"."course_id" = org.4510/course_4510/Run_4510 ); args=(2, u'org.4510/course_4510/Run_4510')
   django.db.backends: DEBUG: (0.000) SELECT (1) AS "a" FROM "django_comment_client_permission" INNER JOIN "django_comment_client_permission_roles" ON ("django_comment_client_permission"."name" = "django_comment_client_permission_roles"."permission_id") WHERE ("django_comment_client_permission_roles"."role_id" = 1  AND "django_comment_client_permission"."name" = edit_content ) LIMIT 1; args=(1, 'edit_content')
   django.db.backends: DEBUG: (0.000) SELECT "django_comment_client_role"."id", "django_comment_client_role"."name", "django_comment_client_role"."course_id" FROM "django_comment_client_role" INNER JOIN "django_comment_client_role_users" ON ("django_comment_client_role"."id" = "django_comment_client_role_users"."role_id") WHERE ("django_comment_client_role_users"."user_id" = 2  AND "django_comment_client_role"."course_id" = org.4510/course_4510/Run_4510 ); args=(2, u'org.4510/course_4510/Run_4510')
   django.db.backends: DEBUG: (0.000) SELECT (1) AS "a" FROM "django_comment_client_permission" INNER JOIN "django_comment_client_permission_roles" ON ("django_comment_client_permission"."name" = "django_comment_client_permission_roles"."permission_id") WHERE ("django_comment_client_permission_roles"."role_id" = 1  AND "django_comment_client_permission"."name" = update_comment ) LIMIT 1; args=(1, 'update_comment')
   django.db.backends: DEBUG: (0.000) SELECT "django_comment_client_role"."id", "django_comment_client_role"."name", "django_comment_client_role"."course_id" FROM "django_comment_client_role" INNER JOIN "django_comment_client_role_users" ON ("django_comment_client_role"."id" = "django_comment_client_role_users"."role_id") WHERE ("django_comment_client_role_users"."user_id" = 2  AND "django_comment_client_role"."course_id" = org.4510/course_4510/Run_4510 ); args=(2, u'org.4510/course_4510/Run_4510')
   django.db.backends: DEBUG: (0.000) SELECT (1) AS "a" FROM "django_comment_client_permission" INNER JOIN "django_comment_client_permission_roles" ON ("django_comment_client_permission"."name" = "django_comment_client_permission_roles"."permission_id") WHERE ("django_comment_client_permission_roles"."role_id" = 1  AND "django_comment_client_permission"."name" = create_sub_comment ) LIMIT 1; args=(1, 'create_sub_comment')
   django.db.backends: DEBUG: (0.000) SELECT "django_comment_client_role"."id", "django_comment_client_role"."name", "django_comment_client_role"."course_id" FROM "django_comment_client_role" INNER JOIN "django_comment_client_role_users" ON ("django_comment_client_role"."id" = "django_comment_client_role_users"."role_id") WHERE ("django_comment_client_role_users"."user_id" = 2  AND "django_comment_client_role"."course_id" = org.4510/course_4510/Run_4510 ); args=(2, u'org.4510/course_4510/Run_4510')
   django.db.backends: DEBUG: (0.000) SELECT (1) AS "a" FROM "django_comment_client_permission" INNER JOIN "django_comment_client_permission_roles" ON ("django_comment_client_permission"."name" = "django_comment_client_permission_roles"."permission_id") WHERE ("django_comment_client_permission_roles"."role_id" = 1  AND "django_comment_client_permission"."name" = delete_comment ) LIMIT 1; args=(1, 'delete_comment')
   django.db.backends: DEBUG: (0.000) SELECT "django_comment_client_role"."id", "django_comment_client_role"."name", "django_comment_client_role"."course_id" FROM "django_comment_client_role" INNER JOIN "django_comment_client_role_users" ON ("django_comment_client_role"."id" = "django_comment_client_role_users"."role_id") WHERE ("django_comment_client_role_users"."user_id" = 2  AND "django_comment_client_role"."course_id" = org.4510/course_4510/Run_4510 ); args=(2, u'org.4510/course_4510/Run_4510')
   django.db.backends: DEBUG: (0.000) SELECT (1) AS "a" FROM "django_comment_client_permission" INNER JOIN "django_comment_client_permission_roles" ON ("django_comment_client_permission"."name" = "django_comment_client_permission_roles"."permission_id") WHERE ("django_comment_client_permission_roles"."role_id" = 1  AND "django_comment_client_permission"."name" = update_comment ) LIMIT 1; args=(1, 'update_comment')
   django.db.backends: DEBUG: (0.000) SELECT "django_comment_client_role"."id", "django_comment_client_role"."name", "django_comment_client_role"."course_id" FROM "django_comment_client_role" INNER JOIN "django_comment_client_role_users" ON ("django_comment_client_role"."id" = "django_comment_client_role_users"."role_id") WHERE ("django_comment_client_role_users"."user_id" = 2  AND "django_comment_client_role"."course_id" = org.4510/course_4510/Run_4510 ); args=(2, u'org.4510/course_4510/Run_4510')
   django.db.backends: DEBUG: (0.000) SELECT (1) AS "a" FROM "django_comment_client_permission" INNER JOIN "django_comment_client_permission_roles" ON ("django_comment_client_permission"."name" = "django_comment_client_permission_roles"."permission_id") WHERE ("django_comment_client_permission_roles"."role_id" = 1  AND "django_comment_client_permission"."name" = vote ) LIMIT 1; args=(1, 'vote')
   django.db.backends: DEBUG: (0.000) SELECT "django_comment_client_role"."id", "django_comment_client_role"."name", "django_comment_client_role"."course_id" FROM "django_comment_client_role" INNER JOIN "django_comment_client_role_users" ON ("django_comment_client_role"."id" = "django_comment_client_role_users"."role_id") WHERE ("django_comment_client_role_users"."user_id" = 2  AND "django_comment_client_role"."course_id" = org.4510/course_4510/Run_4510 ); args=(2, u'org.4510/course_4510/Run_4510')
   django.db.backends: DEBUG: (0.000) SELECT (1) AS "a" FROM "django_comment_client_permission" INNER JOIN "django_comment_client_permission_roles" ON ("django_comment_client_permission"."name" = "django_comment_client_permission_roles"."permission_id") WHERE ("django_comment_client_permission_roles"."role_id" = 1  AND "django_comment_client_permission"."name" = edit_content ) LIMIT 1; args=(1, 'edit_content')
   django.db.backends: DEBUG: (0.000) SELECT "django_comment_client_role"."id", "django_comment_client_role"."name", "django_comment_client_role"."course_id" FROM "django_comment_client_role" INNER JOIN "django_comment_client_role_users" ON ("django_comment_client_role"."id" = "django_comment_client_role_users"."role_id") WHERE ("django_comment_client_role_users"."user_id" = 2  AND "django_comment_client_role"."course_id" = org.4510/course_4510/Run_4510 ); args=(2, u'org.4510/course_4510/Run_4510')
   django.db.backends: DEBUG: (0.000) SELECT (1) AS "a" FROM "django_comment_client_permission" INNER JOIN "django_comment_client_permission_roles" ON ("django_comment_client_permission"."name" = "django_comment_client_permission_roles"."permission_id") WHERE ("django_comment_client_permission_roles"."role_id" = 1  AND "django_comment_client_permission"."name" = update_comment ) LIMIT 1; args=(1, 'update_comment')
   django.db.backends: DEBUG: (0.000) SELECT "django_comment_client_role"."id", "django_comment_client_role"."name", "django_comment_client_role"."course_id" FROM "django_comment_client_role" INNER JOIN "django_comment_client_role_users" ON ("django_comment_client_role"."id" = "django_comment_client_role_users"."role_id") WHERE ("django_comment_client_role_users"."user_id" = 2  AND "django_comment_client_role"."course_id" = org.4510/course_4510/Run_4510 ); args=(2, u'org.4510/course_4510/Run_4510')
   django.db.backends: DEBUG: (0.000) SELECT (1) AS "a" FROM "django_comment_client_permission" INNER JOIN "django_comment_client_permission_roles" ON ("django_comment_client_permission"."name" = "django_comment_client_permission_roles"."permission_id") WHERE ("django_comment_client_permission_roles"."role_id" = 1  AND "django_comment_client_permission"."name" = create_sub_comment ) LIMIT 1; args=(1, 'create_sub_comment')
   django.db.backends: DEBUG: (0.000) SELECT "django_comment_client_role"."id", "django_comment_client_role"."name", "django_comment_client_role"."course_id" FROM "django_comment_client_role" INNER JOIN "django_comment_client_role_users" ON ("django_comment_client_role"."id" = "django_comment_client_role_users"."role_id") WHERE ("django_comment_client_role_users"."user_id" = 2  AND "django_comment_client_role"."course_id" = org.4510/course_4510/Run_4510 ); args=(2, u'org.4510/course_4510/Run_4510')
   django.db.backends: DEBUG: (0.000) SELECT (1) AS "a" FROM "django_comment_client_permission" INNER JOIN "django_comment_client_permission_roles" ON ("django_comment_client_permission"."name" = "django_comment_client_permission_roles"."permission_id") WHERE ("django_comment_client_permission_roles"."role_id" = 1  AND "django_comment_client_permission"."name" = delete_comment ) LIMIT 1; args=(1, 'delete_comment')
   django.db.backends: DEBUG: (0.000) SELECT "django_comment_client_role"."id", "django_comment_client_role"."name", "django_comment_client_role"."course_id" FROM "django_comment_client_role" INNER JOIN "django_comment_client_role_users" ON ("django_comment_client_role"."id" = "django_comment_client_role_users"."role_id") WHERE ("django_comment_client_role_users"."user_id" = 2  AND "django_comment_client_role"."course_id" = org.4510/course_4510/Run_4510 ); args=(2, u'org.4510/course_4510/Run_4510')
   django.db.backends: DEBUG: (0.000) SELECT (1) AS "a" FROM "django_comment_client_permission" INNER JOIN "django_comment_client_permission_roles" ON ("django_comment_client_permission"."name" = "django_comment_client_permission_roles"."permission_id") WHERE ("django_comment_client_permission_roles"."role_id" = 1  AND "django_comment_client_permission"."name" = update_comment ) LIMIT 1; args=(1, 'update_comment')
   django.db.backends: DEBUG: (0.000) SELECT "django_comment_client_role"."id", "django_comment_client_role"."name", "django_comment_client_role"."course_id" FROM "django_comment_client_role" INNER JOIN "django_comment_client_role_users" ON ("django_comment_client_role"."id" = "django_comment_client_role_users"."role_id") WHERE ("django_comment_client_role_users"."user_id" = 2  AND "django_comment_client_role"."course_id" = org.4510/course_4510/Run_4510 ); args=(2, u'org.4510/course_4510/Run_4510')
   django.db.backends: DEBUG: (0.000) SELECT (1) AS "a" FROM "django_comment_client_permission" INNER JOIN "django_comment_client_permission_roles" ON ("django_comment_client_permission"."name" = "django_comment_client_permission_roles"."permission_id") WHERE ("django_comment_client_permission_roles"."role_id" = 1  AND "django_comment_client_permission"."name" = vote ) LIMIT 1; args=(1, 'vote')
   django.db.backends: DEBUG: (0.000) SELECT "django_comment_client_role"."id", "django_comment_client_role"."name", "django_comment_client_role"."course_id" FROM "django_comment_client_role" INNER JOIN "django_comment_client_role_users" ON ("django_comment_client_role"."id" = "django_comment_client_role_users"."role_id") WHERE ("django_comment_client_role_users"."user_id" = 2  AND "django_comment_client_role"."course_id" = org.4510/course_4510/Run_4510 ); args=(2, u'org.4510/course_4510/Run_4510')
   django.db.backends: DEBUG: (0.001) SELECT (1) AS "a" FROM "django_comment_client_permission" INNER JOIN "django_comment_client_permission_roles" ON ("django_comment_client_permission"."name" = "django_comment_client_permission_roles"."permission_id") WHERE ("django_comment_client_permission_roles"."role_id" = 1  AND "django_comment_client_permission"."name" = edit_content ) LIMIT 1; args=(1, 'edit_content')
   django.db.backends: DEBUG: (0.000) SELECT "django_comment_client_role"."id", "django_comment_client_role"."name", "django_comment_client_role"."course_id" FROM "django_comment_client_role" INNER JOIN "django_comment_client_role_users" ON ("django_comment_client_role"."id" = "django_comment_client_role_users"."role_id") WHERE ("django_comment_client_role_users"."user_id" = 2  AND "django_comment_client_role"."course_id" = org.4510/course_4510/Run_4510 ); args=(2, u'org.4510/course_4510/Run_4510')
   django.db.backends: DEBUG: (0.000) SELECT (1) AS "a" FROM "django_comment_client_permission" INNER JOIN "django_comment_client_permission_roles" ON ("django_comment_client_permission"."name" = "django_comment_client_permission_roles"."permission_id") WHERE ("django_comment_client_permission_roles"."role_id" = 1  AND "django_comment_client_permission"."name" = update_comment ) LIMIT 1; args=(1, 'update_comment')
   django.db.backends: DEBUG: (0.000) SELECT "django_comment_client_role"."id", "django_comment_client_role"."name", "django_comment_client_role"."course_id" FROM "django_comment_client_role" INNER JOIN "django_comment_client_role_users" ON ("django_comment_client_role"."id" = "django_comment_client_role_users"."role_id") WHERE ("django_comment_client_role_users"."user_id" = 2  AND "django_comment_client_role"."course_id" = org.4510/course_4510/Run_4510 ); args=(2, u'org.4510/course_4510/Run_4510')
   django.db.backends: DEBUG: (0.000) SELECT (1) AS "a" FROM "django_comment_client_permission" INNER JOIN "django_comment_client_permission_roles" ON ("django_comment_client_permission"."name" = "django_comment_client_permission_roles"."permission_id") WHERE ("django_comment_client_permission_roles"."role_id" = 1  AND "django_comment_client_permission"."name" = create_sub_comment ) LIMIT 1; args=(1, 'create_sub_comment')
   django.db.backends: DEBUG: (0.000) SELECT "django_comment_client_role"."id", "django_comment_client_role"."name", "django_comment_client_role"."course_id" FROM "django_comment_client_role" INNER JOIN "django_comment_client_role_users" ON ("django_comment_client_role"."id" = "django_comment_client_role_users"."role_id") WHERE ("django_comment_client_role_users"."user_id" = 2  AND "django_comment_client_role"."course_id" = org.4510/course_4510/Run_4510 ); args=(2, u'org.4510/course_4510/Run_4510')
   django.db.backends: DEBUG: (0.000) SELECT (1) AS "a" FROM "django_comment_client_permission" INNER JOIN "django_comment_client_permission_roles" ON ("django_comment_client_permission"."name" = "django_comment_client_permission_roles"."permission_id") WHERE ("django_comment_client_permission_roles"."role_id" = 1  AND "django_comment_client_permission"."name" = delete_comment ) LIMIT 1; args=(1, 'delete_comment')
   django.db.backends: DEBUG: (0.000) SELECT "django_comment_client_role"."id", "django_comment_client_role"."name", "django_comment_client_role"."course_id" FROM "django_comment_client_role" INNER JOIN "django_comment_client_role_users" ON ("django_comment_client_role"."id" = "django_comment_client_role_users"."role_id") WHERE ("django_comment_client_role_users"."user_id" = 2  AND "django_comment_client_role"."course_id" = org.4510/course_4510/Run_4510 ); args=(2, u'org.4510/course_4510/Run_4510')
   django.db.backends: DEBUG: (0.000) SELECT (1) AS "a" FROM "django_comment_client_permission" INNER JOIN "django_comment_client_permission_roles" ON ("django_comment_client_permission"."name" = "django_comment_client_permission_roles"."permission_id") WHERE ("django_comment_client_permission_roles"."role_id" = 1  AND "django_comment_client_permission"."name" = update_comment ) LIMIT 1; args=(1, 'update_comment')
   django.db.backends: DEBUG: (0.000) SELECT "django_comment_client_role"."id", "django_comment_client_role"."name", "django_comment_client_role"."course_id" FROM "django_comment_client_role" INNER JOIN "django_comment_client_role_users" ON ("django_comment_client_role"."id" = "django_comment_client_role_users"."role_id") WHERE ("django_comment_client_role_users"."user_id" = 2  AND "django_comment_client_role"."course_id" = org.4510/course_4510/Run_4510 ); args=(2, u'org.4510/course_4510/Run_4510')
   django.db.backends: DEBUG: (0.000) SELECT (1) AS "a" FROM "django_comment_client_permission" INNER JOIN "django_comment_client_permission_roles" ON ("django_comment_client_permission"."name" = "django_comment_client_permission_roles"."permission_id") WHERE ("django_comment_client_permission_roles"."role_id" = 1  AND "django_comment_client_permission"."name" = vote ) LIMIT 1; args=(1, 'vote')
   django.db.backends: DEBUG: (0.000) SELECT "django_comment_client_role"."id", "django_comment_client_role"."name", "django_comment_client_role"."course_id" FROM "django_comment_client_role" INNER JOIN "django_comment_client_role_users" ON ("django_comment_client_role"."id" = "django_comment_client_role_users"."role_id") WHERE ("django_comment_client_role_users"."user_id" = 2  AND "django_comment_client_role"."course_id" = org.4510/course_4510/Run_4510 ); args=(2, u'org.4510/course_4510/Run_4510')
   django.db.backends: DEBUG: (0.000) SELECT (1) AS "a" FROM "django_comment_client_permission" INNER JOIN "django_comment_client_permission_roles" ON ("django_comment_client_permission"."name" = "django_comment_client_permission_roles"."permission_id") WHERE ("django_comment_client_permission_roles"."role_id" = 1  AND "django_comment_client_permission"."name" = edit_content ) LIMIT 1; args=(1, 'edit_content')
   django.db.backends: DEBUG: (0.000) SELECT "django_comment_client_role"."id", "django_comment_client_role"."name", "django_comment_client_role"."course_id" FROM "django_comment_client_role" INNER JOIN "django_comment_client_role_users" ON ("django_comment_client_role"."id" = "django_comment_client_role_users"."role_id") WHERE ("django_comment_client_role_users"."user_id" = 2  AND "django_comment_client_role"."course_id" = org.4510/course_4510/Run_4510 ); args=(2, u'org.4510/course_4510/Run_4510')
   django.db.backends: DEBUG: (0.000) SELECT (1) AS "a" FROM "django_comment_client_permission" INNER JOIN "django_comment_client_permission_roles" ON ("django_comment_client_permission"."name" = "django_comment_client_permission_roles"."permission_id") WHERE ("django_comment_client_permission_roles"."role_id" = 1  AND "django_comment_client_permission"."name" = update_comment ) LIMIT 1; args=(1, 'update_comment')
   django.db.backends: DEBUG: (0.000) SELECT "django_comment_client_role"."id", "django_comment_client_role"."name", "django_comment_client_role"."course_id" FROM "django_comment_client_role" INNER JOIN "django_comment_client_role_users" ON ("django_comment_client_role"."id" = "django_comment_client_role_users"."role_id") WHERE ("django_comment_client_role_users"."user_id" = 2  AND "django_comment_client_role"."course_id" = org.4510/course_4510/Run_4510 ); args=(2, u'org.4510/course_4510/Run_4510')
   django.db.backends: DEBUG: (0.000) SELECT (1) AS "a" FROM "django_comment_client_permission" INNER JOIN "django_comment_client_permission_roles" ON ("django_comment_client_permission"."name" = "django_comment_client_permission_roles"."permission_id") WHERE ("django_comment_client_permission_roles"."role_id" = 1  AND "django_comment_client_permission"."name" = create_sub_comment ) LIMIT 1; args=(1, 'create_sub_comment')
   django.db.backends: DEBUG: (0.000) SELECT "django_comment_client_role"."id", "django_comment_client_role"."name", "django_comment_client_role"."course_id" FROM "django_comment_client_role" INNER JOIN "django_comment_client_role_users" ON ("django_comment_client_role"."id" = "django_comment_client_role_users"."role_id") WHERE ("django_comment_client_role_users"."user_id" = 2  AND "django_comment_client_role"."course_id" = org.4510/course_4510/Run_4510 ); args=(2, u'org.4510/course_4510/Run_4510')
   django.db.backends: DEBUG: (0.000) SELECT (1) AS "a" FROM "django_comment_client_permission" INNER JOIN "django_comment_client_permission_roles" ON ("django_comment_client_permission"."name" = "django_comment_client_permission_roles"."permission_id") WHERE ("django_comment_client_permission_roles"."role_id" = 1  AND "django_comment_client_permission"."name" = delete_comment ) LIMIT 1; args=(1, 'delete_comment')
   django.db.backends: DEBUG: (0.000) SELECT "django_comment_client_role"."id", "django_comment_client_role"."name", "django_comment_client_role"."course_id" FROM "django_comment_client_role" INNER JOIN "django_comment_client_role_users" ON ("django_comment_client_role"."id" = "django_comment_client_role_users"."role_id") WHERE ("django_comment_client_role_users"."user_id" = 2  AND "django_comment_client_role"."course_id" = org.4510/course_4510/Run_4510 ); args=(2, u'org.4510/course_4510/Run_4510')
   django.db.backends: DEBUG: (0.000) SELECT (1) AS "a" FROM "django_comment_client_permission" INNER JOIN "django_comment_client_permission_roles" ON ("django_comment_client_permission"."name" = "django_comment_client_permission_roles"."permission_id") WHERE ("django_comment_client_permission_roles"."role_id" = 1  AND "django_comment_client_permission"."name" = update_comment ) LIMIT 1; args=(1, 'update_comment')
   django.db.backends: DEBUG: (0.000) SELECT "django_comment_client_role"."id", "django_comment_client_role"."name", "django_comment_client_role"."course_id" FROM "django_comment_client_role" INNER JOIN "django_comment_client_role_users" ON ("django_comment_client_role"."id" = "django_comment_client_role_users"."role_id") WHERE ("django_comment_client_role_users"."user_id" = 2  AND "django_comment_client_role"."course_id" = org.4510/course_4510/Run_4510 ); args=(2, u'org.4510/course_4510/Run_4510')
   django.db.backends: DEBUG: (0.000) SELECT (1) AS "a" FROM "django_comment_client_permission" INNER JOIN "django_comment_client_permission_roles" ON ("django_comment_client_permission"."name" = "django_comment_client_permission_roles"."permission_id") WHERE ("django_comment_client_permission_roles"."role_id" = 1  AND "django_comment_client_permission"."name" = vote ) LIMIT 1; args=(1, 'vote')
   django.db.backends: DEBUG: (0.000) SELECT "course_groups_coursecohortssettings"."id", "course_groups_coursecohortssettings"."is_cohorted", "course_groups_coursecohortssettings"."course_id", "course_groups_coursecohortssettings"."cohorted_discussions", "course_groups_coursecohortssettings"."always_cohort_inline_discussions" FROM "course_groups_coursecohortssettings" WHERE "course_groups_coursecohortssettings"."course_id" = org.4510/course_4510/Run_4510 ; args=(u'org.4510/course_4510/Run_4510',)
   --------------------- >> end captured logging << ---------------------

-----------------------------------------------------------------------------
7) FAIL: test_number_of_mongo_queries_3___split___1__3__3__40__27_ (lms.djangoapps.django_comment_client.forum.tests.SingleThreadQueryCountTestCase)

   Traceback (most recent call last):
    /edx/app/edxapp/venvs/edxapp/local/lib/python2.7/site-packages/ddt.py line 114 in wrapper
      return func(self, *args, **kwargs)
    /edx/app/edxapp/venvs/edxapp/local/lib/python2.7/site-packages/mock.py line 1201 in patched
      return func(*args, **keywargs)
    lms/djangoapps/django_comment_client/forum/tests.py line 384 in test_number_of_mongo_queries
      call_single_thread()
    /edx/app/edxapp/venvs/edxapp/local/lib/python2.7/site-packages/django/test/testcases.py line 277 in __exit__
      executed, self.num
   AssertionError: 41 queries executed, 40 expected
   -------------------- >> begin captured logging << --------------------
   root: DEBUG: Using MongoDB for static content serving at host=localhost port=27017 db=xcontent
   tracking: INFO: {"username": "", "event_source": "server", "name": "edx.user.settings.changed", "accept_language": "", "time": "2015-05-05T19:41:04.204161+00:00", "agent": "", "page": null, "host": "", "session": "", "referer": "", "context": {}, "ip": "", "event": {"user_id": 1, "truncated": [], "old": false, "setting": "is_staff", "table": "auth_user", "new": true}, "event_type": "edx.user.settings.changed"}
   xmodule.modulestore.split_mongo.split: DEBUG: Attempted to insert duplicate structure 55491cd056c02c46451aa75d
   xmodule.modulestore.split_mongo.split: DEBUG: Attempted to insert duplicate structure 55491cd056c02c46451aa760
   xmodule.modulestore.split_mongo.split: DEBUG: Attempted to insert duplicate definition 55491cd056c02c46451aa75f
   xmodule.modulestore.split_mongo.split: DEBUG: Attempted to insert duplicate definition 55491cd056c02c46451aa75c
   xmodule.modulestore.split_mongo.split: DEBUG: Attempted to insert duplicate definition 55491cd056c02c46451aa761
   util.models: ERROR: String decompression failed. There may be corrupted data in the database: Not a gzipped file
   xmodule.modulestore.django: INFO: Sent course_published signal to <function listen_for_course_publish at 0x6e5b668> with kwargs {'course_key': CourseLocator('org.4511', 'course_4511', 'Run_4511', None, None)}. Response was: None
   tracking: INFO: {"username": "", "event_source": "server", "name": "edx.user.settings.changed", "accept_language": "", "time": "2015-05-05T19:41:04.274358+00:00", "agent": "", "page": null, "host": "", "session": "", "referer": "", "context": {}, "ip": "", "event": {"user_id": 2, "truncated": [], "old": null, "setting": "password", "table": "auth_user", "new": null}, "event_type": "edx.user.settings.changed"}
   django.db.backends: DEBUG: (0.000) SELECT "auth_userprofile"."id", "auth_userprofile"."user_id", "auth_userprofile"."name", "auth_userprofile"."meta", "auth_userprofile"."courseware", "auth_userprofile"."language", "auth_userprofile"."location", "auth_userprofile"."year_of_birth", "auth_userprofile"."gender", "auth_userprofile"."level_of_education", "auth_userprofile"."mailing_address", "auth_userprofile"."city", "auth_userprofile"."country", "auth_userprofile"."goals", "auth_userprofile"."allow_certificate", "auth_userprofile"."bio", "auth_userprofile"."profile_image_uploaded_at", "auth_userprofile"."nonregistered" FROM "auth_userprofile" WHERE "auth_userprofile"."user_id" = 2 ; args=(2,)
   django.db.backends: DEBUG: (0.000) SELECT "student_courseenrollment"."id", "student_courseenrollment"."user_id", "student_courseenrollment"."course_id", "student_courseenrollment"."created", "student_courseenrollment"."is_active", "student_courseenrollment"."mode" FROM "student_courseenrollment" WHERE ("student_courseenrollment"."course_id" = course-v1:org.4511+course_4511+Run_4511  AND "student_courseenrollment"."user_id" = 2 ); args=(u'course-v1:org.4511+course_4511+Run_4511', 2)
   django.db.backends: DEBUG: (0.000) SELECT "course_groups_coursecohortssettings"."id", "course_groups_coursecohortssettings"."is_cohorted", "course_groups_coursecohortssettings"."course_id", "course_groups_coursecohortssettings"."cohorted_discussions", "course_groups_coursecohortssettings"."always_cohort_inline_discussions" FROM "course_groups_coursecohortssettings" WHERE "course_groups_coursecohortssettings"."course_id" = course-v1:org.4511+course_4511+Run_4511 ; args=(u'course-v1:org.4511+course_4511+Run_4511',)
   django.db.backends: DEBUG: (0.000) SELECT "course_groups_coursecohortssettings"."id", "course_groups_coursecohortssettings"."is_cohorted", "course_groups_coursecohortssettings"."course_id", "course_groups_coursecohortssettings"."cohorted_discussions", "course_groups_coursecohortssettings"."always_cohort_inline_discussions" FROM "course_groups_coursecohortssettings" WHERE "course_groups_coursecohortssettings"."course_id" = course-v1:org.4511+course_4511+Run_4511 ; args=(u'course-v1:org.4511+course_4511+Run_4511',)
   django.db.backends: DEBUG: (0.000) INSERT INTO "course_groups_coursecohortssettings" ("is_cohorted", "course_id", "cohorted_discussions", "always_cohort_inline_discussions") VALUES (False, course-v1:org.4511+course_4511+Run_4511, [], True); args=[False, u'course-v1:org.4511+course_4511+Run_4511', '[]', True]
   django.db.backends: DEBUG: (0.000) SELECT "course_groups_courseusergroup"."id", "course_groups_courseusergroup"."name", "course_groups_courseusergroup"."course_id", "course_groups_courseusergroup"."group_type" FROM "course_groups_courseusergroup" WHERE ("course_groups_courseusergroup"."course_id" = course-v1:org.4511+course_4511+Run_4511  AND "course_groups_courseusergroup"."group_type" = cohort ); args=(u'course-v1:org.4511+course_4511+Run_4511', 'cohort')
   django.db.backends: DEBUG: (0.000) SELECT "course_groups_coursecohortssettings"."id", "course_groups_coursecohortssettings"."is_cohorted", "course_groups_coursecohortssettings"."course_id", "course_groups_coursecohortssettings"."cohorted_discussions", "course_groups_coursecohortssettings"."always_cohort_inline_discussions" FROM "course_groups_coursecohortssettings" WHERE "course_groups_coursecohortssettings"."course_id" = course-v1:org.4511+course_4511+Run_4511 ; args=(u'course-v1:org.4511+course_4511+Run_4511',)
   django.db.backends: DEBUG: (0.000) SELECT "course_groups_courseusergroup"."id", "course_groups_courseusergroup"."name", "course_groups_courseusergroup"."course_id", "course_groups_courseusergroup"."group_type" FROM "course_groups_courseusergroup" WHERE ("course_groups_courseusergroup"."course_id" = course-v1:org.4511+course_4511+Run_4511  AND "course_groups_courseusergroup"."group_type" = cohort ); args=(u'course-v1:org.4511+course_4511+Run_4511', 'cohort')
   django.db.backends: DEBUG: (0.000) SELECT "course_groups_coursecohortssettings"."id", "course_groups_coursecohortssettings"."is_cohorted", "course_groups_coursecohortssettings"."course_id", "course_groups_coursecohortssettings"."cohorted_discussions", "course_groups_coursecohortssettings"."always_cohort_inline_discussions" FROM "course_groups_coursecohortssettings" WHERE "course_groups_coursecohortssettings"."course_id" = course-v1:org.4511+course_4511+Run_4511 ; args=(u'course-v1:org.4511+course_4511+Run_4511',)
   lms.lib.comment_client.utils: INFO: comment_client_request_log: request_id=400ef2d3-c1a4-478a-b2ef-f66678f26467, method=get, url=http://localhost:4567/api/v1/users/2, duration=0.00032901763916
   django.db.backends: DEBUG: (0.000) SELECT "django_comment_client_role"."id", "django_comment_client_role"."name", "django_comment_client_role"."course_id" FROM "django_comment_client_role" INNER JOIN "django_comment_client_role_users" ON ("django_comment_client_role"."id" = "django_comment_client_role_users"."role_id") WHERE ("django_comment_client_role_users"."user_id" = 2  AND "django_comment_client_role"."course_id" = course-v1:org.4511+course_4511+Run_4511 ); args=(2, u'course-v1:org.4511+course_4511+Run_4511')
   django.db.backends: DEBUG: (0.000) SELECT (1) AS "a" FROM "django_comment_client_permission" INNER JOIN "django_comment_client_permission_roles" ON ("django_comment_client_permission"."name" = "django_comment_client_permission_roles"."permission_id") WHERE ("django_comment_client_permission_roles"."role_id" = 1  AND "django_comment_client_permission"."name" = see_all_cohorts ) LIMIT 1; args=(1, 'see_all_cohorts')
   lms.lib.comment_client.utils: INFO: comment_client_request_log: request_id=64382049-99a2-4a99-8c70-ca134f82857a, method=get, url=http://localhost:4567/api/v1/threads/test_thread_id, duration=0.000362157821655
   django.db.backends: DEBUG: (0.000) SELECT "course_groups_coursecohortssettings"."id", "course_groups_coursecohortssettings"."is_cohorted", "course_groups_coursecohortssettings"."course_id", "course_groups_coursecohortssettings"."cohorted_discussions", "course_groups_coursecohortssettings"."always_cohort_inline_discussions" FROM "course_groups_coursecohortssettings" WHERE "course_groups_coursecohortssettings"."course_id" = course-v1:org.4511+course_4511+Run_4511 ; args=(u'course-v1:org.4511+course_4511+Run_4511',)
   openedx.core.djangoapps.course_groups.cohorts: DEBUG: is_commentable_cohorted(course-v1:org.4511+course_4511+Run_4511, dummy_discussion_id) = False
   django.db.backends: DEBUG: (0.000) SELECT "django_comment_client_role"."id", "django_comment_client_role"."name", "django_comment_client_role"."course_id" FROM "django_comment_client_role" INNER JOIN "django_comment_client_role_users" ON ("django_comment_client_role"."id" = "django_comment_client_role_users"."role_id") WHERE ("django_comment_client_role_users"."user_id" = 2  AND "django_comment_client_role"."course_id" = course-v1:org.4511+course_4511+Run_4511 ); args=(2, u'course-v1:org.4511+course_4511+Run_4511')
   django.db.backends: DEBUG: (0.000) SELECT (1) AS "a" FROM "django_comment_client_permission" INNER JOIN "django_comment_client_permission_roles" ON ("django_comment_client_permission"."name" = "django_comment_client_permission_roles"."permission_id") WHERE ("django_comment_client_permission_roles"."role_id" = 1  AND "django_comment_client_permission"."name" = openclose_thread ) LIMIT 1; args=(1, 'openclose_thread')
   django.db.backends: DEBUG: (0.000) SELECT "django_comment_client_role"."id", "django_comment_client_role"."name", "django_comment_client_role"."course_id" FROM "django_comment_client_role" INNER JOIN "django_comment_client_role_users" ON ("django_comment_client_role"."id" = "django_comment_client_role_users"."role_id") WHERE ("django_comment_client_role_users"."user_id" = 2  AND "django_comment_client_role"."course_id" = course-v1:org.4511+course_4511+Run_4511 ); args=(2, u'course-v1:org.4511+course_4511+Run_4511')
   django.db.backends: DEBUG: (0.000) SELECT (1) AS "a" FROM "django_comment_client_permission" INNER JOIN "django_comment_client_permission_roles" ON ("django_comment_client_permission"."name" = "django_comment_client_permission_roles"."permission_id") WHERE ("django_comment_client_permission_roles"."role_id" = 1  AND "django_comment_client_permission"."name" = edit_content ) LIMIT 1; args=(1, 'edit_content')
   django.db.backends: DEBUG: (0.000) SELECT "django_comment_client_role"."id", "django_comment_client_role"."name", "django_comment_client_role"."course_id" FROM "django_comment_client_role" INNER JOIN "django_comment_client_role_users" ON ("django_comment_client_role"."id" = "django_comment_client_role_users"."role_id") WHERE ("django_comment_client_role_users"."user_id" = 2  AND "django_comment_client_role"."course_id" = course-v1:org.4511+course_4511+Run_4511 ); args=(2, u'course-v1:org.4511+course_4511+Run_4511')
   django.db.backends: DEBUG: (0.000) SELECT (1) AS "a" FROM "django_comment_client_permission" INNER JOIN "django_comment_client_permission_roles" ON ("django_comment_client_permission"."name" = "django_comment_client_permission_roles"."permission_id") WHERE ("django_comment_client_permission_roles"."role_id" = 1  AND "django_comment_client_permission"."name" = update_thread ) LIMIT 1; args=(1, 'update_thread')
   django.db.backends: DEBUG: (0.000) SELECT "django_comment_client_role"."id", "django_comment_client_role"."name", "django_comment_client_role"."course_id" FROM "django_comment_client_role" INNER JOIN "django_comment_client_role_users" ON ("django_comment_client_role"."id" = "django_comment_client_role_users"."role_id") WHERE ("django_comment_client_role_users"."user_id" = 2  AND "django_comment_client_role"."course_id" = course-v1:org.4511+course_4511+Run_4511 ); args=(2, u'course-v1:org.4511+course_4511+Run_4511')
   django.db.backends: DEBUG: (0.000) SELECT (1) AS "a" FROM "django_comment_client_permission" INNER JOIN "django_comment_client_permission_roles" ON ("django_comment_client_permission"."name" = "django_comment_client_permission_roles"."permission_id") WHERE ("django_comment_client_permission_roles"."role_id" = 1  AND "django_comment_client_permission"."name" = create_comment ) LIMIT 1; args=(1, 'create_comment')
   django.db.backends: DEBUG: (0.000) SELECT "django_comment_client_role"."id", "django_comment_client_role"."name", "django_comment_client_role"."course_id" FROM "django_comment_client_role" INNER JOIN "django_comment_client_role_users" ON ("django_comment_client_role"."id" = "django_comment_client_role_users"."role_id") WHERE ("django_comment_client_role_users"."user_id" = 2  AND "django_comment_client_role"."course_id" = course-v1:org.4511+course_4511+Run_4511 ); args=(2, u'course-v1:org.4511+course_4511+Run_4511')
   django.db.backends: DEBUG: (0.000) SELECT (1) AS "a" FROM "django_comment_client_permission" INNER JOIN "django_comment_client_permission_roles" ON ("django_comment_client_permission"."name" = "django_comment_client_permission_roles"."permission_id") WHERE ("django_comment_client_permission_roles"."role_id" = 1  AND "django_comment_client_permission"."name" = delete_thread ) LIMIT 1; args=(1, 'delete_thread')
   django.db.backends: DEBUG: (0.000) SELECT "django_comment_client_role"."id", "django_comment_client_role"."name", "django_comment_client_role"."course_id" FROM "django_comment_client_role" INNER JOIN "django_comment_client_role_users" ON ("django_comment_client_role"."id" = "django_comment_client_role_users"."role_id") WHERE ("django_comment_client_role_users"."user_id" = 2  AND "django_comment_client_role"."course_id" = course-v1:org.4511+course_4511+Run_4511 ); args=(2, u'course-v1:org.4511+course_4511+Run_4511')
   django.db.backends: DEBUG: (0.000) SELECT (1) AS "a" FROM "django_comment_client_permission" INNER JOIN "django_comment_client_permission_roles" ON ("django_comment_client_permission"."name" = "django_comment_client_permission_roles"."permission_id") WHERE ("django_comment_client_permission_roles"."role_id" = 1  AND "django_comment_client_permission"."name" = update_thread ) LIMIT 1; args=(1, 'update_thread')
   django.db.backends: DEBUG: (0.000) SELECT "django_comment_client_role"."id", "django_comment_client_role"."name", "django_comment_client_role"."course_id" FROM "django_comment_client_role" INNER JOIN "django_comment_client_role_users" ON ("django_comment_client_role"."id" = "django_comment_client_role_users"."role_id") WHERE ("django_comment_client_role_users"."user_id" = 2  AND "django_comment_client_role"."course_id" = course-v1:org.4511+course_4511+Run_4511 ); args=(2, u'course-v1:org.4511+course_4511+Run_4511')
   django.db.backends: DEBUG: (0.000) SELECT (1) AS "a" FROM "django_comment_client_permission" INNER JOIN "django_comment_client_permission_roles" ON ("django_comment_client_permission"."name" = "django_comment_client_permission_roles"."permission_id") WHERE ("django_comment_client_permission_roles"."role_id" = 1  AND "django_comment_client_permission"."name" = openclose_thread ) LIMIT 1; args=(1, 'openclose_thread')
   django.db.backends: DEBUG: (0.000) SELECT "django_comment_client_role"."id", "django_comment_client_role"."name", "django_comment_client_role"."course_id" FROM "django_comment_client_role" INNER JOIN "django_comment_client_role_users" ON ("django_comment_client_role"."id" = "django_comment_client_role_users"."role_id") WHERE ("django_comment_client_role_users"."user_id" = 2  AND "django_comment_client_role"."course_id" = course-v1:org.4511+course_4511+Run_4511 ); args=(2, u'course-v1:org.4511+course_4511+Run_4511')
   django.db.backends: DEBUG: (0.000) SELECT (1) AS "a" FROM "django_comment_client_permission" INNER JOIN "django_comment_client_permission_roles" ON ("django_comment_client_permission"."name" = "django_comment_client_permission_roles"."permission_id") WHERE ("django_comment_client_permission_roles"."role_id" = 1  AND "django_comment_client_permission"."name" = vote ) LIMIT 1; args=(1, 'vote')
   django.db.backends: DEBUG: (0.000) SELECT "django_comment_client_role"."id", "django_comment_client_role"."name", "django_comment_client_role"."course_id" FROM "django_comment_client_role" INNER JOIN "django_comment_client_role_users" ON ("django_comment_client_role"."id" = "django_comment_client_role_users"."role_id") WHERE ("django_comment_client_role_users"."user_id" = 2  AND "django_comment_client_role"."course_id" = course-v1:org.4511+course_4511+Run_4511 ); args=(2, u'course-v1:org.4511+course_4511+Run_4511')
   django.db.backends: DEBUG: (0.000) SELECT (1) AS "a" FROM "django_comment_client_permission" INNER JOIN "django_comment_client_permission_roles" ON ("django_comment_client_permission"."name" = "django_comment_client_permission_roles"."permission_id") WHERE ("django_comment_client_permission_roles"."role_id" = 1  AND "django_comment_client_permission"."name" = edit_content ) LIMIT 1; args=(1, 'edit_content')
   django.db.backends: DEBUG: (0.000) SELECT "django_comment_client_role"."id", "django_comment_client_role"."name", "django_comment_client_role"."course_id" FROM "django_comment_client_role" INNER JOIN "django_comment_client_role_users" ON ("django_comment_client_role"."id" = "django_comment_client_role_users"."role_id") WHERE ("django_comment_client_role_users"."user_id" = 2  AND "django_comment_client_role"."course_id" = course-v1:org.4511+course_4511+Run_4511 ); args=(2, u'course-v1:org.4511+course_4511+Run_4511')
   django.db.backends: DEBUG: (0.000) SELECT (1) AS "a" FROM "django_comment_client_permission" INNER JOIN "django_comment_client_permission_roles" ON ("django_comment_client_permission"."name" = "django_comment_client_permission_roles"."permission_id") WHERE ("django_comment_client_permission_roles"."role_id" = 1  AND "django_comment_client_permission"."name" = update_comment ) LIMIT 1; args=(1, 'update_comment')
   django.db.backends: DEBUG: (0.000) SELECT "django_comment_client_role"."id", "django_comment_client_role"."name", "django_comment_client_role"."course_id" FROM "django_comment_client_role" INNER JOIN "django_comment_client_role_users" ON ("django_comment_client_role"."id" = "django_comment_client_role_users"."role_id") WHERE ("django_comment_client_role_users"."user_id" = 2  AND "django_comment_client_role"."course_id" = course-v1:org.4511+course_4511+Run_4511 ); args=(2, u'course-v1:org.4511+course_4511+Run_4511')
   django.db.backends: DEBUG: (0.000) SELECT (1) AS "a" FROM "django_comment_client_permission" INNER JOIN "django_comment_client_permission_roles" ON ("django_comment_client_permission"."name" = "django_comment_client_permission_roles"."permission_id") WHERE ("django_comment_client_permission_roles"."role_id" = 1  AND "django_comment_client_permission"."name" = create_sub_comment ) LIMIT 1; args=(1, 'create_sub_comment')
   django.db.backends: DEBUG: (0.000) SELECT "django_comment_client_role"."id", "django_comment_client_role"."name", "django_comment_client_role"."course_id" FROM "django_comment_client_role" INNER JOIN "django_comment_client_role_users" ON ("django_comment_client_role"."id" = "django_comment_client_role_users"."role_id") WHERE ("django_comment_client_role_users"."user_id" = 2  AND "django_comment_client_role"."course_id" = course-v1:org.4511+course_4511+Run_4511 ); args=(2, u'course-v1:org.4511+course_4511+Run_4511')
   django.db.backends: DEBUG: (0.000) SELECT (1) AS "a" FROM "django_comment_client_permission" INNER JOIN "django_comment_client_permission_roles" ON ("django_comment_client_permission"."name" = "django_comment_client_permission_roles"."permission_id") WHERE ("django_comment_client_permission_roles"."role_id" = 1  AND "django_comment_client_permission"."name" = delete_comment ) LIMIT 1; args=(1, 'delete_comment')
   django.db.backends: DEBUG: (0.000) SELECT "django_comment_client_role"."id", "django_comment_client_role"."name", "django_comment_client_role"."course_id" FROM "django_comment_client_role" INNER JOIN "django_comment_client_role_users" ON ("django_comment_client_role"."id" = "django_comment_client_role_users"."role_id") WHERE ("django_comment_client_role_users"."user_id" = 2  AND "django_comment_client_role"."course_id" = course-v1:org.4511+course_4511+Run_4511 ); args=(2, u'course-v1:org.4511+course_4511+Run_4511')
   django.db.backends: DEBUG: (0.000) SELECT (1) AS "a" FROM "django_comment_client_permission" INNER JOIN "django_comment_client_permission_roles" ON ("django_comment_client_permission"."name" = "django_comment_client_permission_roles"."permission_id") WHERE ("django_comment_client_permission_roles"."role_id" = 1  AND "django_comment_client_permission"."name" = update_comment ) LIMIT 1; args=(1, 'update_comment')
   django.db.backends: DEBUG: (0.000) SELECT "django_comment_client_role"."id", "django_comment_client_role"."name", "django_comment_client_role"."course_id" FROM "django_comment_client_role" INNER JOIN "django_comment_client_role_users" ON ("django_comment_client_role"."id" = "django_comment_client_role_users"."role_id") WHERE ("django_comment_client_role_users"."user_id" = 2  AND "django_comment_client_role"."course_id" = course-v1:org.4511+course_4511+Run_4511 ); args=(2, u'course-v1:org.4511+course_4511+Run_4511')
   django.db.backends: DEBUG: (0.000) SELECT (1) AS "a" FROM "django_comment_client_permission" INNER JOIN "django_comment_client_permission_roles" ON ("django_comment_client_permission"."name" = "django_comment_client_permission_roles"."permission_id") WHERE ("django_comment_client_permission_roles"."role_id" = 1  AND "django_comment_client_permission"."name" = vote ) LIMIT 1; args=(1, 'vote')
   django.db.backends: DEBUG: (0.000) SELECT "course_groups_coursecohortssettings"."id", "course_groups_coursecohortssettings"."is_cohorted", "course_groups_coursecohortssettings"."course_id", "course_groups_coursecohortssettings"."cohorted_discussions", "course_groups_coursecohortssettings"."always_cohort_inline_discussions" FROM "course_groups_coursecohortssettings" WHERE "course_groups_coursecohortssettings"."course_id" = course-v1:org.4511+course_4511+Run_4511 ; args=(u'course-v1:org.4511+course_4511+Run_4511',)
   --------------------- >> end captured logging << ---------------------

-----------------------------------------------------------------------------
8) FAIL: test_number_of_mongo_queries_4___split___50__3__3__628__27_ (lms.djangoapps.django_comment_client.forum.tests.SingleThreadQueryCountTestCase)

   Traceback (most recent call last):
    /edx/app/edxapp/venvs/edxapp/local/lib/python2.7/site-packages/ddt.py line 114 in wrapper
      return func(self, *args, **kwargs)
    /edx/app/edxapp/venvs/edxapp/local/lib/python2.7/site-packages/mock.py line 1201 in patched
      return func(*args, **keywargs)
    lms/djangoapps/django_comment_client/forum/tests.py line 384 in test_number_of_mongo_queries
      call_single_thread()
    /edx/app/edxapp/venvs/edxapp/local/lib/python2.7/site-packages/django/test/testcases.py line 277 in __exit__
      executed, self.num
   AssertionError: 629 queries executed, 628 expected
   -------------------- >> begin captured logging << --------------------
   root: DEBUG: Using MongoDB for static content serving at host=localhost port=27017 db=xcontent
   tracking: INFO: {"username": "", "event_source": "server", "name": "edx.user.settings.changed", "accept_language": "", "time": "2015-05-05T19:41:04.399972+00:00", "agent": "", "page": null, "host": "", "session": "", "referer": "", "context": {}, "ip": "", "event": {"user_id": 1, "truncated": [], "old": false, "setting": "is_staff", "table": "auth_user", "new": true}, "event_type": "edx.user.settings.changed"}
   xmodule.modulestore.split_mongo.split: DEBUG: Attempted to insert duplicate structure 55491cd056c02c46451aa766
   xmodule.modulestore.split_mongo.split: DEBUG: Attempted to insert duplicate structure 55491cd056c02c46451aa763
   xmodule.modulestore.split_mongo.split: DEBUG: Attempted to insert duplicate definition 55491cd056c02c46451aa767
   xmodule.modulestore.split_mongo.split: DEBUG: Attempted to insert duplicate definition 55491cd056c02c46451aa765
   xmodule.modulestore.split_mongo.split: DEBUG: Attempted to insert duplicate definition 55491cd056c02c46451aa762
   util.models: ERROR: String decompression failed. There may be corrupted data in the database: Not a gzipped file
   xmodule.modulestore.django: INFO: Sent course_published signal to <function listen_for_course_publish at 0x6e5b668> with kwargs {'course_key': CourseLocator('org.4512', 'course_4512', 'Run_4512', None, None)}. Response was: None
   tracking: INFO: {"username": "", "event_source": "server", "name": "edx.user.settings.changed", "accept_language": "", "time": "2015-05-05T19:41:04.485423+00:00", "agent": "", "page": null, "host": "", "session": "", "referer": "", "context": {}, "ip": "", "event": {"user_id": 2, "truncated": [], "old": null, "setting": "password", "table": "auth_user", "new": null}, "event_type": "edx.user.settings.changed"}
   django.db.backends: DEBUG: (0.000) SELECT "auth_userprofile"."id", "auth_userprofile"."user_id", "auth_userprofile"."name", "auth_userprofile"."meta", "auth_userprofile"."courseware", "auth_userprofile"."language", "auth_userprofile"."location", "auth_userprofile"."year_of_birth", "auth_userprofile"."gender", "auth_userprofile"."level_of_education", "auth_userprofile"."mailing_address", "auth_userprofile"."city", "auth_userprofile"."country", "auth_userprofile"."goals", "auth_userprofile"."allow_certificate", "auth_userprofile"."bio", "auth_userprofile"."profile_image_uploaded_at", "auth_userprofile"."nonregistered" FROM "auth_userprofile" WHERE "auth_userprofile"."user_id" = 2 ; args=(2,)
   django.db.backends: DEBUG: (0.000) SELECT "student_courseenrollment"."id", "student_courseenrollment"."user_id", "student_courseenrollment"."course_id", "student_courseenrollment"."created", "student_courseenrollment"."is_active", "student_courseenrollment"."mode" FROM "student_courseenrollment" WHERE ("student_courseenrollment"."course_id" = course-v1:org.4512+course_4512+Run_4512  AND "student_courseenrollment"."user_id" = 2 ); args=(u'course-v1:org.4512+course_4512+Run_4512', 2)
   django.db.backends: DEBUG: (0.000) SELECT "course_groups_coursecohortssettings"."id", "course_groups_coursecohortssettings"."is_cohorted", "course_groups_coursecohortssettings"."course_id", "course_groups_coursecohortssettings"."cohorted_discussions", "course_groups_coursecohortssettings"."always_cohort_inline_discussions" FROM "course_groups_coursecohortssettings" WHERE "course_groups_coursecohortssettings"."course_id" = course-v1:org.4512+course_4512+Run_4512 ; args=(u'course-v1:org.4512+course_4512+Run_4512',)
   django.db.backends: DEBUG: (0.000) SELECT "course_groups_coursecohortssettings"."id", "course_groups_coursecohortssettings"."is_cohorted", "course_groups_coursecohortssettings"."course_id", "course_groups_coursecohortssettings"."cohorted_discussions", "course_groups_coursecohortssettings"."always_cohort_inline_discussions" FROM "course_groups_coursecohortssettings" WHERE "course_groups_coursecohortssettings"."course_id" = course-v1:org.4512+course_4512+Run_4512 ; args=(u'course-v1:org.4512+course_4512+Run_4512',)
   django.db.backends: DEBUG: (0.000) INSERT INTO "course_groups_coursecohortssettings" ("is_cohorted", "course_id", "cohorted_discussions", "always_cohort_inline_discussions") VALUES (False, course-v1:org.4512+course_4512+Run_4512, [], True); args=[False, u'course-v1:org.4512+course_4512+Run_4512', '[]', True]
   django.db.backends: DEBUG: (0.000) SELECT "course_groups_courseusergroup"."id", "course_groups_courseusergroup"."name", "course_groups_courseusergroup"."course_id", "course_groups_courseusergroup"."group_type" FROM "course_groups_courseusergroup" WHERE ("course_groups_courseusergroup"."course_id" = course-v1:org.4512+course_4512+Run_4512  AND "course_groups_courseusergroup"."group_type" = cohort ); args=(u'course-v1:org.4512+course_4512+Run_4512', 'cohort')
   django.db.backends: DEBUG: (0.000) SELECT "course_groups_coursecohortssettings"."id", "course_groups_coursecohortssettings"."is_cohorted", "course_groups_coursecohortssettings"."course_id", "course_groups_coursecohortssettings"."cohorted_discussions", "course_groups_coursecohortssettings"."always_cohort_inline_discussions" FROM "course_groups_coursecohortssettings" WHERE "course_groups_coursecohortssettings"."course_id" = course-v1:org.4512+course_4512+Run_4512 ; args=(u'course-v1:org.4512+course_4512+Run_4512',)
   django.db.backends: DEBUG: (0.000) SELECT "course_groups_courseusergroup"."id", "course_groups_courseusergroup"."name", "course_groups_courseusergroup"."course_id", "course_groups_courseusergroup"."group_type" FROM "course_groups_courseusergroup" WHERE ("course_groups_courseusergroup"."course_id" = course-v1:org.4512+course_4512+Run_4512  AND "course_groups_courseusergroup"."group_type" = cohort ); args=(u'course-v1:org.4512+course_4512+Run_4512', 'cohort')
   django.db.backends: DEBUG: (0.000) SELECT "course_groups_coursecohortssettings"."id", "course_groups_coursecohortssettings"."is_cohorted", "course_groups_coursecohortssettings"."course_id", "course_groups_coursecohortssettings"."cohorted_discussions", "course_groups_coursecohortssettings"."always_cohort_inline_discussions" FROM "course_groups_coursecohortssettings" WHERE "course_groups_coursecohortssettings"."course_id" = course-v1:org.4512+course_4512+Run_4512 ; args=(u'course-v1:org.4512+course_4512+Run_4512',)
   lms.lib.comment_client.utils: INFO: comment_client_request_log: request_id=70a511a4-64b9-4a63-b1e1-5983facf4d1e, method=get, url=http://localhost:4567/api/v1/users/2, duration=0.000293970108032
   django.db.backends: DEBUG: (0.000) SELECT "django_comment_client_role"."id", "django_comment_client_role"."name", "django_comment_client_role"."course_id" FROM "django_comment_client_role" INNER JOIN "django_comment_client_role_users" ON ("django_comment_client_role"."id" = "django_comment_client_role_users"."role_id") WHERE ("django_comment_client_role_users"."user_id" = 2  AND "django_comment_client_role"."course_id" = course-v1:org.4512+course_4512+Run_4512 ); args=(2, u'course-v1:org.4512+course_4512+Run_4512')
   django.db.backends: DEBUG: (0.000) SELECT (1) AS "a" FROM "django_comment_client_permission" INNER JOIN "django_comment_client_permission_roles" ON ("django_comment_client_permission"."name" = "django_comment_client_permission_roles"."permission_id") WHERE ("django_comment_client_permission_roles"."role_id" = 1  AND "django_comment_client_permission"."name" = see_all_cohorts ) LIMIT 1; args=(1, 'see_all_cohorts')
   lms.lib.comment_client.utils: INFO: comment_client_request_log: request_id=1b391781-50d9-472b-a6dc-c0c57e0a767a, method=get, url=http://localhost:4567/api/v1/threads/test_thread_id, duration=0.000554800033569
   django.db.backends: DEBUG: (0.000) SELECT "course_groups_coursecohortssettings"."id", "course_groups_coursecohortssettings"."is_cohorted", "course_groups_coursecohortssettings"."course_id", "course_groups_coursecohortssettings"."cohorted_discussions", "course_groups_coursecohortssettings"."always_cohort_inline_discussions" FROM "course_groups_coursecohortssettings" WHERE "course_groups_coursecohortssettings"."course_id" = course-v1:org.4512+course_4512+Run_4512 ; args=(u'course-v1:org.4512+course_4512+Run_4512',)
   openedx.core.djangoapps.course_groups.cohorts: DEBUG: is_commentable_cohorted(course-v1:org.4512+course_4512+Run_4512, dummy_discussion_id) = False
   django.db.backends: DEBUG: (0.000) SELECT "django_comment_client_role"."id", "django_comment_client_role"."name", "django_comment_client_role"."course_id" FROM "django_comment_client_role" INNER JOIN "django_comment_client_role_users" ON ("django_comment_client_role"."id" = "django_comment_client_role_users"."role_id") WHERE ("django_comment_client_role_users"."user_id" = 2  AND "django_comment_client_role"."course_id" = course-v1:org.4512+course_4512+Run_4512 ); args=(2, u'course-v1:org.4512+course_4512+Run_4512')
   django.db.backends: DEBUG: (0.000) SELECT (1) AS "a" FROM "django_comment_client_permission" INNER JOIN "django_comment_client_permission_roles" ON ("django_comment_client_permission"."name" = "django_comment_client_permission_roles"."permission_id") WHERE ("django_comment_client_permission_roles"."role_id" = 1  AND "django_comment_client_permission"."name" = openclose_thread ) LIMIT 1; args=(1, 'openclose_thread')
   django.db.backends: DEBUG: (0.000) SELECT "django_comment_client_role"."id", "django_comment_client_role"."name", "django_comment_client_role"."course_id" FROM "django_comment_client_role" INNER JOIN "django_comment_client_role_users" ON ("django_comment_client_role"."id" = "django_comment_client_role_users"."role_id") WHERE ("django_comment_client_role_users"."user_id" = 2  AND "django_comment_client_role"."course_id" = course-v1:org.4512+course_4512+Run_4512 ); args=(2, u'course-v1:org.4512+course_4512+Run_4512')
   django.db.backends: DEBUG: (0.000) SELECT (1) AS "a" FROM "django_comment_client_permission" INNER JOIN "django_comment_client_permission_roles" ON ("django_comment_client_permission"."name" = "django_comment_client_permission_roles"."permission_id") WHERE ("django_comment_client_permission_roles"."role_id" = 1  AND "django_comment_client_permission"."name" = edit_content ) LIMIT 1; args=(1, 'edit_content')
   django.db.backends: DEBUG: (0.000) SELECT "django_comment_client_role"."id", "django_comment_client_role"."name", "django_comment_client_role"."course_id" FROM "django_comment_client_role" INNER JOIN "django_comment_client_role_users" ON ("django_comment_client_role"."id" = "django_comment_client_role_users"."role_id") WHERE ("django_comment_client_role_users"."user_id" = 2  AND "django_comment_client_role"."course_id" = course-v1:org.4512+course_4512+Run_4512 ); args=(2, u'course-v1:org.4512+course_4512+Run_4512')
   django.db.backends: DEBUG: (0.000) SELECT (1) AS "a" FROM "django_comment_client_permission" INNER JOIN "django_comment_client_permission_roles" ON ("django_comment_client_permission"."name" = "django_comment_client_permission_roles"."permission_id") WHERE ("django_comment_client_permission_roles"."role_id" = 1  AND "django_comment_client_permission"."name" = update_thread ) LIMIT 1; args=(1, 'update_thread')
   django.db.backends: DEBUG: (0.000) SELECT "django_comment_client_role"."id", "django_comment_client_role"."name", "django_comment_client_role"."course_id" FROM "django_comment_client_role" INNER JOIN "django_comment_client_role_users" ON ("django_comment_client_role"."id" = "django_comment_client_role_users"."role_id") WHERE ("django_comment_client_role_users"."user_id" = 2  AND "django_comment_client_role"."course_id" = course-v1:org.4512+course_4512+Run_4512 ); args=(2, u'course-v1:org.4512+course_4512+Run_4512')
   django.db.backends: DEBUG: (0.000) SELECT (1) AS "a" FROM "django_comment_client_permission" INNER JOIN "django_comment_client_permission_roles" ON ("django_comment_client_permission"."name" = "django_comment_client_permission_roles"."permission_id") WHERE ("django_comment_client_permission_roles"."role_id" = 1  AND "django_comment_client_permission"."name" = create_comment ) LIMIT 1; args=(1, 'create_comment')
   django.db.backends: DEBUG: (0.000) SELECT "django_comment_client_role"."id", "django_comment_client_role"."name", "django_comment_client_role"."course_id" FROM "django_comment_client_role" INNER JOIN "django_comment_client_role_users" ON ("django_comment_client_role"."id" = "django_comment_client_role_users"."role_id") WHERE ("django_comment_client_role_users"."user_id" = 2  AND "django_comment_client_role"."course_id" = course-v1:org.4512+course_4512+Run_4512 ); args=(2, u'course-v1:org.4512+course_4512+Run_4512')
   django.db.backends: DEBUG: (0.000) SELECT (1) AS "a" FROM "django_comment_client_permission" INNER JOIN "django_comment_client_permission_roles" ON ("django_comment_client_permission"."name" = "django_comment_client_permission_roles"."permission_id") WHERE ("django_comment_client_permission_roles"."role_id" = 1  AND "django_comment_client_permission"."name" = delete_thread ) LIMIT 1; args=(1, 'delete_thread')
   django.db.backends: DEBUG: (0.000) SELECT "django_comment_client_role"."id", "django_comment_client_role"."name", "django_comment_client_role"."course_id" FROM "django_comment_client_role" INNER JOIN "django_comment_client_role_users" ON ("django_comment_client_role"."id" = "django_comment_client_role_users"."role_id") WHERE ("django_comment_client_role_users"."user_id" = 2  AND "django_comment_client_role"."course_id" = course-v1:org.4512+course_4512+Run_4512 ); args=(2, u'course-v1:org.4512+course_4512+Run_4512')
   django.db.backends: DEBUG: (0.000) SELECT (1) AS "a" FROM "django_comment_client_permission" INNER JOIN "django_comment_client_permission_roles" ON ("django_comment_client_permission"."name" = "django_comment_client_permission_roles"."permission_id") WHERE ("django_comment_client_permission_roles"."role_id" = 1  AND "django_comment_client_permission"."name" = update_thread ) LIMIT 1; args=(1, 'update_thread')
   django.db.backends: DEBUG: (0.000) SELECT "django_comment_client_role"."id", "django_comment_client_role"."name", "django_comment_client_role"."course_id" FROM "django_comment_client_role" INNER JOIN "django_comment_client_role_users" ON ("django_comment_client_role"."id" = "django_comment_client_role_users"."role_id") WHERE ("django_comment_client_role_users"."user_id" = 2  AND "django_comment_client_role"."course_id" = course-v1:org.4512+course_4512+Run_4512 ); args=(2, u'course-v1:org.4512+course_4512+Run_4512')
   django.db.backends: DEBUG: (0.000) SELECT (1) AS "a" FROM "django_comment_client_permission" INNER JOIN "django_comment_client_permission_roles" ON ("django_comment_client_permission"."name" = "django_comment_client_permission_roles"."permission_id") WHERE ("django_comment_client_permission_roles"."role_id" = 1  AND "django_comment_client_permission"."name" = openclose_thread ) LIMIT 1; args=(1, 'openclose_thread')
   django.db.backends: DEBUG: (0.000) SELECT "django_comment_client_role"."id", "django_comment_client_role"."name", "django_comment_client_role"."course_id" FROM "django_comment_client_role" INNER JOIN "django_comment_client_role_users" ON ("django_comment_client_role"."id" = "django_comment_client_role_users"."role_id") WHERE ("django_comment_client_role_users"."user_id" = 2  AND "django_comment_client_role"."course_id" = course-v1:org.4512+course_4512+Run_4512 ); args=(2, u'course-v1:org.4512+course_4512+Run_4512')
   django.db.backends: DEBUG: (0.000) SELECT (1) AS "a" FROM "django_comment_client_permission" INNER JOIN "django_comment_client_permission_roles" ON ("django_comment_client_permission"."name" = "django_comment_client_permission_roles"."permission_id") WHERE ("django_comment_client_permission_roles"."role_id" = 1  AND "django_comment_client_permission"."name" = vote ) LIMIT 1; args=(1, 'vote')
   django.db.backends: DEBUG: (0.000) SELECT "django_comment_client_role"."id", "django_comment_client_role"."name", "django_comment_client_role"."course_id" FROM "django_comment_client_role" INNER JOIN "django_comment_client_role_users" ON ("django_comment_client_role"."id" = "django_comment_client_role_users"."role_id") WHERE ("django_comment_client_role_users"."user_id" = 2  AND "django_comment_client_role"."course_id" = course-v1:org.4512+course_4512+Run_4512 ); args=(2, u'course-v1:org.4512+course_4512+Run_4512')
   django.db.backends: DEBUG: (0.000) SELECT (1) AS "a" FROM "django_comment_client_permission" INNER JOIN "django_comment_client_permission_roles" ON ("django_comment_client_permission"."name" = "django_comment_client_permission_roles"."permission_id") WHERE ("django_comment_client_permission_roles"."role_id" = 1  AND "django_comment_client_permission"."name" = edit_content ) LIMIT 1; args=(1, 'edit_content')
   django.db.backends: DEBUG: (0.000) SELECT "django_comment_client_role"."id", "django_comment_client_role"."name", "django_comment_client_role"."course_id" FROM "django_comment_client_role" INNER JOIN "django_comment_client_role_users" ON ("django_comment_client_role"."id" = "django_comment_client_role_users"."role_id") WHERE ("django_comment_client_role_users"."user_id" = 2  AND "django_comment_client_role"."course_id" = course-v1:org.4512+course_4512+Run_4512 ); args=(2, u'course-v1:org.4512+course_4512+Run_4512')
   django.db.backends: DEBUG: (0.000) SELECT (1) AS "a" FROM "django_comment_client_permission" INNER JOIN "django_comment_client_permission_roles" ON ("django_comment_client_permission"."name" = "django_comment_client_permission_roles"."permission_id") WHERE ("django_comment_client_permission_roles"."role_id" = 1  AND "django_comment_client_permission"."name" = update_comment ) LIMIT 1; args=(1, 'update_comment')
   django.db.backends: DEBUG: (0.000) SELECT "django_comment_client_role"."id", "django_comment_client_role"."name", "django_comment_client_role"."course_id" FROM "django_comment_client_role" INNER JOIN "django_comment_client_role_users" ON ("django_comment_client_role"."id" = "django_comment_client_role_users"."role_id") WHERE ("django_comment_client_role_users"."user_id" = 2  AND "django_comment_client_role"."course_id" = course-v1:org.4512+course_4512+Run_4512 ); args=(2, u'course-v1:org.4512+course_4512+Run_4512')
   django.db.backends: DEBUG: (0.000) SELECT (1) AS "a" FROM "django_comment_client_permission" INNER JOIN "django_comment_client_permission_roles" ON ("django_comment_client_permission"."name" = "django_comment_client_permission_roles"."permission_id") WHERE ("django_comment_client_permission_roles"."role_id" = 1  AND "django_comment_client_permission"."name" = create_sub_comment ) LIMIT 1; args=(1, 'create_sub_comment')
   django.db.backends: DEBUG: (0.000) SELECT "django_comment_client_role"."id", "django_comment_client_role"."name", "django_comment_client_role"."course_id" FROM "django_comment_client_role" INNER JOIN "django_comment_client_role_users" ON ("django_comment_client_role"."id" = "django_comment_client_role_users"."role_id") WHERE ("django_comment_client_role_users"."user_id" = 2  AND "django_comment_client_role"."course_id" = course-v1:org.4512+course_4512+Run_4512 ); args=(2, u'course-v1:org.4512+course_4512+Run_4512')
   django.db.backends: DEBUG: (0.001) SELECT (1) AS "a" FROM "django_comment_client_permission" INNER JOIN "django_comment_client_permission_roles" ON ("django_comment_client_permission"."name" = "django_comment_client_permission_roles"."permission_id") WHERE ("django_comment_client_permission_roles"."role_id" = 1  AND "django_comment_client_permission"."name" = delete_comment ) LIMIT 1; args=(1, 'delete_comment')
   django.db.backends: DEBUG: (0.000) SELECT "django_comment_client_role"."id", "django_comment_client_role"."name", "django_comment_client_role"."course_id" FROM "django_comment_client_role" INNER JOIN "django_comment_client_role_users" ON ("django_comment_client_role"."id" = "django_comment_client_role_users"."role_id") WHERE ("django_comment_client_role_users"."user_id" = 2  AND "django_comment_client_role"."course_id" = course-v1:org.4512+course_4512+Run_4512 ); args=(2, u'course-v1:org.4512+course_4512+Run_4512')
   django.db.backends: DEBUG: (0.000) SELECT (1) AS "a" FROM "django_comment_client_permission" INNER JOIN "django_comment_client_permission_roles" ON ("django_comment_client_permission"."name" = "django_comment_client_permission_roles"."permission_id") WHERE ("django_comment_client_permission_roles"."role_id" = 1  AND "django_comment_client_permission"."name" = update_comment ) LIMIT 1; args=(1, 'update_comment')
   django.db.backends: DEBUG: (0.000) SELECT "django_comment_client_role"."id", "django_comment_client_role"."name", "django_comment_client_role"."course_id" FROM "django_comment_client_role" INNER JOIN "django_comment_client_role_users" ON ("django_comment_client_role"."id" = "django_comment_client_role_users"."role_id") WHERE ("django_comment_client_role_users"."user_id" = 2  AND "django_comment_client_role"."course_id" = course-v1:org.4512+course_4512+Run_4512 ); args=(2, u'course-v1:org.4512+course_4512+Run_4512')
   django.db.backends: DEBUG: (0.000) SELECT (1) AS "a" FROM "django_comment_client_permission" INNER JOIN "django_comment_client_permission_roles" ON ("django_comment_client_permission"."name" = "django_comment_client_permission_roles"."permission_id") WHERE ("django_comment_client_permission_roles"."role_id" = 1  AND "django_comment_client_permission"."name" = vote ) LIMIT 1; args=(1, 'vote')
   django.db.backends: DEBUG: (0.000) SELECT "django_comment_client_role"."id", "django_comment_client_role"."name", "django_comment_client_role"."course_id" FROM "django_comment_client_role" INNER JOIN "django_comment_client_role_users" ON ("django_comment_client_role"."id" = "django_comment_client_role_users"."role_id") WHERE ("django_comment_client_role_users"."user_id" = 2  AND "django_comment_client_role"."course_id" = course-v1:org.4512+course_4512+Run_4512 ); args=(2, u'course-v1:org.4512+course_4512+Run_4512')
   django.db.backends: DEBUG: (0.000) SELECT (1) AS "a" FROM "django_comment_client_permission" INNER JOIN "django_comment_client_permission_roles" ON ("django_comment_client_permission"."name" = "django_comment_client_permission_roles"."permission_id") WHERE ("django_comment_client_permission_roles"."role_id" = 1  AND "django_comment_client_permission"."name" = edit_content ) LIMIT 1; args=(1, 'edit_content')
   django.db.backends: DEBUG: (0.000) SELECT "django_comment_client_role"."id", "django_comment_client_role"."name", "django_comment_client_role"."course_id" FROM "django_comment_client_role" INNER JOIN "django_comment_client_role_users" ON ("django_comment_client_role"."id" = "django_comment_client_role_users"."role_id") WHERE ("django_comment_client_role_users"."user_id" = 2  AND "django_comment_client_role"."course_id" = course-v1:org.4512+course_4512+Run_4512 ); args=(2, u'course-v1:org.4512+course_4512+Run_4512')
   django.db.backends: DEBUG: (0.000) SELECT (1) AS "a" FROM "django_comment_client_permission" INNER JOIN "django_comment_client_permission_roles" ON ("django_comment_client_permission"."name" = "django_comment_client_permission_roles"."permission_id") WHERE ("django_comment_client_permission_roles"."role_id" = 1  AND "django_comment_client_permission"."name" = update_comment ) LIMIT 1; args=(1, 'update_comment')
   django.db.backends: DEBUG: (0.000) SELECT "django_comment_client_role"."id", "django_comment_client_role"."name", "django_comment_client_role"."course_id" FROM "django_comment_client_role" INNER JOIN "django_comment_client_role_users" ON ("django_comment_client_role"."id" = "django_comment_client_role_users"."role_id") WHERE ("django_comment_client_role_users"."user_id" = 2  AND "django_comment_client_role"."course_id" = course-v1:org.4512+course_4512+Run_4512 ); args=(2, u'course-v1:org.4512+course_4512+Run_4512')
   django.db.backends: DEBUG: (0.000) SELECT (1) AS "a" FROM "django_comment_client_permission" INNER JOIN "django_comment_client_permission_roles" ON ("django_comment_client_permission"."name" = "django_comment_client_permission_roles"."permission_id") WHERE ("django_comment_client_permission_roles"."role_id" = 1  AND "django_comment_client_permission"."name" = create_sub_comment ) LIMIT 1; args=(1, 'create_sub_comment')
   django.db.backends: DEBUG: (0.000) SELECT "django_comment_client_role"."id", "django_comment_client_role"."name", "django_comment_client_role"."course_id" FROM "django_comment_client_role" INNER JOIN "django_comment_client_role_users" ON ("django_comment_client_role"."id" = "django_comment_client_role_users"."role_id") WHERE ("django_comment_client_role_users"."user_id" = 2  AND "django_comment_client_role"."course_id" = course-v1:org.4512+course_4512+Run_4512 ); args=(2, u'course-v1:org.4512+course_4512+Run_4512')
   django.db.backends: DEBUG: (0.000) SELECT (1) AS "a" FROM "django_comment_client_permission" INNER JOIN "django_comment_client_permission_roles" ON ("django_comment_client_permission"."name" = "django_comment_client_permission_roles"."permission_id") WHERE ("django_comment_client_permission_roles"."role_id" = 1  AND "django_comment_client_permission"."name" = delete_comment ) LIMIT 1; args=(1, 'delete_comment')
   django.db.backends: DEBUG: (0.000) SELECT "django_comment_client_role"."id", "django_comment_client_role"."name", "django_comment_client_role"."course_id" FROM "django_comment_client_role" INNER JOIN "django_comment_client_role_users" ON ("django_comment_client_role"."id" = "django_comment_client_role_users"."role_id") WHERE ("django_comment_client_role_users"."user_id" = 2  AND "django_comment_client_role"."course_id" = course-v1:org.4512+course_4512+Run_4512 ); args=(2, u'course-v1:org.4512+course_4512+Run_4512')
   django.db.backends: DEBUG: (0.000) SELECT (1) AS "a" FROM "django_comment_client_permission" INNER JOIN "django_comment_client_permission_roles" ON ("django_comment_client_permission"."name" = "django_comment_client_permission_roles"."permission_id") WHERE ("django_comment_client_permission_roles"."role_id" = 1  AND "django_comment_client_permission"."name" = update_comment ) LIMIT 1; args=(1, 'update_comment')
   django.db.backends: DEBUG: (0.000) SELECT "django_comment_client_role"."id", "django_comment_client_role"."name", "django_comment_client_role"."course_id" FROM "django_comment_client_role" INNER JOIN "django_comment_client_role_users" ON ("django_comment_client_role"."id" = "django_comment_client_role_users"."role_id") WHERE ("django_comment_client_role_users"."user_id" = 2  AND "django_comment_client_role"."course_id" = course-v1:org.4512+course_4512+Run_4512 ); args=(2, u'course-v1:org.4512+course_4512+Run_4512')
   django.db.backends: DEBUG: (0.000) SELECT (1) AS "a" FROM "django_comment_client_permission" INNER JOIN "django_comment_client_permission_roles" ON ("django_comment_client_permission"."name" = "django_comment_client_permission_roles"."permission_id") WHERE ("django_comment_client_permission_roles"."role_id" = 1  AND "django_comment_client_permission"."name" = vote ) LIMIT 1; args=(1, 'vote')
   django.db.backends: DEBUG: (0.000) SELECT "django_comment_client_role"."id", "django_comment_client_role"."name", "django_comment_client_role"."course_id" FROM "django_comment_client_role" INNER JOIN "django_comment_client_role_users" ON ("django_comment_client_role"."id" = "django_comment_client_role_users"."role_id") WHERE ("django_comment_client_role_users"."user_id" = 2  AND "django_comment_client_role"."course_id" = course-v1:org.4512+course_4512+Run_4512 ); args=(2, u'course-v1:org.4512+course_4512+Run_4512')
   django.db.backends: DEBUG: (0.000) SELECT (1) AS "a" FROM "django_comment_client_permission" INNER JOIN "django_comment_client_permission_roles" ON ("django_comment_client_permission"."name" = "django_comment_client_permission_roles"."permission_id") WHERE ("django_comment_client_permission_roles"."role_id" = 1  AND "django_comment_client_permission"."name" = edit_content ) LIMIT 1; args=(1, 'edit_content')
   django.db.backends: DEBUG: (0.000) SELECT "django_comment_client_role"."id", "django_comment_client_role"."name", "django_comment_client_role"."course_id" FROM "django_comment_client_role" INNER JOIN "django_comment_client_role_users" ON ("django_comment_client_role"."id" = "django_comment_client_role_users"."role_id") WHERE ("django_comment_client_role_users"."user_id" = 2  AND "django_comment_client_role"."course_id" = course-v1:org.4512+course_4512+Run_4512 ); args=(2, u'course-v1:org.4512+course_4512+Run_4512')
   django.db.backends: DEBUG: (0.000) SELECT (1) AS "a" FROM "django_comment_client_permission" INNER JOIN "django_comment_client_permission_roles" ON ("django_comment_client_permission"."name" = "django_comment_client_permission_roles"."permission_id") WHERE ("django_comment_client_permission_roles"."role_id" = 1  AND "django_comment_client_permission"."name" = update_comment ) LIMIT 1; args=(1, 'update_comment')
   django.db.backends: DEBUG: (0.000) SELECT "django_comment_client_role"."id", "django_comment_client_role"."name", "django_comment_client_role"."course_id" FROM "django_comment_client_role" INNER JOIN "django_comment_client_role_users" ON ("django_comment_client_role"."id" = "django_comment_client_role_users"."role_id") WHERE ("django_comment_client_role_users"."user_id" = 2  AND "django_comment_client_role"."course_id" = course-v1:org.4512+course_4512+Run_4512 ); args=(2, u'course-v1:org.4512+course_4512+Run_4512')
   django.db.backends: DEBUG: (0.000) SELECT (1) AS "a" FROM "django_comment_client_permission" INNER JOIN "django_comment_client_permission_roles" ON ("django_comment_client_permission"."name" = "django_comment_client_permission_roles"."permission_id") WHERE ("django_comment_client_permission_roles"."role_id" = 1  AND "django_comment_client_permission"."name" = create_sub_comment ) LIMIT 1; args=(1, 'create_sub_comment')
   django.db.backends: DEBUG: (0.000) SELECT "django_comment_client_role"."id", "django_comment_client_role"."name", "django_comment_client_role"."course_id" FROM "django_comment_client_role" INNER JOIN "django_comment_client_role_users" ON ("django_comment_client_role"."id" = "django_comment_client_role_users"."role_id") WHERE ("django_comment_client_role_users"."user_id" = 2  AND "django_comment_client_role"."course_id" = course-v1:org.4512+course_4512+Run_4512 ); args=(2, u'course-v1:org.4512+course_4512+Run_4512')
   django.db.backends: DEBUG: (0.000) SELECT (1) AS "a" FROM "django_comment_client_permission" INNER JOIN "django_comment_client_permission_roles" ON ("django_comment_client_permission"."name" = "django_comment_client_permission_roles"."permission_id") WHERE ("django_comment_client_permission_roles"."role_id" = 1  AND "django_comment_client_permission"."name" = delete_comment ) LIMIT 1; args=(1, 'delete_comment')
   django.db.backends: DEBUG: (0.000) SELECT "django_comment_client_role"."id", "django_comment_client_role"."name", "django_comment_client_role"."course_id" FROM "django_comment_client_role" INNER JOIN "django_comment_client_role_users" ON ("django_comment_client_role"."id" = "django_comment_client_role_users"."role_id") WHERE ("django_comment_client_role_users"."user_id" = 2  AND "django_comment_client_role"."course_id" = course-v1:org.4512+course_4512+Run_4512 ); args=(2, u'course-v1:org.4512+course_4512+Run_4512')
   django.db.backends: DEBUG: (0.000) SELECT (1) AS "a" FROM "django_comment_client_permission" INNER JOIN "django_comment_client_permission_roles" ON ("django_comment_client_permission"."name" = "django_comment_client_permission_roles"."permission_id") WHERE ("django_comment_client_permission_roles"."role_id" = 1  AND "django_comment_client_permission"."name" = update_comment ) LIMIT 1; args=(1, 'update_comment')
   django.db.backends: DEBUG: (0.000) SELECT "django_comment_client_role"."id", "django_comment_client_role"."name", "django_comment_client_role"."course_id" FROM "django_comment_client_role" INNER JOIN "django_comment_client_role_users" ON ("django_comment_client_role"."id" = "django_comment_client_role_users"."role_id") WHERE ("django_comment_client_role_users"."user_id" = 2  AND "django_comment_client_role"."course_id" = course-v1:org.4512+course_4512+Run_4512 ); args=(2, u'course-v1:org.4512+course_4512+Run_4512')
   django.db.backends: DEBUG: (0.000) SELECT (1) AS "a" FROM "django_comment_client_permission" INNER JOIN "django_comment_client_permission_roles" ON ("django_comment_client_permission"."name" = "django_comment_client_permission_roles"."permission_id") WHERE ("django_comment_client_permission_roles"."role_id" = 1  AND "django_comment_client_permission"."name" = vote ) LIMIT 1; args=(1, 'vote')
   django.db.backends: DEBUG: (0.000) SELECT "django_comment_client_role"."id", "django_comment_client_role"."name", "django_comment_client_role"."course_id" FROM "django_comment_client_role" INNER JOIN "django_comment_client_role_users" ON ("django_comment_client_role"."id" = "django_comment_client_role_users"."role_id") WHERE ("django_comment_client_role_users"."user_id" = 2  AND "django_comment_client_role"."course_id" = course-v1:org.4512+course_4512+Run_4512 ); args=(2, u'course-v1:org.4512+course_4512+Run_4512')
   django.db.backends: DEBUG: (0.000) SELECT (1) AS "a" FROM "django_comment_client_permission" INNER JOIN "django_comment_client_permission_roles" ON ("django_comment_client_permission"."name" = "django_comment_client_permission_roles"."permission_id") WHERE ("django_comment_client_permission_roles"."role_id" = 1  AND "django_comment_client_permission"."name" = edit_content ) LIMIT 1; args=(1, 'edit_content')
   django.db.backends: DEBUG: (0.000) SELECT "django_comment_client_role"."id", "django_comment_client_role"."name", "django_comment_client_role"."course_id" FROM "django_comment_client_role" INNER JOIN "django_comment_client_role_users" ON ("django_comment_client_role"."id" = "django_comment_client_role_users"."role_id") WHERE ("django_comment_client_role_users"."user_id" = 2  AND "django_comment_client_role"."course_id" = course-v1:org.4512+course_4512+Run_4512 ); args=(2, u'course-v1:org.4512+course_4512+Run_4512')
   django.db.backends: DEBUG: (0.000) SELECT (1) AS "a" FROM "django_comment_client_permission" INNER JOIN "django_comment_client_permission_roles" ON ("django_comment_client_permission"."name" = "django_comment_client_permission_roles"."permission_id") WHERE ("django_comment_client_permission_roles"."role_id" = 1  AND "django_comment_client_permission"."name" = update_comment ) LIMIT 1; args=(1, 'update_comment')
   django.db.backends: DEBUG: (0.000) SELECT "django_comment_client_role"."id", "django_comment_client_role"."name", "django_comment_client_role"."course_id" FROM "django_comment_client_role" INNER JOIN "django_comment_client_role_users" ON ("django_comment_client_role"."id" = "django_comment_client_role_users"."role_id") WHERE ("django_comment_client_role_users"."user_id" = 2  AND "django_comment_client_role"."course_id" = course-v1:org.4512+course_4512+Run_4512 ); args=(2, u'course-v1:org.4512+course_4512+Run_4512')
   django.db.backends: DEBUG: (0.000) SELECT (1) AS "a" FROM "django_comment_client_permission" INNER JOIN "django_comment_client_permission_roles" ON ("django_comment_client_permission"."name" = "django_comment_client_permission_roles"."permission_id") WHERE ("django_comment_client_permission_roles"."role_id" = 1  AND "django_comment_client_permission"."name" = create_sub_comment ) LIMIT 1; args=(1, 'create_sub_comment')
   django.db.backends: DEBUG: (0.000) SELECT "django_comment_client_role"."id", "django_comment_client_role"."name", "django_comment_client_role"."course_id" FROM "django_comment_client_role" INNER JOIN "django_comment_client_role_users" ON ("django_comment_client_role"."id" = "django_comment_client_role_users"."role_id") WHERE ("django_comment_client_role_users"."user_id" = 2  AND "django_comment_client_role"."course_id" = course-v1:org.4512+course_4512+Run_4512 ); args=(2, u'course-v1:org.4512+course_4512+Run_4512')
   django.db.backends: DEBUG: (0.000) SELECT (1) AS "a" FROM "django_comment_client_permission" INNER JOIN "django_comment_client_permission_roles" ON ("django_comment_client_permission"."name" = "django_comment_client_permission_roles"."permission_id") WHERE ("django_comment_client_permission_roles"."role_id" = 1  AND "django_comment_client_permission"."name" = delete_comment ) LIMIT 1; args=(1, 'delete_comment')
   django.db.backends: DEBUG: (0.000) SELECT "django_comment_client_role"."id", "django_comment_client_role"."name", "django_comment_client_role"."course_id" FROM "django_comment_client_role" INNER JOIN "django_comment_client_role_users" ON ("django_comment_client_role"."id" = "django_comment_client_role_users"."role_id") WHERE ("django_comment_client_role_users"."user_id" = 2  AND "django_comment_client_role"."course_id" = course-v1:org.4512+course_4512+Run_4512 ); args=(2, u'course-v1:org.4512+course_4512+Run_4512')
   django.db.backends: DEBUG: (0.000) SELECT (1) AS "a" FROM "django_comment_client_permission" INNER JOIN "django_comment_client_permission_roles" ON ("django_comment_client_permission"."name" = "django_comment_client_permission_roles"."permission_id") WHERE ("django_comment_client_permission_roles"."role_id" = 1  AND "django_comment_client_permission"."name" = update_comment ) LIMIT 1; args=(1, 'update_comment')
   django.db.backends: DEBUG: (0.000) SELECT "django_comment_client_role"."id", "django_comment_client_role"."name", "django_comment_client_role"."course_id" FROM "django_comment_client_role" INNER JOIN "django_comment_client_role_users" ON ("django_comment_client_role"."id" = "django_comment_client_role_users"."role_id") WHERE ("django_comment_client_role_users"."user_id" = 2  AND "django_comment_client_role"."course_id" = course-v1:org.4512+course_4512+Run_4512 ); args=(2, u'course-v1:org.4512+course_4512+Run_4512')
   django.db.backends: DEBUG: (0.000) SELECT (1) AS "a" FROM "django_comment_client_permission" INNER JOIN "django_comment_client_permission_roles" ON ("django_comment_client_permission"."name" = "django_comment_client_permission_roles"."permission_id") WHERE ("django_comment_client_permission_roles"."role_id" = 1  AND "django_comment_client_permission"."name" = vote ) LIMIT 1; args=(1, 'vote')
   django.db.backends: DEBUG: (0.000) SELECT "django_comment_client_role"."id", "django_comment_client_role"."name", "django_comment_client_role"."course_id" FROM "django_comment_client_role" INNER JOIN "django_comment_client_role_users" ON ("django_comment_client_role"."id" = "django_comment_client_role_users"."role_id") WHERE ("django_comment_client_role_users"."user_id" = 2  AND "django_comment_client_role"."course_id" = course-v1:org.4512+course_4512+Run_4512 ); args=(2, u'course-v1:org.4512+course_4512+Run_4512')
   django.db.backends: DEBUG: (0.000) SELECT (1) AS "a" FROM "django_comment_client_permission" INNER JOIN "django_comment_client_permission_roles" ON ("django_comment_client_permission"."name" = "django_comment_client_permission_roles"."permission_id") WHERE ("django_comment_client_permission_roles"."role_id" = 1  AND "django_comment_client_permission"."name" = edit_content ) LIMIT 1; args=(1, 'edit_content')
   django.db.backends: DEBUG: (0.000) SELECT "django_comment_client_role"."id", "django_comment_client_role"."name", "django_comment_client_role"."course_id" FROM "django_comment_client_role" INNER JOIN "django_comment_client_role_users" ON ("django_comment_client_role"."id" = "django_comment_client_role_users"."role_id") WHERE ("django_comment_client_role_users"."user_id" = 2  AND "django_comment_client_role"."course_id" = course-v1:org.4512+course_4512+Run_4512 ); args=(2, u'course-v1:org.4512+course_4512+Run_4512')
   django.db.backends: DEBUG: (0.000) SELECT (1) AS "a" FROM "django_comment_client_permission" INNER JOIN "django_comment_client_permission_roles" ON ("django_comment_client_permission"."name" = "django_comment_client_permission_roles"."permission_id") WHERE ("django_comment_client_permission_roles"."role_id" = 1  AND "django_comment_client_permission"."name" = update_comment ) LIMIT 1; args=(1, 'update_comment')
   django.db.backends: DEBUG: (0.000) SELECT "django_comment_client_role"."id", "django_comment_client_role"."name", "django_comment_client_role"."course_id" FROM "django_comment_client_role" INNER JOIN "django_comment_client_role_users" ON ("django_comment_client_role"."id" = "django_comment_client_role_users"."role_id") WHERE ("django_comment_client_role_users"."user_id" = 2  AND "django_comment_client_role"."course_id" = course-v1:org.4512+course_4512+Run_4512 ); args=(2, u'course-v1:org.4512+course_4512+Run_4512')
   django.db.backends: DEBUG: (0.000) SELECT (1) AS "a" FROM "django_comment_client_permission" INNER JOIN "django_comment_client_permission_roles" ON ("django_comment_client_permission"."name" = "django_comment_client_permission_roles"."permission_id") WHERE ("django_comment_client_permission_roles"."role_id" = 1  AND "django_comment_client_permission"."name" = create_sub_comment ) LIMIT 1; args=(1, 'create_sub_comment')
   django.db.backends: DEBUG: (0.000) SELECT "django_comment_client_role"."id", "django_comment_client_role"."name", "django_comment_client_role"."course_id" FROM "django_comment_client_role" INNER JOIN "django_comment_client_role_users" ON ("django_comment_client_role"."id" = "django_comment_client_role_users"."role_id") WHERE ("django_comment_client_role_users"."user_id" = 2  AND "django_comment_client_role"."course_id" = course-v1:org.4512+course_4512+Run_4512 ); args=(2, u'course-v1:org.4512+course_4512+Run_4512')
   django.db.backends: DEBUG: (0.000) SELECT (1) AS "a" FROM "django_comment_client_permission" INNER JOIN "django_comment_client_permission_roles" ON ("django_comment_client_permission"."name" = "django_comment_client_permission_roles"."permission_id") WHERE ("django_comment_client_permission_roles"."role_id" = 1  AND "django_comment_client_permission"."name" = delete_comment ) LIMIT 1; args=(1, 'delete_comment')
   django.db.backends: DEBUG: (0.000) SELECT "django_comment_client_role"."id", "django_comment_client_role"."name", "django_comment_client_role"."course_id" FROM "django_comment_client_role" INNER JOIN "django_comment_client_role_users" ON ("django_comment_client_role"."id" = "django_comment_client_role_users"."role_id") WHERE ("django_comment_client_role_users"."user_id" = 2  AND "django_comment_client_role"."course_id" = course-v1:org.4512+course_4512+Run_4512 ); args=(2, u'course-v1:org.4512+course_4512+Run_4512')
   django.db.backends: DEBUG: (0.000) SELECT (1) AS "a" FROM "django_comment_client_permission" INNER JOIN "django_comment_client_permission_roles" ON ("django_comment_client_permission"."name" = "django_comment_client_permission_roles"."permission_id") WHERE ("django_comment_client_permission_roles"."role_id" = 1  AND "django_comment_client_permission"."name" = update_comment ) LIMIT 1; args=(1, 'update_comment')
   django.db.backends: DEBUG: (0.000) SELECT "django_comment_client_role"."id", "django_comment_client_role"."name", "django_comment_client_role"."course_id" FROM "django_comment_client_role" INNER JOIN "django_comment_client_role_users" ON ("django_comment_client_role"."id" = "django_comment_client_role_users"."role_id") WHERE ("django_comment_client_role_users"."user_id" = 2  AND "django_comment_client_role"."course_id" = course-v1:org.4512+course_4512+Run_4512 ); args=(2, u'course-v1:org.4512+course_4512+Run_4512')
   django.db.backends: DEBUG: (0.000) SELECT (1) AS "a" FROM "django_comment_client_permission" INNER JOIN "django_comment_client_permission_roles" ON ("django_comment_client_permission"."name" = "django_comment_client_permission_roles"."permission_id") WHERE ("django_comment_client_permission_roles"."role_id" = 1  AND "django_comment_client_permission"."name" = vote ) LIMIT 1; args=(1, 'vote')
   django.db.backends: DEBUG: (0.000) SELECT "django_comment_client_role"."id", "django_comment_client_role"."name", "django_comment_client_role"."course_id" FROM "django_comment_client_role" INNER JOIN "django_comment_client_role_users" ON ("django_comment_client_role"."id" = "django_comment_client_role_users"."role_id") WHERE ("django_comment_client_role_users"."user_id" = 2  AND "django_comment_client_role"."course_id" = course-v1:org.4512+course_4512+Run_4512 ); args=(2, u'course-v1:org.4512+course_4512+Run_4512')
   django.db.backends: DEBUG: (0.000) SELECT (1) AS "a" FROM "django_comment_client_permission" INNER JOIN "django_comment_client_permission_roles" ON ("django_comment_client_permission"."name" = "django_comment_client_permission_roles"."permission_id") WHERE ("django_comment_client_permission_roles"."role_id" = 1  AND "django_comment_client_permission"."name" = edit_content ) LIMIT 1; args=(1, 'edit_content')
   django.db.backends: DEBUG: (0.000) SELECT "django_comment_client_role"."id", "django_comment_client_role"."name", "django_comment_client_role"."course_id" FROM "django_comment_client_role" INNER JOIN "django_comment_client_role_users" ON ("django_comment_client_role"."id" = "django_comment_client_role_users"."role_id") WHERE ("django_comment_client_role_users"."user_id" = 2  AND "django_comment_client_role"."course_id" = course-v1:org.4512+course_4512+Run_4512 ); args=(2, u'course-v1:org.4512+course_4512+Run_4512')
   django.db.backends: DEBUG: (0.000) SELECT (1) AS "a" FROM "django_comment_client_permission" INNER JOIN "django_comment_client_permission_roles" ON ("django_comment_client_permission"."name" = "django_comment_client_permission_roles"."permission_id") WHERE ("django_comment_client_permission_roles"."role_id" = 1  AND "django_comment_client_permission"."name" = update_comment ) LIMIT 1; args=(1, 'update_comment')
   django.db.backends: DEBUG: (0.000) SELECT "django_comment_client_role"."id", "django_comment_client_role"."name", "django_comment_client_role"."course_id" FROM "django_comment_client_role" INNER JOIN "django_comment_client_role_users" ON ("django_comment_client_role"."id" = "django_comment_client_role_users"."role_id") WHERE ("django_comment_client_role_users"."user_id" = 2  AND "django_comment_client_role"."course_id" = course-v1:org.4512+course_4512+Run_4512 ); args=(2, u'course-v1:org.4512+course_4512+Run_4512')
   django.db.backends: DEBUG: (0.000) SELECT (1) AS "a" FROM "django_comment_client_permission" INNER JOIN "django_comment_client_permission_roles" ON ("django_comment_client_permission"."name" = "django_comment_client_permission_roles"."permission_id") WHERE ("django_comment_client_permission_roles"."role_id" = 1  AND "django_comment_client_permission"."name" = create_sub_comment ) LIMIT 1; args=(1, 'create_sub_comment')
   django.db.backends: DEBUG: (0.000) SELECT "django_comment_client_role"."id", "django_comment_client_role"."name", "django_comment_client_role"."course_id" FROM "django_comment_client_role" INNER JOIN "django_comment_client_role_users" ON ("django_comment_client_role"."id" = "django_comment_client_role_users"."role_id") WHERE ("django_comment_client_role_users"."user_id" = 2  AND "django_comment_client_role"."course_id" = course-v1:org.4512+course_4512+Run_4512 ); args=(2, u'course-v1:org.4512+course_4512+Run_4512')
   django.db.backends: DEBUG: (0.000) SELECT (1) AS "a" FROM "django_comment_client_permission" INNER JOIN "django_comment_client_permission_roles" ON ("django_comment_client_permission"."name" = "django_comment_client_permission_roles"."permission_id") WHERE ("django_comment_client_permission_roles"."role_id" = 1  AND "django_comment_client_permission"."name" = delete_comment ) LIMIT 1; args=(1, 'delete_comment')
   django.db.backends: DEBUG: (0.000) SELECT "django_comment_client_role"."id", "django_comment_client_role"."name", "django_comment_client_role"."course_id" FROM "django_comment_client_role" INNER JOIN "django_comment_client_role_users" ON ("django_comment_client_role"."id" = "django_comment_client_role_users"."role_id") WHERE ("django_comment_client_role_users"."user_id" = 2  AND "django_comment_client_role"."course_id" = course-v1:org.4512+course_4512+Run_4512 ); args=(2, u'course-v1:org.4512+course_4512+Run_4512')
   django.db.backends: DEBUG: (0.000) SELECT (1) AS "a" FROM "django_comment_client_permission" INNER JOIN "django_comment_client_permission_roles" ON ("django_comment_client_permission"."name" = "django_comment_client_permission_roles"."permission_id") WHERE ("django_comment_client_permission_roles"."role_id" = 1  AND "django_comment_client_permission"."name" = update_comment ) LIMIT 1; args=(1, 'update_comment')
   django.db.backends: DEBUG: (0.000) SELECT "django_comment_client_role"."id", "django_comment_client_role"."name", "django_comment_client_role"."course_id" FROM "django_comment_client_role" INNER JOIN "django_comment_client_role_users" ON ("django_comment_client_role"."id" = "django_comment_client_role_users"."role_id") WHERE ("django_comment_client_role_users"."user_id" = 2  AND "django_comment_client_role"."course_id" = course-v1:org.4512+course_4512+Run_4512 ); args=(2, u'course-v1:org.4512+course_4512+Run_4512')
   django.db.backends: DEBUG: (0.000) SELECT (1) AS "a" FROM "django_comment_client_permission" INNER JOIN "django_comment_client_permission_roles" ON ("django_comment_client_permission"."name" = "django_comment_client_permission_roles"."permission_id") WHERE ("django_comment_client_permission_roles"."role_id" = 1  AND "django_comment_client_permission"."name" = vote ) LIMIT 1; args=(1, 'vote')
   django.db.backends: DEBUG: (0.000) SELECT "django_comment_client_role"."id", "django_comment_client_role"."name", "django_comment_client_role"."course_id" FROM "django_comment_client_role" INNER JOIN "django_comment_client_role_users" ON ("django_comment_client_role"."id" = "django_comment_client_role_users"."role_id") WHERE ("django_comment_client_role_users"."user_id" = 2  AND "django_comment_client_role"."course_id" = course-v1:org.4512+course_4512+Run_4512 ); args=(2, u'course-v1:org.4512+course_4512+Run_4512')
   django.db.backends: DEBUG: (0.000) SELECT (1) AS "a" FROM "django_comment_client_permission" INNER JOIN "django_comment_client_permission_roles" ON ("django_comment_client_permission"."name" = "django_comment_client_permission_roles"."permission_id") WHERE ("django_comment_client_permission_roles"."role_id" = 1  AND "django_comment_client_permission"."name" = edit_content ) LIMIT 1; args=(1, 'edit_content')
   django.db.backends: DEBUG: (0.000) SELECT "django_comment_client_role"."id", "django_comment_client_role"."name", "django_comment_client_role"."course_id" FROM "django_comment_client_role" INNER JOIN "django_comment_client_role_users" ON ("django_comment_client_role"."id" = "django_comment_client_role_users"."role_id") WHERE ("django_comment_client_role_users"."user_id" = 2  AND "django_comment_client_role"."course_id" = course-v1:org.4512+course_4512+Run_4512 ); args=(2, u'course-v1:org.4512+course_4512+Run_4512')
   django.db.backends: DEBUG: (0.000) SELECT (1) AS "a" FROM "django_comment_client_permission" INNER JOIN "django_comment_client_permission_roles" ON ("django_comment_client_permission"."name" = "django_comment_client_permission_roles"."permission_id") WHERE ("django_comment_client_permission_roles"."role_id" = 1  AND "django_comment_client_permission"."name" = update_comment ) LIMIT 1; args=(1, 'update_comment')
   django.db.backends: DEBUG: (0.000) SELECT "django_comment_client_role"."id", "django_comment_client_role"."name", "django_comment_client_role"."course_id" FROM "django_comment_client_role" INNER JOIN "django_comment_client_role_users" ON ("django_comment_client_role"."id" = "django_comment_client_role_users"."role_id") WHERE ("django_comment_client_role_users"."user_id" = 2  AND "django_comment_client_role"."course_id" = course-v1:org.4512+course_4512+Run_4512 ); args=(2, u'course-v1:org.4512+course_4512+Run_4512')
   django.db.backends: DEBUG: (0.000) SELECT (1) AS "a" FROM "django_comment_client_permission" INNER JOIN "django_comment_client_permission_roles" ON ("django_comment_client_permission"."name" = "django_comment_client_permission_roles"."permission_id") WHERE ("django_comment_client_permission_roles"."role_id" = 1  AND "django_comment_client_permission"."name" = create_sub_comment ) LIMIT 1; args=(1, 'create_sub_comment')
   django.db.backends: DEBUG: (0.001) SELECT "django_comment_client_role"."id", "django_comment_client_role"."name", "django_comment_client_role"."course_id" FROM "django_comment_client_role" INNER JOIN "django_comment_client_role_users" ON ("django_comment_client_role"."id" = "django_comment_client_role_users"."role_id") WHERE ("django_comment_client_role_users"."user_id" = 2  AND "django_comment_client_role"."course_id" = course-v1:org.4512+course_4512+Run_4512 ); args=(2, u'course-v1:org.4512+course_4512+Run_4512')
   django.db.backends: DEBUG: (0.000) SELECT (1) AS "a" FROM "django_comment_client_permission" INNER JOIN "django_comment_client_permission_roles" ON ("django_comment_client_permission"."name" = "django_comment_client_permission_roles"."permission_id") WHERE ("django_comment_client_permission_roles"."role_id" = 1  AND "django_comment_client_permission"."name" = delete_comment ) LIMIT 1; args=(1, 'delete_comment')
   django.db.backends: DEBUG: (0.000) SELECT "django_comment_client_role"."id", "django_comment_client_role"."name", "django_comment_client_role"."course_id" FROM "django_comment_client_role" INNER JOIN "django_comment_client_role_users" ON ("django_comment_client_role"."id" = "django_comment_client_role_users"."role_id") WHERE ("django_comment_client_role_users"."user_id" = 2  AND "django_comment_client_role"."course_id" = course-v1:org.4512+course_4512+Run_4512 ); args=(2, u'course-v1:org.4512+course_4512+Run_4512')
   django.db.backends: DEBUG: (0.000) SELECT (1) AS "a" FROM "django_comment_client_permission" INNER JOIN "django_comment_client_permission_roles" ON ("django_comment_client_permission"."name" = "django_comment_client_permission_roles"."permission_id") WHERE ("django_comment_client_permission_roles"."role_id" = 1  AND "django_comment_client_permission"."name" = update_comment ) LIMIT 1; args=(1, 'update_comment')
   django.db.backends: DEBUG: (0.000) SELECT "django_comment_client_role"."id", "django_comment_client_role"."name", "django_comment_client_role"."course_id" FROM "django_comment_client_role" INNER JOIN "django_comment_client_role_users" ON ("django_comment_client_role"."id" = "django_comment_client_role_users"."role_id") WHERE ("django_comment_client_role_users"."user_id" = 2  AND "django_comment_client_role"."course_id" = course-v1:org.4512+course_4512+Run_4512 ); args=(2, u'course-v1:org.4512+course_4512+Run_4512')
   django.db.backends: DEBUG: (0.000) SELECT (1) AS "a" FROM "django_comment_client_permission" INNER JOIN "django_comment_client_permission_roles" ON ("django_comment_client_permission"."name" = "django_comment_client_permission_roles"."permission_id") WHERE ("django_comment_client_permission_roles"."role_id" = 1  AND "django_comment_client_permission"."name" = vote ) LIMIT 1; args=(1, 'vote')
   django.db.backends: DEBUG: (0.000) SELECT "django_comment_client_role"."id", "django_comment_client_role"."name", "django_comment_client_role"."course_id" FROM "django_comment_client_role" INNER JOIN "django_comment_client_role_users" ON ("django_comment_client_role"."id" = "django_comment_client_role_users"."role_id") WHERE ("django_comment_client_role_users"."user_id" = 2  AND "django_comment_client_role"."course_id" = course-v1:org.4512+course_4512+Run_4512 ); args=(2, u'course-v1:org.4512+course_4512+Run_4512')
   django.db.backends: DEBUG: (0.000) SELECT (1) AS "a" FROM "django_comment_client_permission" INNER JOIN "django_comment_client_permission_roles" ON ("django_comment_client_permission"."name" = "django_comment_client_permission_roles"."permission_id") WHERE ("django_comment_client_permission_roles"."role_id" = 1  AND "django_comment_client_permission"."name" = edit_content ) LIMIT 1; args=(1, 'edit_content')
   django.db.backends: DEBUG: (0.000) SELECT "django_comment_client_role"."id", "django_comment_client_role"."name", "django_comment_client_role"."course_id" FROM "django_comment_client_role" INNER JOIN "django_comment_client_role_users" ON ("django_comment_client_role"."id" = "django_comment_client_role_users"."role_id") WHERE ("django_comment_client_role_users"."user_id" = 2  AND "django_comment_client_role"."course_id" = course-v1:org.4512+course_4512+Run_4512 ); args=(2, u'course-v1:org.4512+course_4512+Run_4512')
   django.db.backends: DEBUG: (0.000) SELECT (1) AS "a" FROM "django_comment_client_permission" INNER JOIN "django_comment_client_permission_roles" ON ("django_comment_client_permission"."name" = "django_comment_client_permission_roles"."permission_id") WHERE ("django_comment_client_permission_roles"."role_id" = 1  AND "django_comment_client_permission"."name" = update_comment ) LIMIT 1; args=(1, 'update_comment')
   django.db.backends: DEBUG: (0.000) SELECT "django_comment_client_role"."id", "django_comment_client_role"."name", "django_comment_client_role"."course_id" FROM "django_comment_client_role" INNER JOIN "django_comment_client_role_users" ON ("django_comment_client_role"."id" = "django_comment_client_role_users"."role_id") WHERE ("django_comment_client_role_users"."user_id" = 2  AND "django_comment_client_role"."course_id" = course-v1:org.4512+course_4512+Run_4512 ); args=(2, u'course-v1:org.4512+course_4512+Run_4512')
   django.db.backends: DEBUG: (0.000) SELECT (1) AS "a" FROM "django_comment_client_permission" INNER JOIN "django_comment_client_permission_roles" ON ("django_comment_client_permission"."name" = "django_comment_client_permission_roles"."permission_id") WHERE ("django_comment_client_permission_roles"."role_id" = 1  AND "django_comment_client_permission"."name" = create_sub_comment ) LIMIT 1; args=(1, 'create_sub_comment')
   django.db.backends: DEBUG: (0.000) SELECT "django_comment_client_role"."id", "django_comment_client_role"."name", "django_comment_client_role"."course_id" FROM "django_comment_client_role" INNER JOIN "django_comment_client_role_users" ON ("django_comment_client_role"."id" = "django_comment_client_role_users"."role_id") WHERE ("django_comment_client_role_users"."user_id" = 2  AND "django_comment_client_role"."course_id" = course-v1:org.4512+course_4512+Run_4512 ); args=(2, u'course-v1:org.4512+course_4512+Run_4512')
   django.db.backends: DEBUG: (0.000) SELECT (1) AS "a" FROM "django_comment_client_permission" INNER JOIN "django_comment_client_permission_roles" ON ("django_comment_client_permission"."name" = "django_comment_client_permission_roles"."permission_id") WHERE ("django_comment_client_permission_roles"."role_id" = 1  AND "django_comment_client_permission"."name" = delete_comment ) LIMIT 1; args=(1, 'delete_comment')
   django.db.backends: DEBUG: (0.000) SELECT "django_comment_client_role"."id", "django_comment_client_role"."name", "django_comment_client_role"."course_id" FROM "django_comment_client_role" INNER JOIN "django_comment_client_role_users" ON ("django_comment_client_role"."id" = "django_comment_client_role_users"."role_id") WHERE ("django_comment_client_role_users"."user_id" = 2  AND "django_comment_client_role"."course_id" = course-v1:org.4512+course_4512+Run_4512 ); args=(2, u'course-v1:org.4512+course_4512+Run_4512')
   django.db.backends: DEBUG: (0.000) SELECT (1) AS "a" FROM "django_comment_client_permission" INNER JOIN "django_comment_client_permission_roles" ON ("django_comment_client_permission"."name" = "django_comment_client_permission_roles"."permission_id") WHERE ("django_comment_client_permission_roles"."role_id" = 1  AND "django_comment_client_permission"."name" = update_comment ) LIMIT 1; args=(1, 'update_comment')
   django.db.backends: DEBUG: (0.000) SELECT "django_comment_client_role"."id", "django_comment_client_role"."name", "django_comment_client_role"."course_id" FROM "django_comment_client_role" INNER JOIN "django_comment_client_role_users" ON ("django_comment_client_role"."id" = "django_comment_client_role_users"."role_id") WHERE ("django_comment_client_role_users"."user_id" = 2  AND "django_comment_client_role"."course_id" = course-v1:org.4512+course_4512+Run_4512 ); args=(2, u'course-v1:org.4512+course_4512+Run_4512')
   django.db.backends: DEBUG: (0.000) SELECT (1) AS "a" FROM "django_comment_client_permission" INNER JOIN "django_comment_client_permission_roles" ON ("django_comment_client_permission"."name" = "django_comment_client_permission_roles"."permission_id") WHERE ("django_comment_client_permission_roles"."role_id" = 1  AND "django_comment_client_permission"."name" = vote ) LIMIT 1; args=(1, 'vote')
   django.db.backends: DEBUG: (0.000) SELECT "django_comment_client_role"."id", "django_comment_client_role"."name", "django_comment_client_role"."course_id" FROM "django_comment_client_role" INNER JOIN "django_comment_client_role_users" ON ("django_comment_client_role"."id" = "django_comment_client_role_users"."role_id") WHERE ("django_comment_client_role_users"."user_id" = 2  AND "django_comment_client_role"."course_id" = course-v1:org.4512+course_4512+Run_4512 ); args=(2, u'course-v1:org.4512+course_4512+Run_4512')
   django.db.backends: DEBUG: (0.000) SELECT (1) AS "a" FROM "django_comment_client_permission" INNER JOIN "django_comment_client_permission_roles" ON ("django_comment_client_permission"."name" = "django_comment_client_permission_roles"."permission_id") WHERE ("django_comment_client_permission_roles"."role_id" = 1  AND "django_comment_client_permission"."name" = edit_content ) LIMIT 1; args=(1, 'edit_content')
   django.db.backends: DEBUG: (0.000) SELECT "django_comment_client_role"."id", "django_comment_client_role"."name", "django_comment_client_role"."course_id" FROM "django_comment_client_role" INNER JOIN "django_comment_client_role_users" ON ("django_comment_client_role"."id" = "django_comment_client_role_users"."role_id") WHERE ("django_comment_client_role_users"."user_id" = 2  AND "django_comment_client_role"."course_id" = course-v1:org.4512+course_4512+Run_4512 ); args=(2, u'course-v1:org.4512+course_4512+Run_4512')
   django.db.backends: DEBUG: (0.000) SELECT (1) AS "a" FROM "django_comment_client_permission" INNER JOIN "django_comment_client_permission_roles" ON ("django_comment_client_permission"."name" = "django_comment_client_permission_roles"."permission_id") WHERE ("django_comment_client_permission_roles"."role_id" = 1  AND "django_comment_client_permission"."name" = update_comment ) LIMIT 1; args=(1, 'update_comment')
   django.db.backends: DEBUG: (0.000) SELECT "django_comment_client_role"."id", "django_comment_client_role"."name", "django_comment_client_role"."course_id" FROM "django_comment_client_role" INNER JOIN "django_comment_client_role_users" ON ("django_comment_client_role"."id" = "django_comment_client_role_users"."role_id") WHERE ("django_comment_client_role_users"."user_id" = 2  AND "django_comment_client_role"."course_id" = course-v1:org.4512+course_4512+Run_4512 ); args=(2, u'course-v1:org.4512+course_4512+Run_4512')
   django.db.backends: DEBUG: (0.000) SELECT (1) AS "a" FROM "django_comment_client_permission" INNER JOIN "django_comment_client_permission_roles" ON ("django_comment_client_permission"."name" = "django_comment_client_permission_roles"."permission_id") WHERE ("django_comment_client_permission_roles"."role_id" = 1  AND "django_comment_client_permission"."name" = create_sub_comment ) LIMIT 1; args=(1, 'create_sub_comment')
   django.db.backends: DEBUG: (0.000) SELECT "django_comment_client_role"."id", "django_comment_client_role"."name", "django_comment_client_role"."course_id" FROM "django_comment_client_role" INNER JOIN "django_comment_client_role_users" ON ("django_comment_client_role"."id" = "django_comment_client_role_users"."role_id") WHERE ("django_comment_client_role_users"."user_id" = 2  AND "django_comment_client_role"."course_id" = course-v1:org.4512+course_4512+Run_4512 ); args=(2, u'course-v1:org.4512+course_4512+Run_4512')
   django.db.backends: DEBUG: (0.000) SELECT (1) AS "a" FROM "django_comment_client_permission" INNER JOIN "django_comment_client_permission_roles" ON ("django_comment_client_permission"."name" = "django_comment_client_permission_roles"."permission_id") WHERE ("django_comment_client_permission_roles"."role_id" = 1  AND "django_comment_client_permission"."name" = delete_comment ) LIMIT 1; args=(1, 'delete_comment')
   django.db.backends: DEBUG: (0.000) SELECT "django_comment_client_role"."id", "django_comment_client_role"."name", "django_comment_client_role"."course_id" FROM "django_comment_client_role" INNER JOIN "django_comment_client_role_users" ON ("django_comment_client_role"."id" = "django_comment_client_role_users"."role_id") WHERE ("django_comment_client_role_users"."user_id" = 2  AND "django_comment_client_role"."course_id" = course-v1:org.4512+course_4512+Run_4512 ); args=(2, u'course-v1:org.4512+course_4512+Run_4512')
   django.db.backends: DEBUG: (0.000) SELECT (1) AS "a" FROM "django_comment_client_permission" INNER JOIN "django_comment_client_permission_roles" ON ("django_comment_client_permission"."name" = "django_comment_client_permission_roles"."permission_id") WHERE ("django_comment_client_permission_roles"."role_id" = 1  AND "django_comment_client_permission"."name" = update_comment ) LIMIT 1; args=(1, 'update_comment')
   django.db.backends: DEBUG: (0.000) SELECT "django_comment_client_role"."id", "django_comment_client_role"."name", "django_comment_client_role"."course_id" FROM "django_comment_client_role" INNER JOIN "django_comment_client_role_users" ON ("django_comment_client_role"."id" = "django_comment_client_role_users"."role_id") WHERE ("django_comment_client_role_users"."user_id" = 2  AND "django_comment_client_role"."course_id" = course-v1:org.4512+course_4512+Run_4512 ); args=(2, u'course-v1:org.4512+course_4512+Run_4512')
   django.db.backends: DEBUG: (0.000) SELECT (1) AS "a" FROM "django_comment_client_permission" INNER JOIN "django_comment_client_permission_roles" ON ("django_comment_client_permission"."name" = "django_comment_client_permission_roles"."permission_id") WHERE ("django_comment_client_permission_roles"."role_id" = 1  AND "django_comment_client_permission"."name" = vote ) LIMIT 1; args=(1, 'vote')
   django.db.backends: DEBUG: (0.000) SELECT "django_comment_client_role"."id", "django_comment_client_role"."name", "django_comment_client_role"."course_id" FROM "django_comment_client_role" INNER JOIN "django_comment_client_role_users" ON ("django_comment_client_role"."id" = "django_comment_client_role_users"."role_id") WHERE ("django_comment_client_role_users"."user_id" = 2  AND "django_comment_client_role"."course_id" = course-v1:org.4512+course_4512+Run_4512 ); args=(2, u'course-v1:org.4512+course_4512+Run_4512')
   django.db.backends: DEBUG: (0.000) SELECT (1) AS "a" FROM "django_comment_client_permission" INNER JOIN "django_comment_client_permission_roles" ON ("django_comment_client_permission"."name" = "django_comment_client_permission_roles"."permission_id") WHERE ("django_comment_client_permission_roles"."role_id" = 1  AND "django_comment_client_permission"."name" = edit_content ) LIMIT 1; args=(1, 'edit_content')
   django.db.backends: DEBUG: (0.000) SELECT "django_comment_client_role"."id", "django_comment_client_role"."name", "django_comment_client_role"."course_id" FROM "django_comment_client_role" INNER JOIN "django_comment_client_role_users" ON ("django_comment_client_role"."id" = "django_comment_client_role_users"."role_id") WHERE ("django_comment_client_role_users"."user_id" = 2  AND "django_comment_client_role"."course_id" = course-v1:org.4512+course_4512+Run_4512 ); args=(2, u'course-v1:org.4512+course_4512+Run_4512')
   django.db.backends: DEBUG: (0.000) SELECT (1) AS "a" FROM "django_comment_client_permission" INNER JOIN "django_comment_client_permission_roles" ON ("django_comment_client_permission"."name" = "django_comment_client_permission_roles"."permission_id") WHERE ("django_comment_client_permission_roles"."role_id" = 1  AND "django_comment_client_permission"."name" = update_comment ) LIMIT 1; args=(1, 'update_comment')
   django.db.backends: DEBUG: (0.000) SELECT "django_comment_client_role"."id", "django_comment_client_role"."name", "django_comment_client_role"."course_id" FROM "django_comment_client_role" INNER JOIN "django_comment_client_role_users" ON ("django_comment_client_role"."id" = "django_comment_client_role_users"."role_id") WHERE ("django_comment_client_role_users"."user_id" = 2  AND "django_comment_client_role"."course_id" = course-v1:org.4512+course_4512+Run_4512 ); args=(2, u'course-v1:org.4512+course_4512+Run_4512')
   django.db.backends: DEBUG: (0.000) SELECT (1) AS "a" FROM "django_comment_client_permission" INNER JOIN "django_comment_client_permission_roles" ON ("django_comment_client_permission"."name" = "django_comment_client_permission_roles"."permission_id") WHERE ("django_comment_client_permission_roles"."role_id" = 1  AND "django_comment_client_permission"."name" = create_sub_comment ) LIMIT 1; args=(1, 'create_sub_comment')
   django.db.backends: DEBUG: (0.000) SELECT "django_comment_client_role"."id", "django_comment_client_role"."name", "django_comment_client_role"."course_id" FROM "django_comment_client_role" INNER JOIN "django_comment_client_role_users" ON ("django_comment_client_role"."id" = "django_comment_client_role_users"."role_id") WHERE ("django_comment_client_role_users"."user_id" = 2  AND "django_comment_client_role"."course_id" = course-v1:org.4512+course_4512+Run_4512 ); args=(2, u'course-v1:org.4512+course_4512+Run_4512')
   django.db.backends: DEBUG: (0.000) SELECT (1) AS "a" FROM "django_comment_client_permission" INNER JOIN "django_comment_client_permission_roles" ON ("django_comment_client_permission"."name" = "django_comment_client_permission_roles"."permission_id") WHERE ("django_comment_client_permission_roles"."role_id" = 1  AND "django_comment_client_permission"."name" = delete_comment ) LIMIT 1; args=(1, 'delete_comment')
   django.db.backends: DEBUG: (0.000) SELECT "django_comment_client_role"."id", "django_comment_client_role"."name", "django_comment_client_role"."course_id" FROM "django_comment_client_role" INNER JOIN "django_comment_client_role_users" ON ("django_comment_client_role"."id" = "django_comment_client_role_users"."role_id") WHERE ("django_comment_client_role_users"."user_id" = 2  AND "django_comment_client_role"."course_id" = course-v1:org.4512+course_4512+Run_4512 ); args=(2, u'course-v1:org.4512+course_4512+Run_4512')
   django.db.backends: DEBUG: (0.000) SELECT (1) AS "a" FROM "django_comment_client_permission" INNER JOIN "django_comment_client_permission_roles" ON ("django_comment_client_permission"."name" = "django_comment_client_permission_roles"."permission_id") WHERE ("django_comment_client_permission_roles"."role_id" = 1  AND "django_comment_client_permission"."name" = update_comment ) LIMIT 1; args=(1, 'update_comment')
   django.db.backends: DEBUG: (0.000) SELECT "django_comment_client_role"."id", "django_comment_client_role"."name", "django_comment_client_role"."course_id" FROM "django_comment_client_role" INNER JOIN "django_comment_client_role_users" ON ("django_comment_client_role"."id" = "django_comment_client_role_users"."role_id") WHERE ("django_comment_client_role_users"."user_id" = 2  AND "django_comment_client_role"."course_id" = course-v1:org.4512+course_4512+Run_4512 ); args=(2, u'course-v1:org.4512+course_4512+Run_4512')
   django.db.backends: DEBUG: (0.000) SELECT (1) AS "a" FROM "django_comment_client_permission" INNER JOIN "django_comment_client_permission_roles" ON ("django_comment_client_permission"."name" = "django_comment_client_permission_roles"."permission_id") WHERE ("django_comment_client_permission_roles"."role_id" = 1  AND "django_comment_client_permission"."name" = vote ) LIMIT 1; args=(1, 'vote')
   django.db.backends: DEBUG: (0.000) SELECT "django_comment_client_role"."id", "django_comment_client_role"."name", "django_comment_client_role"."course_id" FROM "django_comment_client_role" INNER JOIN "django_comment_client_role_users" ON ("django_comment_client_role"."id" = "django_comment_client_role_users"."role_id") WHERE ("django_comment_client_role_users"."user_id" = 2  AND "django_comment_client_role"."course_id" = course-v1:org.4512+course_4512+Run_4512 ); args=(2, u'course-v1:org.4512+course_4512+Run_4512')
   django.db.backends: DEBUG: (0.000) SELECT (1) AS "a" FROM "django_comment_client_permission" INNER JOIN "django_comment_client_permission_roles" ON ("django_comment_client_permission"."name" = "django_comment_client_permission_roles"."permission_id") WHERE ("django_comment_client_permission_roles"."role_id" = 1  AND "django_comment_client_permission"."name" = edit_content ) LIMIT 1; args=(1, 'edit_content')
   django.db.backends: DEBUG: (0.000) SELECT "django_comment_client_role"."id", "django_comment_client_role"."name", "django_comment_client_role"."course_id" FROM "django_comment_client_role" INNER JOIN "django_comment_client_role_users" ON ("django_comment_client_role"."id" = "django_comment_client_role_users"."role_id") WHERE ("django_comment_client_role_users"."user_id" = 2  AND "django_comment_client_role"."course_id" = course-v1:org.4512+course_4512+Run_4512 ); args=(2, u'course-v1:org.4512+course_4512+Run_4512')
   django.db.backends: DEBUG: (0.000) SELECT (1) AS "a" FROM "django_comment_client_permission" INNER JOIN "django_comment_client_permission_roles" ON ("django_comment_client_permission"."name" = "django_comment_client_permission_roles"."permission_id") WHERE ("django_comment_client_permission_roles"."role_id" = 1  AND "django_comment_client_permission"."name" = update_comment ) LIMIT 1; args=(1, 'update_comment')
   django.db.backends: DEBUG: (0.000) SELECT "django_comment_client_role"."id", "django_comment_client_role"."name", "django_comment_client_role"."course_id" FROM "django_comment_client_role" INNER JOIN "django_comment_client_role_users" ON ("django_comment_client_role"."id" = "django_comment_client_role_users"."role_id") WHERE ("django_comment_client_role_users"."user_id" = 2  AND "django_comment_client_role"."course_id" = course-v1:org.4512+course_4512+Run_4512 ); args=(2, u'course-v1:org.4512+course_4512+Run_4512')
   django.db.backends: DEBUG: (0.000) SELECT (1) AS "a" FROM "django_comment_client_permission" INNER JOIN "django_comment_client_permission_roles" ON ("django_comment_client_permission"."name" = "django_comment_client_permission_roles"."permission_id") WHERE ("django_comment_client_permission_roles"."role_id" = 1  AND "django_comment_client_permission"."name" = create_sub_comment ) LIMIT 1; args=(1, 'create_sub_comment')
   django.db.backends: DEBUG: (0.000) SELECT "django_comment_client_role"."id", "django_comment_client_role"."name", "django_comment_client_role"."course_id" FROM "django_comment_client_role" INNER JOIN "django_comment_client_role_users" ON ("django_comment_client_role"."id" = "django_comment_client_role_users"."role_id") WHERE ("django_comment_client_role_users"."user_id" = 2  AND "django_comment_client_role"."course_id" = course-v1:org.4512+course_4512+Run_4512 ); args=(2, u'course-v1:org.4512+course_4512+Run_4512')
   django.db.backends: DEBUG: (0.000) SELECT (1) AS "a" FROM "django_comment_client_permission" INNER JOIN "django_comment_client_permission_roles" ON ("django_comment_client_permission"."name" = "django_comment_client_permission_roles"."permission_id") WHERE ("django_comment_client_permission_roles"."role_id" = 1  AND "django_comment_client_permission"."name" = delete_comment ) LIMIT 1; args=(1, 'delete_comment')
   django.db.backends: DEBUG: (0.000) SELECT "django_comment_client_role"."id", "django_comment_client_role"."name", "django_comment_client_role"."course_id" FROM "django_comment_client_role" INNER JOIN "django_comment_client_role_users" ON ("django_comment_client_role"."id" = "django_comment_client_role_users"."role_id") WHERE ("django_comment_client_role_users"."user_id" = 2  AND "django_comment_client_role"."course_id" = course-v1:org.4512+course_4512+Run_4512 ); args=(2, u'course-v1:org.4512+course_4512+Run_4512')
   django.db.backends: DEBUG: (0.000) SELECT (1) AS "a" FROM "django_comment_client_permission" INNER JOIN "django_comment_client_permission_roles" ON ("django_comment_client_permission"."name" = "django_comment_client_permission_roles"."permission_id") WHERE ("django_comment_client_permission_roles"."role_id" = 1  AND "django_comment_client_permission"."name" = update_comment ) LIMIT 1; args=(1, 'update_comment')
   django.db.backends: DEBUG: (0.000) SELECT "django_comment_client_role"."id", "django_comment_client_role"."name", "django_comment_client_role"."course_id" FROM "django_comment_client_role" INNER JOIN "django_comment_client_role_users" ON ("django_comment_client_role"."id" = "django_comment_client_role_users"."role_id") WHERE ("django_comment_client_role_users"."user_id" = 2  AND "django_comment_client_role"."course_id" = course-v1:org.4512+course_4512+Run_4512 ); args=(2, u'course-v1:org.4512+course_4512+Run_4512')
   django.db.backends: DEBUG: (0.000) SELECT (1) AS "a" FROM "django_comment_client_permission" INNER JOIN "django_comment_client_permission_roles" ON ("django_comment_client_permission"."name" = "django_comment_client_permission_roles"."permission_id") WHERE ("django_comment_client_permission_roles"."role_id" = 1  AND "django_comment_client_permission"."name" = vote ) LIMIT 1; args=(1, 'vote')
   django.db.backends: DEBUG: (0.000) SELECT "django_comment_client_role"."id", "django_comment_client_role"."name", "django_comment_client_role"."course_id" FROM "django_comment_client_role" INNER JOIN "django_comment_client_role_users" ON ("django_comment_client_role"."id" = "django_comment_client_role_users"."role_id") WHERE ("django_comment_client_role_users"."user_id" = 2  AND "django_comment_client_role"."course_id" = course-v1:org.4512+course_4512+Run_4512 ); args=(2, u'course-v1:org.4512+course_4512+Run_4512')
   django.db.backends: DEBUG: (0.000) SELECT (1) AS "a" FROM "django_comment_client_permission" INNER JOIN "django_comment_client_permission_roles" ON ("django_comment_client_permission"."name" = "django_comment_client_permission_roles"."permission_id") WHERE ("django_comment_client_permission_roles"."role_id" = 1  AND "django_comment_client_permission"."name" = edit_content ) LIMIT 1; args=(1, 'edit_content')
   django.db.backends: DEBUG: (0.000) SELECT "django_comment_client_role"."id", "django_comment_client_role"."name", "django_comment_client_role"."course_id" FROM "django_comment_client_role" INNER JOIN "django_comment_client_role_users" ON ("django_comment_client_role"."id" = "django_comment_client_role_users"."role_id") WHERE ("django_comment_client_role_users"."user_id" = 2  AND "django_comment_client_role"."course_id" = course-v1:org.4512+course_4512+Run_4512 ); args=(2, u'course-v1:org.4512+course_4512+Run_4512')
   django.db.backends: DEBUG: (0.000) SELECT (1) AS "a" FROM "django_comment_client_permission" INNER JOIN "django_comment_client_permission_roles" ON ("django_comment_client_permission"."name" = "django_comment_client_permission_roles"."permission_id") WHERE ("django_comment_client_permission_roles"."role_id" = 1  AND "django_comment_client_permission"."name" = update_comment ) LIMIT 1; args=(1, 'update_comment')
   django.db.backends: DEBUG: (0.000) SELECT "django_comment_client_role"."id", "django_comment_client_role"."name", "django_comment_client_role"."course_id" FROM "django_comment_client_role" INNER JOIN "django_comment_client_role_users" ON ("django_comment_client_role"."id" = "django_comment_client_role_users"."role_id") WHERE ("django_comment_client_role_users"."user_id" = 2  AND "django_comment_client_role"."course_id" = course-v1:org.4512+course_4512+Run_4512 ); args=(2, u'course-v1:org.4512+course_4512+Run_4512')
   django.db.backends: DEBUG: (0.000) SELECT (1) AS "a" FROM "django_comment_client_permission" INNER JOIN "django_comment_client_permission_roles" ON ("django_comment_client_permission"."name" = "django_comment_client_permission_roles"."permission_id") WHERE ("django_comment_client_permission_roles"."role_id" = 1  AND "django_comment_client_permission"."name" = create_sub_comment ) LIMIT 1; args=(1, 'create_sub_comment')
   django.db.backends: DEBUG: (0.000) SELECT "django_comment_client_role"."id", "django_comment_client_role"."name", "django_comment_client_role"."course_id" FROM "django_comment_client_role" INNER JOIN "django_comment_client_role_users" ON ("django_comment_client_role"."id" = "django_comment_client_role_users"."role_id") WHERE ("django_comment_client_role_users"."user_id" = 2  AND "django_comment_client_role"."course_id" = course-v1:org.4512+course_4512+Run_4512 ); args=(2, u'course-v1:org.4512+course_4512+Run_4512')
   django.db.backends: DEBUG: (0.000) SELECT (1) AS "a" FROM "django_comment_client_permission" INNER JOIN "django_comment_client_permission_roles" ON ("django_comment_client_permission"."name" = "django_comment_client_permission_roles"."permission_id") WHERE ("django_comment_client_permission_roles"."role_id" = 1  AND "django_comment_client_permission"."name" = delete_comment ) LIMIT 1; args=(1, 'delete_comment')
   django.db.backends: DEBUG: (0.001) SELECT "django_comment_client_role"."id", "django_comment_client_role"."name", "django_comment_client_role"."course_id" FROM "django_comment_client_role" INNER JOIN "django_comment_client_role_users" ON ("django_comment_client_role"."id" = "django_comment_client_role_users"."role_id") WHERE ("django_comment_client_role_users"."user_id" = 2  AND "django_comment_client_role"."course_id" = course-v1:org.4512+course_4512+Run_4512 ); args=(2, u'course-v1:org.4512+course_4512+Run_4512')
   django.db.backends: DEBUG: (0.000) SELECT (1) AS "a" FROM "django_comment_client_permission" INNER JOIN "django_comment_client_permission_roles" ON ("django_comment_client_permission"."name" = "django_comment_client_permission_roles"."permission_id") WHERE ("django_comment_client_permission_roles"."role_id" = 1  AND "django_comment_client_permission"."name" = update_comment ) LIMIT 1; args=(1, 'update_comment')
   django.db.backends: DEBUG: (0.000) SELECT "django_comment_client_role"."id", "django_comment_client_role"."name", "django_comment_client_role"."course_id" FROM "django_comment_client_role" INNER JOIN "django_comment_client_role_users" ON ("django_comment_client_role"."id" = "django_comment_client_role_users"."role_id") WHERE ("django_comment_client_role_users"."user_id" = 2  AND "django_comment_client_role"."course_id" = course-v1:org.4512+course_4512+Run_4512 ); args=(2, u'course-v1:org.4512+course_4512+Run_4512')
   django.db.backends: DEBUG: (0.000) SELECT (1) AS "a" FROM "django_comment_client_permission" INNER JOIN "django_comment_client_permission_roles" ON ("django_comment_client_permission"."name" = "django_comment_client_permission_roles"."permission_id") WHERE ("django_comment_client_permission_roles"."role_id" = 1  AND "django_comment_client_permission"."name" = vote ) LIMIT 1; args=(1, 'vote')
   django.db.backends: DEBUG: (0.000) SELECT "django_comment_client_role"."id", "django_comment_client_role"."name", "django_comment_client_role"."course_id" FROM "django_comment_client_role" INNER JOIN "django_comment_client_role_users" ON ("django_comment_client_role"."id" = "django_comment_client_role_users"."role_id") WHERE ("django_comment_client_role_users"."user_id" = 2  AND "django_comment_client_role"."course_id" = course-v1:org.4512+course_4512+Run_4512 ); args=(2, u'course-v1:org.4512+course_4512+Run_4512')
   django.db.backends: DEBUG: (0.000) SELECT (1) AS "a" FROM "django_comment_client_permission" INNER JOIN "django_comment_client_permission_roles" ON ("django_comment_client_permission"."name" = "django_comment_client_permission_roles"."permission_id") WHERE ("django_comment_client_permission_roles"."role_id" = 1  AND "django_comment_client_permission"."name" = edit_content ) LIMIT 1; args=(1, 'edit_content')
   django.db.backends: DEBUG: (0.000) SELECT "django_comment_client_role"."id", "django_comment_client_role"."name", "django_comment_client_role"."course_id" FROM "django_comment_client_role" INNER JOIN "django_comment_client_role_users" ON ("django_comment_client_role"."id" = "django_comment_client_role_users"."role_id") WHERE ("django_comment_client_role_users"."user_id" = 2  AND "django_comment_client_role"."course_id" = course-v1:org.4512+course_4512+Run_4512 ); args=(2, u'course-v1:org.4512+course_4512+Run_4512')
   django.db.backends: DEBUG: (0.000) SELECT (1) AS "a" FROM "django_comment_client_permission" INNER JOIN "django_comment_client_permission_roles" ON ("django_comment_client_permission"."name" = "django_comment_client_permission_roles"."permission_id") WHERE ("django_comment_client_permission_roles"."role_id" = 1  AND "django_comment_client_permission"."name" = update_comment ) LIMIT 1; args=(1, 'update_comment')
   django.db.backends: DEBUG: (0.000) SELECT "django_comment_client_role"."id", "django_comment_client_role"."name", "django_comment_client_role"."course_id" FROM "django_comment_client_role" INNER JOIN "django_comment_client_role_users" ON ("django_comment_client_role"."id" = "django_comment_client_role_users"."role_id") WHERE ("django_comment_client_role_users"."user_id" = 2  AND "django_comment_client_role"."course_id" = course-v1:org.4512+course_4512+Run_4512 ); args=(2, u'course-v1:org.4512+course_4512+Run_4512')
   django.db.backends: DEBUG: (0.000) SELECT (1) AS "a" FROM "django_comment_client_permission" INNER JOIN "django_comment_client_permission_roles" ON ("django_comment_client_permission"."name" = "django_comment_client_permission_roles"."permission_id") WHERE ("django_comment_client_permission_roles"."role_id" = 1  AND "django_comment_client_permission"."name" = create_sub_comment ) LIMIT 1; args=(1, 'create_sub_comment')
   django.db.backends: DEBUG: (0.000) SELECT "django_comment_client_role"."id", "django_comment_client_role"."name", "django_comment_client_role"."course_id" FROM "django_comment_client_role" INNER JOIN "django_comment_client_role_users" ON ("django_comment_client_role"."id" = "django_comment_client_role_users"."role_id") WHERE ("django_comment_client_role_users"."user_id" = 2  AND "django_comment_client_role"."course_id" = course-v1:org.4512+course_4512+Run_4512 ); args=(2, u'course-v1:org.4512+course_4512+Run_4512')
   django.db.backends: DEBUG: (0.000) SELECT (1) AS "a" FROM "django_comment_client_permission" INNER JOIN "django_comment_client_permission_roles" ON ("django_comment_client_permission"."name" = "django_comment_client_permission_roles"."permission_id") WHERE ("django_comment_client_permission_roles"."role_id" = 1  AND "django_comment_client_permission"."name" = delete_comment ) LIMIT 1; args=(1, 'delete_comment')
   django.db.backends: DEBUG: (0.000) SELECT "django_comment_client_role"."id", "django_comment_client_role"."name", "django_comment_client_role"."course_id" FROM "django_comment_client_role" INNER JOIN "django_comment_client_role_users" ON ("django_comment_client_role"."id" = "django_comment_client_role_users"."role_id") WHERE ("django_comment_client_role_users"."user_id" = 2  AND "django_comment_client_role"."course_id" = course-v1:org.4512+course_4512+Run_4512 ); args=(2, u'course-v1:org.4512+course_4512+Run_4512')
   django.db.backends: DEBUG: (0.000) SELECT (1) AS "a" FROM "django_comment_client_permission" INNER JOIN "django_comment_client_permission_roles" ON ("django_comment_client_permission"."name" = "django_comment_client_permission_roles"."permission_id") WHERE ("django_comment_client_permission_roles"."role_id" = 1  AND "django_comment_client_permission"."name" = update_comment ) LIMIT 1; args=(1, 'update_comment')
   django.db.backends: DEBUG: (0.000) SELECT "django_comment_client_role"."id", "django_comment_client_role"."name", "django_comment_client_role"."course_id" FROM "django_comment_client_role" INNER JOIN "django_comment_client_role_users" ON ("django_comment_client_role"."id" = "django_comment_client_role_users"."role_id") WHERE ("django_comment_client_role_users"."user_id" = 2  AND "django_comment_client_role"."course_id" = course-v1:org.4512+course_4512+Run_4512 ); args=(2, u'course-v1:org.4512+course_4512+Run_4512')
   django.db.backends: DEBUG: (0.000) SELECT (1) AS "a" FROM "django_comment_client_permission" INNER JOIN "django_comment_client_permission_roles" ON ("django_comment_client_permission"."name" = "django_comment_client_permission_roles"."permission_id") WHERE ("django_comment_client_permission_roles"."role_id" = 1  AND "django_comment_client_permission"."name" = vote ) LIMIT 1; args=(1, 'vote')
   django.db.backends: DEBUG: (0.000) SELECT "django_comment_client_role"."id", "django_comment_client_role"."name", "django_comment_client_role"."course_id" FROM "django_comment_client_role" INNER JOIN "django_comment_client_role_users" ON ("django_comment_client_role"."id" = "django_comment_client_role_users"."role_id") WHERE ("django_comment_client_role_users"."user_id" = 2  AND "django_comment_client_role"."course_id" = course-v1:org.4512+course_4512+Run_4512 ); args=(2, u'course-v1:org.4512+course_4512+Run_4512')
   django.db.backends: DEBUG: (0.000) SELECT (1) AS "a" FROM "django_comment_client_permission" INNER JOIN "django_comment_client_permission_roles" ON ("django_comment_client_permission"."name" = "django_comment_client_permission_roles"."permission_id") WHERE ("django_comment_client_permission_roles"."role_id" = 1  AND "django_comment_client_permission"."name" = edit_content ) LIMIT 1; args=(1, 'edit_content')
   django.db.backends: DEBUG: (0.000) SELECT "django_comment_client_role"."id", "django_comment_client_role"."name", "django_comment_client_role"."course_id" FROM "django_comment_client_role" INNER JOIN "django_comment_client_role_users" ON ("django_comment_client_role"."id" = "django_comment_client_role_users"."role_id") WHERE ("django_comment_client_role_users"."user_id" = 2  AND "django_comment_client_role"."course_id" = course-v1:org.4512+course_4512+Run_4512 ); args=(2, u'course-v1:org.4512+course_4512+Run_4512')
   django.db.backends: DEBUG: (0.000) SELECT (1) AS "a" FROM "django_comment_client_permission" INNER JOIN "django_comment_client_permission_roles" ON ("django_comment_client_permission"."name" = "django_comment_client_permission_roles"."permission_id") WHERE ("django_comment_client_permission_roles"."role_id" = 1  AND "django_comment_client_permission"."name" = update_comment ) LIMIT 1; args=(1, 'update_comment')
   django.db.backends: DEBUG: (0.000) SELECT "django_comment_client_role"."id", "django_comment_client_role"."name", "django_comment_client_role"."course_id" FROM "django_comment_client_role" INNER JOIN "django_comment_client_role_users" ON ("django_comment_client_role"."id" = "django_comment_client_role_users"."role_id") WHERE ("django_comment_client_role_users"."user_id" = 2  AND "django_comment_client_role"."course_id" = course-v1:org.4512+course_4512+Run_4512 ); args=(2, u'course-v1:org.4512+course_4512+Run_4512')
   django.db.backends: DEBUG: (0.000) SELECT (1) AS "a" FROM "django_comment_client_permission" INNER JOIN "django_comment_client_permission_roles" ON ("django_comment_client_permission"."name" = "django_comment_client_permission_roles"."permission_id") WHERE ("django_comment_client_permission_roles"."role_id" = 1  AND "django_comment_client_permission"."name" = create_sub_comment ) LIMIT 1; args=(1, 'create_sub_comment')
   django.db.backends: DEBUG: (0.000) SELECT "django_comment_client_role"."id", "django_comment_client_role"."name", "django_comment_client_role"."course_id" FROM "django_comment_client_role" INNER JOIN "django_comment_client_role_users" ON ("django_comment_client_role"."id" = "django_comment_client_role_users"."role_id") WHERE ("django_comment_client_role_users"."user_id" = 2  AND "django_comment_client_role"."course_id" = course-v1:org.4512+course_4512+Run_4512 ); args=(2, u'course-v1:org.4512+course_4512+Run_4512')
   django.db.backends: DEBUG: (0.000) SELECT (1) AS "a" FROM "django_comment_client_permission" INNER JOIN "django_comment_client_permission_roles" ON ("django_comment_client_permission"."name" = "django_comment_client_permission_roles"."permission_id") WHERE ("django_comment_client_permission_roles"."role_id" = 1  AND "django_comment_client_permission"."name" = delete_comment ) LIMIT 1; args=(1, 'delete_comment')
   django.db.backends: DEBUG: (0.000) SELECT "django_comment_client_role"."id", "django_comment_client_role"."name", "django_comment_client_role"."course_id" FROM "django_comment_client_role" INNER JOIN "django_comment_client_role_users" ON ("django_comment_client_role"."id" = "django_comment_client_role_users"."role_id") WHERE ("django_comment_client_role_users"."user_id" = 2  AND "django_comment_client_role"."course_id" = course-v1:org.4512+course_4512+Run_4512 ); args=(2, u'course-v1:org.4512+course_4512+Run_4512')
   django.db.backends: DEBUG: (0.000) SELECT (1) AS "a" FROM "django_comment_client_permission" INNER JOIN "django_comment_client_permission_roles" ON ("django_comment_client_permission"."name" = "django_comment_client_permission_roles"."permission_id") WHERE ("django_comment_client_permission_roles"."role_id" = 1  AND "django_comment_client_permission"."name" = update_comment ) LIMIT 1; args=(1, 'update_comment')
   django.db.backends: DEBUG: (0.000) SELECT "django_comment_client_role"."id", "django_comment_client_role"."name", "django_comment_client_role"."course_id" FROM "django_comment_client_role" INNER JOIN "django_comment_client_role_users" ON ("django_comment_client_role"."id" = "django_comment_client_role_users"."role_id") WHERE ("django_comment_client_role_users"."user_id" = 2  AND "django_comment_client_role"."course_id" = course-v1:org.4512+course_4512+Run_4512 ); args=(2, u'course-v1:org.4512+course_4512+Run_4512')
   django.db.backends: DEBUG: (0.000) SELECT (1) AS "a" FROM "django_comment_client_permission" INNER JOIN "django_comment_client_permission_roles" ON ("django_comment_client_permission"."name" = "django_comment_client_permission_roles"."permission_id") WHERE ("django_comment_client_permission_roles"."role_id" = 1  AND "django_comment_client_permission"."name" = vote ) LIMIT 1; args=(1, 'vote')
   django.db.backends: DEBUG: (0.000) SELECT "django_comment_client_role"."id", "django_comment_client_role"."name", "django_comment_client_role"."course_id" FROM "django_comment_client_role" INNER JOIN "django_comment_client_role_users" ON ("django_comment_client_role"."id" = "django_comment_client_role_users"."role_id") WHERE ("django_comment_client_role_users"."user_id" = 2  AND "django_comment_client_role"."course_id" = course-v1:org.4512+course_4512+Run_4512 ); args=(2, u'course-v1:org.4512+course_4512+Run_4512')
   django.db.backends: DEBUG: (0.000) SELECT (1) AS "a" FROM "django_comment_client_permission" INNER JOIN "django_comment_client_permission_roles" ON ("django_comment_client_permission"."name" = "django_comment_client_permission_roles"."permission_id") WHERE ("django_comment_client_permission_roles"."role_id" = 1  AND "django_comment_client_permission"."name" = edit_content ) LIMIT 1; args=(1, 'edit_content')
   django.db.backends: DEBUG: (0.000) SELECT "django_comment_client_role"."id", "django_comment_client_role"."name", "django_comment_client_role"."course_id" FROM "django_comment_client_role" INNER JOIN "django_comment_client_role_users" ON ("django_comment_client_role"."id" = "django_comment_client_role_users"."role_id") WHERE ("django_comment_client_role_users"."user_id" = 2  AND "django_comment_client_role"."course_id" = course-v1:org.4512+course_4512+Run_4512 ); args=(2, u'course-v1:org.4512+course_4512+Run_4512')
   django.db.backends: DEBUG: (0.000) SELECT (1) AS "a" FROM "django_comment_client_permission" INNER JOIN "django_comment_client_permission_roles" ON ("django_comment_client_permission"."name" = "django_comment_client_permission_roles"."permission_id") WHERE ("django_comment_client_permission_roles"."role_id" = 1  AND "django_comment_client_permission"."name" = update_comment ) LIMIT 1; args=(1, 'update_comment')
   django.db.backends: DEBUG: (0.000) SELECT "django_comment_client_role"."id", "django_comment_client_role"."name", "django_comment_client_role"."course_id" FROM "django_comment_client_role" INNER JOIN "django_comment_client_role_users" ON ("django_comment_client_role"."id" = "django_comment_client_role_users"."role_id") WHERE ("django_comment_client_role_users"."user_id" = 2  AND "django_comment_client_role"."course_id" = course-v1:org.4512+course_4512+Run_4512 ); args=(2, u'course-v1:org.4512+course_4512+Run_4512')
   django.db.backends: DEBUG: (0.000) SELECT (1) AS "a" FROM "django_comment_client_permission" INNER JOIN "django_comment_client_permission_roles" ON ("django_comment_client_permission"."name" = "django_comment_client_permission_roles"."permission_id") WHERE ("django_comment_client_permission_roles"."role_id" = 1  AND "django_comment_client_permission"."name" = create_sub_comment ) LIMIT 1; args=(1, 'create_sub_comment')
   django.db.backends: DEBUG: (0.000) SELECT "django_comment_client_role"."id", "django_comment_client_role"."name", "django_comment_client_role"."course_id" FROM "django_comment_client_role" INNER JOIN "django_comment_client_role_users" ON ("django_comment_client_role"."id" = "django_comment_client_role_users"."role_id") WHERE ("django_comment_client_role_users"."user_id" = 2  AND "django_comment_client_role"."course_id" = course-v1:org.4512+course_4512+Run_4512 ); args=(2, u'course-v1:org.4512+course_4512+Run_4512')
   django.db.backends: DEBUG: (0.000) SELECT (1) AS "a" FROM "django_comment_client_permission" INNER JOIN "django_comment_client_permission_roles" ON ("django_comment_client_permission"."name" = "django_comment_client_permission_roles"."permission_id") WHERE ("django_comment_client_permission_roles"."role_id" = 1  AND "django_comment_client_permission"."name" = delete_comment ) LIMIT 1; args=(1, 'delete_comment')
   django.db.backends: DEBUG: (0.000) SELECT "django_comment_client_role"."id", "django_comment_client_role"."name", "django_comment_client_role"."course_id" FROM "django_comment_client_role" INNER JOIN "django_comment_client_role_users" ON ("django_comment_client_role"."id" = "django_comment_client_role_users"."role_id") WHERE ("django_comment_client_role_users"."user_id" = 2  AND "django_comment_client_role"."course_id" = course-v1:org.4512+course_4512+Run_4512 ); args=(2, u'course-v1:org.4512+course_4512+Run_4512')
   django.db.backends: DEBUG: (0.000) SELECT (1) AS "a" FROM "django_comment_client_permission" INNER JOIN "django_comment_client_permission_roles" ON ("django_comment_client_permission"."name" = "django_comment_client_permission_roles"."permission_id") WHERE ("django_comment_client_permission_roles"."role_id" = 1  AND "django_comment_client_permission"."name" = update_comment ) LIMIT 1; args=(1, 'update_comment')
   django.db.backends: DEBUG: (0.000) SELECT "django_comment_client_role"."id", "django_comment_client_role"."name", "django_comment_client_role"."course_id" FROM "django_comment_client_role" INNER JOIN "django_comment_client_role_users" ON ("django_comment_client_role"."id" = "django_comment_client_role_users"."role_id") WHERE ("django_comment_client_role_users"."user_id" = 2  AND "django_comment_client_role"."course_id" = course-v1:org.4512+course_4512+Run_4512 ); args=(2, u'course-v1:org.4512+course_4512+Run_4512')
   django.db.backends: DEBUG: (0.000) SELECT (1) AS "a" FROM "django_comment_client_permission" INNER JOIN "django_comment_client_permission_roles" ON ("django_comment_client_permission"."name" = "django_comment_client_permission_roles"."permission_id") WHERE ("django_comment_client_permission_roles"."role_id" = 1  AND "django_comment_client_permission"."name" = vote ) LIMIT 1; args=(1, 'vote')
   django.db.backends: DEBUG: (0.000) SELECT "django_comment_client_role"."id", "django_comment_client_role"."name", "django_comment_client_role"."course_id" FROM "django_comment_client_role" INNER JOIN "django_comment_client_role_users" ON ("django_comment_client_role"."id" = "django_comment_client_role_users"."role_id") WHERE ("django_comment_client_role_users"."user_id" = 2  AND "django_comment_client_role"."course_id" = course-v1:org.4512+course_4512+Run_4512 ); args=(2, u'course-v1:org.4512+course_4512+Run_4512')
   django.db.backends: DEBUG: (0.000) SELECT (1) AS "a" FROM "django_comment_client_permission" INNER JOIN "django_comment_client_permission_roles" ON ("django_comment_client_permission"."name" = "django_comment_client_permission_roles"."permission_id") WHERE ("django_comment_client_permission_roles"."role_id" = 1  AND "django_comment_client_permission"."name" = edit_content ) LIMIT 1; args=(1, 'edit_content')
   django.db.backends: DEBUG: (0.000) SELECT "django_comment_client_role"."id", "django_comment_client_role"."name", "django_comment_client_role"."course_id" FROM "django_comment_client_role" INNER JOIN "django_comment_client_role_users" ON ("django_comment_client_role"."id" = "django_comment_client_role_users"."role_id") WHERE ("django_comment_client_role_users"."user_id" = 2  AND "django_comment_client_role"."course_id" = course-v1:org.4512+course_4512+Run_4512 ); args=(2, u'course-v1:org.4512+course_4512+Run_4512')
   django.db.backends: DEBUG: (0.000) SELECT (1) AS "a" FROM "django_comment_client_permission" INNER JOIN "django_comment_client_permission_roles" ON ("django_comment_client_permission"."name" = "django_comment_client_permission_roles"."permission_id") WHERE ("django_comment_client_permission_roles"."role_id" = 1  AND "django_comment_client_permission"."name" = update_comment ) LIMIT 1; args=(1, 'update_comment')
   django.db.backends: DEBUG: (0.000) SELECT "django_comment_client_role"."id", "django_comment_client_role"."name", "django_comment_client_role"."course_id" FROM "django_comment_client_role" INNER JOIN "django_comment_client_role_users" ON ("django_comment_client_role"."id" = "django_comment_client_role_users"."role_id") WHERE ("django_comment_client_role_users"."user_id" = 2  AND "django_comment_client_role"."course_id" = course-v1:org.4512+course_4512+Run_4512 ); args=(2, u'course-v1:org.4512+course_4512+Run_4512')
   django.db.backends: DEBUG: (0.000) SELECT (1) AS "a" FROM "django_comment_client_permission" INNER JOIN "django_comment_client_permission_roles" ON ("django_comment_client_permission"."name" = "django_comment_client_permission_roles"."permission_id") WHERE ("django_comment_client_permission_roles"."role_id" = 1  AND "django_comment_client_permission"."name" = create_sub_comment ) LIMIT 1; args=(1, 'create_sub_comment')
   django.db.backends: DEBUG: (0.000) SELECT "django_comment_client_role"."id", "django_comment_client_role"."name", "django_comment_client_role"."course_id" FROM "django_comment_client_role" INNER JOIN "django_comment_client_role_users" ON ("django_comment_client_role"."id" = "django_comment_client_role_users"."role_id") WHERE ("django_comment_client_role_users"."user_id" = 2  AND "django_comment_client_role"."course_id" = course-v1:org.4512+course_4512+Run_4512 ); args=(2, u'course-v1:org.4512+course_4512+Run_4512')
   django.db.backends: DEBUG: (0.000) SELECT (1) AS "a" FROM "django_comment_client_permission" INNER JOIN "django_comment_client_permission_roles" ON ("django_comment_client_permission"."name" = "django_comment_client_permission_roles"."permission_id") WHERE ("django_comment_client_permission_roles"."role_id" = 1  AND "django_comment_client_permission"."name" = delete_comment ) LIMIT 1; args=(1, 'delete_comment')
   django.db.backends: DEBUG: (0.000) SELECT "django_comment_client_role"."id", "django_comment_client_role"."name", "django_comment_client_role"."course_id" FROM "django_comment_client_role" INNER JOIN "django_comment_client_role_users" ON ("django_comment_client_role"."id" = "django_comment_client_role_users"."role_id") WHERE ("django_comment_client_role_users"."user_id" = 2  AND "django_comment_client_role"."course_id" = course-v1:org.4512+course_4512+Run_4512 ); args=(2, u'course-v1:org.4512+course_4512+Run_4512')
   django.db.backends: DEBUG: (0.000) SELECT (1) AS "a" FROM "django_comment_client_permission" INNER JOIN "django_comment_client_permission_roles" ON ("django_comment_client_permission"."name" = "django_comment_client_permission_roles"."permission_id") WHERE ("django_comment_client_permission_roles"."role_id" = 1  AND "django_comment_client_permission"."name" = update_comment ) LIMIT 1; args=(1, 'update_comment')
   django.db.backends: DEBUG: (0.000) SELECT "django_comment_client_role"."id", "django_comment_client_role"."name", "django_comment_client_role"."course_id" FROM "django_comment_client_role" INNER JOIN "django_comment_client_role_users" ON ("django_comment_client_role"."id" = "django_comment_client_role_users"."role_id") WHERE ("django_comment_client_role_users"."user_id" = 2  AND "django_comment_client_role"."course_id" = course-v1:org.4512+course_4512+Run_4512 ); args=(2, u'course-v1:org.4512+course_4512+Run_4512')
   django.db.backends: DEBUG: (0.000) SELECT (1) AS "a" FROM "django_comment_client_permission" INNER JOIN "django_comment_client_permission_roles" ON ("django_comment_client_permission"."name" = "django_comment_client_permission_roles"."permission_id") WHERE ("django_comment_client_permission_roles"."role_id" = 1  AND "django_comment_client_permission"."name" = vote ) LIMIT 1; args=(1, 'vote')
   django.db.backends: DEBUG: (0.000) SELECT "django_comment_client_role"."id", "django_comment_client_role"."name", "django_comment_client_role"."course_id" FROM "django_comment_client_role" INNER JOIN "django_comment_client_role_users" ON ("django_comment_client_role"."id" = "django_comment_client_role_users"."role_id") WHERE ("django_comment_client_role_users"."user_id" = 2  AND "django_comment_client_role"."course_id" = course-v1:org.4512+course_4512+Run_4512 ); args=(2, u'course-v1:org.4512+course_4512+Run_4512')
   django.db.backends: DEBUG: (0.000) SELECT (1) AS "a" FROM "django_comment_client_permission" INNER JOIN "django_comment_client_permission_roles" ON ("django_comment_client_permission"."name" = "django_comment_client_permission_roles"."permission_id") WHERE ("django_comment_client_permission_roles"."role_id" = 1  AND "django_comment_client_permission"."name" = edit_content ) LIMIT 1; args=(1, 'edit_content')
   django.db.backends: DEBUG: (0.000) SELECT "django_comment_client_role"."id", "django_comment_client_role"."name", "django_comment_client_role"."course_id" FROM "django_comment_client_role" INNER JOIN "django_comment_client_role_users" ON ("django_comment_client_role"."id" = "django_comment_client_role_users"."role_id") WHERE ("django_comment_client_role_users"."user_id" = 2  AND "django_comment_client_role"."course_id" = course-v1:org.4512+course_4512+Run_4512 ); args=(2, u'course-v1:org.4512+course_4512+Run_4512')
   django.db.backends: DEBUG: (0.000) SELECT (1) AS "a" FROM "django_comment_client_permission" INNER JOIN "django_comment_client_permission_roles" ON ("django_comment_client_permission"."name" = "django_comment_client_permission_roles"."permission_id") WHERE ("django_comment_client_permission_roles"."role_id" = 1  AND "django_comment_client_permission"."name" = update_comment ) LIMIT 1; args=(1, 'update_comment')
   django.db.backends: DEBUG: (0.000) SELECT "django_comment_client_role"."id", "django_comment_client_role"."name", "django_comment_client_role"."course_id" FROM "django_comment_client_role" INNER JOIN "django_comment_client_role_users" ON ("django_comment_client_role"."id" = "django_comment_client_role_users"."role_id") WHERE ("django_comment_client_role_users"."user_id" = 2  AND "django_comment_client_role"."course_id" = course-v1:org.4512+course_4512+Run_4512 ); args=(2, u'course-v1:org.4512+course_4512+Run_4512')
   django.db.backends: DEBUG: (0.000) SELECT (1) AS "a" FROM "django_comment_client_permission" INNER JOIN "django_comment_client_permission_roles" ON ("django_comment_client_permission"."name" = "django_comment_client_permission_roles"."permission_id") WHERE ("django_comment_client_permission_roles"."role_id" = 1  AND "django_comment_client_permission"."name" = create_sub_comment ) LIMIT 1; args=(1, 'create_sub_comment')
   django.db.backends: DEBUG: (0.000) SELECT "django_comment_client_role"."id", "django_comment_client_role"."name", "django_comment_client_role"."course_id" FROM "django_comment_client_role" INNER JOIN "django_comment_client_role_users" ON ("django_comment_client_role"."id" = "django_comment_client_role_users"."role_id") WHERE ("django_comment_client_role_users"."user_id" = 2  AND "django_comment_client_role"."course_id" = course-v1:org.4512+course_4512+Run_4512 ); args=(2, u'course-v1:org.4512+course_4512+Run_4512')
   django.db.backends: DEBUG: (0.000) SELECT (1) AS "a" FROM "django_comment_client_permission" INNER JOIN "django_comment_client_permission_roles" ON ("django_comment_client_permission"."name" = "django_comment_client_permission_roles"."permission_id") WHERE ("django_comment_client_permission_roles"."role_id" = 1  AND "django_comment_client_permission"."name" = delete_comment ) LIMIT 1; args=(1, 'delete_comment')
   django.db.backends: DEBUG: (0.000) SELECT "django_comment_client_role"."id", "django_comment_client_role"."name", "django_comment_client_role"."course_id" FROM "django_comment_client_role" INNER JOIN "django_comment_client_role_users" ON ("django_comment_client_role"."id" = "django_comment_client_role_users"."role_id") WHERE ("django_comment_client_role_users"."user_id" = 2  AND "django_comment_client_role"."course_id" = course-v1:org.4512+course_4512+Run_4512 ); args=(2, u'course-v1:org.4512+course_4512+Run_4512')
   django.db.backends: DEBUG: (0.000) SELECT (1) AS "a" FROM "django_comment_client_permission" INNER JOIN "django_comment_client_permission_roles" ON ("django_comment_client_permission"."name" = "django_comment_client_permission_roles"."permission_id") WHERE ("django_comment_client_permission_roles"."role_id" = 1  AND "django_comment_client_permission"."name" = update_comment ) LIMIT 1; args=(1, 'update_comment')
   django.db.backends: DEBUG: (0.000) SELECT "django_comment_client_role"."id", "django_comment_client_role"."name", "django_comment_client_role"."course_id" FROM "django_comment_client_role" INNER JOIN "django_comment_client_role_users" ON ("django_comment_client_role"."id" = "django_comment_client_role_users"."role_id") WHERE ("django_comment_client_role_users"."user_id" = 2  AND "django_comment_client_role"."course_id" = course-v1:org.4512+course_4512+Run_4512 ); args=(2, u'course-v1:org.4512+course_4512+Run_4512')
   django.db.backends: DEBUG: (0.000) SELECT (1) AS "a" FROM "django_comment_client_permission" INNER JOIN "django_comment_client_permission_roles" ON ("django_comment_client_permission"."name" = "django_comment_client_permission_roles"."permission_id") WHERE ("django_comment_client_permission_roles"."role_id" = 1  AND "django_comment_client_permission"."name" = vote ) LIMIT 1; args=(1, 'vote')
   django.db.backends: DEBUG: (0.000) SELECT "django_comment_client_role"."id", "django_comment_client_role"."name", "django_comment_client_role"."course_id" FROM "django_comment_client_role" INNER JOIN "django_comment_client_role_users" ON ("django_comment_client_role"."id" = "django_comment_client_role_users"."role_id") WHERE ("django_comment_client_role_users"."user_id" = 2  AND "django_comment_client_role"."course_id" = course-v1:org.4512+course_4512+Run_4512 ); args=(2, u'course-v1:org.4512+course_4512+Run_4512')
   django.db.backends: DEBUG: (0.000) SELECT (1) AS "a" FROM "django_comment_client_permission" INNER JOIN "django_comment_client_permission_roles" ON ("django_comment_client_permission"."name" = "django_comment_client_permission_roles"."permission_id") WHERE ("django_comment_client_permission_roles"."role_id" = 1  AND "django_comment_client_permission"."name" = edit_content ) LIMIT 1; args=(1, 'edit_content')
   django.db.backends: DEBUG: (0.000) SELECT "django_comment_client_role"."id", "django_comment_client_role"."name", "django_comment_client_role"."course_id" FROM "django_comment_client_role" INNER JOIN "django_comment_client_role_users" ON ("django_comment_client_role"."id" = "django_comment_client_role_users"."role_id") WHERE ("django_comment_client_role_users"."user_id" = 2  AND "django_comment_client_role"."course_id" = course-v1:org.4512+course_4512+Run_4512 ); args=(2, u'course-v1:org.4512+course_4512+Run_4512')
   django.db.backends: DEBUG: (0.000) SELECT (1) AS "a" FROM "django_comment_client_permission" INNER JOIN "django_comment_client_permission_roles" ON ("django_comment_client_permission"."name" = "django_comment_client_permission_roles"."permission_id") WHERE ("django_comment_client_permission_roles"."role_id" = 1  AND "django_comment_client_permission"."name" = update_comment ) LIMIT 1; args=(1, 'update_comment')
   django.db.backends: DEBUG: (0.000) SELECT "django_comment_client_role"."id", "django_comment_client_role"."name", "django_comment_client_role"."course_id" FROM "django_comment_client_role" INNER JOIN "django_comment_client_role_users" ON ("django_comment_client_role"."id" = "django_comment_client_role_users"."role_id") WHERE ("django_comment_client_role_users"."user_id" = 2  AND "django_comment_client_role"."course_id" = course-v1:org.4512+course_4512+Run_4512 ); args=(2, u'course-v1:org.4512+course_4512+Run_4512')
   django.db.backends: DEBUG: (0.000) SELECT (1) AS "a" FROM "django_comment_client_permission" INNER JOIN "django_comment_client_permission_roles" ON ("django_comment_client_permission"."name" = "django_comment_client_permission_roles"."permission_id") WHERE ("django_comment_client_permission_roles"."role_id" = 1  AND "django_comment_client_permission"."name" = create_sub_comment ) LIMIT 1; args=(1, 'create_sub_comment')
   django.db.backends: DEBUG: (0.000) SELECT "django_comment_client_role"."id", "django_comment_client_role"."name", "django_comment_client_role"."course_id" FROM "django_comment_client_role" INNER JOIN "django_comment_client_role_users" ON ("django_comment_client_role"."id" = "django_comment_client_role_users"."role_id") WHERE ("django_comment_client_role_users"."user_id" = 2  AND "django_comment_client_role"."course_id" = course-v1:org.4512+course_4512+Run_4512 ); args=(2, u'course-v1:org.4512+course_4512+Run_4512')
   django.db.backends: DEBUG: (0.000) SELECT (1) AS "a" FROM "django_comment_client_permission" INNER JOIN "django_comment_client_permission_roles" ON ("django_comment_client_permission"."name" = "django_comment_client_permission_roles"."permission_id") WHERE ("django_comment_client_permission_roles"."role_id" = 1  AND "django_comment_client_permission"."name" = delete_comment ) LIMIT 1; args=(1, 'delete_comment')
   django.db.backends: DEBUG: (0.000) SELECT "django_comment_client_role"."id", "django_comment_client_role"."name", "django_comment_client_role"."course_id" FROM "django_comment_client_role" INNER JOIN "django_comment_client_role_users" ON ("django_comment_client_role"."id" = "django_comment_client_role_users"."role_id") WHERE ("django_comment_client_role_users"."user_id" = 2  AND "django_comment_client_role"."course_id" = course-v1:org.4512+course_4512+Run_4512 ); args=(2, u'course-v1:org.4512+course_4512+Run_4512')
   django.db.backends: DEBUG: (0.000) SELECT (1) AS "a" FROM "django_comment_client_permission" INNER JOIN "django_comment_client_permission_roles" ON ("django_comment_client_permission"."name" = "django_comment_client_permission_roles"."permission_id") WHERE ("django_comment_client_permission_roles"."role_id" = 1  AND "django_comment_client_permission"."name" = update_comment ) LIMIT 1; args=(1, 'update_comment')
   django.db.backends: DEBUG: (0.000) SELECT "django_comment_client_role"."id", "django_comment_client_role"."name", "django_comment_client_role"."course_id" FROM "django_comment_client_role" INNER JOIN "django_comment_client_role_users" ON ("django_comment_client_role"."id" = "django_comment_client_role_users"."role_id") WHERE ("django_comment_client_role_users"."user_id" = 2  AND "django_comment_client_role"."course_id" = course-v1:org.4512+course_4512+Run_4512 ); args=(2, u'course-v1:org.4512+course_4512+Run_4512')
   django.db.backends: DEBUG: (0.000) SELECT (1) AS "a" FROM "django_comment_client_permission" INNER JOIN "django_comment_client_permission_roles" ON ("django_comment_client_permission"."name" = "django_comment_client_permission_roles"."permission_id") WHERE ("django_comment_client_permission_roles"."role_id" = 1  AND "django_comment_client_permission"."name" = vote ) LIMIT 1; args=(1, 'vote')
   django.db.backends: DEBUG: (0.000) SELECT "django_comment_client_role"."id", "django_comment_client_role"."name", "django_comment_client_role"."course_id" FROM "django_comment_client_role" INNER JOIN "django_comment_client_role_users" ON ("django_comment_client_role"."id" = "django_comment_client_role_users"."role_id") WHERE ("django_comment_client_role_users"."user_id" = 2  AND "django_comment_client_role"."course_id" = course-v1:org.4512+course_4512+Run_4512 ); args=(2, u'course-v1:org.4512+course_4512+Run_4512')
   django.db.backends: DEBUG: (0.000) SELECT (1) AS "a" FROM "django_comment_client_permission" INNER JOIN "django_comment_client_permission_roles" ON ("django_comment_client_permission"."name" = "django_comment_client_permission_roles"."permission_id") WHERE ("django_comment_client_permission_roles"."role_id" = 1  AND "django_comment_client_permission"."name" = edit_content ) LIMIT 1; args=(1, 'edit_content')
   django.db.backends: DEBUG: (0.000) SELECT "django_comment_client_role"."id", "django_comment_client_role"."name", "django_comment_client_role"."course_id" FROM "django_comment_client_role" INNER JOIN "django_comment_client_role_users" ON ("django_comment_client_role"."id" = "django_comment_client_role_users"."role_id") WHERE ("django_comment_client_role_users"."user_id" = 2  AND "django_comment_client_role"."course_id" = course-v1:org.4512+course_4512+Run_4512 ); args=(2, u'course-v1:org.4512+course_4512+Run_4512')
   django.db.backends: DEBUG: (0.000) SELECT (1) AS "a" FROM "django_comment_client_permission" INNER JOIN "django_comment_client_permission_roles" ON ("django_comment_client_permission"."name" = "django_comment_client_permission_roles"."permission_id") WHERE ("django_comment_client_permission_roles"."role_id" = 1  AND "django_comment_client_permission"."name" = update_comment ) LIMIT 1; args=(1, 'update_comment')
   django.db.backends: DEBUG: (0.000) SELECT "django_comment_client_role"."id", "django_comment_client_role"."name", "django_comment_client_role"."course_id" FROM "django_comment_client_role" INNER JOIN "django_comment_client_role_users" ON ("django_comment_client_role"."id" = "django_comment_client_role_users"."role_id") WHERE ("django_comment_client_role_users"."user_id" = 2  AND "django_comment_client_role"."course_id" = course-v1:org.4512+course_4512+Run_4512 ); args=(2, u'course-v1:org.4512+course_4512+Run_4512')
   django.db.backends: DEBUG: (0.000) SELECT (1) AS "a" FROM "django_comment_client_permission" INNER JOIN "django_comment_client_permission_roles" ON ("django_comment_client_permission"."name" = "django_comment_client_permission_roles"."permission_id") WHERE ("django_comment_client_permission_roles"."role_id" = 1  AND "django_comment_client_permission"."name" = create_sub_comment ) LIMIT 1; args=(1, 'create_sub_comment')
   django.db.backends: DEBUG: (0.000) SELECT "django_comment_client_role"."id", "django_comment_client_role"."name", "django_comment_client_role"."course_id" FROM "django_comment_client_role" INNER JOIN "django_comment_client_role_users" ON ("django_comment_client_role"."id" = "django_comment_client_role_users"."role_id") WHERE ("django_comment_client_role_users"."user_id" = 2  AND "django_comment_client_role"."course_id" = course-v1:org.4512+course_4512+Run_4512 ); args=(2, u'course-v1:org.4512+course_4512+Run_4512')
   django.db.backends: DEBUG: (0.000) SELECT (1) AS "a" FROM "django_comment_client_permission" INNER JOIN "django_comment_client_permission_roles" ON ("django_comment_client_permission"."name" = "django_comment_client_permission_roles"."permission_id") WHERE ("django_comment_client_permission_roles"."role_id" = 1  AND "django_comment_client_permission"."name" = delete_comment ) LIMIT 1; args=(1, 'delete_comment')
   django.db.backends: DEBUG: (0.000) SELECT "django_comment_client_role"."id", "django_comment_client_role"."name", "django_comment_client_role"."course_id" FROM "django_comment_client_role" INNER JOIN "django_comment_client_role_users" ON ("django_comment_client_role"."id" = "django_comment_client_role_users"."role_id") WHERE ("django_comment_client_role_users"."user_id" = 2  AND "django_comment_client_role"."course_id" = course-v1:org.4512+course_4512+Run_4512 ); args=(2, u'course-v1:org.4512+course_4512+Run_4512')
   django.db.backends: DEBUG: (0.000) SELECT (1) AS "a" FROM "django_comment_client_permission" INNER JOIN "django_comment_client_permission_roles" ON ("django_comment_client_permission"."name" = "django_comment_client_permission_roles"."permission_id") WHERE ("django_comment_client_permission_roles"."role_id" = 1  AND "django_comment_client_permission"."name" = update_comment ) LIMIT 1; args=(1, 'update_comment')
   django.db.backends: DEBUG: (0.000) SELECT "django_comment_client_role"."id", "django_comment_client_role"."name", "django_comment_client_role"."course_id" FROM "django_comment_client_role" INNER JOIN "django_comment_client_role_users" ON ("django_comment_client_role"."id" = "django_comment_client_role_users"."role_id") WHERE ("django_comment_client_role_users"."user_id" = 2  AND "django_comment_client_role"."course_id" = course-v1:org.4512+course_4512+Run_4512 ); args=(2, u'course-v1:org.4512+course_4512+Run_4512')
   django.db.backends: DEBUG: (0.000) SELECT (1) AS "a" FROM "django_comment_client_permission" INNER JOIN "django_comment_client_permission_roles" ON ("django_comment_client_permission"."name" = "django_comment_client_permission_roles"."permission_id") WHERE ("django_comment_client_permission_roles"."role_id" = 1  AND "django_comment_client_permission"."name" = vote ) LIMIT 1; args=(1, 'vote')
   django.db.backends: DEBUG: (0.000) SELECT "django_comment_client_role"."id", "django_comment_client_role"."name", "django_comment_client_role"."course_id" FROM "django_comment_client_role" INNER JOIN "django_comment_client_role_users" ON ("django_comment_client_role"."id" = "django_comment_client_role_users"."role_id") WHERE ("django_comment_client_role_users"."user_id" = 2  AND "django_comment_client_role"."course_id" = course-v1:org.4512+course_4512+Run_4512 ); args=(2, u'course-v1:org.4512+course_4512+Run_4512')
   django.db.backends: DEBUG: (0.000) SELECT (1) AS "a" FROM "django_comment_client_permission" INNER JOIN "django_comment_client_permission_roles" ON ("django_comment_client_permission"."name" = "django_comment_client_permission_roles"."permission_id") WHERE ("django_comment_client_permission_roles"."role_id" = 1  AND "django_comment_client_permission"."name" = edit_content ) LIMIT 1; args=(1, 'edit_content')
   django.db.backends: DEBUG: (0.000) SELECT "django_comment_client_role"."id", "django_comment_client_role"."name", "django_comment_client_role"."course_id" FROM "django_comment_client_role" INNER JOIN "django_comment_client_role_users" ON ("django_comment_client_role"."id" = "django_comment_client_role_users"."role_id") WHERE ("django_comment_client_role_users"."user_id" = 2  AND "django_comment_client_role"."course_id" = course-v1:org.4512+course_4512+Run_4512 ); args=(2, u'course-v1:org.4512+course_4512+Run_4512')
   django.db.backends: DEBUG: (0.000) SELECT (1) AS "a" FROM "django_comment_client_permission" INNER JOIN "django_comment_client_permission_roles" ON ("django_comment_client_permission"."name" = "django_comment_client_permission_roles"."permission_id") WHERE ("django_comment_client_permission_roles"."role_id" = 1  AND "django_comment_client_permission"."name" = update_comment ) LIMIT 1; args=(1, 'update_comment')
   django.db.backends: DEBUG: (0.000) SELECT "django_comment_client_role"."id", "django_comment_client_role"."name", "django_comment_client_role"."course_id" FROM "django_comment_client_role" INNER JOIN "django_comment_client_role_users" ON ("django_comment_client_role"."id" = "django_comment_client_role_users"."role_id") WHERE ("django_comment_client_role_users"."user_id" = 2  AND "django_comment_client_role"."course_id" = course-v1:org.4512+course_4512+Run_4512 ); args=(2, u'course-v1:org.4512+course_4512+Run_4512')
   django.db.backends: DEBUG: (0.000) SELECT (1) AS "a" FROM "django_comment_client_permission" INNER JOIN "django_comment_client_permission_roles" ON ("django_comment_client_permission"."name" = "django_comment_client_permission_roles"."permission_id") WHERE ("django_comment_client_permission_roles"."role_id" = 1  AND "django_comment_client_permission"."name" = create_sub_comment ) LIMIT 1; args=(1, 'create_sub_comment')
   django.db.backends: DEBUG: (0.000) SELECT "django_comment_client_role"."id", "django_comment_client_role"."name", "django_comment_client_role"."course_id" FROM "django_comment_client_role" INNER JOIN "django_comment_client_role_users" ON ("django_comment_client_role"."id" = "django_comment_client_role_users"."role_id") WHERE ("django_comment_client_role_users"."user_id" = 2  AND "django_comment_client_role"."course_id" = course-v1:org.4512+course_4512+Run_4512 ); args=(2, u'course-v1:org.4512+course_4512+Run_4512')
   django.db.backends: DEBUG: (0.000) SELECT (1) AS "a" FROM "django_comment_client_permission" INNER JOIN "django_comment_client_permission_roles" ON ("django_comment_client_permission"."name" = "django_comment_client_permission_roles"."permission_id") WHERE ("django_comment_client_permission_roles"."role_id" = 1  AND "django_comment_client_permission"."name" = delete_comment ) LIMIT 1; args=(1, 'delete_comment')
   django.db.backends: DEBUG: (0.000) SELECT "django_comment_client_role"."id", "django_comment_client_role"."name", "django_comment_client_role"."course_id" FROM "django_comment_client_role" INNER JOIN "django_comment_client_role_users" ON ("django_comment_client_role"."id" = "django_comment_client_role_users"."role_id") WHERE ("django_comment_client_role_users"."user_id" = 2  AND "django_comment_client_role"."course_id" = course-v1:org.4512+course_4512+Run_4512 ); args=(2, u'course-v1:org.4512+course_4512+Run_4512')
   django.db.backends: DEBUG: (0.000) SELECT (1) AS "a" FROM "django_comment_client_permission" INNER JOIN "django_comment_client_permission_roles" ON ("django_comment_client_permission"."name" = "django_comment_client_permission_roles"."permission_id") WHERE ("django_comment_client_permission_roles"."role_id" = 1  AND "django_comment_client_permission"."name" = update_comment ) LIMIT 1; args=(1, 'update_comment')
   django.db.backends: DEBUG: (0.000) SELECT "django_comment_client_role"."id", "django_comment_client_role"."name", "django_comment_client_role"."course_id" FROM "django_comment_client_role" INNER JOIN "django_comment_client_role_users" ON ("django_comment_client_role"."id" = "django_comment_client_role_users"."role_id") WHERE ("django_comment_client_role_users"."user_id" = 2  AND "django_comment_client_role"."course_id" = course-v1:org.4512+course_4512+Run_4512 ); args=(2, u'course-v1:org.4512+course_4512+Run_4512')
   django.db.backends: DEBUG: (0.000) SELECT (1) AS "a" FROM "django_comment_client_permission" INNER JOIN "django_comment_client_permission_roles" ON ("django_comment_client_permission"."name" = "django_comment_client_permission_roles"."permission_id") WHERE ("django_comment_client_permission_roles"."role_id" = 1  AND "django_comment_client_permission"."name" = vote ) LIMIT 1; args=(1, 'vote')
   django.db.backends: DEBUG: (0.000) SELECT "django_comment_client_role"."id", "django_comment_client_role"."name", "django_comment_client_role"."course_id" FROM "django_comment_client_role" INNER JOIN "django_comment_client_role_users" ON ("django_comment_client_role"."id" = "django_comment_client_role_users"."role_id") WHERE ("django_comment_client_role_users"."user_id" = 2  AND "django_comment_client_role"."course_id" = course-v1:org.4512+course_4512+Run_4512 ); args=(2, u'course-v1:org.4512+course_4512+Run_4512')
   django.db.backends: DEBUG: (0.000) SELECT (1) AS "a" FROM "django_comment_client_permission" INNER JOIN "django_comment_client_permission_roles" ON ("django_comment_client_permission"."name" = "django_comment_client_permission_roles"."permission_id") WHERE ("django_comment_client_permission_roles"."role_id" = 1  AND "django_comment_client_permission"."name" = edit_content ) LIMIT 1; args=(1, 'edit_content')
   django.db.backends: DEBUG: (0.000) SELECT "django_comment_client_role"."id", "django_comment_client_role"."name", "django_comment_client_role"."course_id" FROM "django_comment_client_role" INNER JOIN "django_comment_client_role_users" ON ("django_comment_client_role"."id" = "django_comment_client_role_users"."role_id") WHERE ("django_comment_client_role_users"."user_id" = 2  AND "django_comment_client_role"."course_id" = course-v1:org.4512+course_4512+Run_4512 ); args=(2, u'course-v1:org.4512+course_4512+Run_4512')
   django.db.backends: DEBUG: (0.000) SELECT (1) AS "a" FROM "django_comment_client_permission" INNER JOIN "django_comment_client_permission_roles" ON ("django_comment_client_permission"."name" = "django_comment_client_permission_roles"."permission_id") WHERE ("django_comment_client_permission_roles"."role_id" = 1  AND "django_comment_client_permission"."name" = update_comment ) LIMIT 1; args=(1, 'update_comment')
   django.db.backends: DEBUG: (0.000) SELECT "django_comment_client_role"."id", "django_comment_client_role"."name", "django_comment_client_role"."course_id" FROM "django_comment_client_role" INNER JOIN "django_comment_client_role_users" ON ("django_comment_client_role"."id" = "django_comment_client_role_users"."role_id") WHERE ("django_comment_client_role_users"."user_id" = 2  AND "django_comment_client_role"."course_id" = course-v1:org.4512+course_4512+Run_4512 ); args=(2, u'course-v1:org.4512+course_4512+Run_4512')
   django.db.backends: DEBUG: (0.000) SELECT (1) AS "a" FROM "django_comment_client_permission" INNER JOIN "django_comment_client_permission_roles" ON ("django_comment_client_permission"."name" = "django_comment_client_permission_roles"."permission_id") WHERE ("django_comment_client_permission_roles"."role_id" = 1  AND "django_comment_client_permission"."name" = create_sub_comment ) LIMIT 1; args=(1, 'create_sub_comment')
   django.db.backends: DEBUG: (0.000) SELECT "django_comment_client_role"."id", "django_comment_client_role"."name", "django_comment_client_role"."course_id" FROM "django_comment_client_role" INNER JOIN "django_comment_client_role_users" ON ("django_comment_client_role"."id" = "django_comment_client_role_users"."role_id") WHERE ("django_comment_client_role_users"."user_id" = 2  AND "django_comment_client_role"."course_id" = course-v1:org.4512+course_4512+Run_4512 ); args=(2, u'course-v1:org.4512+course_4512+Run_4512')
   django.db.backends: DEBUG: (0.000) SELECT (1) AS "a" FROM "django_comment_client_permission" INNER JOIN "django_comment_client_permission_roles" ON ("django_comment_client_permission"."name" = "django_comment_client_permission_roles"."permission_id") WHERE ("django_comment_client_permission_roles"."role_id" = 1  AND "django_comment_client_permission"."name" = delete_comment ) LIMIT 1; args=(1, 'delete_comment')
   django.db.backends: DEBUG: (0.000) SELECT "django_comment_client_role"."id", "django_comment_client_role"."name", "django_comment_client_role"."course_id" FROM "django_comment_client_role" INNER JOIN "django_comment_client_role_users" ON ("django_comment_client_role"."id" = "django_comment_client_role_users"."role_id") WHERE ("django_comment_client_role_users"."user_id" = 2  AND "django_comment_client_role"."course_id" = course-v1:org.4512+course_4512+Run_4512 ); args=(2, u'course-v1:org.4512+course_4512+Run_4512')
   django.db.backends: DEBUG: (0.000) SELECT (1) AS "a" FROM "django_comment_client_permission" INNER JOIN "django_comment_client_permission_roles" ON ("django_comment_client_permission"."name" = "django_comment_client_permission_roles"."permission_id") WHERE ("django_comment_client_permission_roles"."role_id" = 1  AND "django_comment_client_permission"."name" = update_comment ) LIMIT 1; args=(1, 'update_comment')
   django.db.backends: DEBUG: (0.000) SELECT "django_comment_client_role"."id", "django_comment_client_role"."name", "django_comment_client_role"."course_id" FROM "django_comment_client_role" INNER JOIN "django_comment_client_role_users" ON ("django_comment_client_role"."id" = "django_comment_client_role_users"."role_id") WHERE ("django_comment_client_role_users"."user_id" = 2  AND "django_comment_client_role"."course_id" = course-v1:org.4512+course_4512+Run_4512 ); args=(2, u'course-v1:org.4512+course_4512+Run_4512')
   django.db.backends: DEBUG: (0.000) SELECT (1) AS "a" FROM "django_comment_client_permission" INNER JOIN "django_comment_client_permission_roles" ON ("django_comment_client_permission"."name" = "django_comment_client_permission_roles"."permission_id") WHERE ("django_comment_client_permission_roles"."role_id" = 1  AND "django_comment_client_permission"."name" = vote ) LIMIT 1; args=(1, 'vote')
   django.db.backends: DEBUG: (0.000) SELECT "django_comment_client_role"."id", "django_comment_client_role"."name", "django_comment_client_role"."course_id" FROM "django_comment_client_role" INNER JOIN "django_comment_client_role_users" ON ("django_comment_client_role"."id" = "django_comment_client_role_users"."role_id") WHERE ("django_comment_client_role_users"."user_id" = 2  AND "django_comment_client_role"."course_id" = course-v1:org.4512+course_4512+Run_4512 ); args=(2, u'course-v1:org.4512+course_4512+Run_4512')
   django.db.backends: DEBUG: (0.000) SELECT (1) AS "a" FROM "django_comment_client_permission" INNER JOIN "django_comment_client_permission_roles" ON ("django_comment_client_permission"."name" = "django_comment_client_permission_roles"."permission_id") WHERE ("django_comment_client_permission_roles"."role_id" = 1  AND "django_comment_client_permission"."name" = edit_content ) LIMIT 1; args=(1, 'edit_content')
   django.db.backends: DEBUG: (0.000) SELECT "django_comment_client_role"."id", "django_comment_client_role"."name", "django_comment_client_role"."course_id" FROM "django_comment_client_role" INNER JOIN "django_comment_client_role_users" ON ("django_comment_client_role"."id" = "django_comment_client_role_users"."role_id") WHERE ("django_comment_client_role_users"."user_id" = 2  AND "django_comment_client_role"."course_id" = course-v1:org.4512+course_4512+Run_4512 ); args=(2, u'course-v1:org.4512+course_4512+Run_4512')
   django.db.backends: DEBUG: (0.000) SELECT (1) AS "a" FROM "django_comment_client_permission" INNER JOIN "django_comment_client_permission_roles" ON ("django_comment_client_permission"."name" = "django_comment_client_permission_roles"."permission_id") WHERE ("django_comment_client_permission_roles"."role_id" = 1  AND "django_comment_client_permission"."name" = update_comment ) LIMIT 1; args=(1, 'update_comment')
   django.db.backends: DEBUG: (0.000) SELECT "django_comment_client_role"."id", "django_comment_client_role"."name", "django_comment_client_role"."course_id" FROM "django_comment_client_role" INNER JOIN "django_comment_client_role_users" ON ("django_comment_client_role"."id" = "django_comment_client_role_users"."role_id") WHERE ("django_comment_client_role_users"."user_id" = 2  AND "django_comment_client_role"."course_id" = course-v1:org.4512+course_4512+Run_4512 ); args=(2, u'course-v1:org.4512+course_4512+Run_4512')
   django.db.backends: DEBUG: (0.000) SELECT (1) AS "a" FROM "django_comment_client_permission" INNER JOIN "django_comment_client_permission_roles" ON ("django_comment_client_permission"."name" = "django_comment_client_permission_roles"."permission_id") WHERE ("django_comment_client_permission_roles"."role_id" = 1  AND "django_comment_client_permission"."name" = create_sub_comment ) LIMIT 1; args=(1, 'create_sub_comment')
   django.db.backends: DEBUG: (0.000) SELECT "django_comment_client_role"."id", "django_comment_client_role"."name", "django_comment_client_role"."course_id" FROM "django_comment_client_role" INNER JOIN "django_comment_client_role_users" ON ("django_comment_client_role"."id" = "django_comment_client_role_users"."role_id") WHERE ("django_comment_client_role_users"."user_id" = 2  AND "django_comment_client_role"."course_id" = course-v1:org.4512+course_4512+Run_4512 ); args=(2, u'course-v1:org.4512+course_4512+Run_4512')
   django.db.backends: DEBUG: (0.000) SELECT (1) AS "a" FROM "django_comment_client_permission" INNER JOIN "django_comment_client_permission_roles" ON ("django_comment_client_permission"."name" = "django_comment_client_permission_roles"."permission_id") WHERE ("django_comment_client_permission_roles"."role_id" = 1  AND "django_comment_client_permission"."name" = delete_comment ) LIMIT 1; args=(1, 'delete_comment')
   django.db.backends: DEBUG: (0.000) SELECT "django_comment_client_role"."id", "django_comment_client_role"."name", "django_comment_client_role"."course_id" FROM "django_comment_client_role" INNER JOIN "django_comment_client_role_users" ON ("django_comment_client_role"."id" = "django_comment_client_role_users"."role_id") WHERE ("django_comment_client_role_users"."user_id" = 2  AND "django_comment_client_role"."course_id" = course-v1:org.4512+course_4512+Run_4512 ); args=(2, u'course-v1:org.4512+course_4512+Run_4512')
   django.db.backends: DEBUG: (0.000) SELECT (1) AS "a" FROM "django_comment_client_permission" INNER JOIN "django_comment_client_permission_roles" ON ("django_comment_client_permission"."name" = "django_comment_client_permission_roles"."permission_id") WHERE ("django_comment_client_permission_roles"."role_id" = 1  AND "django_comment_client_permission"."name" = update_comment ) LIMIT 1; args=(1, 'update_comment')
   django.db.backends: DEBUG: (0.000) SELECT "django_comment_client_role"."id", "django_comment_client_role"."name", "django_comment_client_role"."course_id" FROM "django_comment_client_role" INNER JOIN "django_comment_client_role_users" ON ("django_comment_client_role"."id" = "django_comment_client_role_users"."role_id") WHERE ("django_comment_client_role_users"."user_id" = 2  AND "django_comment_client_role"."course_id" = course-v1:org.4512+course_4512+Run_4512 ); args=(2, u'course-v1:org.4512+course_4512+Run_4512')
   django.db.backends: DEBUG: (0.000) SELECT (1) AS "a" FROM "django_comment_client_permission" INNER JOIN "django_comment_client_permission_roles" ON ("django_comment_client_permission"."name" = "django_comment_client_permission_roles"."permission_id") WHERE ("django_comment_client_permission_roles"."role_id" = 1  AND "django_comment_client_permission"."name" = vote ) LIMIT 1; args=(1, 'vote')
   django.db.backends: DEBUG: (0.000) SELECT "django_comment_client_role"."id", "django_comment_client_role"."name", "django_comment_client_role"."course_id" FROM "django_comment_client_role" INNER JOIN "django_comment_client_role_users" ON ("django_comment_client_role"."id" = "django_comment_client_role_users"."role_id") WHERE ("django_comment_client_role_users"."user_id" = 2  AND "django_comment_client_role"."course_id" = course-v1:org.4512+course_4512+Run_4512 ); args=(2, u'course-v1:org.4512+course_4512+Run_4512')
   django.db.backends: DEBUG: (0.000) SELECT (1) AS "a" FROM "django_comment_client_permission" INNER JOIN "django_comment_client_permission_roles" ON ("django_comment_client_permission"."name" = "django_comment_client_permission_roles"."permission_id") WHERE ("django_comment_client_permission_roles"."role_id" = 1  AND "django_comment_client_permission"."name" = edit_content ) LIMIT 1; args=(1, 'edit_content')
   django.db.backends: DEBUG: (0.000) SELECT "django_comment_client_role"."id", "django_comment_client_role"."name", "django_comment_client_role"."course_id" FROM "django_comment_client_role" INNER JOIN "django_comment_client_role_users" ON ("django_comment_client_role"."id" = "django_comment_client_role_users"."role_id") WHERE ("django_comment_client_role_users"."user_id" = 2  AND "django_comment_client_role"."course_id" = course-v1:org.4512+course_4512+Run_4512 ); args=(2, u'course-v1:org.4512+course_4512+Run_4512')
   django.db.backends: DEBUG: (0.000) SELECT (1) AS "a" FROM "django_comment_client_permission" INNER JOIN "django_comment_client_permission_roles" ON ("django_comment_client_permission"."name" = "django_comment_client_permission_roles"."permission_id") WHERE ("django_comment_client_permission_roles"."role_id" = 1  AND "django_comment_client_permission"."name" = update_comment ) LIMIT 1; args=(1, 'update_comment')
   django.db.backends: DEBUG: (0.000) SELECT "django_comment_client_role"."id", "django_comment_client_role"."name", "django_comment_client_role"."course_id" FROM "django_comment_client_role" INNER JOIN "django_comment_client_role_users" ON ("django_comment_client_role"."id" = "django_comment_client_role_users"."role_id") WHERE ("django_comment_client_role_users"."user_id" = 2  AND "django_comment_client_role"."course_id" = course-v1:org.4512+course_4512+Run_4512 ); args=(2, u'course-v1:org.4512+course_4512+Run_4512')
   django.db.backends: DEBUG: (0.000) SELECT (1) AS "a" FROM "django_comment_client_permission" INNER JOIN "django_comment_client_permission_roles" ON ("django_comment_client_permission"."name" = "django_comment_client_permission_roles"."permission_id") WHERE ("django_comment_client_permission_roles"."role_id" = 1  AND "django_comment_client_permission"."name" = create_sub_comment ) LIMIT 1; args=(1, 'create_sub_comment')
   django.db.backends: DEBUG: (0.000) SELECT "django_comment_client_role"."id", "django_comment_client_role"."name", "django_comment_client_role"."course_id" FROM "django_comment_client_role" INNER JOIN "django_comment_client_role_users" ON ("django_comment_client_role"."id" = "django_comment_client_role_users"."role_id") WHERE ("django_comment_client_role_users"."user_id" = 2  AND "django_comment_client_role"."course_id" = course-v1:org.4512+course_4512+Run_4512 ); args=(2, u'course-v1:org.4512+course_4512+Run_4512')
   django.db.backends: DEBUG: (0.000) SELECT (1) AS "a" FROM "django_comment_client_permission" INNER JOIN "django_comment_client_permission_roles" ON ("django_comment_client_permission"."name" = "django_comment_client_permission_roles"."permission_id") WHERE ("django_comment_client_permission_roles"."role_id" = 1  AND "django_comment_client_permission"."name" = delete_comment ) LIMIT 1; args=(1, 'delete_comment')
   django.db.backends: DEBUG: (0.000) SELECT "django_comment_client_role"."id", "django_comment_client_role"."name", "django_comment_client_role"."course_id" FROM "django_comment_client_role" INNER JOIN "django_comment_client_role_users" ON ("django_comment_client_role"."id" = "django_comment_client_role_users"."role_id") WHERE ("django_comment_client_role_users"."user_id" = 2  AND "django_comment_client_role"."course_id" = course-v1:org.4512+course_4512+Run_4512 ); args=(2, u'course-v1:org.4512+course_4512+Run_4512')
   django.db.backends: DEBUG: (0.000) SELECT (1) AS "a" FROM "django_comment_client_permission" INNER JOIN "django_comment_client_permission_roles" ON ("django_comment_client_permission"."name" = "django_comment_client_permission_roles"."permission_id") WHERE ("django_comment_client_permission_roles"."role_id" = 1  AND "django_comment_client_permission"."name" = update_comment ) LIMIT 1; args=(1, 'update_comment')
   django.db.backends: DEBUG: (0.000) SELECT "django_comment_client_role"."id", "django_comment_client_role"."name", "django_comment_client_role"."course_id" FROM "django_comment_client_role" INNER JOIN "django_comment_client_role_users" ON ("django_comment_client_role"."id" = "django_comment_client_role_users"."role_id") WHERE ("django_comment_client_role_users"."user_id" = 2  AND "django_comment_client_role"."course_id" = course-v1:org.4512+course_4512+Run_4512 ); args=(2, u'course-v1:org.4512+course_4512+Run_4512')
   django.db.backends: DEBUG: (0.000) SELECT (1) AS "a" FROM "django_comment_client_permission" INNER JOIN "django_comment_client_permission_roles" ON ("django_comment_client_permission"."name" = "django_comment_client_permission_roles"."permission_id") WHERE ("django_comment_client_permission_roles"."role_id" = 1  AND "django_comment_client_permission"."name" = vote ) LIMIT 1; args=(1, 'vote')
   django.db.backends: DEBUG: (0.000) SELECT "django_comment_client_role"."id", "django_comment_client_role"."name", "django_comment_client_role"."course_id" FROM "django_comment_client_role" INNER JOIN "django_comment_client_role_users" ON ("django_comment_client_role"."id" = "django_comment_client_role_users"."role_id") WHERE ("django_comment_client_role_users"."user_id" = 2  AND "django_comment_client_role"."course_id" = course-v1:org.4512+course_4512+Run_4512 ); args=(2, u'course-v1:org.4512+course_4512+Run_4512')
   django.db.backends: DEBUG: (0.000) SELECT (1) AS "a" FROM "django_comment_client_permission" INNER JOIN "django_comment_client_permission_roles" ON ("django_comment_client_permission"."name" = "django_comment_client_permission_roles"."permission_id") WHERE ("django_comment_client_permission_roles"."role_id" = 1  AND "django_comment_client_permission"."name" = edit_content ) LIMIT 1; args=(1, 'edit_content')
   django.db.backends: DEBUG: (0.000) SELECT "django_comment_client_role"."id", "django_comment_client_role"."name", "django_comment_client_role"."course_id" FROM "django_comment_client_role" INNER JOIN "django_comment_client_role_users" ON ("django_comment_client_role"."id" = "django_comment_client_role_users"."role_id") WHERE ("django_comment_client_role_users"."user_id" = 2  AND "django_comment_client_role"."course_id" = course-v1:org.4512+course_4512+Run_4512 ); args=(2, u'course-v1:org.4512+course_4512+Run_4512')
   django.db.backends: DEBUG: (0.000) SELECT (1) AS "a" FROM "django_comment_client_permission" INNER JOIN "django_comment_client_permission_roles" ON ("django_comment_client_permission"."name" = "django_comment_client_permission_roles"."permission_id") WHERE ("django_comment_client_permission_roles"."role_id" = 1  AND "django_comment_client_permission"."name" = update_comment ) LIMIT 1; args=(1, 'update_comment')
   django.db.backends: DEBUG: (0.000) SELECT "django_comment_client_role"."id", "django_comment_client_role"."name", "django_comment_client_role"."course_id" FROM "django_comment_client_role" INNER JOIN "django_comment_client_role_users" ON ("django_comment_client_role"."id" = "django_comment_client_role_users"."role_id") WHERE ("django_comment_client_role_users"."user_id" = 2  AND "django_comment_client_role"."course_id" = course-v1:org.4512+course_4512+Run_4512 ); args=(2, u'course-v1:org.4512+course_4512+Run_4512')
   django.db.backends: DEBUG: (0.000) SELECT (1) AS "a" FROM "django_comment_client_permission" INNER JOIN "django_comment_client_permission_roles" ON ("django_comment_client_permission"."name" = "django_comment_client_permission_roles"."permission_id") WHERE ("django_comment_client_permission_roles"."role_id" = 1  AND "django_comment_client_permission"."name" = create_sub_comment ) LIMIT 1; args=(1, 'create_sub_comment')
   django.db.backends: DEBUG: (0.000) SELECT "django_comment_client_role"."id", "django_comment_client_role"."name", "django_comment_client_role"."course_id" FROM "django_comment_client_role" INNER JOIN "django_comment_client_role_users" ON ("django_comment_client_role"."id" = "django_comment_client_role_users"."role_id") WHERE ("django_comment_client_role_users"."user_id" = 2  AND "django_comment_client_role"."course_id" = course-v1:org.4512+course_4512+Run_4512 ); args=(2, u'course-v1:org.4512+course_4512+Run_4512')
   django.db.backends: DEBUG: (0.000) SELECT (1) AS "a" FROM "django_comment_client_permission" INNER JOIN "django_comment_client_permission_roles" ON ("django_comment_client_permission"."name" = "django_comment_client_permission_roles"."permission_id") WHERE ("django_comment_client_permission_roles"."role_id" = 1  AND "django_comment_client_permission"."name" = delete_comment ) LIMIT 1; args=(1, 'delete_comment')
   django.db.backends: DEBUG: (0.000) SELECT "django_comment_client_role"."id", "django_comment_client_role"."name", "django_comment_client_role"."course_id" FROM "django_comment_client_role" INNER JOIN "django_comment_client_role_users" ON ("django_comment_client_role"."id" = "django_comment_client_role_users"."role_id") WHERE ("django_comment_client_role_users"."user_id" = 2  AND "django_comment_client_role"."course_id" = course-v1:org.4512+course_4512+Run_4512 ); args=(2, u'course-v1:org.4512+course_4512+Run_4512')
   django.db.backends: DEBUG: (0.000) SELECT (1) AS "a" FROM "django_comment_client_permission" INNER JOIN "django_comment_client_permission_roles" ON ("django_comment_client_permission"."name" = "django_comment_client_permission_roles"."permission_id") WHERE ("django_comment_client_permission_roles"."role_id" = 1  AND "django_comment_client_permission"."name" = update_comment ) LIMIT 1; args=(1, 'update_comment')
   django.db.backends: DEBUG: (0.000) SELECT "django_comment_client_role"."id", "django_comment_client_role"."name", "django_comment_client_role"."course_id" FROM "django_comment_client_role" INNER JOIN "django_comment_client_role_users" ON ("django_comment_client_role"."id" = "django_comment_client_role_users"."role_id") WHERE ("django_comment_client_role_users"."user_id" = 2  AND "django_comment_client_role"."course_id" = course-v1:org.4512+course_4512+Run_4512 ); args=(2, u'course-v1:org.4512+course_4512+Run_4512')
   django.db.backends: DEBUG: (0.000) SELECT (1) AS "a" FROM "django_comment_client_permission" INNER JOIN "django_comment_client_permission_roles" ON ("django_comment_client_permission"."name" = "django_comment_client_permission_roles"."permission_id") WHERE ("django_comment_client_permission_roles"."role_id" = 1  AND "django_comment_client_permission"."name" = vote ) LIMIT 1; args=(1, 'vote')
   django.db.backends: DEBUG: (0.000) SELECT "django_comment_client_role"."id", "django_comment_client_role"."name", "django_comment_client_role"."course_id" FROM "django_comment_client_role" INNER JOIN "django_comment_client_role_users" ON ("django_comment_client_role"."id" = "django_comment_client_role_users"."role_id") WHERE ("django_comment_client_role_users"."user_id" = 2  AND "django_comment_client_role"."course_id" = course-v1:org.4512+course_4512+Run_4512 ); args=(2, u'course-v1:org.4512+course_4512+Run_4512')
   django.db.backends: DEBUG: (0.000) SELECT (1) AS "a" FROM "django_comment_client_permission" INNER JOIN "django_comment_client_permission_roles" ON ("django_comment_client_permission"."name" = "django_comment_client_permission_roles"."permission_id") WHERE ("django_comment_client_permission_roles"."role_id" = 1  AND "django_comment_client_permission"."name" = edit_content ) LIMIT 1; args=(1, 'edit_content')
   django.db.backends: DEBUG: (0.000) SELECT "django_comment_client_role"."id", "django_comment_client_role"."name", "django_comment_client_role"."course_id" FROM "django_comment_client_role" INNER JOIN "django_comment_client_role_users" ON ("django_comment_client_role"."id" = "django_comment_client_role_users"."role_id") WHERE ("django_comment_client_role_users"."user_id" = 2  AND "django_comment_client_role"."course_id" = course-v1:org.4512+course_4512+Run_4512 ); args=(2, u'course-v1:org.4512+course_4512+Run_4512')
   django.db.backends: DEBUG: (0.000) SELECT (1) AS "a" FROM "django_comment_client_permission" INNER JOIN "django_comment_client_permission_roles" ON ("django_comment_client_permission"."name" = "django_comment_client_permission_roles"."permission_id") WHERE ("django_comment_client_permission_roles"."role_id" = 1  AND "django_comment_client_permission"."name" = update_comment ) LIMIT 1; args=(1, 'update_comment')
   django.db.backends: DEBUG: (0.000) SELECT "django_comment_client_role"."id", "django_comment_client_role"."name", "django_comment_client_role"."course_id" FROM "django_comment_client_role" INNER JOIN "django_comment_client_role_users" ON ("django_comment_client_role"."id" = "django_comment_client_role_users"."role_id") WHERE ("django_comment_client_role_users"."user_id" = 2  AND "django_comment_client_role"."course_id" = course-v1:org.4512+course_4512+Run_4512 ); args=(2, u'course-v1:org.4512+course_4512+Run_4512')
   django.db.backends: DEBUG: (0.000) SELECT (1) AS "a" FROM "django_comment_client_permission" INNER JOIN "django_comment_client_permission_roles" ON ("django_comment_client_permission"."name" = "django_comment_client_permission_roles"."permission_id") WHERE ("django_comment_client_permission_roles"."role_id" = 1  AND "django_comment_client_permission"."name" = create_sub_comment ) LIMIT 1; args=(1, 'create_sub_comment')
   django.db.backends: DEBUG: (0.000) SELECT "django_comment_client_role"."id", "django_comment_client_role"."name", "django_comment_client_role"."course_id" FROM "django_comment_client_role" INNER JOIN "django_comment_client_role_users" ON ("django_comment_client_role"."id" = "django_comment_client_role_users"."role_id") WHERE ("django_comment_client_role_users"."user_id" = 2  AND "django_comment_client_role"."course_id" = course-v1:org.4512+course_4512+Run_4512 ); args=(2, u'course-v1:org.4512+course_4512+Run_4512')
   django.db.backends: DEBUG: (0.000) SELECT (1) AS "a" FROM "django_comment_client_permission" INNER JOIN "django_comment_client_permission_roles" ON ("django_comment_client_permission"."name" = "django_comment_client_permission_roles"."permission_id") WHERE ("django_comment_client_permission_roles"."role_id" = 1  AND "django_comment_client_permission"."name" = delete_comment ) LIMIT 1; args=(1, 'delete_comment')
   django.db.backends: DEBUG: (0.000) SELECT "django_comment_client_role"."id", "django_comment_client_role"."name", "django_comment_client_role"."course_id" FROM "django_comment_client_role" INNER JOIN "django_comment_client_role_users" ON ("django_comment_client_role"."id" = "django_comment_client_role_users"."role_id") WHERE ("django_comment_client_role_users"."user_id" = 2  AND "django_comment_client_role"."course_id" = course-v1:org.4512+course_4512+Run_4512 ); args=(2, u'course-v1:org.4512+course_4512+Run_4512')
   django.db.backends: DEBUG: (0.000) SELECT (1) AS "a" FROM "django_comment_client_permission" INNER JOIN "django_comment_client_permission_roles" ON ("django_comment_client_permission"."name" = "django_comment_client_permission_roles"."permission_id") WHERE ("django_comment_client_permission_roles"."role_id" = 1  AND "django_comment_client_permission"."name" = update_comment ) LIMIT 1; args=(1, 'update_comment')
   django.db.backends: DEBUG: (0.000) SELECT "django_comment_client_role"."id", "django_comment_client_role"."name", "django_comment_client_role"."course_id" FROM "django_comment_client_role" INNER JOIN "django_comment_client_role_users" ON ("django_comment_client_role"."id" = "django_comment_client_role_users"."role_id") WHERE ("django_comment_client_role_users"."user_id" = 2  AND "django_comment_client_role"."course_id" = course-v1:org.4512+course_4512+Run_4512 ); args=(2, u'course-v1:org.4512+course_4512+Run_4512')
   django.db.backends: DEBUG: (0.000) SELECT (1) AS "a" FROM "django_comment_client_permission" INNER JOIN "django_comment_client_permission_roles" ON ("django_comment_client_permission"."name" = "django_comment_client_permission_roles"."permission_id") WHERE ("django_comment_client_permission_roles"."role_id" = 1  AND "django_comment_client_permission"."name" = vote ) LIMIT 1; args=(1, 'vote')
   django.db.backends: DEBUG: (0.000) SELECT "django_comment_client_role"."id", "django_comment_client_role"."name", "django_comment_client_role"."course_id" FROM "django_comment_client_role" INNER JOIN "django_comment_client_role_users" ON ("django_comment_client_role"."id" = "django_comment_client_role_users"."role_id") WHERE ("django_comment_client_role_users"."user_id" = 2  AND "django_comment_client_role"."course_id" = course-v1:org.4512+course_4512+Run_4512 ); args=(2, u'course-v1:org.4512+course_4512+Run_4512')
   django.db.backends: DEBUG: (0.000) SELECT (1) AS "a" FROM "django_comment_client_permission" INNER JOIN "django_comment_client_permission_roles" ON ("django_comment_client_permission"."name" = "django_comment_client_permission_roles"."permission_id") WHERE ("django_comment_client_permission_roles"."role_id" = 1  AND "django_comment_client_permission"."name" = edit_content ) LIMIT 1; args=(1, 'edit_content')
   django.db.backends: DEBUG: (0.000) SELECT "django_comment_client_role"."id", "django_comment_client_role"."name", "django_comment_client_role"."course_id" FROM "django_comment_client_role" INNER JOIN "django_comment_client_role_users" ON ("django_comment_client_role"."id" = "django_comment_client_role_users"."role_id") WHERE ("django_comment_client_role_users"."user_id" = 2  AND "django_comment_client_role"."course_id" = course-v1:org.4512+course_4512+Run_4512 ); args=(2, u'course-v1:org.4512+course_4512+Run_4512')
   django.db.backends: DEBUG: (0.000) SELECT (1) AS "a" FROM "django_comment_client_permission" INNER JOIN "django_comment_client_permission_roles" ON ("django_comment_client_permission"."name" = "django_comment_client_permission_roles"."permission_id") WHERE ("django_comment_client_permission_roles"."role_id" = 1  AND "django_comment_client_permission"."name" = update_comment ) LIMIT 1; args=(1, 'update_comment')
   django.db.backends: DEBUG: (0.000) SELECT "django_comment_client_role"."id", "django_comment_client_role"."name", "django_comment_client_role"."course_id" FROM "django_comment_client_role" INNER JOIN "django_comment_client_role_users" ON ("django_comment_client_role"."id" = "django_comment_client_role_users"."role_id") WHERE ("django_comment_client_role_users"."user_id" = 2  AND "django_comment_client_role"."course_id" = course-v1:org.4512+course_4512+Run_4512 ); args=(2, u'course-v1:org.4512+course_4512+Run_4512')
   django.db.backends: DEBUG: (0.000) SELECT (1) AS "a" FROM "django_comment_client_permission" INNER JOIN "django_comment_client_permission_roles" ON ("django_comment_client_permission"."name" = "django_comment_client_permission_roles"."permission_id") WHERE ("django_comment_client_permission_roles"."role_id" = 1  AND "django_comment_client_permission"."name" = create_sub_comment ) LIMIT 1; args=(1, 'create_sub_comment')
   django.db.backends: DEBUG: (0.000) SELECT "django_comment_client_role"."id", "django_comment_client_role"."name", "django_comment_client_role"."course_id" FROM "django_comment_client_role" INNER JOIN "django_comment_client_role_users" ON ("django_comment_client_role"."id" = "django_comment_client_role_users"."role_id") WHERE ("django_comment_client_role_users"."user_id" = 2  AND "django_comment_client_role"."course_id" = course-v1:org.4512+course_4512+Run_4512 ); args=(2, u'course-v1:org.4512+course_4512+Run_4512')
   django.db.backends: DEBUG: (0.000) SELECT (1) AS "a" FROM "django_comment_client_permission" INNER JOIN "django_comment_client_permission_roles" ON ("django_comment_client_permission"."name" = "django_comment_client_permission_roles"."permission_id") WHERE ("django_comment_client_permission_roles"."role_id" = 1  AND "django_comment_client_permission"."name" = delete_comment ) LIMIT 1; args=(1, 'delete_comment')
   django.db.backends: DEBUG: (0.000) SELECT "django_comment_client_role"."id", "django_comment_client_role"."name", "django_comment_client_role"."course_id" FROM "django_comment_client_role" INNER JOIN "django_comment_client_role_users" ON ("django_comment_client_role"."id" = "django_comment_client_role_users"."role_id") WHERE ("django_comment_client_role_users"."user_id" = 2  AND "django_comment_client_role"."course_id" = course-v1:org.4512+course_4512+Run_4512 ); args=(2, u'course-v1:org.4512+course_4512+Run_4512')
   django.db.backends: DEBUG: (0.000) SELECT (1) AS "a" FROM "django_comment_client_permission" INNER JOIN "django_comment_client_permission_roles" ON ("django_comment_client_permission"."name" = "django_comment_client_permission_roles"."permission_id") WHERE ("django_comment_client_permission_roles"."role_id" = 1  AND "django_comment_client_permission"."name" = update_comment ) LIMIT 1; args=(1, 'update_comment')
   django.db.backends: DEBUG: (0.000) SELECT "django_comment_client_role"."id", "django_comment_client_role"."name", "django_comment_client_role"."course_id" FROM "django_comment_client_role" INNER JOIN "django_comment_client_role_users" ON ("django_comment_client_role"."id" = "django_comment_client_role_users"."role_id") WHERE ("django_comment_client_role_users"."user_id" = 2  AND "django_comment_client_role"."course_id" = course-v1:org.4512+course_4512+Run_4512 ); args=(2, u'course-v1:org.4512+course_4512+Run_4512')
   django.db.backends: DEBUG: (0.000) SELECT (1) AS "a" FROM "django_comment_client_permission" INNER JOIN "django_comment_client_permission_roles" ON ("django_comment_client_permission"."name" = "django_comment_client_permission_roles"."permission_id") WHERE ("django_comment_client_permission_roles"."role_id" = 1  AND "django_comment_client_permission"."name" = vote ) LIMIT 1; args=(1, 'vote')
   django.db.backends: DEBUG: (0.000) SELECT "django_comment_client_role"."id", "django_comment_client_role"."name", "django_comment_client_role"."course_id" FROM "django_comment_client_role" INNER JOIN "django_comment_client_role_users" ON ("django_comment_client_role"."id" = "django_comment_client_role_users"."role_id") WHERE ("django_comment_client_role_users"."user_id" = 2  AND "django_comment_client_role"."course_id" = course-v1:org.4512+course_4512+Run_4512 ); args=(2, u'course-v1:org.4512+course_4512+Run_4512')
   django.db.backends: DEBUG: (0.000) SELECT (1) AS "a" FROM "django_comment_client_permission" INNER JOIN "django_comment_client_permission_roles" ON ("django_comment_client_permission"."name" = "django_comment_client_permission_roles"."permission_id") WHERE ("django_comment_client_permission_roles"."role_id" = 1  AND "django_comment_client_permission"."name" = edit_content ) LIMIT 1; args=(1, 'edit_content')
   django.db.backends: DEBUG: (0.000) SELECT "django_comment_client_role"."id", "django_comment_client_role"."name", "django_comment_client_role"."course_id" FROM "django_comment_client_role" INNER JOIN "django_comment_client_role_users" ON ("django_comment_client_role"."id" = "django_comment_client_role_users"."role_id") WHERE ("django_comment_client_role_users"."user_id" = 2  AND "django_comment_client_role"."course_id" = course-v1:org.4512+course_4512+Run_4512 ); args=(2, u'course-v1:org.4512+course_4512+Run_4512')
   django.db.backends: DEBUG: (0.000) SELECT (1) AS "a" FROM "django_comment_client_permission" INNER JOIN "django_comment_client_permission_roles" ON ("django_comment_client_permission"."name" = "django_comment_client_permission_roles"."permission_id") WHERE ("django_comment_client_permission_roles"."role_id" = 1  AND "django_comment_client_permission"."name" = update_comment ) LIMIT 1; args=(1, 'update_comment')
   django.db.backends: DEBUG: (0.000) SELECT "django_comment_client_role"."id", "django_comment_client_role"."name", "django_comment_client_role"."course_id" FROM "django_comment_client_role" INNER JOIN "django_comment_client_role_users" ON ("django_comment_client_role"."id" = "django_comment_client_role_users"."role_id") WHERE ("django_comment_client_role_users"."user_id" = 2  AND "django_comment_client_role"."course_id" = course-v1:org.4512+course_4512+Run_4512 ); args=(2, u'course-v1:org.4512+course_4512+Run_4512')
   django.db.backends: DEBUG: (0.000) SELECT (1) AS "a" FROM "django_comment_client_permission" INNER JOIN "django_comment_client_permission_roles" ON ("django_comment_client_permission"."name" = "django_comment_client_permission_roles"."permission_id") WHERE ("django_comment_client_permission_roles"."role_id" = 1  AND "django_comment_client_permission"."name" = create_sub_comment ) LIMIT 1; args=(1, 'create_sub_comment')
   django.db.backends: DEBUG: (0.000) SELECT "django_comment_client_role"."id", "django_comment_client_role"."name", "django_comment_client_role"."course_id" FROM "django_comment_client_role" INNER JOIN "django_comment_client_role_users" ON ("django_comment_client_role"."id" = "django_comment_client_role_users"."role_id") WHERE ("django_comment_client_role_users"."user_id" = 2  AND "django_comment_client_role"."course_id" = course-v1:org.4512+course_4512+Run_4512 ); args=(2, u'course-v1:org.4512+course_4512+Run_4512')
   django.db.backends: DEBUG: (0.000) SELECT (1) AS "a" FROM "django_comment_client_permission" INNER JOIN "django_comment_client_permission_roles" ON ("django_comment_client_permission"."name" = "django_comment_client_permission_roles"."permission_id") WHERE ("django_comment_client_permission_roles"."role_id" = 1  AND "django_comment_client_permission"."name" = delete_comment ) LIMIT 1; args=(1, 'delete_comment')
   django.db.backends: DEBUG: (0.000) SELECT "django_comment_client_role"."id", "django_comment_client_role"."name", "django_comment_client_role"."course_id" FROM "django_comment_client_role" INNER JOIN "django_comment_client_role_users" ON ("django_comment_client_role"."id" = "django_comment_client_role_users"."role_id") WHERE ("django_comment_client_role_users"."user_id" = 2  AND "django_comment_client_role"."course_id" = course-v1:org.4512+course_4512+Run_4512 ); args=(2, u'course-v1:org.4512+course_4512+Run_4512')
   django.db.backends: DEBUG: (0.000) SELECT (1) AS "a" FROM "django_comment_client_permission" INNER JOIN "django_comment_client_permission_roles" ON ("django_comment_client_permission"."name" = "django_comment_client_permission_roles"."permission_id") WHERE ("django_comment_client_permission_roles"."role_id" = 1  AND "django_comment_client_permission"."name" = update_comment ) LIMIT 1; args=(1, 'update_comment')
   django.db.backends: DEBUG: (0.000) SELECT "django_comment_client_role"."id", "django_comment_client_role"."name", "django_comment_client_role"."course_id" FROM "django_comment_client_role" INNER JOIN "django_comment_client_role_users" ON ("django_comment_client_role"."id" = "django_comment_client_role_users"."role_id") WHERE ("django_comment_client_role_users"."user_id" = 2  AND "django_comment_client_role"."course_id" = course-v1:org.4512+course_4512+Run_4512 ); args=(2, u'course-v1:org.4512+course_4512+Run_4512')
   django.db.backends: DEBUG: (0.000) SELECT (1) AS "a" FROM "django_comment_client_permission" INNER JOIN "django_comment_client_permission_roles" ON ("django_comment_client_permission"."name" = "django_comment_client_permission_roles"."permission_id") WHERE ("django_comment_client_permission_roles"."role_id" = 1  AND "django_comment_client_permission"."name" = vote ) LIMIT 1; args=(1, 'vote')
   django.db.backends: DEBUG: (0.000) SELECT "django_comment_client_role"."id", "django_comment_client_role"."name", "django_comment_client_role"."course_id" FROM "django_comment_client_role" INNER JOIN "django_comment_client_role_users" ON ("django_comment_client_role"."id" = "django_comment_client_role_users"."role_id") WHERE ("django_comment_client_role_users"."user_id" = 2  AND "django_comment_client_role"."course_id" = course-v1:org.4512+course_4512+Run_4512 ); args=(2, u'course-v1:org.4512+course_4512+Run_4512')
   django.db.backends: DEBUG: (0.000) SELECT (1) AS "a" FROM "django_comment_client_permission" INNER JOIN "django_comment_client_permission_roles" ON ("django_comment_client_permission"."name" = "django_comment_client_permission_roles"."permission_id") WHERE ("django_comment_client_permission_roles"."role_id" = 1  AND "django_comment_client_permission"."name" = edit_content ) LIMIT 1; args=(1, 'edit_content')
   django.db.backends: DEBUG: (0.000) SELECT "django_comment_client_role"."id", "django_comment_client_role"."name", "django_comment_client_role"."course_id" FROM "django_comment_client_role" INNER JOIN "django_comment_client_role_users" ON ("django_comment_client_role"."id" = "django_comment_client_role_users"."role_id") WHERE ("django_comment_client_role_users"."user_id" = 2  AND "django_comment_client_role"."course_id" = course-v1:org.4512+course_4512+Run_4512 ); args=(2, u'course-v1:org.4512+course_4512+Run_4512')
   django.db.backends: DEBUG: (0.000) SELECT (1) AS "a" FROM "django_comment_client_permission" INNER JOIN "django_comment_client_permission_roles" ON ("django_comment_client_permission"."name" = "django_comment_client_permission_roles"."permission_id") WHERE ("django_comment_client_permission_roles"."role_id" = 1  AND "django_comment_client_permission"."name" = update_comment ) LIMIT 1; args=(1, 'update_comment')
   django.db.backends: DEBUG: (0.000) SELECT "django_comment_client_role"."id", "django_comment_client_role"."name", "django_comment_client_role"."course_id" FROM "django_comment_client_role" INNER JOIN "django_comment_client_role_users" ON ("django_comment_client_role"."id" = "django_comment_client_role_users"."role_id") WHERE ("django_comment_client_role_users"."user_id" = 2  AND "django_comment_client_role"."course_id" = course-v1:org.4512+course_4512+Run_4512 ); args=(2, u'course-v1:org.4512+course_4512+Run_4512')
   django.db.backends: DEBUG: (0.000) SELECT (1) AS "a" FROM "django_comment_client_permission" INNER JOIN "django_comment_client_permission_roles" ON ("django_comment_client_permission"."name" = "django_comment_client_permission_roles"."permission_id") WHERE ("django_comment_client_permission_roles"."role_id" = 1  AND "django_comment_client_permission"."name" = create_sub_comment ) LIMIT 1; args=(1, 'create_sub_comment')
   django.db.backends: DEBUG: (0.000) SELECT "django_comment_client_role"."id", "django_comment_client_role"."name", "django_comment_client_role"."course_id" FROM "django_comment_client_role" INNER JOIN "django_comment_client_role_users" ON ("django_comment_client_role"."id" = "django_comment_client_role_users"."role_id") WHERE ("django_comment_client_role_users"."user_id" = 2  AND "django_comment_client_role"."course_id" = course-v1:org.4512+course_4512+Run_4512 ); args=(2, u'course-v1:org.4512+course_4512+Run_4512')
   django.db.backends: DEBUG: (0.000) SELECT (1) AS "a" FROM "django_comment_client_permission" INNER JOIN "django_comment_client_permission_roles" ON ("django_comment_client_permission"."name" = "django_comment_client_permission_roles"."permission_id") WHERE ("django_comment_client_permission_roles"."role_id" = 1  AND "django_comment_client_permission"."name" = delete_comment ) LIMIT 1; args=(1, 'delete_comment')
   django.db.backends: DEBUG: (0.000) SELECT "django_comment_client_role"."id", "django_comment_client_role"."name", "django_comment_client_role"."course_id" FROM "django_comment_client_role" INNER JOIN "django_comment_client_role_users" ON ("django_comment_client_role"."id" = "django_comment_client_role_users"."role_id") WHERE ("django_comment_client_role_users"."user_id" = 2  AND "django_comment_client_role"."course_id" = course-v1:org.4512+course_4512+Run_4512 ); args=(2, u'course-v1:org.4512+course_4512+Run_4512')
   django.db.backends: DEBUG: (0.000) SELECT (1) AS "a" FROM "django_comment_client_permission" INNER JOIN "django_comment_client_permission_roles" ON ("django_comment_client_permission"."name" = "django_comment_client_permission_roles"."permission_id") WHERE ("django_comment_client_permission_roles"."role_id" = 1  AND "django_comment_client_permission"."name" = update_comment ) LIMIT 1; args=(1, 'update_comment')
   django.db.backends: DEBUG: (0.000) SELECT "django_comment_client_role"."id", "django_comment_client_role"."name", "django_comment_client_role"."course_id" FROM "django_comment_client_role" INNER JOIN "django_comment_client_role_users" ON ("django_comment_client_role"."id" = "django_comment_client_role_users"."role_id") WHERE ("django_comment_client_role_users"."user_id" = 2  AND "django_comment_client_role"."course_id" = course-v1:org.4512+course_4512+Run_4512 ); args=(2, u'course-v1:org.4512+course_4512+Run_4512')
   django.db.backends: DEBUG: (0.000) SELECT (1) AS "a" FROM "django_comment_client_permission" INNER JOIN "django_comment_client_permission_roles" ON ("django_comment_client_permission"."name" = "django_comment_client_permission_roles"."permission_id") WHERE ("django_comment_client_permission_roles"."role_id" = 1  AND "django_comment_client_permission"."name" = vote ) LIMIT 1; args=(1, 'vote')
   django.db.backends: DEBUG: (0.000) SELECT "django_comment_client_role"."id", "django_comment_client_role"."name", "django_comment_client_role"."course_id" FROM "django_comment_client_role" INNER JOIN "django_comment_client_role_users" ON ("django_comment_client_role"."id" = "django_comment_client_role_users"."role_id") WHERE ("django_comment_client_role_users"."user_id" = 2  AND "django_comment_client_role"."course_id" = course-v1:org.4512+course_4512+Run_4512 ); args=(2, u'course-v1:org.4512+course_4512+Run_4512')
   django.db.backends: DEBUG: (0.000) SELECT (1) AS "a" FROM "django_comment_client_permission" INNER JOIN "django_comment_client_permission_roles" ON ("django_comment_client_permission"."name" = "django_comment_client_permission_roles"."permission_id") WHERE ("django_comment_client_permission_roles"."role_id" = 1  AND "django_comment_client_permission"."name" = edit_content ) LIMIT 1; args=(1, 'edit_content')
   django.db.backends: DEBUG: (0.000) SELECT "django_comment_client_role"."id", "django_comment_client_role"."name", "django_comment_client_role"."course_id" FROM "django_comment_client_role" INNER JOIN "django_comment_client_role_users" ON ("django_comment_client_role"."id" = "django_comment_client_role_users"."role_id") WHERE ("django_comment_client_role_users"."user_id" = 2  AND "django_comment_client_role"."course_id" = course-v1:org.4512+course_4512+Run_4512 ); args=(2, u'course-v1:org.4512+course_4512+Run_4512')
   django.db.backends: DEBUG: (0.000) SELECT (1) AS "a" FROM "django_comment_client_permission" INNER JOIN "django_comment_client_permission_roles" ON ("django_comment_client_permission"."name" = "django_comment_client_permission_roles"."permission_id") WHERE ("django_comment_client_permission_roles"."role_id" = 1  AND "django_comment_client_permission"."name" = update_comment ) LIMIT 1; args=(1, 'update_comment')
   django.db.backends: DEBUG: (0.000) SELECT "django_comment_client_role"."id", "django_comment_client_role"."name", "django_comment_client_role"."course_id" FROM "django_comment_client_role" INNER JOIN "django_comment_client_role_users" ON ("django_comment_client_role"."id" = "django_comment_client_role_users"."role_id") WHERE ("django_comment_client_role_users"."user_id" = 2  AND "django_comment_client_role"."course_id" = course-v1:org.4512+course_4512+Run_4512 ); args=(2, u'course-v1:org.4512+course_4512+Run_4512')
   django.db.backends: DEBUG: (0.000) SELECT (1) AS "a" FROM "django_comment_client_permission" INNER JOIN "django_comment_client_permission_roles" ON ("django_comment_client_permission"."name" = "django_comment_client_permission_roles"."permission_id") WHERE ("django_comment_client_permission_roles"."role_id" = 1  AND "django_comment_client_permission"."name" = create_sub_comment ) LIMIT 1; args=(1, 'create_sub_comment')
   django.db.backends: DEBUG: (0.000) SELECT "django_comment_client_role"."id", "django_comment_client_role"."name", "django_comment_client_role"."course_id" FROM "django_comment_client_role" INNER JOIN "django_comment_client_role_users" ON ("django_comment_client_role"."id" = "django_comment_client_role_users"."role_id") WHERE ("django_comment_client_role_users"."user_id" = 2  AND "django_comment_client_role"."course_id" = course-v1:org.4512+course_4512+Run_4512 ); args=(2, u'course-v1:org.4512+course_4512+Run_4512')
   django.db.backends: DEBUG: (0.000) SELECT (1) AS "a" FROM "django_comment_client_permission" INNER JOIN "django_comment_client_permission_roles" ON ("django_comment_client_permission"."name" = "django_comment_client_permission_roles"."permission_id") WHERE ("django_comment_client_permission_roles"."role_id" = 1  AND "django_comment_client_permission"."name" = delete_comment ) LIMIT 1; args=(1, 'delete_comment')
   django.db.backends: DEBUG: (0.000) SELECT "django_comment_client_role"."id", "django_comment_client_role"."name", "django_comment_client_role"."course_id" FROM "django_comment_client_role" INNER JOIN "django_comment_client_role_users" ON ("django_comment_client_role"."id" = "django_comment_client_role_users"."role_id") WHERE ("django_comment_client_role_users"."user_id" = 2  AND "django_comment_client_role"."course_id" = course-v1:org.4512+course_4512+Run_4512 ); args=(2, u'course-v1:org.4512+course_4512+Run_4512')
   django.db.backends: DEBUG: (0.000) SELECT (1) AS "a" FROM "django_comment_client_permission" INNER JOIN "django_comment_client_permission_roles" ON ("django_comment_client_permission"."name" = "django_comment_client_permission_roles"."permission_id") WHERE ("django_comment_client_permission_roles"."role_id" = 1  AND "django_comment_client_permission"."name" = update_comment ) LIMIT 1; args=(1, 'update_comment')
   django.db.backends: DEBUG: (0.000) SELECT "django_comment_client_role"."id", "django_comment_client_role"."name", "django_comment_client_role"."course_id" FROM "django_comment_client_role" INNER JOIN "django_comment_client_role_users" ON ("django_comment_client_role"."id" = "django_comment_client_role_users"."role_id") WHERE ("django_comment_client_role_users"."user_id" = 2  AND "django_comment_client_role"."course_id" = course-v1:org.4512+course_4512+Run_4512 ); args=(2, u'course-v1:org.4512+course_4512+Run_4512')
   django.db.backends: DEBUG: (0.000) SELECT (1) AS "a" FROM "django_comment_client_permission" INNER JOIN "django_comment_client_permission_roles" ON ("django_comment_client_permission"."name" = "django_comment_client_permission_roles"."permission_id") WHERE ("django_comment_client_permission_roles"."role_id" = 1  AND "django_comment_client_permission"."name" = vote ) LIMIT 1; args=(1, 'vote')
   django.db.backends: DEBUG: (0.000) SELECT "django_comment_client_role"."id", "django_comment_client_role"."name", "django_comment_client_role"."course_id" FROM "django_comment_client_role" INNER JOIN "django_comment_client_role_users" ON ("django_comment_client_role"."id" = "django_comment_client_role_users"."role_id") WHERE ("django_comment_client_role_users"."user_id" = 2  AND "django_comment_client_role"."course_id" = course-v1:org.4512+course_4512+Run_4512 ); args=(2, u'course-v1:org.4512+course_4512+Run_4512')
   django.db.backends: DEBUG: (0.000) SELECT (1) AS "a" FROM "django_comment_client_permission" INNER JOIN "django_comment_client_permission_roles" ON ("django_comment_client_permission"."name" = "django_comment_client_permission_roles"."permission_id") WHERE ("django_comment_client_permission_roles"."role_id" = 1  AND "django_comment_client_permission"."name" = edit_content ) LIMIT 1; args=(1, 'edit_content')
   django.db.backends: DEBUG: (0.000) SELECT "django_comment_client_role"."id", "django_comment_client_role"."name", "django_comment_client_role"."course_id" FROM "django_comment_client_role" INNER JOIN "django_comment_client_role_users" ON ("django_comment_client_role"."id" = "django_comment_client_role_users"."role_id") WHERE ("django_comment_client_role_users"."user_id" = 2  AND "django_comment_client_role"."course_id" = course-v1:org.4512+course_4512+Run_4512 ); args=(2, u'course-v1:org.4512+course_4512+Run_4512')
   django.db.backends: DEBUG: (0.000) SELECT (1) AS "a" FROM "django_comment_client_permission" INNER JOIN "django_comment_client_permission_roles" ON ("django_comment_client_permission"."name" = "django_comment_client_permission_roles"."permission_id") WHERE ("django_comment_client_permission_roles"."role_id" = 1  AND "django_comment_client_permission"."name" = update_comment ) LIMIT 1; args=(1, 'update_comment')
   django.db.backends: DEBUG: (0.000) SELECT "django_comment_client_role"."id", "django_comment_client_role"."name", "django_comment_client_role"."course_id" FROM "django_comment_client_role" INNER JOIN "django_comment_client_role_users" ON ("django_comment_client_role"."id" = "django_comment_client_role_users"."role_id") WHERE ("django_comment_client_role_users"."user_id" = 2  AND "django_comment_client_role"."course_id" = course-v1:org.4512+course_4512+Run_4512 ); args=(2, u'course-v1:org.4512+course_4512+Run_4512')
   django.db.backends: DEBUG: (0.000) SELECT (1) AS "a" FROM "django_comment_client_permission" INNER JOIN "django_comment_client_permission_roles" ON ("django_comment_client_permission"."name" = "django_comment_client_permission_roles"."permission_id") WHERE ("django_comment_client_permission_roles"."role_id" = 1  AND "django_comment_client_permission"."name" = create_sub_comment ) LIMIT 1; args=(1, 'create_sub_comment')
   django.db.backends: DEBUG: (0.000) SELECT "django_comment_client_role"."id", "django_comment_client_role"."name", "django_comment_client_role"."course_id" FROM "django_comment_client_role" INNER JOIN "django_comment_client_role_users" ON ("django_comment_client_role"."id" = "django_comment_client_role_users"."role_id") WHERE ("django_comment_client_role_users"."user_id" = 2  AND "django_comment_client_role"."course_id" = course-v1:org.4512+course_4512+Run_4512 ); args=(2, u'course-v1:org.4512+course_4512+Run_4512')
   django.db.backends: DEBUG: (0.000) SELECT (1) AS "a" FROM "django_comment_client_permission" INNER JOIN "django_comment_client_permission_roles" ON ("django_comment_client_permission"."name" = "django_comment_client_permission_roles"."permission_id") WHERE ("django_comment_client_permission_roles"."role_id" = 1  AND "django_comment_client_permission"."name" = delete_comment ) LIMIT 1; args=(1, 'delete_comment')
   django.db.backends: DEBUG: (0.000) SELECT "django_comment_client_role"."id", "django_comment_client_role"."name", "django_comment_client_role"."course_id" FROM "django_comment_client_role" INNER JOIN "django_comment_client_role_users" ON ("django_comment_client_role"."id" = "django_comment_client_role_users"."role_id") WHERE ("django_comment_client_role_users"."user_id" = 2  AND "django_comment_client_role"."course_id" = course-v1:org.4512+course_4512+Run_4512 ); args=(2, u'course-v1:org.4512+course_4512+Run_4512')
   django.db.backends: DEBUG: (0.000) SELECT (1) AS "a" FROM "django_comment_client_permission" INNER JOIN "django_comment_client_permission_roles" ON ("django_comment_client_permission"."name" = "django_comment_client_permission_roles"."permission_id") WHERE ("django_comment_client_permission_roles"."role_id" = 1  AND "django_comment_client_permission"."name" = update_comment ) LIMIT 1; args=(1, 'update_comment')
   django.db.backends: DEBUG: (0.000) SELECT "django_comment_client_role"."id", "django_comment_client_role"."name", "django_comment_client_role"."course_id" FROM "django_comment_client_role" INNER JOIN "django_comment_client_role_users" ON ("django_comment_client_role"."id" = "django_comment_client_role_users"."role_id") WHERE ("django_comment_client_role_users"."user_id" = 2  AND "django_comment_client_role"."course_id" = course-v1:org.4512+course_4512+Run_4512 ); args=(2, u'course-v1:org.4512+course_4512+Run_4512')
   django.db.backends: DEBUG: (0.000) SELECT (1) AS "a" FROM "django_comment_client_permission" INNER JOIN "django_comment_client_permission_roles" ON ("django_comment_client_permission"."name" = "django_comment_client_permission_roles"."permission_id") WHERE ("django_comment_client_permission_roles"."role_id" = 1  AND "django_comment_client_permission"."name" = vote ) LIMIT 1; args=(1, 'vote')
   django.db.backends: DEBUG: (0.000) SELECT "django_comment_client_role"."id", "django_comment_client_role"."name", "django_comment_client_role"."course_id" FROM "django_comment_client_role" INNER JOIN "django_comment_client_role_users" ON ("django_comment_client_role"."id" = "django_comment_client_role_users"."role_id") WHERE ("django_comment_client_role_users"."user_id" = 2  AND "django_comment_client_role"."course_id" = course-v1:org.4512+course_4512+Run_4512 ); args=(2, u'course-v1:org.4512+course_4512+Run_4512')
   django.db.backends: DEBUG: (0.000) SELECT (1) AS "a" FROM "django_comment_client_permission" INNER JOIN "django_comment_client_permission_roles" ON ("django_comment_client_permission"."name" = "django_comment_client_permission_roles"."permission_id") WHERE ("django_comment_client_permission_roles"."role_id" = 1  AND "django_comment_client_permission"."name" = edit_content ) LIMIT 1; args=(1, 'edit_content')
   django.db.backends: DEBUG: (0.000) SELECT "django_comment_client_role"."id", "django_comment_client_role"."name", "django_comment_client_role"."course_id" FROM "django_comment_client_role" INNER JOIN "django_comment_client_role_users" ON ("django_comment_client_role"."id" = "django_comment_client_role_users"."role_id") WHERE ("django_comment_client_role_users"."user_id" = 2  AND "django_comment_client_role"."course_id" = course-v1:org.4512+course_4512+Run_4512 ); args=(2, u'course-v1:org.4512+course_4512+Run_4512')
   django.db.backends: DEBUG: (0.000) SELECT (1) AS "a" FROM "django_comment_client_permission" INNER JOIN "django_comment_client_permission_roles" ON ("django_comment_client_permission"."name" = "django_comment_client_permission_roles"."permission_id") WHERE ("django_comment_client_permission_roles"."role_id" = 1  AND "django_comment_client_permission"."name" = update_comment ) LIMIT 1; args=(1, 'update_comment')
   django.db.backends: DEBUG: (0.000) SELECT "django_comment_client_role"."id", "django_comment_client_role"."name", "django_comment_client_role"."course_id" FROM "django_comment_client_role" INNER JOIN "django_comment_client_role_users" ON ("django_comment_client_role"."id" = "django_comment_client_role_users"."role_id") WHERE ("django_comment_client_role_users"."user_id" = 2  AND "django_comment_client_role"."course_id" = course-v1:org.4512+course_4512+Run_4512 ); args=(2, u'course-v1:org.4512+course_4512+Run_4512')
   django.db.backends: DEBUG: (0.000) SELECT (1) AS "a" FROM "django_comment_client_permission" INNER JOIN "django_comment_client_permission_roles" ON ("django_comment_client_permission"."name" = "django_comment_client_permission_roles"."permission_id") WHERE ("django_comment_client_permission_roles"."role_id" = 1  AND "django_comment_client_permission"."name" = create_sub_comment ) LIMIT 1; args=(1, 'create_sub_comment')
   django.db.backends: DEBUG: (0.000) SELECT "django_comment_client_role"."id", "django_comment_client_role"."name", "django_comment_client_role"."course_id" FROM "django_comment_client_role" INNER JOIN "django_comment_client_role_users" ON ("django_comment_client_role"."id" = "django_comment_client_role_users"."role_id") WHERE ("django_comment_client_role_users"."user_id" = 2  AND "django_comment_client_role"."course_id" = course-v1:org.4512+course_4512+Run_4512 ); args=(2, u'course-v1:org.4512+course_4512+Run_4512')
   django.db.backends: DEBUG: (0.000) SELECT (1) AS "a" FROM "django_comment_client_permission" INNER JOIN "django_comment_client_permission_roles" ON ("django_comment_client_permission"."name" = "django_comment_client_permission_roles"."permission_id") WHERE ("django_comment_client_permission_roles"."role_id" = 1  AND "django_comment_client_permission"."name" = delete_comment ) LIMIT 1; args=(1, 'delete_comment')
   django.db.backends: DEBUG: (0.000) SELECT "django_comment_client_role"."id", "django_comment_client_role"."name", "django_comment_client_role"."course_id" FROM "django_comment_client_role" INNER JOIN "django_comment_client_role_users" ON ("django_comment_client_role"."id" = "django_comment_client_role_users"."role_id") WHERE ("django_comment_client_role_users"."user_id" = 2  AND "django_comment_client_role"."course_id" = course-v1:org.4512+course_4512+Run_4512 ); args=(2, u'course-v1:org.4512+course_4512+Run_4512')
   django.db.backends: DEBUG: (0.000) SELECT (1) AS "a" FROM "django_comment_client_permission" INNER JOIN "django_comment_client_permission_roles" ON ("django_comment_client_permission"."name" = "django_comment_client_permission_roles"."permission_id") WHERE ("django_comment_client_permission_roles"."role_id" = 1  AND "django_comment_client_permission"."name" = update_comment ) LIMIT 1; args=(1, 'update_comment')
   django.db.backends: DEBUG: (0.000) SELECT "django_comment_client_role"."id", "django_comment_client_role"."name", "django_comment_client_role"."course_id" FROM "django_comment_client_role" INNER JOIN "django_comment_client_role_users" ON ("django_comment_client_role"."id" = "django_comment_client_role_users"."role_id") WHERE ("django_comment_client_role_users"."user_id" = 2  AND "django_comment_client_role"."course_id" = course-v1:org.4512+course_4512+Run_4512 ); args=(2, u'course-v1:org.4512+course_4512+Run_4512')
   django.db.backends: DEBUG: (0.000) SELECT (1) AS "a" FROM "django_comment_client_permission" INNER JOIN "django_comment_client_permission_roles" ON ("django_comment_client_permission"."name" = "django_comment_client_permission_roles"."permission_id") WHERE ("django_comment_client_permission_roles"."role_id" = 1  AND "django_comment_client_permission"."name" = vote ) LIMIT 1; args=(1, 'vote')
   django.db.backends: DEBUG: (0.000) SELECT "django_comment_client_role"."id", "django_comment_client_role"."name", "django_comment_client_role"."course_id" FROM "django_comment_client_role" INNER JOIN "django_comment_client_role_users" ON ("django_comment_client_role"."id" = "django_comment_client_role_users"."role_id") WHERE ("django_comment_client_role_users"."user_id" = 2  AND "django_comment_client_role"."course_id" = course-v1:org.4512+course_4512+Run_4512 ); args=(2, u'course-v1:org.4512+course_4512+Run_4512')
   django.db.backends: DEBUG: (0.000) SELECT (1) AS "a" FROM "django_comment_client_permission" INNER JOIN "django_comment_client_permission_roles" ON ("django_comment_client_permission"."name" = "django_comment_client_permission_roles"."permission_id") WHERE ("django_comment_client_permission_roles"."role_id" = 1  AND "django_comment_client_permission"."name" = edit_content ) LIMIT 1; args=(1, 'edit_content')
   django.db.backends: DEBUG: (0.000) SELECT "django_comment_client_role"."id", "django_comment_client_role"."name", "django_comment_client_role"."course_id" FROM "django_comment_client_role" INNER JOIN "django_comment_client_role_users" ON ("django_comment_client_role"."id" = "django_comment_client_role_users"."role_id") WHERE ("django_comment_client_role_users"."user_id" = 2  AND "django_comment_client_role"."course_id" = course-v1:org.4512+course_4512+Run_4512 ); args=(2, u'course-v1:org.4512+course_4512+Run_4512')
   django.db.backends: DEBUG: (0.000) SELECT (1) AS "a" FROM "django_comment_client_permission" INNER JOIN "django_comment_client_permission_roles" ON ("django_comment_client_permission"."name" = "django_comment_client_permission_roles"."permission_id") WHERE ("django_comment_client_permission_roles"."role_id" = 1  AND "django_comment_client_permission"."name" = update_comment ) LIMIT 1; args=(1, 'update_comment')
   django.db.backends: DEBUG: (0.000) SELECT "django_comment_client_role"."id", "django_comment_client_role"."name", "django_comment_client_role"."course_id" FROM "django_comment_client_role" INNER JOIN "django_comment_client_role_users" ON ("django_comment_client_role"."id" = "django_comment_client_role_users"."role_id") WHERE ("django_comment_client_role_users"."user_id" = 2  AND "django_comment_client_role"."course_id" = course-v1:org.4512+course_4512+Run_4512 ); args=(2, u'course-v1:org.4512+course_4512+Run_4512')
   django.db.backends: DEBUG: (0.000) SELECT (1) AS "a" FROM "django_comment_client_permission" INNER JOIN "django_comment_client_permission_roles" ON ("django_comment_client_permission"."name" = "django_comment_client_permission_roles"."permission_id") WHERE ("django_comment_client_permission_roles"."role_id" = 1  AND "django_comment_client_permission"."name" = create_sub_comment ) LIMIT 1; args=(1, 'create_sub_comment')
   django.db.backends: DEBUG: (0.000) SELECT "django_comment_client_role"."id", "django_comment_client_role"."name", "django_comment_client_role"."course_id" FROM "django_comment_client_role" INNER JOIN "django_comment_client_role_users" ON ("django_comment_client_role"."id" = "django_comment_client_role_users"."role_id") WHERE ("django_comment_client_role_users"."user_id" = 2  AND "django_comment_client_role"."course_id" = course-v1:org.4512+course_4512+Run_4512 ); args=(2, u'course-v1:org.4512+course_4512+Run_4512')
   django.db.backends: DEBUG: (0.000) SELECT (1) AS "a" FROM "django_comment_client_permission" INNER JOIN "django_comment_client_permission_roles" ON ("django_comment_client_permission"."name" = "django_comment_client_permission_roles"."permission_id") WHERE ("django_comment_client_permission_roles"."role_id" = 1  AND "django_comment_client_permission"."name" = delete_comment ) LIMIT 1; args=(1, 'delete_comment')
   django.db.backends: DEBUG: (0.000) SELECT "django_comment_client_role"."id", "django_comment_client_role"."name", "django_comment_client_role"."course_id" FROM "django_comment_client_role" INNER JOIN "django_comment_client_role_users" ON ("django_comment_client_role"."id" = "django_comment_client_role_users"."role_id") WHERE ("django_comment_client_role_users"."user_id" = 2  AND "django_comment_client_role"."course_id" = course-v1:org.4512+course_4512+Run_4512 ); args=(2, u'course-v1:org.4512+course_4512+Run_4512')
   django.db.backends: DEBUG: (0.000) SELECT (1) AS "a" FROM "django_comment_client_permission" INNER JOIN "django_comment_client_permission_roles" ON ("django_comment_client_permission"."name" = "django_comment_client_permission_roles"."permission_id") WHERE ("django_comment_client_permission_roles"."role_id" = 1  AND "django_comment_client_permission"."name" = update_comment ) LIMIT 1; args=(1, 'update_comment')
   django.db.backends: DEBUG: (0.000) SELECT "django_comment_client_role"."id", "django_comment_client_role"."name", "django_comment_client_role"."course_id" FROM "django_comment_client_role" INNER JOIN "django_comment_client_role_users" ON ("django_comment_client_role"."id" = "django_comment_client_role_users"."role_id") WHERE ("django_comment_client_role_users"."user_id" = 2  AND "django_comment_client_role"."course_id" = course-v1:org.4512+course_4512+Run_4512 ); args=(2, u'course-v1:org.4512+course_4512+Run_4512')
   django.db.backends: DEBUG: (0.000) SELECT (1) AS "a" FROM "django_comment_client_permission" INNER JOIN "django_comment_client_permission_roles" ON ("django_comment_client_permission"."name" = "django_comment_client_permission_roles"."permission_id") WHERE ("django_comment_client_permission_roles"."role_id" = 1  AND "django_comment_client_permission"."name" = vote ) LIMIT 1; args=(1, 'vote')
   django.db.backends: DEBUG: (0.000) SELECT "django_comment_client_role"."id", "django_comment_client_role"."name", "django_comment_client_role"."course_id" FROM "django_comment_client_role" INNER JOIN "django_comment_client_role_users" ON ("django_comment_client_role"."id" = "django_comment_client_role_users"."role_id") WHERE ("django_comment_client_role_users"."user_id" = 2  AND "django_comment_client_role"."course_id" = course-v1:org.4512+course_4512+Run_4512 ); args=(2, u'course-v1:org.4512+course_4512+Run_4512')
   django.db.backends: DEBUG: (0.000) SELECT (1) AS "a" FROM "django_comment_client_permission" INNER JOIN "django_comment_client_permission_roles" ON ("django_comment_client_permission"."name" = "django_comment_client_permission_roles"."permission_id") WHERE ("django_comment_client_permission_roles"."role_id" = 1  AND "django_comment_client_permission"."name" = edit_content ) LIMIT 1; args=(1, 'edit_content')
   django.db.backends: DEBUG: (0.000) SELECT "django_comment_client_role"."id", "django_comment_client_role"."name", "django_comment_client_role"."course_id" FROM "django_comment_client_role" INNER JOIN "django_comment_client_role_users" ON ("django_comment_client_role"."id" = "django_comment_client_role_users"."role_id") WHERE ("django_comment_client_role_users"."user_id" = 2  AND "django_comment_client_role"."course_id" = course-v1:org.4512+course_4512+Run_4512 ); args=(2, u'course-v1:org.4512+course_4512+Run_4512')
   django.db.backends: DEBUG: (0.000) SELECT (1) AS "a" FROM "django_comment_client_permission" INNER JOIN "django_comment_client_permission_roles" ON ("django_comment_client_permission"."name" = "django_comment_client_permission_roles"."permission_id") WHERE ("django_comment_client_permission_roles"."role_id" = 1  AND "django_comment_client_permission"."name" = update_comment ) LIMIT 1; args=(1, 'update_comment')
   django.db.backends: DEBUG: (0.000) SELECT "django_comment_client_role"."id", "django_comment_client_role"."name", "django_comment_client_role"."course_id" FROM "django_comment_client_role" INNER JOIN "django_comment_client_role_users" ON ("django_comment_client_role"."id" = "django_comment_client_role_users"."role_id") WHERE ("django_comment_client_role_users"."user_id" = 2  AND "django_comment_client_role"."course_id" = course-v1:org.4512+course_4512+Run_4512 ); args=(2, u'course-v1:org.4512+course_4512+Run_4512')
   django.db.backends: DEBUG: (0.000) SELECT (1) AS "a" FROM "django_comment_client_permission" INNER JOIN "django_comment_client_permission_roles" ON ("django_comment_client_permission"."name" = "django_comment_client_permission_roles"."permission_id") WHERE ("django_comment_client_permission_roles"."role_id" = 1  AND "django_comment_client_permission"."name" = create_sub_comment ) LIMIT 1; args=(1, 'create_sub_comment')
   django.db.backends: DEBUG: (0.000) SELECT "django_comment_client_role"."id", "django_comment_client_role"."name", "django_comment_client_role"."course_id" FROM "django_comment_client_role" INNER JOIN "django_comment_client_role_users" ON ("django_comment_client_role"."id" = "django_comment_client_role_users"."role_id") WHERE ("django_comment_client_role_users"."user_id" = 2  AND "django_comment_client_role"."course_id" = course-v1:org.4512+course_4512+Run_4512 ); args=(2, u'course-v1:org.4512+course_4512+Run_4512')
   django.db.backends: DEBUG: (0.000) SELECT (1) AS "a" FROM "django_comment_client_permission" INNER JOIN "django_comment_client_permission_roles" ON ("django_comment_client_permission"."name" = "django_comment_client_permission_roles"."permission_id") WHERE ("django_comment_client_permission_roles"."role_id" = 1  AND "django_comment_client_permission"."name" = delete_comment ) LIMIT 1; args=(1, 'delete_comment')
   django.db.backends: DEBUG: (0.000) SELECT "django_comment_client_role"."id", "django_comment_client_role"."name", "django_comment_client_role"."course_id" FROM "django_comment_client_role" INNER JOIN "django_comment_client_role_users" ON ("django_comment_client_role"."id" = "django_comment_client_role_users"."role_id") WHERE ("django_comment_client_role_users"."user_id" = 2  AND "django_comment_client_role"."course_id" = course-v1:org.4512+course_4512+Run_4512 ); args=(2, u'course-v1:org.4512+course_4512+Run_4512')
   django.db.backends: DEBUG: (0.000) SELECT (1) AS "a" FROM "django_comment_client_permission" INNER JOIN "django_comment_client_permission_roles" ON ("django_comment_client_permission"."name" = "django_comment_client_permission_roles"."permission_id") WHERE ("django_comment_client_permission_roles"."role_id" = 1  AND "django_comment_client_permission"."name" = update_comment ) LIMIT 1; args=(1, 'update_comment')
   django.db.backends: DEBUG: (0.000) SELECT "django_comment_client_role"."id", "django_comment_client_role"."name", "django_comment_client_role"."course_id" FROM "django_comment_client_role" INNER JOIN "django_comment_client_role_users" ON ("django_comment_client_role"."id" = "django_comment_client_role_users"."role_id") WHERE ("django_comment_client_role_users"."user_id" = 2  AND "django_comment_client_role"."course_id" = course-v1:org.4512+course_4512+Run_4512 ); args=(2, u'course-v1:org.4512+course_4512+Run_4512')
   django.db.backends: DEBUG: (0.000) SELECT (1) AS "a" FROM "django_comment_client_permission" INNER JOIN "django_comment_client_permission_roles" ON ("django_comment_client_permission"."name" = "django_comment_client_permission_roles"."permission_id") WHERE ("django_comment_client_permission_roles"."role_id" = 1  AND "django_comment_client_permission"."name" = vote ) LIMIT 1; args=(1, 'vote')
   django.db.backends: DEBUG: (0.000) SELECT "django_comment_client_role"."id", "django_comment_client_role"."name", "django_comment_client_role"."course_id" FROM "django_comment_client_role" INNER JOIN "django_comment_client_role_users" ON ("django_comment_client_role"."id" = "django_comment_client_role_users"."role_id") WHERE ("django_comment_client_role_users"."user_id" = 2  AND "django_comment_client_role"."course_id" = course-v1:org.4512+course_4512+Run_4512 ); args=(2, u'course-v1:org.4512+course_4512+Run_4512')
   django.db.backends: DEBUG: (0.000) SELECT (1) AS "a" FROM "django_comment_client_permission" INNER JOIN "django_comment_client_permission_roles" ON ("django_comment_client_permission"."name" = "django_comment_client_permission_roles"."permission_id") WHERE ("django_comment_client_permission_roles"."role_id" = 1  AND "django_comment_client_permission"."name" = edit_content ) LIMIT 1; args=(1, 'edit_content')
   django.db.backends: DEBUG: (0.000) SELECT "django_comment_client_role"."id", "django_comment_client_role"."name", "django_comment_client_role"."course_id" FROM "django_comment_client_role" INNER JOIN "django_comment_client_role_users" ON ("django_comment_client_role"."id" = "django_comment_client_role_users"."role_id") WHERE ("django_comment_client_role_users"."user_id" = 2  AND "django_comment_client_role"."course_id" = course-v1:org.4512+course_4512+Run_4512 ); args=(2, u'course-v1:org.4512+course_4512+Run_4512')
   django.db.backends: DEBUG: (0.000) SELECT (1) AS "a" FROM "django_comment_client_permission" INNER JOIN "django_comment_client_permission_roles" ON ("django_comment_client_permission"."name" = "django_comment_client_permission_roles"."permission_id") WHERE ("django_comment_client_permission_roles"."role_id" = 1  AND "django_comment_client_permission"."name" = update_comment ) LIMIT 1; args=(1, 'update_comment')
   django.db.backends: DEBUG: (0.000) SELECT "django_comment_client_role"."id", "django_comment_client_role"."name", "django_comment_client_role"."course_id" FROM "django_comment_client_role" INNER JOIN "django_comment_client_role_users" ON ("django_comment_client_role"."id" = "django_comment_client_role_users"."role_id") WHERE ("django_comment_client_role_users"."user_id" = 2  AND "django_comment_client_role"."course_id" = course-v1:org.4512+course_4512+Run_4512 ); args=(2, u'course-v1:org.4512+course_4512+Run_4512')
   django.db.backends: DEBUG: (0.001) SELECT (1) AS "a" FROM "django_comment_client_permission" INNER JOIN "django_comment_client_permission_roles" ON ("django_comment_client_permission"."name" = "django_comment_client_permission_roles"."permission_id") WHERE ("django_comment_client_permission_roles"."role_id" = 1  AND "django_comment_client_permission"."name" = create_sub_comment ) LIMIT 1; args=(1, 'create_sub_comment')
   django.db.backends: DEBUG: (0.000) SELECT "django_comment_client_role"."id", "django_comment_client_role"."name", "django_comment_client_role"."course_id" FROM "django_comment_client_role" INNER JOIN "django_comment_client_role_users" ON ("django_comment_client_role"."id" = "django_comment_client_role_users"."role_id") WHERE ("django_comment_client_role_users"."user_id" = 2  AND "django_comment_client_role"."course_id" = course-v1:org.4512+course_4512+Run_4512 ); args=(2, u'course-v1:org.4512+course_4512+Run_4512')
   django.db.backends: DEBUG: (0.000) SELECT (1) AS "a" FROM "django_comment_client_permission" INNER JOIN "django_comment_client_permission_roles" ON ("django_comment_client_permission"."name" = "django_comment_client_permission_roles"."permission_id") WHERE ("django_comment_client_permission_roles"."role_id" = 1  AND "django_comment_client_permission"."name" = delete_comment ) LIMIT 1; args=(1, 'delete_comment')
   django.db.backends: DEBUG: (0.000) SELECT "django_comment_client_role"."id", "django_comment_client_role"."name", "django_comment_client_role"."course_id" FROM "django_comment_client_role" INNER JOIN "django_comment_client_role_users" ON ("django_comment_client_role"."id" = "django_comment_client_role_users"."role_id") WHERE ("django_comment_client_role_users"."user_id" = 2  AND "django_comment_client_role"."course_id" = course-v1:org.4512+course_4512+Run_4512 ); args=(2, u'course-v1:org.4512+course_4512+Run_4512')
   django.db.backends: DEBUG: (0.000) SELECT (1) AS "a" FROM "django_comment_client_permission" INNER JOIN "django_comment_client_permission_roles" ON ("django_comment_client_permission"."name" = "django_comment_client_permission_roles"."permission_id") WHERE ("django_comment_client_permission_roles"."role_id" = 1  AND "django_comment_client_permission"."name" = update_comment ) LIMIT 1; args=(1, 'update_comment')
   django.db.backends: DEBUG: (0.000) SELECT "django_comment_client_role"."id", "django_comment_client_role"."name", "django_comment_client_role"."course_id" FROM "django_comment_client_role" INNER JOIN "django_comment_client_role_users" ON ("django_comment_client_role"."id" = "django_comment_client_role_users"."role_id") WHERE ("django_comment_client_role_users"."user_id" = 2  AND "django_comment_client_role"."course_id" = course-v1:org.4512+course_4512+Run_4512 ); args=(2, u'course-v1:org.4512+course_4512+Run_4512')
   django.db.backends: DEBUG: (0.000) SELECT (1) AS "a" FROM "django_comment_client_permission" INNER JOIN "django_comment_client_permission_roles" ON ("django_comment_client_permission"."name" = "django_comment_client_permission_roles"."permission_id") WHERE ("django_comment_client_permission_roles"."role_id" = 1  AND "django_comment_client_permission"."name" = vote ) LIMIT 1; args=(1, 'vote')
   django.db.backends: DEBUG: (0.000) SELECT "django_comment_client_role"."id", "django_comment_client_role"."name", "django_comment_client_role"."course_id" FROM "django_comment_client_role" INNER JOIN "django_comment_client_role_users" ON ("django_comment_client_role"."id" = "django_comment_client_role_users"."role_id") WHERE ("django_comment_client_role_users"."user_id" = 2  AND "django_comment_client_role"."course_id" = course-v1:org.4512+course_4512+Run_4512 ); args=(2, u'course-v1:org.4512+course_4512+Run_4512')
   django.db.backends: DEBUG: (0.000) SELECT (1) AS "a" FROM "django_comment_client_permission" INNER JOIN "django_comment_client_permission_roles" ON ("django_comment_client_permission"."name" = "django_comment_client_permission_roles"."permission_id") WHERE ("django_comment_client_permission_roles"."role_id" = 1  AND "django_comment_client_permission"."name" = edit_content ) LIMIT 1; args=(1, 'edit_content')
   django.db.backends: DEBUG: (0.000) SELECT "django_comment_client_role"."id", "django_comment_client_role"."name", "django_comment_client_role"."course_id" FROM "django_comment_client_role" INNER JOIN "django_comment_client_role_users" ON ("django_comment_client_role"."id" = "django_comment_client_role_users"."role_id") WHERE ("django_comment_client_role_users"."user_id" = 2  AND "django_comment_client_role"."course_id" = course-v1:org.4512+course_4512+Run_4512 ); args=(2, u'course-v1:org.4512+course_4512+Run_4512')
   django.db.backends: DEBUG: (0.000) SELECT (1) AS "a" FROM "django_comment_client_permission" INNER JOIN "django_comment_client_permission_roles" ON ("django_comment_client_permission"."name" = "django_comment_client_permission_roles"."permission_id") WHERE ("django_comment_client_permission_roles"."role_id" = 1  AND "django_comment_client_permission"."name" = update_comment ) LIMIT 1; args=(1, 'update_comment')
   django.db.backends: DEBUG: (0.000) SELECT "django_comment_client_role"."id", "django_comment_client_role"."name", "django_comment_client_role"."course_id" FROM "django_comment_client_role" INNER JOIN "django_comment_client_role_users" ON ("django_comment_client_role"."id" = "django_comment_client_role_users"."role_id") WHERE ("django_comment_client_role_users"."user_id" = 2  AND "django_comment_client_role"."course_id" = course-v1:org.4512+course_4512+Run_4512 ); args=(2, u'course-v1:org.4512+course_4512+Run_4512')
   django.db.backends: DEBUG: (0.000) SELECT (1) AS "a" FROM "django_comment_client_permission" INNER JOIN "django_comment_client_permission_roles" ON ("django_comment_client_permission"."name" = "django_comment_client_permission_roles"."permission_id") WHERE ("django_comment_client_permission_roles"."role_id" = 1  AND "django_comment_client_permission"."name" = create_sub_comment ) LIMIT 1; args=(1, 'create_sub_comment')
   django.db.backends: DEBUG: (0.000) SELECT "django_comment_client_role"."id", "django_comment_client_role"."name", "django_comment_client_role"."course_id" FROM "django_comment_client_role" INNER JOIN "django_comment_client_role_users" ON ("django_comment_client_role"."id" = "django_comment_client_role_users"."role_id") WHERE ("django_comment_client_role_users"."user_id" = 2  AND "django_comment_client_role"."course_id" = course-v1:org.4512+course_4512+Run_4512 ); args=(2, u'course-v1:org.4512+course_4512+Run_4512')
   django.db.backends: DEBUG: (0.000) SELECT (1) AS "a" FROM "django_comment_client_permission" INNER JOIN "django_comment_client_permission_roles" ON ("django_comment_client_permission"."name" = "django_comment_client_permission_roles"."permission_id") WHERE ("django_comment_client_permission_roles"."role_id" = 1  AND "django_comment_client_permission"."name" = delete_comment ) LIMIT 1; args=(1, 'delete_comment')
   django.db.backends: DEBUG: (0.000) SELECT "django_comment_client_role"."id", "django_comment_client_role"."name", "django_comment_client_role"."course_id" FROM "django_comment_client_role" INNER JOIN "django_comment_client_role_users" ON ("django_comment_client_role"."id" = "django_comment_client_role_users"."role_id") WHERE ("django_comment_client_role_users"."user_id" = 2  AND "django_comment_client_role"."course_id" = course-v1:org.4512+course_4512+Run_4512 ); args=(2, u'course-v1:org.4512+course_4512+Run_4512')
   django.db.backends: DEBUG: (0.000) SELECT (1) AS "a" FROM "django_comment_client_permission" INNER JOIN "django_comment_client_permission_roles" ON ("django_comment_client_permission"."name" = "django_comment_client_permission_roles"."permission_id") WHERE ("django_comment_client_permission_roles"."role_id" = 1  AND "django_comment_client_permission"."name" = update_comment ) LIMIT 1; args=(1, 'update_comment')
   django.db.backends: DEBUG: (0.000) SELECT "django_comment_client_role"."id", "django_comment_client_role"."name", "django_comment_client_role"."course_id" FROM "django_comment_client_role" INNER JOIN "django_comment_client_role_users" ON ("django_comment_client_role"."id" = "django_comment_client_role_users"."role_id") WHERE ("django_comment_client_role_users"."user_id" = 2  AND "django_comment_client_role"."course_id" = course-v1:org.4512+course_4512+Run_4512 ); args=(2, u'course-v1:org.4512+course_4512+Run_4512')
   django.db.backends: DEBUG: (0.000) SELECT (1) AS "a" FROM "django_comment_client_permission" INNER JOIN "django_comment_client_permission_roles" ON ("django_comment_client_permission"."name" = "django_comment_client_permission_roles"."permission_id") WHERE ("django_comment_client_permission_roles"."role_id" = 1  AND "django_comment_client_permission"."name" = vote ) LIMIT 1; args=(1, 'vote')
   django.db.backends: DEBUG: (0.000) SELECT "django_comment_client_role"."id", "django_comment_client_role"."name", "django_comment_client_role"."course_id" FROM "django_comment_client_role" INNER JOIN "django_comment_client_role_users" ON ("django_comment_client_role"."id" = "django_comment_client_role_users"."role_id") WHERE ("django_comment_client_role_users"."user_id" = 2  AND "django_comment_client_role"."course_id" = course-v1:org.4512+course_4512+Run_4512 ); args=(2, u'course-v1:org.4512+course_4512+Run_4512')
   django.db.backends: DEBUG: (0.000) SELECT (1) AS "a" FROM "django_comment_client_permission" INNER JOIN "django_comment_client_permission_roles" ON ("django_comment_client_permission"."name" = "django_comment_client_permission_roles"."permission_id") WHERE ("django_comment_client_permission_roles"."role_id" = 1  AND "django_comment_client_permission"."name" = edit_content ) LIMIT 1; args=(1, 'edit_content')
   django.db.backends: DEBUG: (0.000) SELECT "django_comment_client_role"."id", "django_comment_client_role"."name", "django_comment_client_role"."course_id" FROM "django_comment_client_role" INNER JOIN "django_comment_client_role_users" ON ("django_comment_client_role"."id" = "django_comment_client_role_users"."role_id") WHERE ("django_comment_client_role_users"."user_id" = 2  AND "django_comment_client_role"."course_id" = course-v1:org.4512+course_4512+Run_4512 ); args=(2, u'course-v1:org.4512+course_4512+Run_4512')
   django.db.backends: DEBUG: (0.000) SELECT (1) AS "a" FROM "django_comment_client_permission" INNER JOIN "django_comment_client_permission_roles" ON ("django_comment_client_permission"."name" = "django_comment_client_permission_roles"."permission_id") WHERE ("django_comment_client_permission_roles"."role_id" = 1  AND "django_comment_client_permission"."name" = update_comment ) LIMIT 1; args=(1, 'update_comment')
   django.db.backends: DEBUG: (0.000) SELECT "django_comment_client_role"."id", "django_comment_client_role"."name", "django_comment_client_role"."course_id" FROM "django_comment_client_role" INNER JOIN "django_comment_client_role_users" ON ("django_comment_client_role"."id" = "django_comment_client_role_users"."role_id") WHERE ("django_comment_client_role_users"."user_id" = 2  AND "django_comment_client_role"."course_id" = course-v1:org.4512+course_4512+Run_4512 ); args=(2, u'course-v1:org.4512+course_4512+Run_4512')
   django.db.backends: DEBUG: (0.000) SELECT (1) AS "a" FROM "django_comment_client_permission" INNER JOIN "django_comment_client_permission_roles" ON ("django_comment_client_permission"."name" = "django_comment_client_permission_roles"."permission_id") WHERE ("django_comment_client_permission_roles"."role_id" = 1  AND "django_comment_client_permission"."name" = create_sub_comment ) LIMIT 1; args=(1, 'create_sub_comment')
   django.db.backends: DEBUG: (0.000) SELECT "django_comment_client_role"."id", "django_comment_client_role"."name", "django_comment_client_role"."course_id" FROM "django_comment_client_role" INNER JOIN "django_comment_client_role_users" ON ("django_comment_client_role"."id" = "django_comment_client_role_users"."role_id") WHERE ("django_comment_client_role_users"."user_id" = 2  AND "django_comment_client_role"."course_id" = course-v1:org.4512+course_4512+Run_4512 ); args=(2, u'course-v1:org.4512+course_4512+Run_4512')
   django.db.backends: DEBUG: (0.000) SELECT (1) AS "a" FROM "django_comment_client_permission" INNER JOIN "django_comment_client_permission_roles" ON ("django_comment_client_permission"."name" = "django_comment_client_permission_roles"."permission_id") WHERE ("django_comment_client_permission_roles"."role_id" = 1  AND "django_comment_client_permission"."name" = delete_comment ) LIMIT 1; args=(1, 'delete_comment')
   django.db.backends: DEBUG: (0.000) SELECT "django_comment_client_role"."id", "django_comment_client_role"."name", "django_comment_client_role"."course_id" FROM "django_comment_client_role" INNER JOIN "django_comment_client_role_users" ON ("django_comment_client_role"."id" = "django_comment_client_role_users"."role_id") WHERE ("django_comment_client_role_users"."user_id" = 2  AND "django_comment_client_role"."course_id" = course-v1:org.4512+course_4512+Run_4512 ); args=(2, u'course-v1:org.4512+course_4512+Run_4512')
   django.db.backends: DEBUG: (0.000) SELECT (1) AS "a" FROM "django_comment_client_permission" INNER JOIN "django_comment_client_permission_roles" ON ("django_comment_client_permission"."name" = "django_comment_client_permission_roles"."permission_id") WHERE ("django_comment_client_permission_roles"."role_id" = 1  AND "django_comment_client_permission"."name" = update_comment ) LIMIT 1; args=(1, 'update_comment')
   django.db.backends: DEBUG: (0.000) SELECT "django_comment_client_role"."id", "django_comment_client_role"."name", "django_comment_client_role"."course_id" FROM "django_comment_client_role" INNER JOIN "django_comment_client_role_users" ON ("django_comment_client_role"."id" = "django_comment_client_role_users"."role_id") WHERE ("django_comment_client_role_users"."user_id" = 2  AND "django_comment_client_role"."course_id" = course-v1:org.4512+course_4512+Run_4512 ); args=(2, u'course-v1:org.4512+course_4512+Run_4512')
   django.db.backends: DEBUG: (0.000) SELECT (1) AS "a" FROM "django_comment_client_permission" INNER JOIN "django_comment_client_permission_roles" ON ("django_comment_client_permission"."name" = "django_comment_client_permission_roles"."permission_id") WHERE ("django_comment_client_permission_roles"."role_id" = 1  AND "django_comment_client_permission"."name" = vote ) LIMIT 1; args=(1, 'vote')
   django.db.backends: DEBUG: (0.000) SELECT "django_comment_client_role"."id", "django_comment_client_role"."name", "django_comment_client_role"."course_id" FROM "django_comment_client_role" INNER JOIN "django_comment_client_role_users" ON ("django_comment_client_role"."id" = "django_comment_client_role_users"."role_id") WHERE ("django_comment_client_role_users"."user_id" = 2  AND "django_comment_client_role"."course_id" = course-v1:org.4512+course_4512+Run_4512 ); args=(2, u'course-v1:org.4512+course_4512+Run_4512')
   django.db.backends: DEBUG: (0.000) SELECT (1) AS "a" FROM "django_comment_client_permission" INNER JOIN "django_comment_client_permission_roles" ON ("django_comment_client_permission"."name" = "django_comment_client_permission_roles"."permission_id") WHERE ("django_comment_client_permission_roles"."role_id" = 1  AND "django_comment_client_permission"."name" = edit_content ) LIMIT 1; args=(1, 'edit_content')
   django.db.backends: DEBUG: (0.000) SELECT "django_comment_client_role"."id", "django_comment_client_role"."name", "django_comment_client_role"."course_id" FROM "django_comment_client_role" INNER JOIN "django_comment_client_role_users" ON ("django_comment_client_role"."id" = "django_comment_client_role_users"."role_id") WHERE ("django_comment_client_role_users"."user_id" = 2  AND "django_comment_client_role"."course_id" = course-v1:org.4512+course_4512+Run_4512 ); args=(2, u'course-v1:org.4512+course_4512+Run_4512')
   django.db.backends: DEBUG: (0.000) SELECT (1) AS "a" FROM "django_comment_client_permission" INNER JOIN "django_comment_client_permission_roles" ON ("django_comment_client_permission"."name" = "django_comment_client_permission_roles"."permission_id") WHERE ("django_comment_client_permission_roles"."role_id" = 1  AND "django_comment_client_permission"."name" = update_comment ) LIMIT 1; args=(1, 'update_comment')
   django.db.backends: DEBUG: (0.000) SELECT "django_comment_client_role"."id", "django_comment_client_role"."name", "django_comment_client_role"."course_id" FROM "django_comment_client_role" INNER JOIN "django_comment_client_role_users" ON ("django_comment_client_role"."id" = "django_comment_client_role_users"."role_id") WHERE ("django_comment_client_role_users"."user_id" = 2  AND "django_comment_client_role"."course_id" = course-v1:org.4512+course_4512+Run_4512 ); args=(2, u'course-v1:org.4512+course_4512+Run_4512')
   django.db.backends: DEBUG: (0.000) SELECT (1) AS "a" FROM "django_comment_client_permission" INNER JOIN "django_comment_client_permission_roles" ON ("django_comment_client_permission"."name" = "django_comment_client_permission_roles"."permission_id") WHERE ("django_comment_client_permission_roles"."role_id" = 1  AND "django_comment_client_permission"."name" = create_sub_comment ) LIMIT 1; args=(1, 'create_sub_comment')
   django.db.backends: DEBUG: (0.000) SELECT "django_comment_client_role"."id", "django_comment_client_role"."name", "django_comment_client_role"."course_id" FROM "django_comment_client_role" INNER JOIN "django_comment_client_role_users" ON ("django_comment_client_role"."id" = "django_comment_client_role_users"."role_id") WHERE ("django_comment_client_role_users"."user_id" = 2  AND "django_comment_client_role"."course_id" = course-v1:org.4512+course_4512+Run_4512 ); args=(2, u'course-v1:org.4512+course_4512+Run_4512')
   django.db.backends: DEBUG: (0.000) SELECT (1) AS "a" FROM "django_comment_client_permission" INNER JOIN "django_comment_client_permission_roles" ON ("django_comment_client_permission"."name" = "django_comment_client_permission_roles"."permission_id") WHERE ("django_comment_client_permission_roles"."role_id" = 1  AND "django_comment_client_permission"."name" = delete_comment ) LIMIT 1; args=(1, 'delete_comment')
   django.db.backends: DEBUG: (0.000) SELECT "django_comment_client_role"."id", "django_comment_client_role"."name", "django_comment_client_role"."course_id" FROM "django_comment_client_role" INNER JOIN "django_comment_client_role_users" ON ("django_comment_client_role"."id" = "django_comment_client_role_users"."role_id") WHERE ("django_comment_client_role_users"."user_id" = 2  AND "django_comment_client_role"."course_id" = course-v1:org.4512+course_4512+Run_4512 ); args=(2, u'course-v1:org.4512+course_4512+Run_4512')
   django.db.backends: DEBUG: (0.001) SELECT (1) AS "a" FROM "django_comment_client_permission" INNER JOIN "django_comment_client_permission_roles" ON ("django_comment_client_permission"."name" = "django_comment_client_permission_roles"."permission_id") WHERE ("django_comment_client_permission_roles"."role_id" = 1  AND "django_comment_client_permission"."name" = update_comment ) LIMIT 1; args=(1, 'update_comment')
   django.db.backends: DEBUG: (0.000) SELECT "django_comment_client_role"."id", "django_comment_client_role"."name", "django_comment_client_role"."course_id" FROM "django_comment_client_role" INNER JOIN "django_comment_client_role_users" ON ("django_comment_client_role"."id" = "django_comment_client_role_users"."role_id") WHERE ("django_comment_client_role_users"."user_id" = 2  AND "django_comment_client_role"."course_id" = course-v1:org.4512+course_4512+Run_4512 ); args=(2, u'course-v1:org.4512+course_4512+Run_4512')
   django.db.backends: DEBUG: (0.000) SELECT (1) AS "a" FROM "django_comment_client_permission" INNER JOIN "django_comment_client_permission_roles" ON ("django_comment_client_permission"."name" = "django_comment_client_permission_roles"."permission_id") WHERE ("django_comment_client_permission_roles"."role_id" = 1  AND "django_comment_client_permission"."name" = vote ) LIMIT 1; args=(1, 'vote')
   django.db.backends: DEBUG: (0.000) SELECT "django_comment_client_role"."id", "django_comment_client_role"."name", "django_comment_client_role"."course_id" FROM "django_comment_client_role" INNER JOIN "django_comment_client_role_users" ON ("django_comment_client_role"."id" = "django_comment_client_role_users"."role_id") WHERE ("django_comment_client_role_users"."user_id" = 2  AND "django_comment_client_role"."course_id" = course-v1:org.4512+course_4512+Run_4512 ); args=(2, u'course-v1:org.4512+course_4512+Run_4512')
   django.db.backends: DEBUG: (0.000) SELECT (1) AS "a" FROM "django_comment_client_permission" INNER JOIN "django_comment_client_permission_roles" ON ("django_comment_client_permission"."name" = "django_comment_client_permission_roles"."permission_id") WHERE ("django_comment_client_permission_roles"."role_id" = 1  AND "django_comment_client_permission"."name" = edit_content ) LIMIT 1; args=(1, 'edit_content')
   django.db.backends: DEBUG: (0.000) SELECT "django_comment_client_role"."id", "django_comment_client_role"."name", "django_comment_client_role"."course_id" FROM "django_comment_client_role" INNER JOIN "django_comment_client_role_users" ON ("django_comment_client_role"."id" = "django_comment_client_role_users"."role_id") WHERE ("django_comment_client_role_users"."user_id" = 2  AND "django_comment_client_role"."course_id" = course-v1:org.4512+course_4512+Run_4512 ); args=(2, u'course-v1:org.4512+course_4512+Run_4512')
   django.db.backends: DEBUG: (0.000) SELECT (1) AS "a" FROM "django_comment_client_permission" INNER JOIN "django_comment_client_permission_roles" ON ("django_comment_client_permission"."name" = "django_comment_client_permission_roles"."permission_id") WHERE ("django_comment_client_permission_roles"."role_id" = 1  AND "django_comment_client_permission"."name" = update_comment ) LIMIT 1; args=(1, 'update_comment')
   django.db.backends: DEBUG: (0.000) SELECT "django_comment_client_role"."id", "django_comment_client_role"."name", "django_comment_client_role"."course_id" FROM "django_comment_client_role" INNER JOIN "django_comment_client_role_users" ON ("django_comment_client_role"."id" = "django_comment_client_role_users"."role_id") WHERE ("django_comment_client_role_users"."user_id" = 2  AND "django_comment_client_role"."course_id" = course-v1:org.4512+course_4512+Run_4512 ); args=(2, u'course-v1:org.4512+course_4512+Run_4512')
   django.db.backends: DEBUG: (0.000) SELECT (1) AS "a" FROM "django_comment_client_permission" INNER JOIN "django_comment_client_permission_roles" ON ("django_comment_client_permission"."name" = "django_comment_client_permission_roles"."permission_id") WHERE ("django_comment_client_permission_roles"."role_id" = 1  AND "django_comment_client_permission"."name" = create_sub_comment ) LIMIT 1; args=(1, 'create_sub_comment')
   django.db.backends: DEBUG: (0.000) SELECT "django_comment_client_role"."id", "django_comment_client_role"."name", "django_comment_client_role"."course_id" FROM "django_comment_client_role" INNER JOIN "django_comment_client_role_users" ON ("django_comment_client_role"."id" = "django_comment_client_role_users"."role_id") WHERE ("django_comment_client_role_users"."user_id" = 2  AND "django_comment_client_role"."course_id" = course-v1:org.4512+course_4512+Run_4512 ); args=(2, u'course-v1:org.4512+course_4512+Run_4512')
   django.db.backends: DEBUG: (0.000) SELECT (1) AS "a" FROM "django_comment_client_permission" INNER JOIN "django_comment_client_permission_roles" ON ("django_comment_client_permission"."name" = "django_comment_client_permission_roles"."permission_id") WHERE ("django_comment_client_permission_roles"."role_id" = 1  AND "django_comment_client_permission"."name" = delete_comment ) LIMIT 1; args=(1, 'delete_comment')
   django.db.backends: DEBUG: (0.000) SELECT "django_comment_client_role"."id", "django_comment_client_role"."name", "django_comment_client_role"."course_id" FROM "django_comment_client_role" INNER JOIN "django_comment_client_role_users" ON ("django_comment_client_role"."id" = "django_comment_client_role_users"."role_id") WHERE ("django_comment_client_role_users"."user_id" = 2  AND "django_comment_client_role"."course_id" = course-v1:org.4512+course_4512+Run_4512 ); args=(2, u'course-v1:org.4512+course_4512+Run_4512')
   django.db.backends: DEBUG: (0.000) SELECT (1) AS "a" FROM "django_comment_client_permission" INNER JOIN "django_comment_client_permission_roles" ON ("django_comment_client_permission"."name" = "django_comment_client_permission_roles"."permission_id") WHERE ("django_comment_client_permission_roles"."role_id" = 1  AND "django_comment_client_permission"."name" = update_comment ) LIMIT 1; args=(1, 'update_comment')
   django.db.backends: DEBUG: (0.000) SELECT "django_comment_client_role"."id", "django_comment_client_role"."name", "django_comment_client_role"."course_id" FROM "django_comment_client_role" INNER JOIN "django_comment_client_role_users" ON ("django_comment_client_role"."id" = "django_comment_client_role_users"."role_id") WHERE ("django_comment_client_role_users"."user_id" = 2  AND "django_comment_client_role"."course_id" = course-v1:org.4512+course_4512+Run_4512 ); args=(2, u'course-v1:org.4512+course_4512+Run_4512')
   django.db.backends: DEBUG: (0.000) SELECT (1) AS "a" FROM "django_comment_client_permission" INNER JOIN "django_comment_client_permission_roles" ON ("django_comment_client_permission"."name" = "django_comment_client_permission_roles"."permission_id") WHERE ("django_comment_client_permission_roles"."role_id" = 1  AND "django_comment_client_permission"."name" = vote ) LIMIT 1; args=(1, 'vote')
   django.db.backends: DEBUG: (0.000) SELECT "django_comment_client_role"."id", "django_comment_client_role"."name", "django_comment_client_role"."course_id" FROM "django_comment_client_role" INNER JOIN "django_comment_client_role_users" ON ("django_comment_client_role"."id" = "django_comment_client_role_users"."role_id") WHERE ("django_comment_client_role_users"."user_id" = 2  AND "django_comment_client_role"."course_id" = course-v1:org.4512+course_4512+Run_4512 ); args=(2, u'course-v1:org.4512+course_4512+Run_4512')
   django.db.backends: DEBUG: (0.000) SELECT (1) AS "a" FROM "django_comment_client_permission" INNER JOIN "django_comment_client_permission_roles" ON ("django_comment_client_permission"."name" = "django_comment_client_permission_roles"."permission_id") WHERE ("django_comment_client_permission_roles"."role_id" = 1  AND "django_comment_client_permission"."name" = edit_content ) LIMIT 1; args=(1, 'edit_content')
   django.db.backends: DEBUG: (0.000) SELECT "django_comment_client_role"."id", "django_comment_client_role"."name", "django_comment_client_role"."course_id" FROM "django_comment_client_role" INNER JOIN "django_comment_client_role_users" ON ("django_comment_client_role"."id" = "django_comment_client_role_users"."role_id") WHERE ("django_comment_client_role_users"."user_id" = 2  AND "django_comment_client_role"."course_id" = course-v1:org.4512+course_4512+Run_4512 ); args=(2, u'course-v1:org.4512+course_4512+Run_4512')
   django.db.backends: DEBUG: (0.000) SELECT (1) AS "a" FROM "django_comment_client_permission" INNER JOIN "django_comment_client_permission_roles" ON ("django_comment_client_permission"."name" = "django_comment_client_permission_roles"."permission_id") WHERE ("django_comment_client_permission_roles"."role_id" = 1  AND "django_comment_client_permission"."name" = update_comment ) LIMIT 1; args=(1, 'update_comment')
   django.db.backends: DEBUG: (0.000) SELECT "django_comment_client_role"."id", "django_comment_client_role"."name", "django_comment_client_role"."course_id" FROM "django_comment_client_role" INNER JOIN "django_comment_client_role_users" ON ("django_comment_client_role"."id" = "django_comment_client_role_users"."role_id") WHERE ("django_comment_client_role_users"."user_id" = 2  AND "django_comment_client_role"."course_id" = course-v1:org.4512+course_4512+Run_4512 ); args=(2, u'course-v1:org.4512+course_4512+Run_4512')
   django.db.backends: DEBUG: (0.000) SELECT (1) AS "a" FROM "django_comment_client_permission" INNER JOIN "django_comment_client_permission_roles" ON ("django_comment_client_permission"."name" = "django_comment_client_permission_roles"."permission_id") WHERE ("django_comment_client_permission_roles"."role_id" = 1  AND "django_comment_client_permission"."name" = create_sub_comment ) LIMIT 1; args=(1, 'create_sub_comment')
   django.db.backends: DEBUG: (0.000) SELECT "django_comment_client_role"."id", "django_comment_client_role"."name", "django_comment_client_role"."course_id" FROM "django_comment_client_role" INNER JOIN "django_comment_client_role_users" ON ("django_comment_client_role"."id" = "django_comment_client_role_users"."role_id") WHERE ("django_comment_client_role_users"."user_id" = 2  AND "django_comment_client_role"."course_id" = course-v1:org.4512+course_4512+Run_4512 ); args=(2, u'course-v1:org.4512+course_4512+Run_4512')
   django.db.backends: DEBUG: (0.000) SELECT (1) AS "a" FROM "django_comment_client_permission" INNER JOIN "django_comment_client_permission_roles" ON ("django_comment_client_permission"."name" = "django_comment_client_permission_roles"."permission_id") WHERE ("django_comment_client_permission_roles"."role_id" = 1  AND "django_comment_client_permission"."name" = delete_comment ) LIMIT 1; args=(1, 'delete_comment')
   django.db.backends: DEBUG: (0.000) SELECT "django_comment_client_role"."id", "django_comment_client_role"."name", "django_comment_client_role"."course_id" FROM "django_comment_client_role" INNER JOIN "django_comment_client_role_users" ON ("django_comment_client_role"."id" = "django_comment_client_role_users"."role_id") WHERE ("django_comment_client_role_users"."user_id" = 2  AND "django_comment_client_role"."course_id" = course-v1:org.4512+course_4512+Run_4512 ); args=(2, u'course-v1:org.4512+course_4512+Run_4512')
   django.db.backends: DEBUG: (0.000) SELECT (1) AS "a" FROM "django_comment_client_permission" INNER JOIN "django_comment_client_permission_roles" ON ("django_comment_client_permission"."name" = "django_comment_client_permission_roles"."permission_id") WHERE ("django_comment_client_permission_roles"."role_id" = 1  AND "django_comment_client_permission"."name" = update_comment ) LIMIT 1; args=(1, 'update_comment')
   django.db.backends: DEBUG: (0.000) SELECT "django_comment_client_role"."id", "django_comment_client_role"."name", "django_comment_client_role"."course_id" FROM "django_comment_client_role" INNER JOIN "django_comment_client_role_users" ON ("django_comment_client_role"."id" = "django_comment_client_role_users"."role_id") WHERE ("django_comment_client_role_users"."user_id" = 2  AND "django_comment_client_role"."course_id" = course-v1:org.4512+course_4512+Run_4512 ); args=(2, u'course-v1:org.4512+course_4512+Run_4512')
   django.db.backends: DEBUG: (0.000) SELECT (1) AS "a" FROM "django_comment_client_permission" INNER JOIN "django_comment_client_permission_roles" ON ("django_comment_client_permission"."name" = "django_comment_client_permission_roles"."permission_id") WHERE ("django_comment_client_permission_roles"."role_id" = 1  AND "django_comment_client_permission"."name" = vote ) LIMIT 1; args=(1, 'vote')
   django.db.backends: DEBUG: (0.000) SELECT "django_comment_client_role"."id", "django_comment_client_role"."name", "django_comment_client_role"."course_id" FROM "django_comment_client_role" INNER JOIN "django_comment_client_role_users" ON ("django_comment_client_role"."id" = "django_comment_client_role_users"."role_id") WHERE ("django_comment_client_role_users"."user_id" = 2  AND "django_comment_client_role"."course_id" = course-v1:org.4512+course_4512+Run_4512 ); args=(2, u'course-v1:org.4512+course_4512+Run_4512')
   django.db.backends: DEBUG: (0.000) SELECT (1) AS "a" FROM "django_comment_client_permission" INNER JOIN "django_comment_client_permission_roles" ON ("django_comment_client_permission"."name" = "django_comment_client_permission_roles"."permission_id") WHERE ("django_comment_client_permission_roles"."role_id" = 1  AND "django_comment_client_permission"."name" = edit_content ) LIMIT 1; args=(1, 'edit_content')
   django.db.backends: DEBUG: (0.000) SELECT "django_comment_client_role"."id", "django_comment_client_role"."name", "django_comment_client_role"."course_id" FROM "django_comment_client_role" INNER JOIN "django_comment_client_role_users" ON ("django_comment_client_role"."id" = "django_comment_client_role_users"."role_id") WHERE ("django_comment_client_role_users"."user_id" = 2  AND "django_comment_client_role"."course_id" = course-v1:org.4512+course_4512+Run_4512 ); args=(2, u'course-v1:org.4512+course_4512+Run_4512')
   django.db.backends: DEBUG: (0.000) SELECT (1) AS "a" FROM "django_comment_client_permission" INNER JOIN "django_comment_client_permission_roles" ON ("django_comment_client_permission"."name" = "django_comment_client_permission_roles"."permission_id") WHERE ("django_comment_client_permission_roles"."role_id" = 1  AND "django_comment_client_permission"."name" = update_comment ) LIMIT 1; args=(1, 'update_comment')
   django.db.backends: DEBUG: (0.000) SELECT "django_comment_client_role"."id", "django_comment_client_role"."name", "django_comment_client_role"."course_id" FROM "django_comment_client_role" INNER JOIN "django_comment_client_role_users" ON ("django_comment_client_role"."id" = "django_comment_client_role_users"."role_id") WHERE ("django_comment_client_role_users"."user_id" = 2  AND "django_comment_client_role"."course_id" = course-v1:org.4512+course_4512+Run_4512 ); args=(2, u'course-v1:org.4512+course_4512+Run_4512')
   django.db.backends: DEBUG: (0.000) SELECT (1) AS "a" FROM "django_comment_client_permission" INNER JOIN "django_comment_client_permission_roles" ON ("django_comment_client_permission"."name" = "django_comment_client_permission_roles"."permission_id") WHERE ("django_comment_client_permission_roles"."role_id" = 1  AND "django_comment_client_permission"."name" = create_sub_comment ) LIMIT 1; args=(1, 'create_sub_comment')
   django.db.backends: DEBUG: (0.000) SELECT "django_comment_client_role"."id", "django_comment_client_role"."name", "django_comment_client_role"."course_id" FROM "django_comment_client_role" INNER JOIN "django_comment_client_role_users" ON ("django_comment_client_role"."id" = "django_comment_client_role_users"."role_id") WHERE ("django_comment_client_role_users"."user_id" = 2  AND "django_comment_client_role"."course_id" = course-v1:org.4512+course_4512+Run_4512 ); args=(2, u'course-v1:org.4512+course_4512+Run_4512')
   django.db.backends: DEBUG: (0.000) SELECT (1) AS "a" FROM "django_comment_client_permission" INNER JOIN "django_comment_client_permission_roles" ON ("django_comment_client_permission"."name" = "django_comment_client_permission_roles"."permission_id") WHERE ("django_comment_client_permission_roles"."role_id" = 1  AND "django_comment_client_permission"."name" = delete_comment ) LIMIT 1; args=(1, 'delete_comment')
   django.db.backends: DEBUG: (0.000) SELECT "django_comment_client_role"."id", "django_comment_client_role"."name", "django_comment_client_role"."course_id" FROM "django_comment_client_role" INNER JOIN "django_comment_client_role_users" ON ("django_comment_client_role"."id" = "django_comment_client_role_users"."role_id") WHERE ("django_comment_client_role_users"."user_id" = 2  AND "django_comment_client_role"."course_id" = course-v1:org.4512+course_4512+Run_4512 ); args=(2, u'course-v1:org.4512+course_4512+Run_4512')
   django.db.backends: DEBUG: (0.000) SELECT (1) AS "a" FROM "django_comment_client_permission" INNER JOIN "django_comment_client_permission_roles" ON ("django_comment_client_permission"."name" = "django_comment_client_permission_roles"."permission_id") WHERE ("django_comment_client_permission_roles"."role_id" = 1  AND "django_comment_client_permission"."name" = update_comment ) LIMIT 1; args=(1, 'update_comment')
   django.db.backends: DEBUG: (0.000) SELECT "django_comment_client_role"."id", "django_comment_client_role"."name", "django_comment_client_role"."course_id" FROM "django_comment_client_role" INNER JOIN "django_comment_client_role_users" ON ("django_comment_client_role"."id" = "django_comment_client_role_users"."role_id") WHERE ("django_comment_client_role_users"."user_id" = 2  AND "django_comment_client_role"."course_id" = course-v1:org.4512+course_4512+Run_4512 ); args=(2, u'course-v1:org.4512+course_4512+Run_4512')
   django.db.backends: DEBUG: (0.000) SELECT (1) AS "a" FROM "django_comment_client_permission" INNER JOIN "django_comment_client_permission_roles" ON ("django_comment_client_permission"."name" = "django_comment_client_permission_roles"."permission_id") WHERE ("django_comment_client_permission_roles"."role_id" = 1  AND "django_comment_client_permission"."name" = vote ) LIMIT 1; args=(1, 'vote')
   django.db.backends: DEBUG: (0.000) SELECT "django_comment_client_role"."id", "django_comment_client_role"."name", "django_comment_client_role"."course_id" FROM "django_comment_client_role" INNER JOIN "django_comment_client_role_users" ON ("django_comment_client_role"."id" = "django_comment_client_role_users"."role_id") WHERE ("django_comment_client_role_users"."user_id" = 2  AND "django_comment_client_role"."course_id" = course-v1:org.4512+course_4512+Run_4512 ); args=(2, u'course-v1:org.4512+course_4512+Run_4512')
   django.db.backends: DEBUG: (0.000) SELECT (1) AS "a" FROM "django_comment_client_permission" INNER JOIN "django_comment_client_permission_roles" ON ("django_comment_client_permission"."name" = "django_comment_client_permission_roles"."permission_id") WHERE ("django_comment_client_permission_roles"."role_id" = 1  AND "django_comment_client_permission"."name" = edit_content ) LIMIT 1; args=(1, 'edit_content')
   django.db.backends: DEBUG: (0.000) SELECT "django_comment_client_role"."id", "django_comment_client_role"."name", "django_comment_client_role"."course_id" FROM "django_comment_client_role" INNER JOIN "django_comment_client_role_users" ON ("django_comment_client_role"."id" = "django_comment_client_role_users"."role_id") WHERE ("django_comment_client_role_users"."user_id" = 2  AND "django_comment_client_role"."course_id" = course-v1:org.4512+course_4512+Run_4512 ); args=(2, u'course-v1:org.4512+course_4512+Run_4512')
   django.db.backends: DEBUG: (0.000) SELECT (1) AS "a" FROM "django_comment_client_permission" INNER JOIN "django_comment_client_permission_roles" ON ("django_comment_client_permission"."name" = "django_comment_client_permission_roles"."permission_id") WHERE ("django_comment_client_permission_roles"."role_id" = 1  AND "django_comment_client_permission"."name" = update_comment ) LIMIT 1; args=(1, 'update_comment')
   django.db.backends: DEBUG: (0.000) SELECT "django_comment_client_role"."id", "django_comment_client_role"."name", "django_comment_client_role"."course_id" FROM "django_comment_client_role" INNER JOIN "django_comment_client_role_users" ON ("django_comment_client_role"."id" = "django_comment_client_role_users"."role_id") WHERE ("django_comment_client_role_users"."user_id" = 2  AND "django_comment_client_role"."course_id" = course-v1:org.4512+course_4512+Run_4512 ); args=(2, u'course-v1:org.4512+course_4512+Run_4512')
   django.db.backends: DEBUG: (0.000) SELECT (1) AS "a" FROM "django_comment_client_permission" INNER JOIN "django_comment_client_permission_roles" ON ("django_comment_client_permission"."name" = "django_comment_client_permission_roles"."permission_id") WHERE ("django_comment_client_permission_roles"."role_id" = 1  AND "django_comment_client_permission"."name" = create_sub_comment ) LIMIT 1; args=(1, 'create_sub_comment')
   django.db.backends: DEBUG: (0.000) SELECT "django_comment_client_role"."id", "django_comment_client_role"."name", "django_comment_client_role"."course_id" FROM "django_comment_client_role" INNER JOIN "django_comment_client_role_users" ON ("django_comment_client_role"."id" = "django_comment_client_role_users"."role_id") WHERE ("django_comment_client_role_users"."user_id" = 2  AND "django_comment_client_role"."course_id" = course-v1:org.4512+course_4512+Run_4512 ); args=(2, u'course-v1:org.4512+course_4512+Run_4512')
   django.db.backends: DEBUG: (0.000) SELECT (1) AS "a" FROM "django_comment_client_permission" INNER JOIN "django_comment_client_permission_roles" ON ("django_comment_client_permission"."name" = "django_comment_client_permission_roles"."permission_id") WHERE ("django_comment_client_permission_roles"."role_id" = 1  AND "django_comment_client_permission"."name" = delete_comment ) LIMIT 1; args=(1, 'delete_comment')
   django.db.backends: DEBUG: (0.000) SELECT "django_comment_client_role"."id", "django_comment_client_role"."name", "django_comment_client_role"."course_id" FROM "django_comment_client_role" INNER JOIN "django_comment_client_role_users" ON ("django_comment_client_role"."id" = "django_comment_client_role_users"."role_id") WHERE ("django_comment_client_role_users"."user_id" = 2  AND "django_comment_client_role"."course_id" = course-v1:org.4512+course_4512+Run_4512 ); args=(2, u'course-v1:org.4512+course_4512+Run_4512')
   django.db.backends: DEBUG: (0.000) SELECT (1) AS "a" FROM "django_comment_client_permission" INNER JOIN "django_comment_client_permission_roles" ON ("django_comment_client_permission"."name" = "django_comment_client_permission_roles"."permission_id") WHERE ("django_comment_client_permission_roles"."role_id" = 1  AND "django_comment_client_permission"."name" = update_comment ) LIMIT 1; args=(1, 'update_comment')
   django.db.backends: DEBUG: (0.000) SELECT "django_comment_client_role"."id", "django_comment_client_role"."name", "django_comment_client_role"."course_id" FROM "django_comment_client_role" INNER JOIN "django_comment_client_role_users" ON ("django_comment_client_role"."id" = "django_comment_client_role_users"."role_id") WHERE ("django_comment_client_role_users"."user_id" = 2  AND "django_comment_client_role"."course_id" = course-v1:org.4512+course_4512+Run_4512 ); args=(2, u'course-v1:org.4512+course_4512+Run_4512')
   django.db.backends: DEBUG: (0.000) SELECT (1) AS "a" FROM "django_comment_client_permission" INNER JOIN "django_comment_client_permission_roles" ON ("django_comment_client_permission"."name" = "django_comment_client_permission_roles"."permission_id") WHERE ("django_comment_client_permission_roles"."role_id" = 1  AND "django_comment_client_permission"."name" = vote ) LIMIT 1; args=(1, 'vote')
   django.db.backends: DEBUG: (0.000) SELECT "django_comment_client_role"."id", "django_comment_client_role"."name", "django_comment_client_role"."course_id" FROM "django_comment_client_role" INNER JOIN "django_comment_client_role_users" ON ("django_comment_client_role"."id" = "django_comment_client_role_users"."role_id") WHERE ("django_comment_client_role_users"."user_id" = 2  AND "django_comment_client_role"."course_id" = course-v1:org.4512+course_4512+Run_4512 ); args=(2, u'course-v1:org.4512+course_4512+Run_4512')
   django.db.backends: DEBUG: (0.000) SELECT (1) AS "a" FROM "django_comment_client_permission" INNER JOIN "django_comment_client_permission_roles" ON ("django_comment_client_permission"."name" = "django_comment_client_permission_roles"."permission_id") WHERE ("django_comment_client_permission_roles"."role_id" = 1  AND "django_comment_client_permission"."name" = edit_content ) LIMIT 1; args=(1, 'edit_content')
   django.db.backends: DEBUG: (0.000) SELECT "django_comment_client_role"."id", "django_comment_client_role"."name", "django_comment_client_role"."course_id" FROM "django_comment_client_role" INNER JOIN "django_comment_client_role_users" ON ("django_comment_client_role"."id" = "django_comment_client_role_users"."role_id") WHERE ("django_comment_client_role_users"."user_id" = 2  AND "django_comment_client_role"."course_id" = course-v1:org.4512+course_4512+Run_4512 ); args=(2, u'course-v1:org.4512+course_4512+Run_4512')
   django.db.backends: DEBUG: (0.000) SELECT (1) AS "a" FROM "django_comment_client_permission" INNER JOIN "django_comment_client_permission_roles" ON ("django_comment_client_permission"."name" = "django_comment_client_permission_roles"."permission_id") WHERE ("django_comment_client_permission_roles"."role_id" = 1  AND "django_comment_client_permission"."name" = update_comment ) LIMIT 1; args=(1, 'update_comment')
   django.db.backends: DEBUG: (0.000) SELECT "django_comment_client_role"."id", "django_comment_client_role"."name", "django_comment_client_role"."course_id" FROM "django_comment_client_role" INNER JOIN "django_comment_client_role_users" ON ("django_comment_client_role"."id" = "django_comment_client_role_users"."role_id") WHERE ("django_comment_client_role_users"."user_id" = 2  AND "django_comment_client_role"."course_id" = course-v1:org.4512+course_4512+Run_4512 ); args=(2, u'course-v1:org.4512+course_4512+Run_4512')
   django.db.backends: DEBUG: (0.000) SELECT (1) AS "a" FROM "django_comment_client_permission" INNER JOIN "django_comment_client_permission_roles" ON ("django_comment_client_permission"."name" = "django_comment_client_permission_roles"."permission_id") WHERE ("django_comment_client_permission_roles"."role_id" = 1  AND "django_comment_client_permission"."name" = create_sub_comment ) LIMIT 1; args=(1, 'create_sub_comment')
   django.db.backends: DEBUG: (0.000) SELECT "django_comment_client_role"."id", "django_comment_client_role"."name", "django_comment_client_role"."course_id" FROM "django_comment_client_role" INNER JOIN "django_comment_client_role_users" ON ("django_comment_client_role"."id" = "django_comment_client_role_users"."role_id") WHERE ("django_comment_client_role_users"."user_id" = 2  AND "django_comment_client_role"."course_id" = course-v1:org.4512+course_4512+Run_4512 ); args=(2, u'course-v1:org.4512+course_4512+Run_4512')
   django.db.backends: DEBUG: (0.000) SELECT (1) AS "a" FROM "django_comment_client_permission" INNER JOIN "django_comment_client_permission_roles" ON ("django_comment_client_permission"."name" = "django_comment_client_permission_roles"."permission_id") WHERE ("django_comment_client_permission_roles"."role_id" = 1  AND "django_comment_client_permission"."name" = delete_comment ) LIMIT 1; args=(1, 'delete_comment')
   django.db.backends: DEBUG: (0.000) SELECT "django_comment_client_role"."id", "django_comment_client_role"."name", "django_comment_client_role"."course_id" FROM "django_comment_client_role" INNER JOIN "django_comment_client_role_users" ON ("django_comment_client_role"."id" = "django_comment_client_role_users"."role_id") WHERE ("django_comment_client_role_users"."user_id" = 2  AND "django_comment_client_role"."course_id" = course-v1:org.4512+course_4512+Run_4512 ); args=(2, u'course-v1:org.4512+course_4512+Run_4512')
   django.db.backends: DEBUG: (0.000) SELECT (1) AS "a" FROM "django_comment_client_permission" INNER JOIN "django_comment_client_permission_roles" ON ("django_comment_client_permission"."name" = "django_comment_client_permission_roles"."permission_id") WHERE ("django_comment_client_permission_roles"."role_id" = 1  AND "django_comment_client_permission"."name" = update_comment ) LIMIT 1; args=(1, 'update_comment')
   django.db.backends: DEBUG: (0.000) SELECT "django_comment_client_role"."id", "django_comment_client_role"."name", "django_comment_client_role"."course_id" FROM "django_comment_client_role" INNER JOIN "django_comment_client_role_users" ON ("django_comment_client_role"."id" = "django_comment_client_role_users"."role_id") WHERE ("django_comment_client_role_users"."user_id" = 2  AND "django_comment_client_role"."course_id" = course-v1:org.4512+course_4512+Run_4512 ); args=(2, u'course-v1:org.4512+course_4512+Run_4512')
   django.db.backends: DEBUG: (0.000) SELECT (1) AS "a" FROM "django_comment_client_permission" INNER JOIN "django_comment_client_permission_roles" ON ("django_comment_client_permission"."name" = "django_comment_client_permission_roles"."permission_id") WHERE ("django_comment_client_permission_roles"."role_id" = 1  AND "django_comment_client_permission"."name" = vote ) LIMIT 1; args=(1, 'vote')
   django.db.backends: DEBUG: (0.000) SELECT "django_comment_client_role"."id", "django_comment_client_role"."name", "django_comment_client_role"."course_id" FROM "django_comment_client_role" INNER JOIN "django_comment_client_role_users" ON ("django_comment_client_role"."id" = "django_comment_client_role_users"."role_id") WHERE ("django_comment_client_role_users"."user_id" = 2  AND "django_comment_client_role"."course_id" = course-v1:org.4512+course_4512+Run_4512 ); args=(2, u'course-v1:org.4512+course_4512+Run_4512')
   django.db.backends: DEBUG: (0.000) SELECT (1) AS "a" FROM "django_comment_client_permission" INNER JOIN "django_comment_client_permission_roles" ON ("django_comment_client_permission"."name" = "django_comment_client_permission_roles"."permission_id") WHERE ("django_comment_client_permission_roles"."role_id" = 1  AND "django_comment_client_permission"."name" = edit_content ) LIMIT 1; args=(1, 'edit_content')
   django.db.backends: DEBUG: (0.000) SELECT "django_comment_client_role"."id", "django_comment_client_role"."name", "django_comment_client_role"."course_id" FROM "django_comment_client_role" INNER JOIN "django_comment_client_role_users" ON ("django_comment_client_role"."id" = "django_comment_client_role_users"."role_id") WHERE ("django_comment_client_role_users"."user_id" = 2  AND "django_comment_client_role"."course_id" = course-v1:org.4512+course_4512+Run_4512 ); args=(2, u'course-v1:org.4512+course_4512+Run_4512')
   django.db.backends: DEBUG: (0.000) SELECT (1) AS "a" FROM "django_comment_client_permission" INNER JOIN "django_comment_client_permission_roles" ON ("django_comment_client_permission"."name" = "django_comment_client_permission_roles"."permission_id") WHERE ("django_comment_client_permission_roles"."role_id" = 1  AND "django_comment_client_permission"."name" = update_comment ) LIMIT 1; args=(1, 'update_comment')
   django.db.backends: DEBUG: (0.000) SELECT "django_comment_client_role"."id", "django_comment_client_role"."name", "django_comment_client_role"."course_id" FROM "django_comment_client_role" INNER JOIN "django_comment_client_role_users" ON ("django_comment_client_role"."id" = "django_comment_client_role_users"."role_id") WHERE ("django_comment_client_role_users"."user_id" = 2  AND "django_comment_client_role"."course_id" = course-v1:org.4512+course_4512+Run_4512 ); args=(2, u'course-v1:org.4512+course_4512+Run_4512')
   django.db.backends: DEBUG: (0.000) SELECT (1) AS "a" FROM "django_comment_client_permission" INNER JOIN "django_comment_client_permission_roles" ON ("django_comment_client_permission"."name" = "django_comment_client_permission_roles"."permission_id") WHERE ("django_comment_client_permission_roles"."role_id" = 1  AND "django_comment_client_permission"."name" = create_sub_comment ) LIMIT 1; args=(1, 'create_sub_comment')
   django.db.backends: DEBUG: (0.000) SELECT "django_comment_client_role"."id", "django_comment_client_role"."name", "django_comment_client_role"."course_id" FROM "django_comment_client_role" INNER JOIN "django_comment_client_role_users" ON ("django_comment_client_role"."id" = "django_comment_client_role_users"."role_id") WHERE ("django_comment_client_role_users"."user_id" = 2  AND "django_comment_client_role"."course_id" = course-v1:org.4512+course_4512+Run_4512 ); args=(2, u'course-v1:org.4512+course_4512+Run_4512')
   django.db.backends: DEBUG: (0.000) SELECT (1) AS "a" FROM "django_comment_client_permission" INNER JOIN "django_comment_client_permission_roles" ON ("django_comment_client_permission"."name" = "django_comment_client_permission_roles"."permission_id") WHERE ("django_comment_client_permission_roles"."role_id" = 1  AND "django_comment_client_permission"."name" = delete_comment ) LIMIT 1; args=(1, 'delete_comment')
   django.db.backends: DEBUG: (0.000) SELECT "django_comment_client_role"."id", "django_comment_client_role"."name", "django_comment_client_role"."course_id" FROM "django_comment_client_role" INNER JOIN "django_comment_client_role_users" ON ("django_comment_client_role"."id" = "django_comment_client_role_users"."role_id") WHERE ("django_comment_client_role_users"."user_id" = 2  AND "django_comment_client_role"."course_id" = course-v1:org.4512+course_4512+Run_4512 ); args=(2, u'course-v1:org.4512+course_4512+Run_4512')
   django.db.backends: DEBUG: (0.000) SELECT (1) AS "a" FROM "django_comment_client_permission" INNER JOIN "django_comment_client_permission_roles" ON ("django_comment_client_permission"."name" = "django_comment_client_permission_roles"."permission_id") WHERE ("django_comment_client_permission_roles"."role_id" = 1  AND "django_comment_client_permission"."name" = update_comment ) LIMIT 1; args=(1, 'update_comment')
   django.db.backends: DEBUG: (0.000) SELECT "django_comment_client_role"."id", "django_comment_client_role"."name", "django_comment_client_role"."course_id" FROM "django_comment_client_role" INNER JOIN "django_comment_client_role_users" ON ("django_comment_client_role"."id" = "django_comment_client_role_users"."role_id") WHERE ("django_comment_client_role_users"."user_id" = 2  AND "django_comment_client_role"."course_id" = course-v1:org.4512+course_4512+Run_4512 ); args=(2, u'course-v1:org.4512+course_4512+Run_4512')
   django.db.backends: DEBUG: (0.000) SELECT (1) AS "a" FROM "django_comment_client_permission" INNER JOIN "django_comment_client_permission_roles" ON ("django_comment_client_permission"."name" = "django_comment_client_permission_roles"."permission_id") WHERE ("django_comment_client_permission_roles"."role_id" = 1  AND "django_comment_client_permission"."name" = vote ) LIMIT 1; args=(1, 'vote')
   django.db.backends: DEBUG: (0.000) SELECT "django_comment_client_role"."id", "django_comment_client_role"."name", "django_comment_client_role"."course_id" FROM "django_comment_client_role" INNER JOIN "django_comment_client_role_users" ON ("django_comment_client_role"."id" = "django_comment_client_role_users"."role_id") WHERE ("django_comment_client_role_users"."user_id" = 2  AND "django_comment_client_role"."course_id" = course-v1:org.4512+course_4512+Run_4512 ); args=(2, u'course-v1:org.4512+course_4512+Run_4512')
   django.db.backends: DEBUG: (0.000) SELECT (1) AS "a" FROM "django_comment_client_permission" INNER JOIN "django_comment_client_permission_roles" ON ("django_comment_client_permission"."name" = "django_comment_client_permission_roles"."permission_id") WHERE ("django_comment_client_permission_roles"."role_id" = 1  AND "django_comment_client_permission"."name" = edit_content ) LIMIT 1; args=(1, 'edit_content')
   django.db.backends: DEBUG: (0.000) SELECT "django_comment_client_role"."id", "django_comment_client_role"."name", "django_comment_client_role"."course_id" FROM "django_comment_client_role" INNER JOIN "django_comment_client_role_users" ON ("django_comment_client_role"."id" = "django_comment_client_role_users"."role_id") WHERE ("django_comment_client_role_users"."user_id" = 2  AND "django_comment_client_role"."course_id" = course-v1:org.4512+course_4512+Run_4512 ); args=(2, u'course-v1:org.4512+course_4512+Run_4512')
   django.db.backends: DEBUG: (0.000) SELECT (1) AS "a" FROM "django_comment_client_permission" INNER JOIN "django_comment_client_permission_roles" ON ("django_comment_client_permission"."name" = "django_comment_client_permission_roles"."permission_id") WHERE ("django_comment_client_permission_roles"."role_id" = 1  AND "django_comment_client_permission"."name" = update_comment ) LIMIT 1; args=(1, 'update_comment')
   django.db.backends: DEBUG: (0.000) SELECT "django_comment_client_role"."id", "django_comment_client_role"."name", "django_comment_client_role"."course_id" FROM "django_comment_client_role" INNER JOIN "django_comment_client_role_users" ON ("django_comment_client_role"."id" = "django_comment_client_role_users"."role_id") WHERE ("django_comment_client_role_users"."user_id" = 2  AND "django_comment_client_role"."course_id" = course-v1:org.4512+course_4512+Run_4512 ); args=(2, u'course-v1:org.4512+course_4512+Run_4512')
   django.db.backends: DEBUG: (0.000) SELECT (1) AS "a" FROM "django_comment_client_permission" INNER JOIN "django_comment_client_permission_roles" ON ("django_comment_client_permission"."name" = "django_comment_client_permission_roles"."permission_id") WHERE ("django_comment_client_permission_roles"."role_id" = 1  AND "django_comment_client_permission"."name" = create_sub_comment ) LIMIT 1; args=(1, 'create_sub_comment')
   django.db.backends: DEBUG: (0.000) SELECT "django_comment_client_role"."id", "django_comment_client_role"."name", "django_comment_client_role"."course_id" FROM "django_comment_client_role" INNER JOIN "django_comment_client_role_users" ON ("django_comment_client_role"."id" = "django_comment_client_role_users"."role_id") WHERE ("django_comment_client_role_users"."user_id" = 2  AND "django_comment_client_role"."course_id" = course-v1:org.4512+course_4512+Run_4512 ); args=(2, u'course-v1:org.4512+course_4512+Run_4512')
   django.db.backends: DEBUG: (0.001) SELECT (1) AS "a" FROM "django_comment_client_permission" INNER JOIN "django_comment_client_permission_roles" ON ("django_comment_client_permission"."name" = "django_comment_client_permission_roles"."permission_id") WHERE ("django_comment_client_permission_roles"."role_id" = 1  AND "django_comment_client_permission"."name" = delete_comment ) LIMIT 1; args=(1, 'delete_comment')
   django.db.backends: DEBUG: (0.000) SELECT "django_comment_client_role"."id", "django_comment_client_role"."name", "django_comment_client_role"."course_id" FROM "django_comment_client_role" INNER JOIN "django_comment_client_role_users" ON ("django_comment_client_role"."id" = "django_comment_client_role_users"."role_id") WHERE ("django_comment_client_role_users"."user_id" = 2  AND "django_comment_client_role"."course_id" = course-v1:org.4512+course_4512+Run_4512 ); args=(2, u'course-v1:org.4512+course_4512+Run_4512')
   django.db.backends: DEBUG: (0.000) SELECT (1) AS "a" FROM "django_comment_client_permission" INNER JOIN "django_comment_client_permission_roles" ON ("django_comment_client_permission"."name" = "django_comment_client_permission_roles"."permission_id") WHERE ("django_comment_client_permission_roles"."role_id" = 1  AND "django_comment_client_permission"."name" = update_comment ) LIMIT 1; args=(1, 'update_comment')
   django.db.backends: DEBUG: (0.000) SELECT "django_comment_client_role"."id", "django_comment_client_role"."name", "django_comment_client_role"."course_id" FROM "django_comment_client_role" INNER JOIN "django_comment_client_role_users" ON ("django_comment_client_role"."id" = "django_comment_client_role_users"."role_id") WHERE ("django_comment_client_role_users"."user_id" = 2  AND "django_comment_client_role"."course_id" = course-v1:org.4512+course_4512+Run_4512 ); args=(2, u'course-v1:org.4512+course_4512+Run_4512')
   django.db.backends: DEBUG: (0.000) SELECT (1) AS "a" FROM "django_comment_client_permission" INNER JOIN "django_comment_client_permission_roles" ON ("django_comment_client_permission"."name" = "django_comment_client_permission_roles"."permission_id") WHERE ("django_comment_client_permission_roles"."role_id" = 1  AND "django_comment_client_permission"."name" = vote ) LIMIT 1; args=(1, 'vote')
   django.db.backends: DEBUG: (0.000) SELECT "django_comment_client_role"."id", "django_comment_client_role"."name", "django_comment_client_role"."course_id" FROM "django_comment_client_role" INNER JOIN "django_comment_client_role_users" ON ("django_comment_client_role"."id" = "django_comment_client_role_users"."role_id") WHERE ("django_comment_client_role_users"."user_id" = 2  AND "django_comment_client_role"."course_id" = course-v1:org.4512+course_4512+Run_4512 ); args=(2, u'course-v1:org.4512+course_4512+Run_4512')
   django.db.backends: DEBUG: (0.000) SELECT (1) AS "a" FROM "django_comment_client_permission" INNER JOIN "django_comment_client_permission_roles" ON ("django_comment_client_permission"."name" = "django_comment_client_permission_roles"."permission_id") WHERE ("django_comment_client_permission_roles"."role_id" = 1  AND "django_comment_client_permission"."name" = edit_content ) LIMIT 1; args=(1, 'edit_content')
   django.db.backends: DEBUG: (0.000) SELECT "django_comment_client_role"."id", "django_comment_client_role"."name", "django_comment_client_role"."course_id" FROM "django_comment_client_role" INNER JOIN "django_comment_client_role_users" ON ("django_comment_client_role"."id" = "django_comment_client_role_users"."role_id") WHERE ("django_comment_client_role_users"."user_id" = 2  AND "django_comment_client_role"."course_id" = course-v1:org.4512+course_4512+Run_4512 ); args=(2, u'course-v1:org.4512+course_4512+Run_4512')
   django.db.backends: DEBUG: (0.000) SELECT (1) AS "a" FROM "django_comment_client_permission" INNER JOIN "django_comment_client_permission_roles" ON ("django_comment_client_permission"."name" = "django_comment_client_permission_roles"."permission_id") WHERE ("django_comment_client_permission_roles"."role_id" = 1  AND "django_comment_client_permission"."name" = update_comment ) LIMIT 1; args=(1, 'update_comment')
   django.db.backends: DEBUG: (0.000) SELECT "django_comment_client_role"."id", "django_comment_client_role"."name", "django_comment_client_role"."course_id" FROM "django_comment_client_role" INNER JOIN "django_comment_client_role_users" ON ("django_comment_client_role"."id" = "django_comment_client_role_users"."role_id") WHERE ("django_comment_client_role_users"."user_id" = 2  AND "django_comment_client_role"."course_id" = course-v1:org.4512+course_4512+Run_4512 ); args=(2, u'course-v1:org.4512+course_4512+Run_4512')
   django.db.backends: DEBUG: (0.000) SELECT (1) AS "a" FROM "django_comment_client_permission" INNER JOIN "django_comment_client_permission_roles" ON ("django_comment_client_permission"."name" = "django_comment_client_permission_roles"."permission_id") WHERE ("django_comment_client_permission_roles"."role_id" = 1  AND "django_comment_client_permission"."name" = create_sub_comment ) LIMIT 1; args=(1, 'create_sub_comment')
   django.db.backends: DEBUG: (0.000) SELECT "django_comment_client_role"."id", "django_comment_client_role"."name", "django_comment_client_role"."course_id" FROM "django_comment_client_role" INNER JOIN "django_comment_client_role_users" ON ("django_comment_client_role"."id" = "django_comment_client_role_users"."role_id") WHERE ("django_comment_client_role_users"."user_id" = 2  AND "django_comment_client_role"."course_id" = course-v1:org.4512+course_4512+Run_4512 ); args=(2, u'course-v1:org.4512+course_4512+Run_4512')
   django.db.backends: DEBUG: (0.000) SELECT (1) AS "a" FROM "django_comment_client_permission" INNER JOIN "django_comment_client_permission_roles" ON ("django_comment_client_permission"."name" = "django_comment_client_permission_roles"."permission_id") WHERE ("django_comment_client_permission_roles"."role_id" = 1  AND "django_comment_client_permission"."name" = delete_comment ) LIMIT 1; args=(1, 'delete_comment')
   django.db.backends: DEBUG: (0.000) SELECT "django_comment_client_role"."id", "django_comment_client_role"."name", "django_comment_client_role"."course_id" FROM "django_comment_client_role" INNER JOIN "django_comment_client_role_users" ON ("django_comment_client_role"."id" = "django_comment_client_role_users"."role_id") WHERE ("django_comment_client_role_users"."user_id" = 2  AND "django_comment_client_role"."course_id" = course-v1:org.4512+course_4512+Run_4512 ); args=(2, u'course-v1:org.4512+course_4512+Run_4512')
   django.db.backends: DEBUG: (0.000) SELECT (1) AS "a" FROM "django_comment_client_permission" INNER JOIN "django_comment_client_permission_roles" ON ("django_comment_client_permission"."name" = "django_comment_client_permission_roles"."permission_id") WHERE ("django_comment_client_permission_roles"."role_id" = 1  AND "django_comment_client_permission"."name" = update_comment ) LIMIT 1; args=(1, 'update_comment')
   django.db.backends: DEBUG: (0.000) SELECT "django_comment_client_role"."id", "django_comment_client_role"."name", "django_comment_client_role"."course_id" FROM "django_comment_client_role" INNER JOIN "django_comment_client_role_users" ON ("django_comment_client_role"."id" = "django_comment_client_role_users"."role_id") WHERE ("django_comment_client_role_users"."user_id" = 2  AND "django_comment_client_role"."course_id" = course-v1:org.4512+course_4512+Run_4512 ); args=(2, u'course-v1:org.4512+course_4512+Run_4512')
   django.db.backends: DEBUG: (0.000) SELECT (1) AS "a" FROM "django_comment_client_permission" INNER JOIN "django_comment_client_permission_roles" ON ("django_comment_client_permission"."name" = "django_comment_client_permission_roles"."permission_id") WHERE ("django_comment_client_permission_roles"."role_id" = 1  AND "django_comment_client_permission"."name" = vote ) LIMIT 1; args=(1, 'vote')
   django.db.backends: DEBUG: (0.000) SELECT "django_comment_client_role"."id", "django_comment_client_role"."name", "django_comment_client_role"."course_id" FROM "django_comment_client_role" INNER JOIN "django_comment_client_role_users" ON ("django_comment_client_role"."id" = "django_comment_client_role_users"."role_id") WHERE ("django_comment_client_role_users"."user_id" = 2  AND "django_comment_client_role"."course_id" = course-v1:org.4512+course_4512+Run_4512 ); args=(2, u'course-v1:org.4512+course_4512+Run_4512')
   django.db.backends: DEBUG: (0.000) SELECT (1) AS "a" FROM "django_comment_client_permission" INNER JOIN "django_comment_client_permission_roles" ON ("django_comment_client_permission"."name" = "django_comment_client_permission_roles"."permission_id") WHERE ("django_comment_client_permission_roles"."role_id" = 1  AND "django_comment_client_permission"."name" = edit_content ) LIMIT 1; args=(1, 'edit_content')
   django.db.backends: DEBUG: (0.000) SELECT "django_comment_client_role"."id", "django_comment_client_role"."name", "django_comment_client_role"."course_id" FROM "django_comment_client_role" INNER JOIN "django_comment_client_role_users" ON ("django_comment_client_role"."id" = "django_comment_client_role_users"."role_id") WHERE ("django_comment_client_role_users"."user_id" = 2  AND "django_comment_client_role"."course_id" = course-v1:org.4512+course_4512+Run_4512 ); args=(2, u'course-v1:org.4512+course_4512+Run_4512')
   django.db.backends: DEBUG: (0.000) SELECT (1) AS "a" FROM "django_comment_client_permission" INNER JOIN "django_comment_client_permission_roles" ON ("django_comment_client_permission"."name" = "django_comment_client_permission_roles"."permission_id") WHERE ("django_comment_client_permission_roles"."role_id" = 1  AND "django_comment_client_permission"."name" = update_comment ) LIMIT 1; args=(1, 'update_comment')
   django.db.backends: DEBUG: (0.000) SELECT "django_comment_client_role"."id", "django_comment_client_role"."name", "django_comment_client_role"."course_id" FROM "django_comment_client_role" INNER JOIN "django_comment_client_role_users" ON ("django_comment_client_role"."id" = "django_comment_client_role_users"."role_id") WHERE ("django_comment_client_role_users"."user_id" = 2  AND "django_comment_client_role"."course_id" = course-v1:org.4512+course_4512+Run_4512 ); args=(2, u'course-v1:org.4512+course_4512+Run_4512')
   django.db.backends: DEBUG: (0.000) SELECT (1) AS "a" FROM "django_comment_client_permission" INNER JOIN "django_comment_client_permission_roles" ON ("django_comment_client_permission"."name" = "django_comment_client_permission_roles"."permission_id") WHERE ("django_comment_client_permission_roles"."role_id" = 1  AND "django_comment_client_permission"."name" = create_sub_comment ) LIMIT 1; args=(1, 'create_sub_comment')
   django.db.backends: DEBUG: (0.000) SELECT "django_comment_client_role"."id", "django_comment_client_role"."name", "django_comment_client_role"."course_id" FROM "django_comment_client_role" INNER JOIN "django_comment_client_role_users" ON ("django_comment_client_role"."id" = "django_comment_client_role_users"."role_id") WHERE ("django_comment_client_role_users"."user_id" = 2  AND "django_comment_client_role"."course_id" = course-v1:org.4512+course_4512+Run_4512 ); args=(2, u'course-v1:org.4512+course_4512+Run_4512')
   django.db.backends: DEBUG: (0.000) SELECT (1) AS "a" FROM "django_comment_client_permission" INNER JOIN "django_comment_client_permission_roles" ON ("django_comment_client_permission"."name" = "django_comment_client_permission_roles"."permission_id") WHERE ("django_comment_client_permission_roles"."role_id" = 1  AND "django_comment_client_permission"."name" = delete_comment ) LIMIT 1; args=(1, 'delete_comment')
   django.db.backends: DEBUG: (0.000) SELECT "django_comment_client_role"."id", "django_comment_client_role"."name", "django_comment_client_role"."course_id" FROM "django_comment_client_role" INNER JOIN "django_comment_client_role_users" ON ("django_comment_client_role"."id" = "django_comment_client_role_users"."role_id") WHERE ("django_comment_client_role_users"."user_id" = 2  AND "django_comment_client_role"."course_id" = course-v1:org.4512+course_4512+Run_4512 ); args=(2, u'course-v1:org.4512+course_4512+Run_4512')
   django.db.backends: DEBUG: (0.000) SELECT (1) AS "a" FROM "django_comment_client_permission" INNER JOIN "django_comment_client_permission_roles" ON ("django_comment_client_permission"."name" = "django_comment_client_permission_roles"."permission_id") WHERE ("django_comment_client_permission_roles"."role_id" = 1  AND "django_comment_client_permission"."name" = update_comment ) LIMIT 1; args=(1, 'update_comment')
   django.db.backends: DEBUG: (0.000) SELECT "django_comment_client_role"."id", "django_comment_client_role"."name", "django_comment_client_role"."course_id" FROM "django_comment_client_role" INNER JOIN "django_comment_client_role_users" ON ("django_comment_client_role"."id" = "django_comment_client_role_users"."role_id") WHERE ("django_comment_client_role_users"."user_id" = 2  AND "django_comment_client_role"."course_id" = course-v1:org.4512+course_4512+Run_4512 ); args=(2, u'course-v1:org.4512+course_4512+Run_4512')
   django.db.backends: DEBUG: (0.000) SELECT (1) AS "a" FROM "django_comment_client_permission" INNER JOIN "django_comment_client_permission_roles" ON ("django_comment_client_permission"."name" = "django_comment_client_permission_roles"."permission_id") WHERE ("django_comment_client_permission_roles"."role_id" = 1  AND "django_comment_client_permission"."name" = vote ) LIMIT 1; args=(1, 'vote')
   django.db.backends: DEBUG: (0.000) SELECT "django_comment_client_role"."id", "django_comment_client_role"."name", "django_comment_client_role"."course_id" FROM "django_comment_client_role" INNER JOIN "django_comment_client_role_users" ON ("django_comment_client_role"."id" = "django_comment_client_role_users"."role_id") WHERE ("django_comment_client_role_users"."user_id" = 2  AND "django_comment_client_role"."course_id" = course-v1:org.4512+course_4512+Run_4512 ); args=(2, u'course-v1:org.4512+course_4512+Run_4512')
   django.db.backends: DEBUG: (0.000) SELECT (1) AS "a" FROM "django_comment_client_permission" INNER JOIN "django_comment_client_permission_roles" ON ("django_comment_client_permission"."name" = "django_comment_client_permission_roles"."permission_id") WHERE ("django_comment_client_permission_roles"."role_id" = 1  AND "django_comment_client_permission"."name" = edit_content ) LIMIT 1; args=(1, 'edit_content')
   django.db.backends: DEBUG: (0.000) SELECT "django_comment_client_role"."id", "django_comment_client_role"."name", "django_comment_client_role"."course_id" FROM "django_comment_client_role" INNER JOIN "django_comment_client_role_users" ON ("django_comment_client_role"."id" = "django_comment_client_role_users"."role_id") WHERE ("django_comment_client_role_users"."user_id" = 2  AND "django_comment_client_role"."course_id" = course-v1:org.4512+course_4512+Run_4512 ); args=(2, u'course-v1:org.4512+course_4512+Run_4512')
   django.db.backends: DEBUG: (0.000) SELECT (1) AS "a" FROM "django_comment_client_permission" INNER JOIN "django_comment_client_permission_roles" ON ("django_comment_client_permission"."name" = "django_comment_client_permission_roles"."permission_id") WHERE ("django_comment_client_permission_roles"."role_id" = 1  AND "django_comment_client_permission"."name" = update_comment ) LIMIT 1; args=(1, 'update_comment')
   django.db.backends: DEBUG: (0.000) SELECT "django_comment_client_role"."id", "django_comment_client_role"."name", "django_comment_client_role"."course_id" FROM "django_comment_client_role" INNER JOIN "django_comment_client_role_users" ON ("django_comment_client_role"."id" = "django_comment_client_role_users"."role_id") WHERE ("django_comment_client_role_users"."user_id" = 2  AND "django_comment_client_role"."course_id" = course-v1:org.4512+course_4512+Run_4512 ); args=(2, u'course-v1:org.4512+course_4512+Run_4512')
   django.db.backends: DEBUG: (0.000) SELECT (1) AS "a" FROM "django_comment_client_permission" INNER JOIN "django_comment_client_permission_roles" ON ("django_comment_client_permission"."name" = "django_comment_client_permission_roles"."permission_id") WHERE ("django_comment_client_permission_roles"."role_id" = 1  AND "django_comment_client_permission"."name" = create_sub_comment ) LIMIT 1; args=(1, 'create_sub_comment')
   django.db.backends: DEBUG: (0.000) SELECT "django_comment_client_role"."id", "django_comment_client_role"."name", "django_comment_client_role"."course_id" FROM "django_comment_client_role" INNER JOIN "django_comment_client_role_users" ON ("django_comment_client_role"."id" = "django_comment_client_role_users"."role_id") WHERE ("django_comment_client_role_users"."user_id" = 2  AND "django_comment_client_role"."course_id" = course-v1:org.4512+course_4512+Run_4512 ); args=(2, u'course-v1:org.4512+course_4512+Run_4512')
   django.db.backends: DEBUG: (0.000) SELECT (1) AS "a" FROM "django_comment_client_permission" INNER JOIN "django_comment_client_permission_roles" ON ("django_comment_client_permission"."name" = "django_comment_client_permission_roles"."permission_id") WHERE ("django_comment_client_permission_roles"."role_id" = 1  AND "django_comment_client_permission"."name" = delete_comment ) LIMIT 1; args=(1, 'delete_comment')
   django.db.backends: DEBUG: (0.000) SELECT "django_comment_client_role"."id", "django_comment_client_role"."name", "django_comment_client_role"."course_id" FROM "django_comment_client_role" INNER JOIN "django_comment_client_role_users" ON ("django_comment_client_role"."id" = "django_comment_client_role_users"."role_id") WHERE ("django_comment_client_role_users"."user_id" = 2  AND "django_comment_client_role"."course_id" = course-v1:org.4512+course_4512+Run_4512 ); args=(2, u'course-v1:org.4512+course_4512+Run_4512')
   django.db.backends: DEBUG: (0.000) SELECT (1) AS "a" FROM "django_comment_client_permission" INNER JOIN "django_comment_client_permission_roles" ON ("django_comment_client_permission"."name" = "django_comment_client_permission_roles"."permission_id") WHERE ("django_comment_client_permission_roles"."role_id" = 1  AND "django_comment_client_permission"."name" = update_comment ) LIMIT 1; args=(1, 'update_comment')
   django.db.backends: DEBUG: (0.000) SELECT "django_comment_client_role"."id", "django_comment_client_role"."name", "django_comment_client_role"."course_id" FROM "django_comment_client_role" INNER JOIN "django_comment_client_role_users" ON ("django_comment_client_role"."id" = "django_comment_client_role_users"."role_id") WHERE ("django_comment_client_role_users"."user_id" = 2  AND "django_comment_client_role"."course_id" = course-v1:org.4512+course_4512+Run_4512 ); args=(2, u'course-v1:org.4512+course_4512+Run_4512')
   django.db.backends: DEBUG: (0.000) SELECT (1) AS "a" FROM "django_comment_client_permission" INNER JOIN "django_comment_client_permission_roles" ON ("django_comment_client_permission"."name" = "django_comment_client_permission_roles"."permission_id") WHERE ("django_comment_client_permission_roles"."role_id" = 1  AND "django_comment_client_permission"."name" = vote ) LIMIT 1; args=(1, 'vote')
   django.db.backends: DEBUG: (0.000) SELECT "django_comment_client_role"."id", "django_comment_client_role"."name", "django_comment_client_role"."course_id" FROM "django_comment_client_role" INNER JOIN "django_comment_client_role_users" ON ("django_comment_client_role"."id" = "django_comment_client_role_users"."role_id") WHERE ("django_comment_client_role_users"."user_id" = 2  AND "django_comment_client_role"."course_id" = course-v1:org.4512+course_4512+Run_4512 ); args=(2, u'course-v1:org.4512+course_4512+Run_4512')
   django.db.backends: DEBUG: (0.000) SELECT (1) AS "a" FROM "django_comment_client_permission" INNER JOIN "django_comment_client_permission_roles" ON ("django_comment_client_permission"."name" = "django_comment_client_permission_roles"."permission_id") WHERE ("django_comment_client_permission_roles"."role_id" = 1  AND "django_comment_client_permission"."name" = edit_content ) LIMIT 1; args=(1, 'edit_content')
   django.db.backends: DEBUG: (0.000) SELECT "django_comment_client_role"."id", "django_comment_client_role"."name", "django_comment_client_role"."course_id" FROM "django_comment_client_role" INNER JOIN "django_comment_client_role_users" ON ("django_comment_client_role"."id" = "django_comment_client_role_users"."role_id") WHERE ("django_comment_client_role_users"."user_id" = 2  AND "django_comment_client_role"."course_id" = course-v1:org.4512+course_4512+Run_4512 ); args=(2, u'course-v1:org.4512+course_4512+Run_4512')
   django.db.backends: DEBUG: (0.000) SELECT (1) AS "a" FROM "django_comment_client_permission" INNER JOIN "django_comment_client_permission_roles" ON ("django_comment_client_permission"."name" = "django_comment_client_permission_roles"."permission_id") WHERE ("django_comment_client_permission_roles"."role_id" = 1  AND "django_comment_client_permission"."name" = update_comment ) LIMIT 1; args=(1, 'update_comment')
   django.db.backends: DEBUG: (0.000) SELECT "django_comment_client_role"."id", "django_comment_client_role"."name", "django_comment_client_role"."course_id" FROM "django_comment_client_role" INNER JOIN "django_comment_client_role_users" ON ("django_comment_client_role"."id" = "django_comment_client_role_users"."role_id") WHERE ("django_comment_client_role_users"."user_id" = 2  AND "django_comment_client_role"."course_id" = course-v1:org.4512+course_4512+Run_4512 ); args=(2, u'course-v1:org.4512+course_4512+Run_4512')
   django.db.backends: DEBUG: (0.000) SELECT (1) AS "a" FROM "django_comment_client_permission" INNER JOIN "django_comment_client_permission_roles" ON ("django_comment_client_permission"."name" = "django_comment_client_permission_roles"."permission_id") WHERE ("django_comment_client_permission_roles"."role_id" = 1  AND "django_comment_client_permission"."name" = create_sub_comment ) LIMIT 1; args=(1, 'create_sub_comment')
   django.db.backends: DEBUG: (0.000) SELECT "django_comment_client_role"."id", "django_comment_client_role"."name", "django_comment_client_role"."course_id" FROM "django_comment_client_role" INNER JOIN "django_comment_client_role_users" ON ("django_comment_client_role"."id" = "django_comment_client_role_users"."role_id") WHERE ("django_comment_client_role_users"."user_id" = 2  AND "django_comment_client_role"."course_id" = course-v1:org.4512+course_4512+Run_4512 ); args=(2, u'course-v1:org.4512+course_4512+Run_4512')
   django.db.backends: DEBUG: (0.000) SELECT (1) AS "a" FROM "django_comment_client_permission" INNER JOIN "django_comment_client_permission_roles" ON ("django_comment_client_permission"."name" = "django_comment_client_permission_roles"."permission_id") WHERE ("django_comment_client_permission_roles"."role_id" = 1  AND "django_comment_client_permission"."name" = delete_comment ) LIMIT 1; args=(1, 'delete_comment')
   django.db.backends: DEBUG: (0.000) SELECT "django_comment_client_role"."id", "django_comment_client_role"."name", "django_comment_client_role"."course_id" FROM "django_comment_client_role" INNER JOIN "django_comment_client_role_users" ON ("django_comment_client_role"."id" = "django_comment_client_role_users"."role_id") WHERE ("django_comment_client_role_users"."user_id" = 2  AND "django_comment_client_role"."course_id" = course-v1:org.4512+course_4512+Run_4512 ); args=(2, u'course-v1:org.4512+course_4512+Run_4512')
   django.db.backends: DEBUG: (0.000) SELECT (1) AS "a" FROM "django_comment_client_permission" INNER JOIN "django_comment_client_permission_roles" ON ("django_comment_client_permission"."name" = "django_comment_client_permission_roles"."permission_id") WHERE ("django_comment_client_permission_roles"."role_id" = 1  AND "django_comment_client_permission"."name" = update_comment ) LIMIT 1; args=(1, 'update_comment')
   django.db.backends: DEBUG: (0.000) SELECT "django_comment_client_role"."id", "django_comment_client_role"."name", "django_comment_client_role"."course_id" FROM "django_comment_client_role" INNER JOIN "django_comment_client_role_users" ON ("django_comment_client_role"."id" = "django_comment_client_role_users"."role_id") WHERE ("django_comment_client_role_users"."user_id" = 2  AND "django_comment_client_role"."course_id" = course-v1:org.4512+course_4512+Run_4512 ); args=(2, u'course-v1:org.4512+course_4512+Run_4512')
   django.db.backends: DEBUG: (0.000) SELECT (1) AS "a" FROM "django_comment_client_permission" INNER JOIN "django_comment_client_permission_roles" ON ("django_comment_client_permission"."name" = "django_comment_client_permission_roles"."permission_id") WHERE ("django_comment_client_permission_roles"."role_id" = 1  AND "django_comment_client_permission"."name" = vote ) LIMIT 1; args=(1, 'vote')
   django.db.backends: DEBUG: (0.000) SELECT "django_comment_client_role"."id", "django_comment_client_role"."name", "django_comment_client_role"."course_id" FROM "django_comment_client_role" INNER JOIN "django_comment_client_role_users" ON ("django_comment_client_role"."id" = "django_comment_client_role_users"."role_id") WHERE ("django_comment_client_role_users"."user_id" = 2  AND "django_comment_client_role"."course_id" = course-v1:org.4512+course_4512+Run_4512 ); args=(2, u'course-v1:org.4512+course_4512+Run_4512')
   django.db.backends: DEBUG: (0.000) SELECT (1) AS "a" FROM "django_comment_client_permission" INNER JOIN "django_comment_client_permission_roles" ON ("django_comment_client_permission"."name" = "django_comment_client_permission_roles"."permission_id") WHERE ("django_comment_client_permission_roles"."role_id" = 1  AND "django_comment_client_permission"."name" = edit_content ) LIMIT 1; args=(1, 'edit_content')
   django.db.backends: DEBUG: (0.000) SELECT "django_comment_client_role"."id", "django_comment_client_role"."name", "django_comment_client_role"."course_id" FROM "django_comment_client_role" INNER JOIN "django_comment_client_role_users" ON ("django_comment_client_role"."id" = "django_comment_client_role_users"."role_id") WHERE ("django_comment_client_role_users"."user_id" = 2  AND "django_comment_client_role"."course_id" = course-v1:org.4512+course_4512+Run_4512 ); args=(2, u'course-v1:org.4512+course_4512+Run_4512')
   django.db.backends: DEBUG: (0.000) SELECT (1) AS "a" FROM "django_comment_client_permission" INNER JOIN "django_comment_client_permission_roles" ON ("django_comment_client_permission"."name" = "django_comment_client_permission_roles"."permission_id") WHERE ("django_comment_client_permission_roles"."role_id" = 1  AND "django_comment_client_permission"."name" = update_comment ) LIMIT 1; args=(1, 'update_comment')
   django.db.backends: DEBUG: (0.000) SELECT "django_comment_client_role"."id", "django_comment_client_role"."name", "django_comment_client_role"."course_id" FROM "django_comment_client_role" INNER JOIN "django_comment_client_role_users" ON ("django_comment_client_role"."id" = "django_comment_client_role_users"."role_id") WHERE ("django_comment_client_role_users"."user_id" = 2  AND "django_comment_client_role"."course_id" = course-v1:org.4512+course_4512+Run_4512 ); args=(2, u'course-v1:org.4512+course_4512+Run_4512')
   django.db.backends: DEBUG: (0.000) SELECT (1) AS "a" FROM "django_comment_client_permission" INNER JOIN "django_comment_client_permission_roles" ON ("django_comment_client_permission"."name" = "django_comment_client_permission_roles"."permission_id") WHERE ("django_comment_client_permission_roles"."role_id" = 1  AND "django_comment_client_permission"."name" = create_sub_comment ) LIMIT 1; args=(1, 'create_sub_comment')
   django.db.backends: DEBUG: (0.000) SELECT "django_comment_client_role"."id", "django_comment_client_role"."name", "django_comment_client_role"."course_id" FROM "django_comment_client_role" INNER JOIN "django_comment_client_role_users" ON ("django_comment_client_role"."id" = "django_comment_client_role_users"."role_id") WHERE ("django_comment_client_role_users"."user_id" = 2  AND "django_comment_client_role"."course_id" = course-v1:org.4512+course_4512+Run_4512 ); args=(2, u'course-v1:org.4512+course_4512+Run_4512')
   django.db.backends: DEBUG: (0.000) SELECT (1) AS "a" FROM "django_comment_client_permission" INNER JOIN "django_comment_client_permission_roles" ON ("django_comment_client_permission"."name" = "django_comment_client_permission_roles"."permission_id") WHERE ("django_comment_client_permission_roles"."role_id" = 1  AND "django_comment_client_permission"."name" = delete_comment ) LIMIT 1; args=(1, 'delete_comment')
   django.db.backends: DEBUG: (0.000) SELECT "django_comment_client_role"."id", "django_comment_client_role"."name", "django_comment_client_role"."course_id" FROM "django_comment_client_role" INNER JOIN "django_comment_client_role_users" ON ("django_comment_client_role"."id" = "django_comment_client_role_users"."role_id") WHERE ("django_comment_client_role_users"."user_id" = 2  AND "django_comment_client_role"."course_id" = course-v1:org.4512+course_4512+Run_4512 ); args=(2, u'course-v1:org.4512+course_4512+Run_4512')
   django.db.backends: DEBUG: (0.001) SELECT (1) AS "a" FROM "django_comment_client_permission" INNER JOIN "django_comment_client_permission_roles" ON ("django_comment_client_permission"."name" = "django_comment_client_permission_roles"."permission_id") WHERE ("django_comment_client_permission_roles"."role_id" = 1  AND "django_comment_client_permission"."name" = update_comment ) LIMIT 1; args=(1, 'update_comment')
   django.db.backends: DEBUG: (0.000) SELECT "django_comment_client_role"."id", "django_comment_client_role"."name", "django_comment_client_role"."course_id" FROM "django_comment_client_role" INNER JOIN "django_comment_client_role_users" ON ("django_comment_client_role"."id" = "django_comment_client_role_users"."role_id") WHERE ("django_comment_client_role_users"."user_id" = 2  AND "django_comment_client_role"."course_id" = course-v1:org.4512+course_4512+Run_4512 ); args=(2, u'course-v1:org.4512+course_4512+Run_4512')
   django.db.backends: DEBUG: (0.001) SELECT (1) AS "a" FROM "django_comment_client_permission" INNER JOIN "django_comment_client_permission_roles" ON ("django_comment_client_permission"."name" = "django_comment_client_permission_roles"."permission_id") WHERE ("django_comment_client_permission_roles"."role_id" = 1  AND "django_comment_client_permission"."name" = vote ) LIMIT 1; args=(1, 'vote')
   django.db.backends: DEBUG: (0.000) SELECT "django_comment_client_role"."id", "django_comment_client_role"."name", "django_comment_client_role"."course_id" FROM "django_comment_client_role" INNER JOIN "django_comment_client_role_users" ON ("django_comment_client_role"."id" = "django_comment_client_role_users"."role_id") WHERE ("django_comment_client_role_users"."user_id" = 2  AND "django_comment_client_role"."course_id" = course-v1:org.4512+course_4512+Run_4512 ); args=(2, u'course-v1:org.4512+course_4512+Run_4512')
   django.db.backends: DEBUG: (0.000) SELECT (1) AS "a" FROM "django_comment_client_permission" INNER JOIN "django_comment_client_permission_roles" ON ("django_comment_client_permission"."name" = "django_comment_client_permission_roles"."permission_id") WHERE ("django_comment_client_permission_roles"."role_id" = 1  AND "django_comment_client_permission"."name" = edit_content ) LIMIT 1; args=(1, 'edit_content')
   django.db.backends: DEBUG: (0.000) SELECT "django_comment_client_role"."id", "django_comment_client_role"."name", "django_comment_client_role"."course_id" FROM "django_comment_client_role" INNER JOIN "django_comment_client_role_users" ON ("django_comment_client_role"."id" = "django_comment_client_role_users"."role_id") WHERE ("django_comment_client_role_users"."user_id" = 2  AND "django_comment_client_role"."course_id" = course-v1:org.4512+course_4512+Run_4512 ); args=(2, u'course-v1:org.4512+course_4512+Run_4512')
   django.db.backends: DEBUG: (0.000) SELECT (1) AS "a" FROM "django_comment_client_permission" INNER JOIN "django_comment_client_permission_roles" ON ("django_comment_client_permission"."name" = "django_comment_client_permission_roles"."permission_id") WHERE ("django_comment_client_permission_roles"."role_id" = 1  AND "django_comment_client_permission"."name" = update_comment ) LIMIT 1; args=(1, 'update_comment')
   django.db.backends: DEBUG: (0.000) SELECT "django_comment_client_role"."id", "django_comment_client_role"."name", "django_comment_client_role"."course_id" FROM "django_comment_client_role" INNER JOIN "django_comment_client_role_users" ON ("django_comment_client_role"."id" = "django_comment_client_role_users"."role_id") WHERE ("django_comment_client_role_users"."user_id" = 2  AND "django_comment_client_role"."course_id" = course-v1:org.4512+course_4512+Run_4512 ); args=(2, u'course-v1:org.4512+course_4512+Run_4512')
   django.db.backends: DEBUG: (0.000) SELECT (1) AS "a" FROM "django_comment_client_permission" INNER JOIN "django_comment_client_permission_roles" ON ("django_comment_client_permission"."name" = "django_comment_client_permission_roles"."permission_id") WHERE ("django_comment_client_permission_roles"."role_id" = 1  AND "django_comment_client_permission"."name" = create_sub_comment ) LIMIT 1; args=(1, 'create_sub_comment')
   django.db.backends: DEBUG: (0.000) SELECT "django_comment_client_role"."id", "django_comment_client_role"."name", "django_comment_client_role"."course_id" FROM "django_comment_client_role" INNER JOIN "django_comment_client_role_users" ON ("django_comment_client_role"."id" = "django_comment_client_role_users"."role_id") WHERE ("django_comment_client_role_users"."user_id" = 2  AND "django_comment_client_role"."course_id" = course-v1:org.4512+course_4512+Run_4512 ); args=(2, u'course-v1:org.4512+course_4512+Run_4512')
   django.db.backends: DEBUG: (0.000) SELECT (1) AS "a" FROM "django_comment_client_permission" INNER JOIN "django_comment_client_permission_roles" ON ("django_comment_client_permission"."name" = "django_comment_client_permission_roles"."permission_id") WHERE ("django_comment_client_permission_roles"."role_id" = 1  AND "django_comment_client_permission"."name" = delete_comment ) LIMIT 1; args=(1, 'delete_comment')
   django.db.backends: DEBUG: (0.000) SELECT "django_comment_client_role"."id", "django_comment_client_role"."name", "django_comment_client_role"."course_id" FROM "django_comment_client_role" INNER JOIN "django_comment_client_role_users" ON ("django_comment_client_role"."id" = "django_comment_client_role_users"."role_id") WHERE ("django_comment_client_role_users"."user_id" = 2  AND "django_comment_client_role"."course_id" = course-v1:org.4512+course_4512+Run_4512 ); args=(2, u'course-v1:org.4512+course_4512+Run_4512')
   django.db.backends: DEBUG: (0.000) SELECT (1) AS "a" FROM "django_comment_client_permission" INNER JOIN "django_comment_client_permission_roles" ON ("django_comment_client_permission"."name" = "django_comment_client_permission_roles"."permission_id") WHERE ("django_comment_client_permission_roles"."role_id" = 1  AND "django_comment_client_permission"."name" = update_comment ) LIMIT 1; args=(1, 'update_comment')
   django.db.backends: DEBUG: (0.000) SELECT "django_comment_client_role"."id", "django_comment_client_role"."name", "django_comment_client_role"."course_id" FROM "django_comment_client_role" INNER JOIN "django_comment_client_role_users" ON ("django_comment_client_role"."id" = "django_comment_client_role_users"."role_id") WHERE ("django_comment_client_role_users"."user_id" = 2  AND "django_comment_client_role"."course_id" = course-v1:org.4512+course_4512+Run_4512 ); args=(2, u'course-v1:org.4512+course_4512+Run_4512')
   django.db.backends: DEBUG: (0.000) SELECT (1) AS "a" FROM "django_comment_client_permission" INNER JOIN "django_comment_client_permission_roles" ON ("django_comment_client_permission"."name" = "django_comment_client_permission_roles"."permission_id") WHERE ("django_comment_client_permission_roles"."role_id" = 1  AND "django_comment_client_permission"."name" = vote ) LIMIT 1; args=(1, 'vote')
   django.db.backends: DEBUG: (0.000) SELECT "course_groups_coursecohortssettings"."id", "course_groups_coursecohortssettings"."is_cohorted", "course_groups_coursecohortssettings"."course_id", "course_groups_coursecohortssettings"."cohorted_discussions", "course_groups_coursecohortssettings"."always_cohort_inline_discussions" FROM "course_groups_coursecohortssettings" WHERE "course_groups_coursecohortssettings"."course_id" = course-v1:org.4512+course_4512+Run_4512 ; args=(u'course-v1:org.4512+course_4512+Run_4512',)
   --------------------- >> end captured logging << ---------------------

-----------------------------------------------------------------------------
9) ERROR: test_full_course_no_students (lms.djangoapps.instructor_analytics.tests.test_basic.TestStudentSubmissionsAnalyticsBasic)

   Traceback (most recent call last):
    lms/djangoapps/instructor_analytics/tests/test_basic.py line 409 in test_full_course_no_students
      self.load_course('edX/simple/2012_Fall')
    lms/djangoapps/instructor_analytics/tests/test_basic.py line 395 in load_course
      self.course = get_course(course_key)
    lms/djangoapps/courseware/courses.py line 61 in get_course
      raise ValueError(u"Course not found: {0}".format(course_id))
   ValueError: Course not found: edX/simple/2012_Fall
   -------------------- >> begin captured logging << --------------------
   root: DEBUG: Using MongoDB for static content serving at host=localhost port=27017 db=xcontent
   xmodule.modulestore.xml: DEBUG: ========> Starting courselike import from toy
   xmodule.modulestore.xml: DEBUG: ========> Done with courselike import from toy
   tracking: INFO: {"username": "", "event_source": "server", "name": "edx.user.settings.changed", "accept_language": "", "time": "2015-05-05T19:42:32.443175+00:00", "agent": "", "page": null, "host": "", "session": "", "referer": "", "context": {}, "ip": "", "event": {"user_id": 1, "truncated": [], "old": false, "setting": "is_staff", "table": "auth_user", "new": true}, "event_type": "edx.user.settings.changed"}
   --------------------- >> end captured logging << ---------------------

-----------------------------------------------------------------------------
10) ERROR: test_invalid_module_state (lms.djangoapps.instructor_analytics.tests.test_basic.TestStudentSubmissionsAnalyticsBasic)

   Traceback (most recent call last):
    lms/djangoapps/instructor_analytics/tests/test_basic.py line 415 in test_invalid_module_state
      self.load_course('edX/graded/2012_Fall')
    lms/djangoapps/instructor_analytics/tests/test_basic.py line 395 in load_course
      self.course = get_course(course_key)
    lms/djangoapps/courseware/courses.py line 61 in get_course
      raise ValueError(u"Course not found: {0}".format(course_id))
   ValueError: Course not found: edX/graded/2012_Fall
   -------------------- >> begin captured logging << --------------------
   root: DEBUG: Using MongoDB for static content serving at host=localhost port=27017 db=xcontent
   xmodule.modulestore.xml: DEBUG: ========> Starting courselike import from toy
   xmodule.modulestore.xml: DEBUG: ========> Done with courselike import from toy
   tracking: INFO: {"username": "", "event_source": "server", "name": "edx.user.settings.changed", "accept_language": "", "time": "2015-05-05T19:42:32.553818+00:00", "agent": "", "page": null, "host": "", "session": "", "referer": "", "context": {}, "ip": "", "event": {"user_id": 1, "truncated": [], "old": false, "setting": "is_staff", "table": "auth_user", "new": true}, "event_type": "edx.user.settings.changed"}
   --------------------- >> end captured logging << ---------------------

-----------------------------------------------------------------------------
11) ERROR: test_unicode (lms.djangoapps.instructor_task.tests.test_tasks_helper.TestReponsesReport)

   Traceback (most recent call last):
    lms/djangoapps/instructor_task/tests/test_tasks_helper.py line 404 in test_unicode
      self.course = get_course_by_id(course_key)
    lms/djangoapps/courseware/courses.py line 79 in get_course_by_id
      raise Http404("Course not found.")
   Http404: Course not found.
   -------------------- >> begin captured logging << --------------------
   root: DEBUG: Using MongoDB for static content serving at host=localhost port=27017 db=xcontent
   xmodule.modulestore.xml: DEBUG: ========> Starting courselike import from toy
   xmodule.modulestore.xml: DEBUG: ========> Done with courselike import from toy
   tracking: INFO: {"username": "", "event_source": "server", "name": "edx.user.settings.changed", "accept_language": "", "time": "2015-05-05T19:43:11.915213+00:00", "agent": "", "page": null, "host": "", "session": "", "referer": "", "context": {}, "ip": "", "event": {"user_id": 1, "truncated": [], "old": false, "setting": "is_staff", "table": "auth_user", "new": true}, "event_type": "edx.user.settings.changed"}
   --------------------- >> end captured logging << ---------------------

-----------------------------------------------------------------------------
12) FAIL: test_reports_rev_chronologically_sorted (lms.djangoapps.instructor_task.tests.test_tasks_helper.TestReportStore)

   Traceback (most recent call last):
    lms/djangoapps/instructor_task/tests/test_tasks_helper.py line 345 in test_reports_rev_chronologically_sorted
      self.assertEquals(filenames, rev_chronological_filenames)
   AssertionError: Lists differ: ['filename4_2015-03-10-0024.cs... != ['filename4_2015-03-10-0024.cs...
   
   First differing element 1:
   filename2_2015-03-10-0022.csv
   filename3_2015-03-10-0023.csv
   
     ['filename4_2015-03-10-0024.csv',
   +  'filename3_2015-03-10-0023.csv',
      'filename2_2015-03-10-0022.csv',
   -  'filename3_2015-03-10-0023.csv',
      'filename1_2015-03-10-0021.csv']
   -------------------- >> begin captured logging << --------------------
   root: DEBUG: Using MongoDB for static content serving at host=localhost port=27017 db=xcontent
   tracking: INFO: {"username": "", "event_source": "server", "name": "edx.user.settings.changed", "accept_language": "", "time": "2015-05-05T19:43:12.060239+00:00", "agent": "", "page": null, "host": "", "session": "", "referer": "", "context": {}, "ip": "", "event": {"user_id": 1, "truncated": [], "old": false, "setting": "is_staff", "table": "auth_user", "new": true}, "event_type": "edx.user.settings.changed"}
   util.models: ERROR: String decompression failed. There may be corrupted data in the database: Incorrect padding
   xmodule.modulestore.django: INFO: Sent course_published signal to <function listen_for_course_publish at 0x6e5b668> with kwargs {'course_key': SlashSeparatedCourseKey('org.5506', 'course_5506', 'Run_5506', None, None)}. Response was: None
   --------------------- >> end captured logging << ---------------------

-----------------------------------------------------------------------------
13) FAIL: test_sneakpeek_success (lms.djangoapps.sneakpeek_deeplink.tests.SneakPeekDeeplinkMiddlewareTests)

   Traceback (most recent call last):
    lms/djangoapps/sneakpeek_deeplink/tests.py line 102 in test_sneakpeek_success
      self.assertSuccessfulSneakPeek(req, self.open_course)
    lms/djangoapps/sneakpeek_deeplink/tests.py line 90 in assertSuccessfulSneakPeek
      self.assertTrue(request.user.is_authenticated())
   AssertionError: False is not true
   -------------------- >> begin captured logging << --------------------
   root: DEBUG: Using MongoDB for static content serving at host=localhost port=27017 db=xcontent
   tracking: INFO: {"username": "", "event_source": "server", "name": "edx.user.settings.changed", "accept_language": "", "time": "2015-05-05T19:45:04.865032+00:00", "agent": "", "page": null, "host": "", "session": "", "referer": "", "context": {}, "ip": "", "event": {"user_id": 1, "truncated": [], "old": false, "setting": "is_staff", "table": "auth_user", "new": true}, "event_type": "edx.user.settings.changed"}
   util.models: ERROR: String decompression failed. There may be corrupted data in the database: Incorrect padding
   xmodule.modulestore.django: INFO: Sent course_published signal to <function listen_for_course_publish at 0x6e5b668> with kwargs {'course_key': SlashSeparatedCourseKey('org.6485', 'course_6485', 'Run_6485', None, None)}. Response was: None
   util.models: ERROR: String decompression failed. There may be corrupted data in the database: Incorrect padding
   xmodule.modulestore.django: INFO: Sent course_published signal to <function listen_for_course_publish at 0x6e5b668> with kwargs {'course_key': SlashSeparatedCourseKey('org.6486', 'course_6486', 'Run_6486', None, None)}. Response was: None
   util.models: ERROR: String decompression failed. There may be corrupted data in the database: Incorrect padding
   xmodule.modulestore.django: INFO: Sent course_published signal to <function listen_for_course_publish at 0x6e5b668> with kwargs {'course_key': SlashSeparatedCourseKey('org.6487', 'course_6487', 'Run_6487', None, None)}. Response was: None
   --------------------- >> end captured logging << ---------------------

-----------------------------------------------------------------------------
14) FAIL: test_microsite_uses_old_login_page (lms.djangoapps.student_account.test.test_views.StudentAccountLoginAndRegistrationTest)

   Traceback (most recent call last):
    /edx/app/edxapp/venvs/edxapp/local/lib/python2.7/site-packages/django/test/utils.py line 215 in inner
      return test_func(*args, **kwargs)
    lms/djangoapps/student_account/test/test_views.py line 467 in test_microsite_uses_old_login_page
      self.assertContains(resp, "Log into your Test Microsite Account")  # AssertionError: Couldn't find 'Log into your Test Microsite Account' in response
    /edx/app/edxapp/venvs/edxapp/local/lib/python2.7/site-packages/django/test/testcases.py line 640 in assertContains
      msg_prefix + "Couldn't find '%s' in response" % text)
   AssertionError: Couldn't find 'Log into your Test Microsite Account' in response
   -------------------- >> begin captured logging << --------------------
   root: DEBUG: Using MongoDB for static content serving at host=localhost port=27017 db=xcontent
   tracking: INFO: {"username": "", "event_source": "server", "name": "edx.user.settings.changed", "accept_language": "", "time": "2015-05-05T19:45:11.062968+00:00", "agent": "", "page": null, "host": "", "session": "", "referer": "", "context": {}, "ip": "", "event": {"user_id": 1, "truncated": [], "old": false, "setting": "is_staff", "table": "auth_user", "new": true}, "event_type": "edx.user.settings.changed"}
   tracking: INFO: {"username": "", "event_type": "/account/login/", "ip": "127.0.0.1", "agent": "", "host": "testserver", "referer": "", "accept_language": "", "event": "{\"POST\": {}, \"GET\": {}}", "event_source": "server", "context": {"user_id": "", "org_id": "", "course_id": "", "path": "/account/login/"}, "time": "2015-05-05T19:45:11.158117+00:00", "page": null}
   --------------------- >> end captured logging << ---------------------

-----------------------------------------------------------------------------
15) FAIL: test_microsite_uses_old_register_page (lms.djangoapps.student_account.test.test_views.StudentAccountLoginAndRegistrationTest)

   Traceback (most recent call last):
    lms/djangoapps/student_account/test/test_views.py line 477 in test_microsite_uses_old_register_page
      self.assertContains(resp, "Register for Test Microsite")  # AssertionError: Couldn't find 'Register for  your Test Microsite Account' in response
    /edx/app/edxapp/venvs/edxapp/local/lib/python2.7/site-packages/django/test/testcases.py line 640 in assertContains
      msg_prefix + "Couldn't find '%s' in response" % text)
   AssertionError: Couldn't find 'Register for Test Microsite' in response
   -------------------- >> begin captured logging << --------------------
   root: DEBUG: Using MongoDB for static content serving at host=localhost port=27017 db=xcontent
   tracking: INFO: {"username": "", "event_source": "server", "name": "edx.user.settings.changed", "accept_language": "", "time": "2015-05-05T19:45:11.291101+00:00", "agent": "", "page": null, "host": "", "session": "", "referer": "", "context": {}, "ip": "", "event": {"user_id": 1, "truncated": [], "old": false, "setting": "is_staff", "table": "auth_user", "new": true}, "event_type": "edx.user.settings.changed"}
   tracking: INFO: {"username": "", "event_type": "/account/register/", "ip": "127.0.0.1", "agent": "", "host": "testserver", "referer": "", "accept_language": "", "event": "{\"POST\": {}, \"GET\": {}}", "event_source": "server", "context": {"user_id": "", "org_id": "", "course_id": "", "path": "/account/register/"}, "time": "2015-05-05T19:45:11.384822+00:00", "page": null}
   --------------------- >> end captured logging << ---------------------

-----------------------------------------------------------------------------
16) FAIL: test_activation_email_exception (cme_registration.tests.registration_tests.TestCmeRegistration)

   Traceback (most recent call last):
    /edx/app/edxapp/venvs/edxapp/local/lib/python2.7/site-packages/mock.py line 1201 in patched
      return func(*args, **keywargs)
    common/djangoapps/cme_registration/tests/registration_tests.py line 560 in test_activation_email_exception
      self.assertContains(response, 'Could not send activation e-mail.')
    /edx/app/edxapp/venvs/edxapp/local/lib/python2.7/site-packages/django/test/testcases.py line 640 in assertContains
      msg_prefix + "Couldn't find '%s' in response" % text)
   AssertionError: Couldn't find 'Could not send activation e-mail.' in response
   -------------------- >> begin captured logging << --------------------
   tracking: INFO: {"username": "", "event_type": "/create_account", "ip": "127.0.0.1", "agent": "", "host": "testserver", "referer": "", "accept_language": "", "event": "{\"POST\": {\"username\": [\"testuser\"], \"sub_specialty\": [\"sub_specialty\"], \"last_name\": [\"Tester\"], \"sunet_id\": [\"sunet_id\"], \"specialty\": [\"specialty\"], \"affiliation\": [\"affiliation\"], \"postal_code\": [\"postal_code\"], \"physician_status\": [\"physician_status\"], \"honor_code\": [\"true\"], \"terms_of_service\": [\"true\"], \"password\": \"********\", \"other_affiliation\": [\"other_affiliation\"], \"license_country\": [\"license_country\"], \"stanford_department\": [\"stanford_department\"], \"middle_initial\": [\"A\"], \"city\": [\"city\"], \"f", "event_source": "server", "context": {"user_id": "", "org_id": "", "course_id": "", "path": "/create_account"}, "time": "2015-05-05T19:45:56.766641+00:00", "page": null}
   mitx.student: WARNING: Unable to send activation email to user
   Traceback (most recent call last):
     File "/edx/app/edxapp/edx-platform/common/djangoapps/cme_registration/views.py", line 161, in cme_create_account
       user.email_user(subject, message, settings.DEFAULT_FROM_EMAIL)
     File "/edx/app/edxapp/venvs/edxapp/local/lib/python2.7/site-packages/mock.py", line 955, in __call__
       return _mock_self._mock_call(*args, **kwargs)
     File "/edx/app/edxapp/venvs/edxapp/local/lib/python2.7/site-packages/mock.py", line 1010, in _mock_call
       raise effect
   Exception
   --------------------- >> end captured logging << ---------------------

-----------------------------------------------------------------------------
17) FAIL: test_address_1_required (cme_registration.tests.registration_tests.TestCmeRegistration)

   Traceback (most recent call last):
    common/djangoapps/cme_registration/tests/registration_tests.py line 280 in test_address_1_required
      self.assertContains(response, '{"field": "address_1", "value": "Enter your Address 1", "success": false}')
    /edx/app/edxapp/venvs/edxapp/local/lib/python2.7/site-packages/django/test/testcases.py line 640 in assertContains
      msg_prefix + "Couldn't find '%s' in response" % text)
   AssertionError: Couldn't find '{"field": "address_1", "value": "Enter your Address 1", "success": false}' in response
   -------------------- >> begin captured logging << --------------------
   tracking: INFO: {"username": "", "event_type": "/create_account", "ip": "127.0.0.1", "agent": "", "host": "testserver", "referer": "", "accept_language": "", "event": "{\"POST\": {\"username\": [\"testuser\"], \"sub_specialty\": [\"sub_specialty\"], \"last_name\": [\"Tester\"], \"sunet_id\": [\"sunet_id\"], \"specialty\": [\"specialty\"], \"affiliation\": [\"affiliation\"], \"postal_code\": [\"postal_code\"], \"physician_status\": [\"physician_status\"], \"honor_code\": [\"true\"], \"terms_of_service\": [\"true\"], \"password\": \"********\", \"other_affiliation\": [\"other_affiliation\"], \"license_country\": [\"license_country\"], \"stanford_department\": [\"stanford_department\"], \"middle_initial\": [\"A\"], \"city\": [\"city\"], \"f", "event_source": "server", "context": {"user_id": "", "org_id": "", "course_id": "", "path": "/create_account"}, "time": "2015-05-05T19:45:56.800379+00:00", "page": null}
   --------------------- >> end captured logging << ---------------------

-----------------------------------------------------------------------------
18) FAIL: test_badly_formed_message (cme_registration.tests.registration_tests.TestCmeRegistration)

   Traceback (most recent call last):
    common/djangoapps/cme_registration/tests/registration_tests.py line 72 in test_badly_formed_message
      self.assertContains(response, '{"field": "username", "value": "Error (401 username). E-mail us.", "success": false}')
    /edx/app/edxapp/venvs/edxapp/local/lib/python2.7/site-packages/django/test/testcases.py line 640 in assertContains
      msg_prefix + "Couldn't find '%s' in response" % text)
   AssertionError: Couldn't find '{"field": "username", "value": "Error (401 username). E-mail us.", "success": false}' in response
   -------------------- >> begin captured logging << --------------------
   tracking: INFO: {"username": "", "event_type": "/create_account", "ip": "127.0.0.1", "agent": "", "host": "testserver", "referer": "", "accept_language": "", "event": "{\"POST\": {}, \"GET\": {}}", "event_source": "server", "context": {"user_id": "", "org_id": "", "course_id": "", "path": "/create_account"}, "time": "2015-05-05T19:45:56.808552+00:00", "page": null}
   --------------------- >> end captured logging << ---------------------

-----------------------------------------------------------------------------
19) FAIL: test_birth_date_format1 (cme_registration.tests.registration_tests.TestCmeRegistration)

   Traceback (most recent call last):
    common/djangoapps/cme_registration/tests/registration_tests.py line 122 in test_birth_date_format1
      self.assertContains(response, '{"field": "birth_date", "value": "Enter your birth date as MM/DD", "success": false}')
    /edx/app/edxapp/venvs/edxapp/local/lib/python2.7/site-packages/django/test/testcases.py line 640 in assertContains
      msg_prefix + "Couldn't find '%s' in response" % text)
   AssertionError: Couldn't find '{"field": "birth_date", "value": "Enter your birth date as MM/DD", "success": false}' in response
   -------------------- >> begin captured logging << --------------------
   tracking: INFO: {"username": "", "event_type": "/create_account", "ip": "127.0.0.1", "agent": "", "host": "testserver", "referer": "", "accept_language": "", "event": "{\"POST\": {\"username\": [\"testuser\"], \"sub_specialty\": [\"sub_specialty\"], \"last_name\": [\"Tester\"], \"sunet_id\": [\"sunet_id\"], \"specialty\": [\"specialty\"], \"affiliation\": [\"affiliation\"], \"postal_code\": [\"postal_code\"], \"physician_status\": [\"physician_status\"], \"honor_code\": [\"true\"], \"terms_of_service\": [\"true\"], \"password\": \"********\", \"other_affiliation\": [\"other_affiliation\"], \"license_country\": [\"license_country\"], \"stanford_department\": [\"stanford_department\"], \"middle_initial\": [\"A\"], \"city\": [\"city\"], \"f", "event_source": "server", "context": {"user_id": "", "org_id": "", "course_id": "", "path": "/create_account"}, "time": "2015-05-05T19:45:56.830609+00:00", "page": null}
   --------------------- >> end captured logging << ---------------------

-----------------------------------------------------------------------------
20) FAIL: test_birth_date_format2 (cme_registration.tests.registration_tests.TestCmeRegistration)

   Traceback (most recent call last):
    common/djangoapps/cme_registration/tests/registration_tests.py line 132 in test_birth_date_format2
      self.assertContains(response, '{"field": "birth_date", "value": "month must be in 1..12", "success": false}')
    /edx/app/edxapp/venvs/edxapp/local/lib/python2.7/site-packages/django/test/testcases.py line 640 in assertContains
      msg_prefix + "Couldn't find '%s' in response" % text)
   AssertionError: Couldn't find '{"field": "birth_date", "value": "month must be in 1..12", "success": false}' in response
   -------------------- >> begin captured logging << --------------------
   tracking: INFO: {"username": "", "event_type": "/create_account", "ip": "127.0.0.1", "agent": "", "host": "testserver", "referer": "", "accept_language": "", "event": "{\"POST\": {\"username\": [\"testuser\"], \"sub_specialty\": [\"sub_specialty\"], \"last_name\": [\"Tester\"], \"sunet_id\": [\"sunet_id\"], \"specialty\": [\"specialty\"], \"affiliation\": [\"affiliation\"], \"postal_code\": [\"postal_code\"], \"physician_status\": [\"physician_status\"], \"honor_code\": [\"true\"], \"terms_of_service\": [\"true\"], \"password\": \"********\", \"other_affiliation\": [\"other_affiliation\"], \"license_country\": [\"license_country\"], \"stanford_department\": [\"stanford_department\"], \"middle_initial\": [\"A\"], \"city\": [\"city\"], \"f", "event_source": "server", "context": {"user_id": "", "org_id": "", "course_id": "", "path": "/create_account"}, "time": "2015-05-05T19:45:56.854138+00:00", "page": null}
   --------------------- >> end captured logging << ---------------------

-----------------------------------------------------------------------------
21) FAIL: test_birth_date_required (cme_registration.tests.registration_tests.TestCmeRegistration)

   Traceback (most recent call last):
    common/djangoapps/cme_registration/tests/registration_tests.py line 112 in test_birth_date_required
      self.assertContains(response, '{"field": "birth_date", "value": "Enter your birth date", "success": false}')
    /edx/app/edxapp/venvs/edxapp/local/lib/python2.7/site-packages/django/test/testcases.py line 640 in assertContains
      msg_prefix + "Couldn't find '%s' in response" % text)
   AssertionError: Couldn't find '{"field": "birth_date", "value": "Enter your birth date", "success": false}' in response
   -------------------- >> begin captured logging << --------------------
   tracking: INFO: {"username": "", "event_type": "/create_account", "ip": "127.0.0.1", "agent": "", "host": "testserver", "referer": "", "accept_language": "", "event": "{\"POST\": {\"username\": [\"testuser\"], \"sub_specialty\": [\"sub_specialty\"], \"last_name\": [\"Tester\"], \"sunet_id\": [\"sunet_id\"], \"specialty\": [\"specialty\"], \"affiliation\": [\"affiliation\"], \"postal_code\": [\"postal_code\"], \"physician_status\": [\"physician_status\"], \"honor_code\": [\"true\"], \"terms_of_service\": [\"true\"], \"password\": \"********\", \"other_affiliation\": [\"other_affiliation\"], \"license_country\": [\"license_country\"], \"stanford_department\": [\"stanford_department\"], \"middle_initial\": [\"A\"], \"city\": [\"city\"], \"f", "event_source": "server", "context": {"user_id": "", "org_id": "", "course_id": "", "path": "/create_account"}, "time": "2015-05-05T19:45:56.882882+00:00", "page": null}
   --------------------- >> end captured logging << ---------------------

-----------------------------------------------------------------------------
22) FAIL: test_city_required (cme_registration.tests.registration_tests.TestCmeRegistration)

   Traceback (most recent call last):
    common/djangoapps/cme_registration/tests/registration_tests.py line 290 in test_city_required
      self.assertContains(response, '{"field": "city", "value": "Enter your city", "success": false}')
    /edx/app/edxapp/venvs/edxapp/local/lib/python2.7/site-packages/django/test/testcases.py line 640 in assertContains
      msg_prefix + "Couldn't find '%s' in response" % text)
   AssertionError: Couldn't find '{"field": "city", "value": "Enter your city", "success": false}' in response
   -------------------- >> begin captured logging << --------------------
   tracking: INFO: {"username": "", "event_type": "/create_account", "ip": "127.0.0.1", "agent": "", "host": "testserver", "referer": "", "accept_language": "", "event": "{\"POST\": {\"username\": [\"testuser\"], \"sub_specialty\": [\"sub_specialty\"], \"last_name\": [\"Tester\"], \"sunet_id\": [\"sunet_id\"], \"specialty\": [\"specialty\"], \"affiliation\": [\"affiliation\"], \"postal_code\": [\"postal_code\"], \"physician_status\": [\"physician_status\"], \"honor_code\": [\"true\"], \"terms_of_service\": [\"true\"], \"password\": \"********\", \"other_affiliation\": [\"other_affiliation\"], \"license_country\": [\"license_country\"], \"stanford_department\": [\"stanford_department\"], \"middle_initial\": [\"A\"], \"city\": [\"\"], \"first", "event_source": "server", "context": {"user_id": "", "org_id": "", "course_id": "", "path": "/create_account"}, "time": "2015-05-05T19:45:56.907360+00:00", "page": null}
   --------------------- >> end captured logging << ---------------------

-----------------------------------------------------------------------------
23) FAIL: test_country_required (cme_registration.tests.registration_tests.TestCmeRegistration)

   Traceback (most recent call last):
    common/djangoapps/cme_registration/tests/registration_tests.py line 300 in test_country_required
      self.assertContains(response, '{"field": "country", "value": "Choose your country", "success": false}')
    /edx/app/edxapp/venvs/edxapp/local/lib/python2.7/site-packages/django/test/testcases.py line 640 in assertContains
      msg_prefix + "Couldn't find '%s' in response" % text)
   AssertionError: Couldn't find '{"field": "country", "value": "Choose your country", "success": false}' in response
   -------------------- >> begin captured logging << --------------------
   tracking: INFO: {"username": "", "event_type": "/create_account", "ip": "127.0.0.1", "agent": "", "host": "testserver", "referer": "", "accept_language": "", "event": "{\"POST\": {\"username\": [\"testuser\"], \"sub_specialty\": [\"sub_specialty\"], \"last_name\": [\"Tester\"], \"sunet_id\": [\"sunet_id\"], \"specialty\": [\"specialty\"], \"affiliation\": [\"affiliation\"], \"postal_code\": [\"postal_code\"], \"physician_status\": [\"physician_status\"], \"honor_code\": [\"true\"], \"terms_of_service\": [\"true\"], \"password\": \"********\", \"other_affiliation\": [\"other_affiliation\"], \"license_country\": [\"license_country\"], \"stanford_department\": [\"stanford_department\"], \"middle_initial\": [\"A\"], \"city\": [\"city\"], \"f", "event_source": "server", "context": {"user_id": "", "org_id": "", "course_id": "", "path": "/create_account"}, "time": "2015-05-05T19:45:56.929323+00:00", "page": null}
   --------------------- >> end captured logging << ---------------------

-----------------------------------------------------------------------------
24) FAIL: test_dupe_username (cme_registration.tests.registration_tests.TestCmeRegistration)

   Traceback (most recent call last):
    common/djangoapps/cme_registration/tests/registration_tests.py line 507 in test_dupe_username
      self.assertContains(response, '{"field": "username", "value": "An account with the Public Username  \'student001\' already exists.", "success": false}')
    /edx/app/edxapp/venvs/edxapp/local/lib/python2.7/site-packages/django/test/testcases.py line 640 in assertContains
      msg_prefix + "Couldn't find '%s' in response" % text)
   AssertionError: Couldn't find '{"field": "username", "value": "An account with the Public Username  'student001' already exists.", "success": false}' in response
   -------------------- >> begin captured logging << --------------------
   tracking: INFO: {"username": "", "event_source": "server", "name": "edx.user.settings.changed", "accept_language": "", "time": "2015-05-05T19:45:57.025402+00:00", "agent": "", "page": null, "host": "", "session": "", "referer": "", "context": {}, "ip": "", "event": {"user_id": 1, "truncated": [], "old": null, "setting": "password", "table": "auth_user", "new": null}, "event_type": "edx.user.settings.changed"}
   tracking: INFO: {"username": "", "event_type": "/create_account", "ip": "127.0.0.1", "agent": "", "host": "testserver", "referer": "", "accept_language": "", "event": "{\"POST\": {\"username\": [\"student001\"], \"sub_specialty\": [\"sub_specialty\"], \"last_name\": [\"Tester\"], \"sunet_id\": [\"sunet_id\"], \"specialty\": [\"specialty\"], \"affiliation\": [\"affiliation\"], \"postal_code\": [\"postal_code\"], \"physician_status\": [\"physician_status\"], \"honor_code\": [\"true\"], \"terms_of_service\": [\"true\"], \"password\": \"********\", \"other_affiliation\": [\"other_affiliation\"], \"license_country\": [\"license_country\"], \"stanford_department\": [\"stanford_department\"], \"middle_initial\": [\"A\"], \"city\": [\"city\"], ", "event_source": "server", "context": {"user_id": "", "org_id": "", "course_id": "", "path": "/create_account"}, "time": "2015-05-05T19:45:57.049589+00:00", "page": null}
   --------------------- >> end captured logging << ---------------------

-----------------------------------------------------------------------------
25) FAIL: test_first_name_required (cme_registration.tests.registration_tests.TestCmeRegistration)

   Traceback (most recent call last):
    common/djangoapps/cme_registration/tests/registration_tests.py line 92 in test_first_name_required
      self.assertContains(response, '{"field": "first_name", "value": "Enter your first name", "success": false}')
    /edx/app/edxapp/venvs/edxapp/local/lib/python2.7/site-packages/django/test/testcases.py line 640 in assertContains
      msg_prefix + "Couldn't find '%s' in response" % text)
   AssertionError: Couldn't find '{"field": "first_name", "value": "Enter your first name", "success": false}' in response
   -------------------- >> begin captured logging << --------------------
   tracking: INFO: {"username": "", "event_type": "/create_account", "ip": "127.0.0.1", "agent": "", "host": "testserver", "referer": "", "accept_language": "", "event": "{\"POST\": {\"username\": [\"testuser\"], \"sub_specialty\": [\"sub_specialty\"], \"last_name\": [\"Tester\"], \"sunet_id\": [\"sunet_id\"], \"specialty\": [\"specialty\"], \"affiliation\": [\"affiliation\"], \"postal_code\": [\"postal_code\"], \"physician_status\": [\"physician_status\"], \"honor_code\": [\"true\"], \"terms_of_service\": [\"true\"], \"password\": \"********\", \"other_affiliation\": [\"other_affiliation\"], \"license_country\": [\"license_country\"], \"stanford_department\": [\"stanford_department\"], \"middle_initial\": [\"A\"], \"city\": [\"city\"], \"f", "event_source": "server", "context": {"user_id": "", "org_id": "", "course_id": "", "path": "/create_account"}, "time": "2015-05-05T19:45:57.074582+00:00", "page": null}
   --------------------- >> end captured logging << ---------------------

-----------------------------------------------------------------------------
26) FAIL: test_honor_code_required (cme_registration.tests.registration_tests.TestCmeRegistration)

   Traceback (most recent call last):
    common/djangoapps/cme_registration/tests/registration_tests.py line 353 in test_honor_code_required
      self.assertContains(response, '{"field": "honor_code", "value": "To enroll, you must follow the honor code.", "success": false}')
    /edx/app/edxapp/venvs/edxapp/local/lib/python2.7/site-packages/django/test/testcases.py line 640 in assertContains
      msg_prefix + "Couldn't find '%s' in response" % text)
   AssertionError: Couldn't find '{"field": "honor_code", "value": "To enroll, you must follow the honor code.", "success": false}' in response
   -------------------- >> begin captured logging << --------------------
   tracking: INFO: {"username": "", "event_type": "/create_account", "ip": "127.0.0.1", "agent": "", "host": "testserver", "referer": "", "accept_language": "", "event": "{\"POST\": {\"username\": [\"testuser\"], \"sub_specialty\": [\"sub_specialty\"], \"last_name\": [\"Tester\"], \"sunet_id\": [\"sunet_id\"], \"specialty\": [\"specialty\"], \"affiliation\": [\"affiliation\"], \"postal_code\": [\"postal_code\"], \"physician_status\": [\"physician_status\"], \"terms_of_service\": [\"true\"], \"password\": \"********\", \"other_affiliation\": [\"other_affiliation\"], \"license_country\": [\"license_country\"], \"stanford_department\": [\"stanford_department\"], \"middle_initial\": [\"A\"], \"city\": [\"city\"], \"first_name\": [\"Chester\"],", "event_source": "server", "context": {"user_id": "", "org_id": "", "course_id": "", "path": "/create_account"}, "time": "2015-05-05T19:45:57.101725+00:00", "page": null}
   --------------------- >> end captured logging << ---------------------

-----------------------------------------------------------------------------
27) FAIL: test_last_name_required (cme_registration.tests.registration_tests.TestCmeRegistration)

   Traceback (most recent call last):
    common/djangoapps/cme_registration/tests/registration_tests.py line 82 in test_last_name_required
      self.assertContains(response, '{"field": "last_name", "value": "Enter your last name", "success": false}')
    /edx/app/edxapp/venvs/edxapp/local/lib/python2.7/site-packages/django/test/testcases.py line 640 in assertContains
      msg_prefix + "Couldn't find '%s' in response" % text)
   AssertionError: Couldn't find '{"field": "last_name", "value": "Enter your last name", "success": false}' in response
   -------------------- >> begin captured logging << --------------------
   tracking: INFO: {"username": "", "event_type": "/create_account", "ip": "127.0.0.1", "agent": "", "host": "testserver", "referer": "", "accept_language": "", "event": "{\"POST\": {\"username\": [\"testuser\"], \"sub_specialty\": [\"sub_specialty\"], \"last_name\": [\"\"], \"sunet_id\": [\"sunet_id\"], \"specialty\": [\"specialty\"], \"affiliation\": [\"affiliation\"], \"postal_code\": [\"postal_code\"], \"physician_status\": [\"physician_status\"], \"honor_code\": [\"true\"], \"terms_of_service\": [\"true\"], \"password\": \"********\", \"other_affiliation\": [\"other_affiliation\"], \"license_country\": [\"license_country\"], \"stanford_department\": [\"stanford_department\"], \"middle_initial\": [\"A\"], \"city\": [\"city\"], \"first_n", "event_source": "server", "context": {"user_id": "", "org_id": "", "course_id": "", "path": "/create_account"}, "time": "2015-05-05T19:45:57.131265+00:00", "page": null}
   --------------------- >> end captured logging << ---------------------

-----------------------------------------------------------------------------
28) FAIL: test_license_country_required (cme_registration.tests.registration_tests.TestCmeRegistration)

   Traceback (most recent call last):
    common/djangoapps/cme_registration/tests/registration_tests.py line 164 in test_license_country_required
      self.assertContains(response, '{"field": "license_country", "value": "Choose your license country", "success": false}')
    /edx/app/edxapp/venvs/edxapp/local/lib/python2.7/site-packages/django/test/testcases.py line 640 in assertContains
      msg_prefix + "Couldn't find '%s' in response" % text)
   AssertionError: Couldn't find '{"field": "license_country", "value": "Choose your license country", "success": false}' in response
   -------------------- >> begin captured logging << --------------------
   tracking: INFO: {"username": "", "event_type": "/create_account", "ip": "127.0.0.1", "agent": "", "host": "testserver", "referer": "", "accept_language": "", "event": "{\"POST\": {\"username\": [\"testuser\"], \"sub_specialty\": [\"sub_specialty\"], \"last_name\": [\"Tester\"], \"sunet_id\": [\"sunet_id\"], \"specialty\": [\"specialty\"], \"affiliation\": [\"affiliation\"], \"postal_code\": [\"postal_code\"], \"physician_status\": [\"physician_status\"], \"honor_code\": [\"true\"], \"terms_of_service\": [\"true\"], \"password\": \"********\", \"other_affiliation\": [\"other_affiliation\"], \"license_country\": [\"\"], \"stanford_department\": [\"stanford_department\"], \"middle_initial\": [\"A\"], \"city\": [\"city\"], \"first_name\": [\"C", "event_source": "server", "context": {"user_id": "", "org_id": "", "course_id": "", "path": "/create_account"}, "time": "2015-05-05T19:45:57.153751+00:00", "page": null}
   --------------------- >> end captured logging << ---------------------

-----------------------------------------------------------------------------
29) FAIL: test_license_number_required (cme_registration.tests.registration_tests.TestCmeRegistration)

   Traceback (most recent call last):
    common/djangoapps/cme_registration/tests/registration_tests.py line 153 in test_license_number_required
      self.assertContains(response, '{"field": "license_number", "value": "Enter your license number", "success": false}')
    /edx/app/edxapp/venvs/edxapp/local/lib/python2.7/site-packages/django/test/testcases.py line 640 in assertContains
      msg_prefix + "Couldn't find '%s' in response" % text)
   AssertionError: Couldn't find '{"field": "license_number", "value": "Enter your license number", "success": false}' in response
   -------------------- >> begin captured logging << --------------------
   tracking: INFO: {"username": "", "event_type": "/create_account", "ip": "127.0.0.1", "agent": "", "host": "testserver", "referer": "", "accept_language": "", "event": "{\"POST\": {\"username\": [\"testuser\"], \"sub_specialty\": [\"sub_specialty\"], \"last_name\": [\"Tester\"], \"sunet_id\": [\"sunet_id\"], \"specialty\": [\"specialty\"], \"affiliation\": [\"affiliation\"], \"postal_code\": [\"postal_code\"], \"physician_status\": [\"physician_status\"], \"honor_code\": [\"true\"], \"terms_of_service\": [\"true\"], \"password\": \"********\", \"other_affiliation\": [\"other_affiliation\"], \"license_country\": [\"license_country\"], \"stanford_department\": [\"stanford_department\"], \"middle_initial\": [\"A\"], \"city\": [\"city\"], \"f", "event_source": "server", "context": {"user_id": "", "org_id": "", "course_id": "", "path": "/create_account"}, "time": "2015-05-05T19:45:57.178078+00:00", "page": null}
   --------------------- >> end captured logging << ---------------------

-----------------------------------------------------------------------------
30) FAIL: test_license_state_required (cme_registration.tests.registration_tests.TestCmeRegistration)

   Traceback (most recent call last):
    common/djangoapps/cme_registration/tests/registration_tests.py line 175 in test_license_state_required
      self.assertContains(response, '{"field": "license_state", "value": "Choose your license state", "success": false}')
    /edx/app/edxapp/venvs/edxapp/local/lib/python2.7/site-packages/django/test/testcases.py line 640 in assertContains
      msg_prefix + "Couldn't find '%s' in response" % text)
   AssertionError: Couldn't find '{"field": "license_state", "value": "Choose your license state", "success": false}' in response
   -------------------- >> begin captured logging << --------------------
   tracking: INFO: {"username": "", "event_type": "/create_account", "ip": "127.0.0.1", "agent": "", "host": "testserver", "referer": "", "accept_language": "", "event": "{\"POST\": {\"username\": [\"testuser\"], \"sub_specialty\": [\"sub_specialty\"], \"last_name\": [\"Tester\"], \"sunet_id\": [\"sunet_id\"], \"specialty\": [\"specialty\"], \"affiliation\": [\"affiliation\"], \"postal_code\": [\"postal_code\"], \"physician_status\": [\"physician_status\"], \"honor_code\": [\"true\"], \"terms_of_service\": [\"true\"], \"password\": \"********\", \"other_affiliation\": [\"other_affiliation\"], \"license_country\": [\"United States\"], \"stanford_department\": [\"stanford_department\"], \"middle_initial\": [\"A\"], \"city\": [\"city\"], \"fir", "event_source": "server", "context": {"user_id": "", "org_id": "", "course_id": "", "path": "/create_account"}, "time": "2015-05-05T19:45:57.202561+00:00", "page": null}
   --------------------- >> end captured logging << ---------------------

-----------------------------------------------------------------------------
31) FAIL: test_middle_initial_length (cme_registration.tests.registration_tests.TestCmeRegistration)

   Traceback (most recent call last):
    common/djangoapps/cme_registration/tests/registration_tests.py line 102 in test_middle_initial_length
      self.assertContains(response, '{"field": "middle_initial", "value": "Enter your middle initial as a single character", "success": false}')
    /edx/app/edxapp/venvs/edxapp/local/lib/python2.7/site-packages/django/test/testcases.py line 640 in assertContains
      msg_prefix + "Couldn't find '%s' in response" % text)
   AssertionError: Couldn't find '{"field": "middle_initial", "value": "Enter your middle initial as a single character", "success": false}' in response
   -------------------- >> begin captured logging << --------------------
   tracking: INFO: {"username": "", "event_type": "/create_account", "ip": "127.0.0.1", "agent": "", "host": "testserver", "referer": "", "accept_language": "", "event": "{\"POST\": {\"username\": [\"testuser\"], \"sub_specialty\": [\"sub_specialty\"], \"last_name\": [\"Tester\"], \"sunet_id\": [\"sunet_id\"], \"specialty\": [\"specialty\"], \"affiliation\": [\"affiliation\"], \"postal_code\": [\"postal_code\"], \"physician_status\": [\"physician_status\"], \"honor_code\": [\"true\"], \"terms_of_service\": [\"true\"], \"password\": \"********\", \"other_affiliation\": [\"other_affiliation\"], \"license_country\": [\"license_country\"], \"stanford_department\": [\"stanford_department\"], \"middle_initial\": [\"ABC\"], \"city\": [\"city\"], ", "event_source": "server", "context": {"user_id": "", "org_id": "", "course_id": "", "path": "/create_account"}, "time": "2015-05-05T19:45:57.229106+00:00", "page": null}
   --------------------- >> end captured logging << ---------------------

-----------------------------------------------------------------------------
32) FAIL: test_patient_population_required (cme_registration.tests.registration_tests.TestCmeRegistration)

   Traceback (most recent call last):
    common/djangoapps/cme_registration/tests/registration_tests.py line 197 in test_patient_population_required
      self.assertContains(response, '{"field": "patient_population", "value": "Choose your patient population", "success": false}')
    /edx/app/edxapp/venvs/edxapp/local/lib/python2.7/site-packages/django/test/testcases.py line 640 in assertContains
      msg_prefix + "Couldn't find '%s' in response" % text)
   AssertionError: Couldn't find '{"field": "patient_population", "value": "Choose your patient population", "success": false}' in response
   -------------------- >> begin captured logging << --------------------
   tracking: INFO: {"username": "", "event_type": "/create_account", "ip": "127.0.0.1", "agent": "", "host": "testserver", "referer": "", "accept_language": "", "event": "{\"POST\": {\"username\": [\"testuser\"], \"sub_specialty\": [\"sub_specialty\"], \"last_name\": [\"Tester\"], \"sunet_id\": [\"sunet_id\"], \"specialty\": [\"specialty\"], \"affiliation\": [\"affiliation\"], \"postal_code\": [\"postal_code\"], \"physician_status\": [\"physician_status\"], \"honor_code\": [\"true\"], \"terms_of_service\": [\"true\"], \"password\": \"********\", \"other_affiliation\": [\"other_affiliation\"], \"license_country\": [\"license_country\"], \"stanford_department\": [\"stanford_department\"], \"middle_initial\": [\"A\"], \"city\": [\"city\"], \"f", "event_source": "server", "context": {"user_id": "", "org_id": "", "course_id": "", "path": "/create_account"}, "time": "2015-05-05T19:45:57.251947+00:00", "page": null}
   --------------------- >> end captured logging << ---------------------

-----------------------------------------------------------------------------
33) FAIL: test_physician_status_required (cme_registration.tests.registration_tests.TestCmeRegistration)

   Traceback (most recent call last):
    common/djangoapps/cme_registration/tests/registration_tests.py line 186 in test_physician_status_required
      self.assertContains(response, '{"field": "physician_status", "value": "Enter your physician status", "success": false}')
    /edx/app/edxapp/venvs/edxapp/local/lib/python2.7/site-packages/django/test/testcases.py line 640 in assertContains
      msg_prefix + "Couldn't find '%s' in response" % text)
   AssertionError: Couldn't find '{"field": "physician_status", "value": "Enter your physician status", "success": false}' in response
   -------------------- >> begin captured logging << --------------------
   tracking: INFO: {"username": "", "event_type": "/create_account", "ip": "127.0.0.1", "agent": "", "host": "testserver", "referer": "", "accept_language": "", "event": "{\"POST\": {\"username\": [\"testuser\"], \"sub_specialty\": [\"sub_specialty\"], \"last_name\": [\"Tester\"], \"sunet_id\": [\"sunet_id\"], \"specialty\": [\"specialty\"], \"affiliation\": [\"affiliation\"], \"postal_code\": [\"postal_code\"], \"physician_status\": [\"\"], \"honor_code\": [\"true\"], \"terms_of_service\": [\"true\"], \"password\": \"********\", \"other_affiliation\": [\"other_affiliation\"], \"license_country\": [\"license_country\"], \"stanford_department\": [\"stanford_department\"], \"middle_initial\": [\"A\"], \"city\": [\"city\"], \"first_name\": [\"Ch", "event_source": "server", "context": {"user_id": "", "org_id": "", "course_id": "", "path": "/create_account"}, "time": "2015-05-05T19:45:57.278046+00:00", "page": null}
   --------------------- >> end captured logging << ---------------------

-----------------------------------------------------------------------------
34) FAIL: test_postal_code_required (cme_registration.tests.registration_tests.TestCmeRegistration)

   Traceback (most recent call last):
    common/djangoapps/cme_registration/tests/registration_tests.py line 321 in test_postal_code_required
      self.assertContains(response, '{"field": "postal_code", "value": "Enter your postal code", "success": false}')
    /edx/app/edxapp/venvs/edxapp/local/lib/python2.7/site-packages/django/test/testcases.py line 640 in assertContains
      msg_prefix + "Couldn't find '%s' in response" % text)
   AssertionError: Couldn't find '{"field": "postal_code", "value": "Enter your postal code", "success": false}' in response
   -------------------- >> begin captured logging << --------------------
   tracking: INFO: {"username": "", "event_type": "/create_account", "ip": "127.0.0.1", "agent": "", "host": "testserver", "referer": "", "accept_language": "", "event": "{\"POST\": {\"username\": [\"testuser\"], \"sub_specialty\": [\"sub_specialty\"], \"last_name\": [\"Tester\"], \"sunet_id\": [\"sunet_id\"], \"specialty\": [\"specialty\"], \"affiliation\": [\"affiliation\"], \"postal_code\": [\"\"], \"physician_status\": [\"physician_status\"], \"honor_code\": [\"true\"], \"terms_of_service\": [\"true\"], \"password\": \"********\", \"other_affiliation\": [\"other_affiliation\"], \"license_country\": [\"license_country\"], \"stanford_department\": [\"stanford_department\"], \"middle_initial\": [\"A\"], \"city\": [\"city\"], \"first_name\":", "event_source": "server", "context": {"user_id": "", "org_id": "", "course_id": "", "path": "/create_account"}, "time": "2015-05-05T19:45:57.302816+00:00", "page": null}
   --------------------- >> end captured logging << ---------------------

-----------------------------------------------------------------------------
35) FAIL: test_professional_designation_required (cme_registration.tests.registration_tests.TestCmeRegistration)

   Traceback (most recent call last):
    common/djangoapps/cme_registration/tests/registration_tests.py line 142 in test_professional_designation_required
      self.assertContains(response, '{"field": "professional_designation", "value": "Choose your professional designation", "success": false}')
    /edx/app/edxapp/venvs/edxapp/local/lib/python2.7/site-packages/django/test/testcases.py line 640 in assertContains
      msg_prefix + "Couldn't find '%s' in response" % text)
   AssertionError: Couldn't find '{"field": "professional_designation", "value": "Choose your professional designation", "success": false}' in response
   -------------------- >> begin captured logging << --------------------
   tracking: INFO: {"username": "", "event_type": "/create_account", "ip": "127.0.0.1", "agent": "", "host": "testserver", "referer": "", "accept_language": "", "event": "{\"POST\": {\"username\": [\"testuser\"], \"sub_specialty\": [\"sub_specialty\"], \"last_name\": [\"Tester\"], \"sunet_id\": [\"sunet_id\"], \"specialty\": [\"specialty\"], \"affiliation\": [\"affiliation\"], \"postal_code\": [\"postal_code\"], \"physician_status\": [\"physician_status\"], \"honor_code\": [\"true\"], \"terms_of_service\": [\"true\"], \"password\": \"********\", \"other_affiliation\": [\"other_affiliation\"], \"license_country\": [\"license_country\"], \"stanford_department\": [\"stanford_department\"], \"middle_initial\": [\"A\"], \"city\": [\"city\"], \"f", "event_source": "server", "context": {"user_id": "", "org_id": "", "course_id": "", "path": "/create_account"}, "time": "2015-05-05T19:45:57.328080+00:00", "page": null}
   --------------------- >> end captured logging << ---------------------

-----------------------------------------------------------------------------
36) FAIL: test_register_page_loads (cme_registration.tests.registration_tests.TestCmeRegistration)

   Traceback (most recent call last):
    common/djangoapps/cme_registration/tests/registration_tests.py line 526 in test_register_page_loads
      self.assertEqual(response.status_code, 200)
   AssertionError: 405 != 200
   -------------------- >> begin captured logging << --------------------
   tracking: INFO: {"username": "", "event_type": "/register", "ip": "127.0.0.1", "agent": "", "host": "testserver", "referer": "", "accept_language": "", "event": "{\"POST\": {}, \"GET\": {}}", "event_source": "server", "context": {"user_id": "", "org_id": "", "course_id": "", "path": "/register"}, "time": "2015-05-05T19:45:57.335972+00:00", "page": null}
   --------------------- >> end captured logging << ---------------------

-----------------------------------------------------------------------------
37) FAIL: test_register_when_logged_in (cme_registration.tests.registration_tests.TestCmeRegistration)

   Traceback (most recent call last):
    common/djangoapps/cme_registration/tests/registration_tests.py line 518 in test_register_when_logged_in
      self.assertRedirects(response, reverse('dashboard'), status_code=302)
    /edx/app/edxapp/venvs/edxapp/local/lib/python2.7/site-packages/django/test/testcases.py line 580 in assertRedirects
      (response.status_code, status_code))
   AssertionError: Response didn't redirect as expected: Response code was 405 (expected 302)
   -------------------- >> begin captured logging << --------------------
   tracking: INFO: {"username": "", "event_source": "server", "name": "edx.user.settings.changed", "accept_language": "", "time": "2015-05-05T19:45:57.342968+00:00", "agent": "", "page": null, "host": "", "session": "", "referer": "", "context": {}, "ip": "", "event": {"user_id": 1, "truncated": [], "old": null, "setting": "password", "table": "auth_user", "new": null}, "event_type": "edx.user.settings.changed"}
   audit: INFO: Login success - student002 (student002@test.com)
   tracking: INFO: {"username": "student002", "event_type": "/register", "ip": "127.0.0.1", "agent": "", "host": "testserver", "referer": "", "accept_language": "", "event": "{\"POST\": {}, \"GET\": {}}", "event_source": "server", "context": {"user_id": 1, "org_id": "", "course_id": "", "path": "/register"}, "time": "2015-05-05T19:45:57.362157+00:00", "page": null}
   --------------------- >> end captured logging << ---------------------

-----------------------------------------------------------------------------
38) FAIL: test_specialty_other (cme_registration.tests.registration_tests.TestCmeRegistration)

   Traceback (most recent call last):
    common/djangoapps/cme_registration/tests/registration_tests.py line 332 in test_specialty_other
      self.assertContains(response, '{"field": "specialty", "value": "Enter your specialty.", "success": false}')
    /edx/app/edxapp/venvs/edxapp/local/lib/python2.7/site-packages/django/test/testcases.py line 640 in assertContains
      msg_prefix + "Couldn't find '%s' in response" % text)
   AssertionError: Couldn't find '{"field": "specialty", "value": "Enter your specialty.", "success": false}' in response
   -------------------- >> begin captured logging << --------------------
   tracking: INFO: {"username": "", "event_type": "/create_account", "ip": "127.0.0.1", "agent": "", "host": "testserver", "referer": "", "accept_language": "", "event": "{\"POST\": {\"username\": [\"testuser\"], \"sub_specialty\": [\"sub_specialty\"], \"last_name\": [\"Tester\"], \"sunet_id\": [\"sunet_id\"], \"specialty\": [\"Other\"], \"affiliation\": [\"affiliation\"], \"specialty_free\": [\"\"], \"postal_code\": [\"postal_code\"], \"physician_status\": [\"physician_status\"], \"honor_code\": [\"true\"], \"terms_of_service\": [\"true\"], \"password\": \"********\", \"other_affiliation\": [\"other_affiliation\"], \"license_country\": [\"license_country\"], \"stanford_department\": [\"stanford_department\"], \"middle_initial\": [\"A\"], ", "event_source": "server", "context": {"user_id": "", "org_id": "", "course_id": "", "path": "/create_account"}, "time": "2015-05-05T19:45:57.462234+00:00", "page": null}
   --------------------- >> end captured logging << ---------------------

-----------------------------------------------------------------------------
39) FAIL: test_specialty_required (cme_registration.tests.registration_tests.TestCmeRegistration)

   Traceback (most recent call last):
    common/djangoapps/cme_registration/tests/registration_tests.py line 208 in test_specialty_required
      self.assertContains(response, '{"field": "specialty", "value": "Choose your specialty", "success": false}')
    /edx/app/edxapp/venvs/edxapp/local/lib/python2.7/site-packages/django/test/testcases.py line 640 in assertContains
      msg_prefix + "Couldn't find '%s' in response" % text)
   AssertionError: Couldn't find '{"field": "specialty", "value": "Choose your specialty", "success": false}' in response
   -------------------- >> begin captured logging << --------------------
   tracking: INFO: {"username": "", "event_type": "/create_account", "ip": "127.0.0.1", "agent": "", "host": "testserver", "referer": "", "accept_language": "", "event": "{\"POST\": {\"username\": [\"testuser\"], \"sub_specialty\": [\"sub_specialty\"], \"last_name\": [\"Tester\"], \"sunet_id\": [\"sunet_id\"], \"specialty\": [\"\"], \"affiliation\": [\"affiliation\"], \"postal_code\": [\"postal_code\"], \"physician_status\": [\"physician_status\"], \"honor_code\": [\"true\"], \"terms_of_service\": [\"true\"], \"password\": \"********\", \"other_affiliation\": [\"other_affiliation\"], \"license_country\": [\"license_country\"], \"stanford_department\": [\"stanford_department\"], \"middle_initial\": [\"A\"], \"city\": [\"city\"], \"first_name", "event_source": "server", "context": {"user_id": "", "org_id": "", "course_id": "", "path": "/create_account"}, "time": "2015-05-05T19:45:57.486761+00:00", "page": null}
   --------------------- >> end captured logging << ---------------------

-----------------------------------------------------------------------------
40) FAIL: test_stanford_department_required (cme_registration.tests.registration_tests.TestCmeRegistration)

   Traceback (most recent call last):
    common/djangoapps/cme_registration/tests/registration_tests.py line 270 in test_stanford_department_required
      self.assertContains(response, '{"field": "stanford_department", "value": "Choose your Stanford department", "success": false}')
    /edx/app/edxapp/venvs/edxapp/local/lib/python2.7/site-packages/django/test/testcases.py line 640 in assertContains
      msg_prefix + "Couldn't find '%s' in response" % text)
   AssertionError: Couldn't find '{"field": "stanford_department", "value": "Choose your Stanford department", "success": false}' in response
   -------------------- >> begin captured logging << --------------------
   tracking: INFO: {"username": "", "event_type": "/create_account", "ip": "127.0.0.1", "agent": "", "host": "testserver", "referer": "", "accept_language": "", "event": "{\"POST\": {\"username\": [\"testuser\"], \"sub_specialty\": [\"sub_specialty\"], \"last_name\": [\"Tester\"], \"sunet_id\": [\"sunet_id\"], \"specialty\": [\"specialty\"], \"affiliation\": [\"Stanford University\"], \"postal_code\": [\"postal_code\"], \"physician_status\": [\"physician_status\"], \"honor_code\": [\"true\"], \"terms_of_service\": [\"true\"], \"password\": \"********\", \"other_affiliation\": [\"other_affiliation\"], \"license_country\": [\"license_country\"], \"stanford_department\": [\"\"], \"middle_initial\": [\"A\"], \"city\": [\"city\"], \"first_name\":", "event_source": "server", "context": {"user_id": "", "org_id": "", "course_id": "", "path": "/create_account"}, "time": "2015-05-05T19:45:57.512059+00:00", "page": null}
   --------------------- >> end captured logging << ---------------------

-----------------------------------------------------------------------------
41) FAIL: test_state_required (cme_registration.tests.registration_tests.TestCmeRegistration)

   Traceback (most recent call last):
    common/djangoapps/cme_registration/tests/registration_tests.py line 311 in test_state_required
      self.assertContains(response, '{"field": "state", "value": "Choose your state", "success": false}')
    /edx/app/edxapp/venvs/edxapp/local/lib/python2.7/site-packages/django/test/testcases.py line 640 in assertContains
      msg_prefix + "Couldn't find '%s' in response" % text)
   AssertionError: Couldn't find '{"field": "state", "value": "Choose your state", "success": false}' in response
   -------------------- >> begin captured logging << --------------------
   tracking: INFO: {"username": "", "event_type": "/create_account", "ip": "127.0.0.1", "agent": "", "host": "testserver", "referer": "", "accept_language": "", "event": "{\"POST\": {\"username\": [\"testuser\"], \"sub_specialty\": [\"sub_specialty\"], \"last_name\": [\"Tester\"], \"sunet_id\": [\"sunet_id\"], \"specialty\": [\"specialty\"], \"affiliation\": [\"affiliation\"], \"postal_code\": [\"postal_code\"], \"physician_status\": [\"physician_status\"], \"honor_code\": [\"true\"], \"terms_of_service\": [\"true\"], \"password\": \"********\", \"other_affiliation\": [\"other_affiliation\"], \"license_country\": [\"license_country\"], \"stanford_department\": [\"stanford_department\"], \"middle_initial\": [\"A\"], \"city\": [\"city\"], \"f", "event_source": "server", "context": {"user_id": "", "org_id": "", "course_id": "", "path": "/create_account"}, "time": "2015-05-05T19:45:57.535638+00:00", "page": null}
   --------------------- >> end captured logging << ---------------------

-----------------------------------------------------------------------------
42) FAIL: test_sub_affiliation_field (cme_registration.tests.registration_tests.TestCmeRegistration)

   Traceback (most recent call last):
    common/djangoapps/cme_registration/tests/registration_tests.py line 248 in test_sub_affiliation_field
      self.assertContains(response, '{"field": "sub_affiliation", "value": "Enter your Packard Children\'s Health Alliance affiliation", "success": false}')
    /edx/app/edxapp/venvs/edxapp/local/lib/python2.7/site-packages/django/test/testcases.py line 640 in assertContains
      msg_prefix + "Couldn't find '%s' in response" % text)
   AssertionError: Couldn't find '{"field": "sub_affiliation", "value": "Enter your Packard Children's Health Alliance affiliation", "success": false}' in response
   -------------------- >> begin captured logging << --------------------
   tracking: INFO: {"username": "", "event_type": "/create_account", "ip": "127.0.0.1", "agent": "", "host": "testserver", "referer": "", "accept_language": "", "event": "{\"POST\": {\"sub_specialty\": [\"sub_specialty\"], \"last_name\": [\"Tester\"], \"affiliation\": [\"Packard Children's Health Alliance\"], \"postal_code\": [\"postal_code\"], \"physician_status\": [\"physician_status\"], \"terms_of_service\": [\"true\"], \"other_affiliation\": [\"other_affiliation\"], \"middle_initial\": [\"A\"], \"city\": [\"city\"], \"first_name\": [\"Chester\"], \"license_number\": [\"license_number\"], \"state\": [\"state\"], \"professional_designation\": [\"professional_designation\"], \"email\": [\"test@email.com\"], \"license_state\": [\"lice", "event_source": "server", "context": {"user_id": "", "org_id": "", "course_id": "", "path": "/create_account"}, "time": "2015-05-05T19:45:57.562365+00:00", "page": null}
   --------------------- >> end captured logging << ---------------------

-----------------------------------------------------------------------------
43) FAIL: test_sub_specialty_other (cme_registration.tests.registration_tests.TestCmeRegistration)

   Traceback (most recent call last):
    common/djangoapps/cme_registration/tests/registration_tests.py line 343 in test_sub_specialty_other
      self.assertContains(response, '{"field": "sub_specialty", "value": "Enter your sub-specialty.", "success": false}')
    /edx/app/edxapp/venvs/edxapp/local/lib/python2.7/site-packages/django/test/testcases.py line 640 in assertContains
      msg_prefix + "Couldn't find '%s' in response" % text)
   AssertionError: Couldn't find '{"field": "sub_specialty", "value": "Enter your sub-specialty.", "success": false}' in response
   -------------------- >> begin captured logging << --------------------
   tracking: INFO: {"username": "", "event_type": "/create_account", "ip": "127.0.0.1", "agent": "", "host": "testserver", "referer": "", "accept_language": "", "event": "{\"POST\": {\"username\": [\"testuser\"], \"sub_specialty\": [\"Other\"], \"last_name\": [\"Tester\"], \"sunet_id\": [\"sunet_id\"], \"specialty\": [\"specialty\"], \"license_state\": [\"license_state\"], \"affiliation\": [\"affiliation\"], \"postal_code\": [\"postal_code\"], \"physician_status\": [\"physician_status\"], \"honor_code\": [\"true\"], \"terms_of_service\": [\"true\"], \"password\": \"********\", \"other_affiliation\": [\"other_affiliation\"], \"license_country\": [\"license_country\"], \"stanford_department\": [\"stanford_department\"], \"middle_initial\":", "event_source": "server", "context": {"user_id": "", "org_id": "", "course_id": "", "path": "/create_account"}, "time": "2015-05-05T19:45:57.627556+00:00", "page": null}
   --------------------- >> end captured logging << ---------------------

-----------------------------------------------------------------------------
44) FAIL: test_sunet_id_required (cme_registration.tests.registration_tests.TestCmeRegistration)

   Traceback (most recent call last):
    common/djangoapps/cme_registration/tests/registration_tests.py line 259 in test_sunet_id_required
      self.assertContains(response, '{"field": "sunet_id", "value": "Enter your SUNet ID", "success": false}')
    /edx/app/edxapp/venvs/edxapp/local/lib/python2.7/site-packages/django/test/testcases.py line 640 in assertContains
      msg_prefix + "Couldn't find '%s' in response" % text)
   AssertionError: Couldn't find '{"field": "sunet_id", "value": "Enter your SUNet ID", "success": false}' in response
   -------------------- >> begin captured logging << --------------------
   tracking: INFO: {"username": "", "event_type": "/create_account", "ip": "127.0.0.1", "agent": "", "host": "testserver", "referer": "", "accept_language": "", "event": "{\"POST\": {\"username\": [\"testuser\"], \"sub_specialty\": [\"sub_specialty\"], \"last_name\": [\"Tester\"], \"sunet_id\": [\"\"], \"specialty\": [\"specialty\"], \"affiliation\": [\"Stanford University\"], \"postal_code\": [\"postal_code\"], \"physician_status\": [\"physician_status\"], \"honor_code\": [\"true\"], \"terms_of_service\": [\"true\"], \"password\": \"********\", \"other_affiliation\": [\"other_affiliation\"], \"license_country\": [\"license_country\"], \"stanford_department\": [\"stanford_department\"], \"middle_initial\": [\"A\"], \"city\": [\"city\"], \"f", "event_source": "server", "context": {"user_id": "", "org_id": "", "course_id": "", "path": "/create_account"}, "time": "2015-05-05T19:45:57.652904+00:00", "page": null}
   --------------------- >> end captured logging << ---------------------

-----------------------------------------------------------------------------
45) FAIL: test_tos_required (cme_registration.tests.registration_tests.TestCmeRegistration)

   Traceback (most recent call last):
    common/djangoapps/cme_registration/tests/registration_tests.py line 363 in test_tos_required
      self.assertContains(response, '{"field": "terms_of_service", "value": "You must accept the terms of service.", "success": false}')
    /edx/app/edxapp/venvs/edxapp/local/lib/python2.7/site-packages/django/test/testcases.py line 640 in assertContains
      msg_prefix + "Couldn't find '%s' in response" % text)
   AssertionError: Couldn't find '{"field": "terms_of_service", "value": "You must accept the terms of service.", "success": false}' in response
   -------------------- >> begin captured logging << --------------------
   tracking: INFO: {"username": "", "event_type": "/create_account", "ip": "127.0.0.1", "agent": "", "host": "testserver", "referer": "", "accept_language": "", "event": "{\"POST\": {\"username\": [\"testuser\"], \"sub_specialty\": [\"sub_specialty\"], \"last_name\": [\"Tester\"], \"sunet_id\": [\"sunet_id\"], \"specialty\": [\"specialty\"], \"affiliation\": [\"affiliation\"], \"postal_code\": [\"postal_code\"], \"physician_status\": [\"physician_status\"], \"honor_code\": [\"true\"], \"password\": \"********\", \"other_affiliation\": [\"other_affiliation\"], \"license_country\": [\"license_country\"], \"stanford_department\": [\"stanford_department\"], \"middle_initial\": [\"A\"], \"city\": [\"city\"], \"first_name\": [\"Chester\"], \"name", "event_source": "server", "context": {"user_id": "", "org_id": "", "course_id": "", "path": "/create_account"}, "time": "2015-05-05T19:45:57.675998+00:00", "page": null}
   --------------------- >> end captured logging << ---------------------

-----------------------------------------------------------------------------
46) FAIL: test_valid_email (cme_registration.tests.registration_tests.TestCmeRegistration)

   Traceback (most recent call last):
    common/djangoapps/cme_registration/tests/registration_tests.py line 485 in test_valid_email
      self.assertContains(response, '{"field": "email", "value": "Valid e-mail is required.", "success": false}')
    /edx/app/edxapp/venvs/edxapp/local/lib/python2.7/site-packages/django/test/testcases.py line 640 in assertContains
      msg_prefix + "Couldn't find '%s' in response" % text)
   AssertionError: Couldn't find '{"field": "email", "value": "Valid e-mail is required.", "success": false}' in response
   -------------------- >> begin captured logging << --------------------
   tracking: INFO: {"username": "", "event_type": "/create_account", "ip": "127.0.0.1", "agent": "", "host": "testserver", "referer": "", "accept_language": "", "event": "{\"POST\": {\"username\": [\"testuser\"], \"sub_specialty\": [\"sub_specialty\"], \"last_name\": [\"Tester\"], \"sunet_id\": [\"sunet_id\"], \"specialty\": [\"specialty\"], \"affiliation\": [\"affiliation\"], \"postal_code\": [\"postal_code\"], \"physician_status\": [\"physician_status\"], \"honor_code\": [\"true\"], \"terms_of_service\": [\"true\"], \"password\": \"********\", \"other_affiliation\": [\"other_affiliation\"], \"license_country\": [\"license_country\"], \"stanford_department\": [\"stanford_department\"], \"middle_initial\": [\"A\"], \"city\": [\"city\"], \"f", "event_source": "server", "context": {"user_id": "", "org_id": "", "course_id": "", "path": "/create_account"}, "time": "2015-05-05T19:45:57.700457+00:00", "page": null}
   --------------------- >> end captured logging << ---------------------

-----------------------------------------------------------------------------
47) FAIL: test_valid_username (cme_registration.tests.registration_tests.TestCmeRegistration)

   Traceback (most recent call last):
    common/djangoapps/cme_registration/tests/registration_tests.py line 495 in test_valid_username
      self.assertContains(response, '{"field": "username", "value": "Username should only consist of A-Z and 0-9, with no spaces.", "success": false}')
    /edx/app/edxapp/venvs/edxapp/local/lib/python2.7/site-packages/django/test/testcases.py line 640 in assertContains
      msg_prefix + "Couldn't find '%s' in response" % text)
   AssertionError: Couldn't find '{"field": "username", "value": "Username should only consist of A-Z and 0-9, with no spaces.", "success": false}' in response
   -------------------- >> begin captured logging << --------------------
   tracking: INFO: {"username": "", "event_type": "/create_account", "ip": "127.0.0.1", "agent": "", "host": "testserver", "referer": "", "accept_language": "", "event": "{\"POST\": {\"username\": [\" $%$%$# \"], \"sub_specialty\": [\"sub_specialty\"], \"last_name\": [\"Tester\"], \"sunet_id\": [\"sunet_id\"], \"specialty\": [\"specialty\"], \"affiliation\": [\"affiliation\"], \"postal_code\": [\"postal_code\"], \"physician_status\": [\"physician_status\"], \"honor_code\": [\"true\"], \"terms_of_service\": [\"true\"], \"password\": \"********\", \"other_affiliation\": [\"other_affiliation\"], \"license_country\": [\"license_country\"], \"stanford_department\": [\"stanford_department\"], \"middle_initial\": [\"A\"], \"city\": [\"city\"], \"f", "event_source": "server", "context": {"user_id": "", "org_id": "", "course_id": "", "path": "/create_account"}, "time": "2015-05-05T19:45:57.723474+00:00", "page": null}
   --------------------- >> end captured logging << ---------------------

-----------------------------------------------------------------------------
48) FAIL: test_activation_email (student.tests.test_email.ActivationEmailTests)

   Traceback (most recent call last):
    common/djangoapps/student/tests/test_email.py line 146 in test_activation_email
      self._assert_activation_email(self.ACTIVATION_SUBJECT, self.OPENEDX_FRAGMENTS)
    common/djangoapps/student/tests/test_email.py line 177 in _assert_activation_email
      self.assertEqual(msg.subject, subject)
   AssertionError: u'Activate Your Your Account Name Here Account' != 'Activate Your edX Account'
   -------------------- >> begin captured logging << --------------------
   tracking: INFO: {"username": "", "event_type": "/create_account", "ip": "127.0.0.1", "agent": "", "host": "testserver", "referer": "", "accept_language": "", "event": "{\"POST\": {\"username\": [\"test_user\"], \"name\": [\"Test User\"], \"honor_code\": [\"True\"], \"terms_of_service\": [\"True\"], \"password\": \"********\", \"email\": [\"test_user@example.com\"]}, \"GET\": {}}", "event_source": "server", "context": {"user_id": "", "org_id": "", "course_id": "", "path": "/create_account"}, "time": "2015-05-05T19:47:08.896841+00:00", "page": null}
   tracking: INFO: {"username": "", "event_source": "server", "name": "edx.user.settings.changed", "accept_language": "", "time": "2015-05-05T19:47:08.918740+00:00", "agent": "", "page": null, "host": "testserver", "session": "", "referer": "", "context": {"user_id": "", "org_id": "", "course_id": "", "path": "/create_account"}, "ip": "127.0.0.1", "event": {"user_id": 1, "truncated": [], "old": null, "setting": "pref-lang", "table": "user_api_userpreference", "new": "en"}, "event_type": "edx.user.settings.changed"}
   audit: INFO: Login success - test_user (test_user@example.com)
   audit: INFO: Login success on new account creation - test_user
   --------------------- >> end captured logging << ---------------------

-----------------------------------------------------------------------------
49) FAIL: test_activation_email_edx_domain (student.tests.test_email.ActivationEmailTests)

   Traceback (most recent call last):
    /edx/app/edxapp/venvs/edxapp/local/lib/python2.7/site-packages/mock.py line 1618 in _inner
      return f(*args, **kw)
    common/djangoapps/student/tests/test_email.py line 151 in test_activation_email_edx_domain
      self._assert_activation_email(self.ACTIVATION_SUBJECT, self.EDX_DOMAIN_FRAGMENTS)
    common/djangoapps/student/tests/test_email.py line 177 in _assert_activation_email
      self.assertEqual(msg.subject, subject)
   AssertionError: u'Activate Your Your Account Name Here Account' != 'Activate Your edX Account'
   -------------------- >> begin captured logging << --------------------
   tracking: INFO: {"username": "", "event_type": "/create_account", "ip": "127.0.0.1", "agent": "", "host": "testserver", "referer": "", "accept_language": "", "event": "{\"POST\": {\"username\": [\"test_user\"], \"name\": [\"Test User\"], \"honor_code\": [\"True\"], \"terms_of_service\": [\"True\"], \"password\": \"********\", \"email\": [\"test_user@example.com\"]}, \"GET\": {}}", "event_source": "server", "context": {"user_id": "", "org_id": "", "course_id": "", "path": "/create_account"}, "time": "2015-05-05T19:47:08.940624+00:00", "page": null}
   tracking: INFO: {"username": "", "event_source": "server", "name": "edx.user.settings.changed", "accept_language": "", "time": "2015-05-05T19:47:08.953902+00:00", "agent": "", "page": null, "host": "testserver", "session": "", "referer": "", "context": {"user_id": "", "org_id": "", "course_id": "", "path": "/create_account"}, "ip": "127.0.0.1", "event": {"user_id": 1, "truncated": [], "old": null, "setting": "pref-lang", "table": "user_api_userpreference", "new": "en"}, "event_type": "edx.user.settings.changed"}
   audit: INFO: Login success - test_user (test_user@example.com)
   audit: INFO: Login success on new account creation - test_user
   --------------------- >> end captured logging << ---------------------

-----------------------------------------------------------------------------
50) FAIL: test_externalauth_login_required_course_context (student.tests.test_login.ExternalAuthShibTest)

   Traceback (most recent call last):
    common/djangoapps/student/tests/test_login.py line 429 in test_externalauth_login_required_course_context
      platform_name=settings.PLATFORM_NAME,
    /edx/app/edxapp/venvs/edxapp/local/lib/python2.7/site-packages/django/test/testcases.py line 640 in assertContains
      msg_prefix + "Couldn't find '%s' in response" % text)
   AssertionError: Couldn't find 'Log into your Your Account Name Here Account | edX' in response
   -------------------- >> begin captured logging << --------------------
   root: DEBUG: Using MongoDB for static content serving at host=localhost port=27017 db=xcontent
   tracking: INFO: {"username": "", "event_source": "server", "name": "edx.user.settings.changed", "accept_language": "", "time": "2015-05-05T19:47:16.256431+00:00", "agent": "", "page": null, "host": "", "session": "", "referer": "", "context": {}, "ip": "", "event": {"user_id": 1, "truncated": [], "old": false, "setting": "is_staff", "table": "auth_user", "new": true}, "event_type": "edx.user.settings.changed"}
   util.models: ERROR: String decompression failed. There may be corrupted data in the database: Not a gzipped file
   xmodule.modulestore.django: INFO: Sent course_published signal to <function listen_for_course_publish at 0x6e5b668> with kwargs {'course_key': SlashSeparatedCourseKey('Stanford', '456', 'NO_SHIB', None, None)}. Response was: None
   util.models: ERROR: String decompression failed. There may be corrupted data in the database: Not a gzipped file
   xmodule.modulestore.django: INFO: Sent course_published signal to <function listen_for_course_publish at 0x6e5b668> with kwargs {'course_key': SlashSeparatedCourseKey('Stanford', '123', 'Shib_Only', None, None)}. Response was: None
   tracking: INFO: {"username": "", "event_source": "server", "name": "edx.user.settings.changed", "accept_language": "", "time": "2015-05-05T19:47:16.321889+00:00", "agent": "", "page": null, "host": "", "session": "", "referer": "", "context": {}, "ip": "", "event": {"user_id": 2, "truncated": [], "old": null, "setting": "password", "table": "auth_user", "new": null}, "event_type": "edx.user.settings.changed"}
   tracking: INFO: {"username": "", "event_source": "server", "name": "edx.user.settings.changed", "accept_language": "", "time": "2015-05-05T19:47:16.334442+00:00", "agent": "", "page": null, "host": "", "session": "", "referer": "", "context": {}, "ip": "", "event": {"user_id": 3, "truncated": [], "old": null, "setting": "password", "table": "auth_user", "new": null}, "event_type": "edx.user.settings.changed"}
   tracking: INFO: {"username": "", "event_type": "/courses/Stanford/456/NO_SHIB/courseware", "ip": "127.0.0.1", "agent": "", "host": "testserver", "referer": "", "accept_language": "", "event": "{\"POST\": {}, \"GET\": {}}", "event_source": "server", "context": {"course_user_tags": {}, "user_id": "", "org_id": "Stanford", "course_id": "Stanford/456/NO_SHIB", "path": "/courses/Stanford/456/NO_SHIB/courseware"}, "time": "2015-05-05T19:47:16.431870+00:00", "page": null}
   tracking: INFO: {"username": "", "event_type": "/accounts/login", "ip": "127.0.0.1", "agent": "", "host": "testserver", "referer": "", "accept_language": "", "event": "{\"POST\": {}, \"GET\": {\"next\": [\"/courses/Stanford/456/NO_SHIB/courseware\"]}}", "event_source": "server", "context": {"user_id": "", "org_id": "", "course_id": "", "path": "/accounts/login"}, "time": "2015-05-05T19:47:16.435611+00:00", "page": null}
   --------------------- >> end captured logging << ---------------------

-----------------------------------------------------------------------------
51) ERROR: Failure: NameError (name 'TEST_DATA_SPLIT_TOY_MODULESTORE' is not defined)

   Traceback (most recent call last):
    /edx/app/edxapp/venvs/edxapp/local/lib/python2.7/site-packages/nose/loader.py line 414 in loadTestsFromName
      addr.filename, addr.module)
    /edx/app/edxapp/venvs/edxapp/local/lib/python2.7/site-packages/nose/importer.py line 47 in importFromPath
      return self.importFromDir(dir_path, fqname)
    /edx/app/edxapp/venvs/edxapp/local/lib/python2.7/site-packages/nose/importer.py line 94 in importFromDir
      mod = load_module(part_fqname, fh, filename, desc)
    lms/djangoapps/instructor/tests/test_api.py line 165 in <module>
      class TestEmailQueries(ModuleStoreTestCase, LoginEnrollmentTestCase):
    lms/djangoapps/instructor/tests/test_api.py line 169 in TestEmailQueries
      MODULESTORE = TEST_DATA_SPLIT_TOY_MODULESTORE
   NameError: name 'TEST_DATA_SPLIT_TOY_MODULESTORE' is not defined


-----------------------------------------------------------------------------
4474 tests run in 1251.5 seconds. 
43 FAILED, 8 errors, 21 skipped (4402 tests passed)
nosetests lms/djangoapps/__init__.py lms/djangoapps/__init__.pyc lms/djangoapps/branding lms/djangoapps/branding_stanford lms/djangoapps/bulk_email lms/djangoapps/ccx lms/djangoapps/certificates lms/djangoapps/circuit lms/djangoapps/class_dashboard lms/djangoapps/commerce lms/djangoapps/course_structure_api lms/djangoapps/course_wiki lms/djangoapps/courseware lms/djangoapps/dashboard lms/djangoapps/debug lms/djangoapps/django_comment_client lms/djangoapps/edxnotes lms/djangoapps/foldit lms/djangoapps/instructor lms/djangoapps/instructor_analytics lms/djangoapps/instructor_email_widget lms/djangoapps/instructor_task lms/djangoapps/jabber lms/djangoapps/licenses lms/djangoapps/lms_migration lms/djangoapps/lms_xblock lms/djangoapps/mobile_api lms/djangoapps/notes lms/djangoapps/notification_prefs lms/djangoapps/notifier_api lms/djangoapps/oauth2_handler lms/djangoapps/open_ended_grading lms/djangoapps/psychometrics lms/djangoapps/shoppingcart lms/djangoapps/sneakpeek_deeplink lms/djangoapps/static_template_view lms/djangoapps/staticbook lms/djangoapps/student_account lms/djangoapps/student_profile lms/djangoapps/survey lms/djangoapps/verify_student common/djangoapps/cache_toolbox common/djangoapps/cme_registration common/djangoapps/config_models common/djangoapps/contentserver common/djangoapps/cors_csrf common/djangoapps/course_about common/djangoapps/course_action_state common/djangoapps/course_modes common/djangoapps/dark_lang common/djangoapps/datadog common/djangoapps/django_comment_common common/djangoapps/django_future common/djangoapps/edxmako common/djangoapps/embargo common/djangoapps/enrollment common/djangoapps/external_auth common/djangoapps/fix_bad_data common/djangoapps/geoinfo common/djangoapps/heartbeat common/djangoapps/lang_pref common/djangoapps/microsite_configuration common/djangoapps/monitoring common/djangoapps/monkey_patch common/djangoapps/oauth_exchange common/djangoapps/performance common/djangoapps/pipeline_js common/djangoapps/pipeline_mako common/djangoapps/request_cache common/djangoapps/reverification common/djangoapps/service_status common/djangoapps/session_inactivity_timeout common/djangoapps/static_replace common/djangoapps/status common/djangoapps/student common/djangoapps/terrain common/djangoapps/third_party_auth common/djangoapps/track common/djangoapps/util common/djangoapps/xblock_django common/djangoapps/xmodule_django common/djangoapps/xmodule_modifiers.py common/djangoapps/xmodule_modifiers.pyc openedx/core/djangoapps/__init__.py openedx/core/djangoapps/__init__.pyc openedx/core/djangoapps/content openedx/core/djangoapps/course_groups openedx/core/djangoapps/profile_images openedx/core/djangoapps/user_api lms/lib/__init__.py lms/lib/__init__.pyc lms/lib/comment_client lms/lib/courseware_search lms/lib/newrelic_logging lms/lib/xblock lms/tests.py --id-file /edx/app/edxapp/edx-platform/.testids/lms/noseids --xunit-file /edx/app/edxapp/edx-platform/reports/lms/nosetests.xml --verbosity=1
Creating test database for alias 'default'...
Creating test database for alias 'jabber'...
Destroying test database for alias 'default'...
Destroying test database for alias 'jabber'...

Cleaning up after lms
---> pavelib.utils.test.utils.clean_mongo
mongo localhost:27017 /edx/app/edxapp/edx-platform/scripts/delete-mongo-test-dbs.js
MongoDB shell version: 2.6.5
connecting to: localhost:27017/test
Dropping test db test_xlog

Cleaning up after python tests
[31;01m

================================================
Tests failed in the following suites:
* [39;49;00m[31;01mlms

[39;49;00m
